******************************************************************************
                  TI ARM Linker Unix v16.9.4                   
******************************************************************************
>> Linked Mon Feb  5 23:31:32 2018

OUTPUT FILE NAME:   <OBC.out>
ENTRY POINT SYMBOL: "_c_int00"  address: 00016aa0


MEMORY CONFIGURATION

         name            origin    length      used     unused   attr    fill
----------------------  --------  ---------  --------  --------  ----  --------
  VECTORS               00000000   00000020  00000020  00000000     X
  KERNEL                00000020   00008000  00005d44  000022bc  R  X
  FLASH0                00008020   00057fe0  00011388  00046c58  R  X
  STACKS                08000000   00000800  00000000  00000800  RW  
  KRAM                  08000800   00000800  00000128  000006d8  RW  
  RAM                   08001000   00007000  00004893  0000276d  RW  


SEGMENT ALLOCATION MAP

run origin  load origin   length   init length attrs members
----------  ----------- ---------- ----------- ----- -------
00000000    00000000    00005d68   00005d68    r-x
  00000000    00000000    00000020   00000020    r-x .intvecs
  00000020    00000020    00005c14   00005c14    r-x .kernelTEXT
  00005c38    00005c38    00000130   00000130    r-- .cinit
00008020    00008020    00011388   00011388    r-x
  00008020    00008020    00010d18   00010d18    r-x .text
  00018d38    00018d38    00000670   00000670    r-- .const
08000800    08000800    00000128   00000000    rw-
  08000800    08000800    00000128   00000000    rw- .kernelBSS
08001000    08001000    00004899   00000000    rw-
  08001000    08001000    00003ada   00000000    rw- .bss
  08004ae0    08004ae0    00000800   00000000    rw- .sysmem
  080052e0    080052e0    000005b9   00000000    rw- .data


SECTION ALLOCATION MAP

 output                                  attributes/
section   page    origin      length       input sections
--------  ----  ----------  ----------   ----------------
.intvecs   0    00000000    00000020     
                  00000000    00000020     sys_intvecs.obj (.intvecs)

.kernelTEXT 
*          0    00000020    00005c14     
                  00000020    0000345c     rtos_task.obj (.kernelTEXT)
                  0000347c    00001464     rtos_queue.obj (.kernelTEXT)
                  000048e0    0000085c     rtos_event_groups.obj (.kernelTEXT)
                  0000513c    000003bc     rtos_port.obj (.kernelTEXT)
                  000054f8    000003b0     rtos_portasm.obj (.kernelTEXT)
                  000058a8    0000038c     rtos_heap.obj (.kernelTEXT)

.cinit     0    00005c38    00000130     
                  00005c38    000000f2     (.cinit..data.load) [load image, compression = lzss]
                  00005d2a    0000000d     (.cinit..kernelBSS.load) [load image, compression = lzss]
                  00005d37    00000001     --HOLE-- [fill = 0]
                  00005d38    0000000c     (__TI_handler_table)
                  00005d44    00000004     --HOLE-- [fill = 0]
                  00005d48    00000008     (.cinit..bss.load) [load image, compression = zero_init]
                  00005d50    00000018     (__TI_cinit_table)

.text      0    00008020    00010d18     
                  00008020    00002c10     sys_selftest.obj (.text)
                  0000ac30    0000107a     rtsv7R4_T_be_v3D16_eabi.lib : _printfi.obj (.text)
                  0000bcaa    00000002                                 : i_div0.obj (.text)
                  0000bcac    00000bd8     spi.obj (.text)
                  0000c884    00000b14     rtos_mpu_wrappers.obj (.text)
                  0000d398    00000b0c     mibspi.obj (.text)
                  0000dea4    00000aec     adc.obj (.text)
                  0000e990    00000aa4     system.obj (.text)
                  0000f434    00000a58     sys_vim.obj (.text)
                  0000fe8c    00000a34     flash_mibspi.obj (.text)
                  000108c0    000009c4     sfu_cmds.obj (.text)
                  00011284    000008bc     pinmux.obj (.text)
                  00011b40    00000890     sfu_tasks.obj (.text)
                  000123d0    00000804     sfu_rtc.obj (.text)
                  00012bd4    000007a8     sci.obj (.text)
                  0001337c    00000640     sfu_scheduler.obj (.text)
                  000139bc    000005d8     esm.obj (.text)
                  00013f94    00000484     gio.obj (.text)
                  00014418    00000478     sfu_task_radio.obj (.text)
                  00014890    00000450     sfu_state.obj (.text)
                  00014ce0    00000420     test_flash.obj (.text)
                  00015100    000003d8     rtsv7R4_T_be_v3D16_eabi.lib : memory.obj (.text)
                  000154d8    0000034c     sys_core.obj (.text)
                  00015824    000002cc     sys_vim.obj (.text:retain)
                  00015af0    000002b8     rtsv7R4_T_be_v3D16_eabi.lib : ull_div32.obj (.text)
                  00015da8    0000029c     rtos_heap.obj (.text)
                  00016044    00000280     sfu_task_main.obj (.text)
                  000162c4    00000238     rtos_list.obj (.text)
                  000164fc    00000204     sci.obj (.text:retain)
                  00016700    000001d8     sfu_utils.obj (.text)
                  000168d8    000001c8     rtsv7R4_T_be_v3D16_eabi.lib : fopen.obj (.text)
                  00016aa0    000001c0     sys_startup.obj (.text:retain)
                  00016c60    000001c0     sfu_uart.obj (.text)
                  00016e20    000001b4     rtos_port.obj (.text)
                  00016fd4    000001b4     sys_main.obj (.text)
                  00017188    00000158     sfu_startup.obj (.text)
                  000172e0    00000138     rtsv7R4_T_be_v3D16_eabi.lib : fputs.obj (.text)
                  00017418    00000130                                 : strtol.obj (.text)
                  00017548    00000114     esm.obj (.text:retain)
                  0001765c    00000104     notification.obj (.text)
                  00017760    00000100     rtos_task.obj (.text)
                  00017860    000000f4     rtsv7R4_T_be_v3D16_eabi.lib : s_scalbn.obj (.text)
                  00017954    000000e8     dabort.obj (.text)
                  00017a3c    000000e0     rtsv7R4_T_be_v3D16_eabi.lib : s_floor.obj (.text)
                  00017b1c    000000e0     sys_pmu.obj (.text)
                  00017bfc    000000dc     rtsv7R4_T_be_v3D16_eabi.lib : setvbuf.obj (.text)
                  00017cd8    000000cc     mibspi.obj (.text:retain)
                  00017da4    000000cc     rtsv7R4_T_be_v3D16_eabi.lib : fflush.obj (.text)
                  00017e70    000000bc                                 : open.obj (.text)
                  00017f2c    000000ae                                 : _io_perm.obj (.text)
                  00017fda    0000009c                                 : memcpy_t2.obj (.text)
                  00018076    00000002                                 : startup.obj (.text)
                  00018078    00000098                                 : fclose.obj (.text)
                  00018110    00000094                                 : snprintf.obj (.text)
                  000181a4    0000007a                                 : memset_t2.obj (.text)
                  0001821e    00000002     --HOLE-- [fill = 0]
                  00018220    00000074                                 : getdevice.obj (.text)
                  00018294    00000074                                 : s_frexp.obj (.text)
                  00018308    00000074     test_adc.obj (.text)
                  0001837c    00000070     rtsv7R4_T_be_v3D16_eabi.lib : autoinit.obj (.text)
                  000183ec    0000006c                                 : copy_decompress_lzss.obj (.text:decompress:lzss)
                  00018458    0000006c                                 : hostrename.obj (.text)
                  000184c4    0000006c                                 : trgmsg.obj (.text)
                  00018530    00000068                                 : hostlseek.obj (.text)
                  00018598    00000064                                 : fseek.obj (.text)
                  000185fc    00000064                                 : sprintf.obj (.text)
                  00018660    00000060     sfu_triumf.obj (.text)
                  000186c0    0000005c     rtsv7R4_T_be_v3D16_eabi.lib : hostopen.obj (.text)
                  0001871c    0000005c                                 : hostread.obj (.text)
                  00018778    00000058                                 : close.obj (.text)
                  000187d0    00000058                                 : hostwrite.obj (.text)
                  00018828    00000054     adc.obj (.text:retain)
                  0001887c    00000054     rtsv7R4_T_be_v3D16_eabi.lib : i_div32.obj (.text)
                  000188d0    00000054                                 : ltoa.obj (.text)
                  00018924    00000050                                 : atoi.obj (.text)
                  00018974    00000050                                 : exit.obj (.text)
                  000189c4    00000050                                 : u_div32.obj (.text)
                  00018a14    0000004c                                 : cpy_tbl.obj (.text)
                  00018a60    00000044                                 : hostclose.obj (.text)
                  00018aa4    00000044                                 : hostunlink.obj (.text)
                  00018ae8    00000040                                 : strtok.obj (.text)
                  00018b28    00000036                                 : strncpy.obj (.text)
                  00018b5e    00000002     --HOLE-- [fill = 0]
                  00018b60    0000002c                                 : assert.obj (.text)
                  00018b8c    0000002c                                 : unlink.obj (.text)
                  00018bb8    0000002a                                 : strspn.obj (.text)
                  00018be2    00000002     --HOLE-- [fill = 0]
                  00018be4    00000028                                 : lseek.obj (.text)
                  00018c0c    00000028                                 : write.obj (.text)
                  00018c34    00000022                                 : strcspn.obj (.text)
                  00018c56    00000020                                 : memchr.obj (.text)
                  00018c76    0000001c                                 : memccpy.obj (.text)
                  00018c92    00000018                                 : s_copysign.obj (.text)
                  00018caa    00000018                                 : strcmp.obj (.text)
                  00018cc2    00000016                                 : strchr.obj (.text)
                  00018cd8    00000016                                 : strlen.obj (.text)
                  00018cee    00000002     --HOLE-- [fill = 0]
                  00018cf0    00000014                                 : _lock.obj (.text)
                  00018d04    00000014                                 : strcpy.obj (.text)
                  00018d18    0000000e                                 : copy_decompress_none.obj (.text:decompress:none)
                  00018d26    0000000c                                 : copy_zero_init.obj (.text:decompress:ZI)
                  00018d32    00000002     --HOLE-- [fill = 0]
                  00018d34    00000004     sys_phantom.obj (.text:retain)

.const     0    00018d38    00000670     
                  00018d38    00000200     sys_vim.obj (.const:s_vim_init)
                  00018f38    00000101     rtsv7R4_T_be_v3D16_eabi.lib : ctype.obj (.const:.string:_ctypes_)
                  00019039    00000002     sfu_cmds.obj (.const:.string:$P$T6$3)
                  0001903b    00000001     --HOLE-- [fill = 0]
                  0001903c    000000a4     sfu_cmds.obj (.const:.string)
                  000190e0    00000094     sfu_startup.obj (.const:.string)
                  00019174    00000034     sfu_state.obj (.const:.string)
                  000191a8    00000030     test_flash.obj (.const:.string:$P$T3$4)
                  000191d8    00000030     sfu_rtc.obj (.const:cumulativeSecondsInMonth)
                  00019208    00000024     sfu_task_main.obj (.const:$P$T6$2)
                  0001922c    00000024     sfu_state.obj (.const:TRANSITION_TABLE)
                  00019250    00000020     flash_mibspi.obj (.const:$P$T0$1)
                  00019270    00000020     sfu_tasks.obj (.const:$P$T0$1)
                  00019290    00000020     flash_mibspi.obj (.const:$P$T2$3)
                  000192b0    00000018     sfu_task_main.obj (.const:$P$T5$1)
                  000192c8    00000018     sfu_cmds.obj (.const:$P$T5$2)
                  000192e0    00000018     sfu_scheduler.obj (.const:$P$T6$1)
                  000192f8    00000018     sfu_cmds.obj (.const:$P$T7$4)
                  00019310    00000018     sfu_cmds.obj (.const:CMD_FUNCS)
                  00019328    00000018     adc.obj (.const:s_adcFiFoSize)
                  00019340    00000018     adc.obj (.const:s_adcSelect)
                  00019358    00000013     test_flash.obj (.const:.string:$P$T1$2)
                  0001936b    00000010     test_flash.obj (.const:.string:$P$T0$1)
                  0001937b    00000001     --HOLE-- [fill = 0]
                  0001937c    0000000c     flash_mibspi.obj (.const:$P$T1$2)
                  00019388    0000000c     sfu_state.obj (.const:STATE_TABLE)
                  00019394    00000006     sfu_task_radio.obj (.const:$P$T0$1)
                  0001939a    00000006     sfu_task_radio.obj (.const:$P$T1$2)
                  000193a0    00000004     test_flash.obj (.const:.string:$P$T2$3)
                  000193a4    00000004     rtos_heap.obj (.const)

.kernelBSS 
*          0    08000800    00000128     UNINITIALIZED
                  08000800    000000e4     rtos_task.obj (.kernelBSS:uninit)
                  080008e4    0000003c     rtos_task.obj (.kernelBSS:init)
                  08000920    00000008     rtos_port.obj (.kernelBSS)

.bss       0    08001000    00003ada     UNINITIALIZED
                  08001000    000036b0     rtos_heap.obj (.bss:ucHeap)
                  080046b0    00000120     rtsv7R4_T_be_v3D16_eabi.lib : trgmsg.obj (.bss:_CIOBUF_)
                  080047d0    000000fc     (.common:buffer)
                  080048cc    000000a0     (.common:__TI_tmpnams)
                  0800496c    00000078     spi.obj (.bss:g_spiPacket_t)
                  080049e4    00000028     sci.obj (.bss:g_sciTransfer_t)
                  08004a0c    00000028     (.common:TG3_RX)
                  08004a34    00000024     sfu_cmds.obj (.bss:event$1)
                  08004a58    00000020     (.common:dummyBytes_16)
                  08004a78    0000000c     (.common:state_persistent_data)
                  08004a84    00000008     rtos_heap.obj (.bss:xStart)
                  08004a8c    00000008     (.common:parmbuf)
                  08004a94    00000004     (.common:TG0_IS_Complete)
                  08004a98    00000004     (.common:TG1_IS_Complete)
                  08004a9c    00000004     (.common:TG1_RX)
                  08004aa0    00000004     (.common:TG2_IS_Complete)
                  08004aa4    00000004     (.common:TG3_IS_Complete)
                  08004aa8    00000004     (.common:addressWritten)
                  08004aac    00000004     (.common:epochOffset)
                  08004ab0    00000004     (.common:lastRead)
                  08004ab4    00000004     (.common:rtc_spiConfig)
                  08004ab8    00000004     (.common:spiDataConfig)
                  08004abc    00000004     (.common:xFlashMutex)
                  08004ac0    00000004     (.common:xQueue)
                  08004ac4    00000004     (.common:xRTCMutex)
                  08004ac8    00000004     (.common:xRadioRXQueue)
                  08004acc    00000004     (.common:xRadioTXQueue)
                  08004ad0    00000004     (.common:xSerialRXQueue)
                  08004ad4    00000004     (.common:xSerialTXQueue)
                  08004ad8    00000001     (.common:cur_state)
                  08004ad9    00000001     (.common:startData)

.sysmem    0    08004ae0    00000800     UNINITIALIZED
                  08004ae0    00000008     rtsv7R4_T_be_v3D16_eabi.lib : memory.obj (.sysmem)
                  08004ae8    000007f8     --HOLE--

.data      0    080052e0    000005b9     UNINITIALIZED
                  080052e0    00000220     sfu_scheduler.obj (.data:schedule)
                  08005500    000000f0     sfu_cmds.obj (.data:CMD_DBG_STRINGS)
                  080055f0    000000f0     rtsv7R4_T_be_v3D16_eabi.lib : defs.obj (.data:_ftable)
                  080056e0    00000078                                 : write.obj (.data:_device)
                  08005758    00000050                                 : write.obj (.data:_stream)
                  080057a8    00000024     sfu_task_main.obj (.data)
                  080057cc    00000020     sfu_startup.obj (.data:STARTUP_STRING)
                  080057ec    00000018     sfu_cmds.obj (.data:CMD_NAMES)
                  08005804    00000018     sfu_cmds.obj (.data:testCMD)
                  0800581c    00000014     sfu_cmds.obj (.data:testSCHED)
                  08005830    00000010     rtos_heap.obj (.data)
                  08005840    00000010     rtsv7R4_T_be_v3D16_eabi.lib : defs.obj (.data)
                  08005850    00000010     sfu_state.obj (.data:stateNameString)
                  08005860    0000000c     rtsv7R4_T_be_v3D16_eabi.lib : exit.obj (.data:$O1$$)
                  0800586c    0000000c                                 : memory.obj (.data:$O1$$)
                  08005878    00000008                                 : _lock.obj (.data:$O1$$)
                  08005880    00000008     sfu_rtc.obj (.data)
                  08005888    00000004     rtsv7R4_T_be_v3D16_eabi.lib : errno.obj (.data)
                  0800588c    00000004                                 : fopen.obj (.data)
                  08005890    00000004                                 : open.obj (.data)
                  08005894    00000004                                 : strtok.obj (.data)
                  08005898    00000001     sfu_uart.obj (.data)

MODULE SUMMARY

       Module                     code    ro data   rw data
       ------                     ----    -------   -------
    ./SFUsat/
       sfu_cmds.obj               2500    238       596    
       flash_mibspi.obj           2612    76        104    
       sfu_tasks.obj              2192    32        12     
       sfu_scheduler.obj          1600    24        544    
       sfu_rtc.obj                2052    48        20     
       sfu_state.obj              1104    100       29     
       sfu_task_radio.obj         1144    12        8      
       sfu_task_main.obj          640     60        36     
       sfu_startup.obj            344     148       33     
       sfu_utils.obj              472     0         0      
       sfu_uart.obj               448     0         1      
       sfu_triumf.obj             96      0         0      
       sfu_spi.obj                0       0         4      
    +--+--------------------------+-------+---------+---------+
       Total:                     15204   738       1387   
                                                           
    ./SFUsat/unit_tests/
       test_flash.obj             1056    87        0      
       test_adc.obj               116     0         0      
    +--+--------------------------+-------+---------+---------+
       Total:                     1172    87        0      
                                                           
    ./source/
       rtos_heap.obj              1576    4         14024  
       rtos_task.obj              13660   0         288    
       sys_selftest.obj           11280   0         0      
       rtos_queue.obj             5220    0         0      
       sys_vim.obj                3364    512       0      
       spi.obj                    3032    0         120    
       mibspi.obj                 3032    0         0      
       adc.obj                    2880    48        0      
       rtos_mpu_wrappers.obj      2836    0         0      
       system.obj                 2724    0         0      
       sci.obj                    2476    0         40     
       pinmux.obj                 2236    0         0      
       rtos_event_groups.obj      2140    0         0      
       esm.obj                    1772    0         0      
       rtos_port.obj              1392    0         8      
       gio.obj                    1156    0         0      
       rtos_portasm.obj           944     0         0      
       sys_core.obj               844     0         0      
       rtos_list.obj              568     0         0      
       sys_startup.obj            448     0         0      
       sys_main.obj               436     0         0      
       notification.obj           260     0         0      
       dabort.obj                 232     0         0      
       sys_pmu.obj                224     0         0      
       sys_intvecs.obj            32      0         0      
       sys_phantom.obj            4       0         0      
    +--+--------------------------+-------+---------+---------+
       Total:                     64768   564       14480  
                                                           
    /Applications/ti/ccsv7/tools/compiler/ti-cgt-arm_16.9.4.LTS/lib/rtsv7R4_T_be_v3D16_eabi.lib
       _printfi.obj               4218    0         0      
       memory.obj                 984     0         12     
       ull_div32.obj              696     0         0      
       fopen.obj                  456     0         4      
       defs.obj                   0       0         416    
       trgmsg.obj                 108     0         288    
       fputs.obj                  312     0         0      
       strtol.obj                 304     0         0      
       ctype.obj                  0       257       0      
       s_scalbn.obj               244     0         0      
       write.obj                  40      0         200    
       s_floor.obj                224     0         0      
       setvbuf.obj                220     0         0      
       fflush.obj                 204     0         0      
       open.obj                   188     0         4      
       _io_perm.obj               174     0         0      
       memcpy_t2.obj              156     0         0      
       fclose.obj                 152     0         0      
       snprintf.obj               148     0         0      
       memset_t2.obj              122     0         0      
       getdevice.obj              116     0         0      
       s_frexp.obj                116     0         0      
       autoinit.obj               112     0         0      
       copy_decompress_lzss.obj   108     0         0      
       hostrename.obj             108     0         0      
       hostlseek.obj              104     0         0      
       fseek.obj                  100     0         0      
       hostopen.obj               92      0         8      
       sprintf.obj                100     0         0      
       exit.obj                   80      0         12     
       hostread.obj               92      0         0      
       close.obj                  88      0         0      
       hostwrite.obj              88      0         0      
       i_div32.obj                84      0         0      
       ltoa.obj                   84      0         0      
       atoi.obj                   80      0         0      
       u_div32.obj                80      0         0      
       cpy_tbl.obj                76      0         0      
       hostclose.obj              68      0         0      
       hostunlink.obj             68      0         0      
       strtok.obj                 64      0         4      
       strncpy.obj                54      0         0      
       assert.obj                 44      0         0      
       unlink.obj                 44      0         0      
       strspn.obj                 42      0         0      
       lseek.obj                  40      0         0      
       strcspn.obj                34      0         0      
       memchr.obj                 32      0         0      
       _lock.obj                  20      0         8      
       memccpy.obj                28      0         0      
       s_copysign.obj             24      0         0      
       strcmp.obj                 24      0         0      
       strchr.obj                 22      0         0      
       strlen.obj                 22      0         0      
       strcpy.obj                 20      0         0      
       copy_decompress_none.obj   14      0         0      
       copy_zero_init.obj         12      0         0      
       errno.obj                  0       0         4      
       i_div0.obj                 2       0         0      
       startup.obj                2       0         0      
    +--+--------------------------+-------+---------+---------+
       Total:                     11338   257       960    
                                                           
       Heap:                      0       0         2048   
       Linker Generated:          0       299       0      
    +--+--------------------------+-------+---------+---------+
       Grand Total:               92482   1945      18875  


LINKER GENERATED COPY TABLES

__TI_cinit_table @ 00005d50 records: 3, size/record: 8, table size: 24
	.data: load addr=00005c38, load size=000000f2 bytes, run addr=080052e0, run size=000005b9 bytes, compression=lzss
	.kernelBSS: load addr=00005d2a, load size=0000000d bytes, run addr=08000800, run size=00000128 bytes, compression=lzss
	.bss: load addr=00005d48, load size=00000008 bytes, run addr=08001000, run size=00003ada bytes, compression=zero_init


LINKER GENERATED HANDLER TABLE

__TI_handler_table @ 00005d38 records: 3, size/record: 4, table size: 12
	index: 0, handler: __TI_decompress_lzss
	index: 1, handler: __TI_decompress_none
	index: 2, handler: __TI_zero_init


GLOBAL SYMBOLS: SORTED ALPHABETICALLY BY Name 

address   name                                
-------   ----                                
00018975  C$$EXIT                             
000184f7  C$$IO$$                             
08005500  CMD_DBG_STRINGS                     
00019310  CMD_FUNCS                           
080057ec  CMD_NAMES                           
00018a61  HOSTclose                           
00018531  HOSTlseek                           
000186c1  HOSTopen                            
0001871d  HOSTread                            
00018459  HOSTrename                          
00018aa5  HOSTunlink                          
000187d1  HOSTwrite                           
0000cba0  MPU_pcTaskGetName                   
0000d158  MPU_pvPortMalloc                    
0000ce24  MPU_ulTaskNotifyTake                
0000cf80  MPU_uxQueueMessagesWaiting          
0000cfb4  MPU_uxQueueSpacesAvailable          
0000cb74  MPU_uxTaskGetNumberOfTasks          
0000ccac  MPU_uxTaskGetStackHighWaterMark     
0000cc60  MPU_uxTaskGetSystemState            
0000c9ec  MPU_uxTaskPriorityGet               
0000d36c  MPU_vEventGroupDelete               
0000d18c  MPU_vPortFree                       
0000d1b8  MPU_vPortInitialiseBlocks           
0000d12c  MPU_vQueueDelete                    
0000c92c  MPU_vTaskAllocateMPURegions         
0000c9c0  MPU_vTaskDelay                      
0000c98c  MPU_vTaskDelayUntil                 
0000c960  MPU_vTaskDelete                     
0000ca54  MPU_vTaskGetInfo                    
0000cc34  MPU_vTaskGetRunTimeStats            
0000cc08  MPU_vTaskList                       
0000ca20  MPU_vTaskPrioritySet                
0000cacc  MPU_vTaskResume                     
0000cd0c  MPU_vTaskSetTimeOutState            
0000caa0  MPU_vTaskSuspend                    
0000caf8  MPU_vTaskSuspendAll                 
0000d290  MPU_xEventGroupClearBits            
0000d208  MPU_xEventGroupCreate               
0000d2d4  MPU_xEventGroupSetBits              
0000d318  MPU_xEventGroupSync                 
0000d234  MPU_xEventGroupWaitBits             
0000d1dc  MPU_xPortGetFreeHeapSize            
0000d080  MPU_xQueueCreateMutex               
0000ce9c  MPU_xQueueGenericCreate             
0000cfe8  MPU_xQueueGenericReceive            
0000cee8  MPU_xQueueGenericReset              
0000cf2c  MPU_xQueueGenericSend               
0000d0f8  MPU_xQueueGiveMutexRecursive        
0000d03c  MPU_xQueuePeekFromISR               
0000d0b4  MPU_xQueueTakeMutexRecursive        
0000cd38  MPU_xTaskCheckForTimeOut            
0000c8c8  MPU_xTaskCreate                     
0000c884  MPU_xTaskCreateRestricted           
0000cd7c  MPU_xTaskGenericNotify              
0000cbd4  MPU_xTaskGetHandle                  
0000cce0  MPU_xTaskGetSchedulerState          
0000cb48  MPU_xTaskGetTickCount               
0000ce68  MPU_xTaskNotifyStateClear           
0000cdd0  MPU_xTaskNotifyWait                 
0000cb1c  MPU_xTaskResumeAll                  
UNDEFED   SHT$$INIT_ARRAY$$Base               
UNDEFED   SHT$$INIT_ARRAY$$Limit              
00019388  STATE_TABLE                         
0000c53c  SpiRxStatus                         
0000c4b0  SpiTxStatus                         
08004a94  TG0_IS_Complete                     
08004a98  TG1_IS_Complete                     
08004a9c  TG1_RX                              
08004aa0  TG2_IS_Complete                     
08004aa4  TG3_IS_Complete                     
08004a0c  TG3_RX                              
0001922c  TRANSITION_TABLE                    
080046b0  __CIOBUF_                           
00000800  __SYSMEM_SIZE                       
00005d50  __TI_CINIT_Base                     
00005d68  __TI_CINIT_Limit                    
00005d38  __TI_Handler_Table_Base             
00005d44  __TI_Handler_Table_Limit            
0001581c  __TI_PINIT_Base                     
00015820  __TI_PINIT_Limit                    
0001837d  __TI_auto_init                      
000169a3  __TI_cleanup                        
08005860  __TI_cleanup_ptr                    
00018079  __TI_closefile                      
000183ed  __TI_decompress_lzss                
00018d19  __TI_decompress_none                
00017da5  __TI_doflush                        
08005864  __TI_dtors_ptr                      
08005868  __TI_enable_exit_profile_output     
08005840  __TI_ft_end                         
ffffffff  __TI_pprof_out_hndl                 
0000b3f5  __TI_printfi                        
ffffffff  __TI_prof_data_size                 
ffffffff  __TI_prof_data_start                
00017f91  __TI_rd_ok                          
000184fb  __TI_readmsg                        
00000000  __TI_static_base__                  
080048cc  __TI_tmpnams                        
000184c5  __TI_writemsg                       
00017f2d  __TI_wrt_ok                         
00018d27  __TI_zero_init                      
0001887c  __aeabi_idiv                        
0000bcab  __aeabi_idiv0                       
0001887c  __aeabi_idivmod                     
000181a5  __aeabi_memclr                      
000181a5  __aeabi_memclr4                     
000181a5  __aeabi_memclr8                     
00017fdb  __aeabi_memcpy                      
00017fdb  __aeabi_memcpy4                     
00017fdb  __aeabi_memcpy8                     
000181a7  __aeabi_memset                      
000181a7  __aeabi_memset4                     
000181a7  __aeabi_memset8                     
0800584c  __aeabi_stderr                      
08005844  __aeabi_stdin                       
08005848  __aeabi_stdout                      
000189c4  __aeabi_uidiv                       
000189c4  __aeabi_uidivmod                    
00015af0  __aeabi_uldivmod                    
ffffffff  __binit__                           
ffffffff  __c_args__                          
00010f28  __unused                            
00018b63  _abort_msg                          
00018b79  _assert                             
00016aa0  _c_int00                            
00015734  _coreClearAuxiliaryDataFault_       
00015748  _coreClearAuxiliaryInstructionFault_
0001570c  _coreClearDataFaultAddress_         
000156e4  _coreClearDataFault_                
00015720  _coreClearInstructionFaultAddress_  
000156f8  _coreClearInstructionFault_         
00015678  _coreDisableEventBusExport_         
000156bc  _coreDisableFlashEcc_               
00015698  _coreDisableRamEcc_                 
00015668  _coreEnableEventBusExport_          
000156a8  _coreEnableFlashEcc_                
000156cc  _coreEnableIrqVicOffset_            
00015688  _coreEnableRamEcc_                  
00015650  _coreEnableVfp_                     
0001572c  _coreGetAuxiliaryDataFault_         
00015740  _coreGetAuxiliaryInstructionFault_  
00015704  _coreGetDataFaultAddress_           
000156dc  _coreGetDataFault_                  
00015718  _coreGetInstructionFaultAddress_    
000156f0  _coreGetInstructionFault_           
000154d8  _coreInitRegisters_                 
000155e4  _coreInitStackPointer_              
00018f38  _ctypes_                            
00017954  _dabort                             
080056e0  _device                             
0001575c  _disable_FIQ_interrupt_             
00015764  _disable_IRQ_interrupt_             
00015754  _disable_interrupt_                 
0001576c  _enable_interrupt_                  
000157fc  _errata_CORTEXR4_57_                
0001580c  _errata_CORTEXR4_66_                
00015774  _esmCcmErrorsClear_                 
080055f0  _ftable                             
00015630  _getCPSRValue_                      
00015638  _gotoCPUIdle_                       
08005878  _lock                               
00018b61  _nassert                            
00018cff  _nop                                
00017b78  _pmuDisableCountersGlobal_          
00017b68  _pmuEnableCountersGlobal_           
00017bd4  _pmuGetCycleCount_                  
00017bdc  _pmuGetEventCount_                  
00017be8  _pmuGetOverflow_                    
00017b1c  _pmuInit_                           
00017ba8  _pmuResetCounters_                  
00017b88  _pmuResetCycleCounter_              
00017b98  _pmuResetEventCounters_             
00017bc8  _pmuSetCountEvent_                  
00017bb8  _pmuStartCounters_                  
00017bc0  _pmuStopCounters_                   
00018cf7  _register_lock                      
00018cf1  _register_unlock                    
08005758  _stream                             
08004ae0  _sys_memory                         
00018077  _system_post_cinit                  
0800587c  _unlock                             
00018979  abort                               
0000e720  adc1GetConfigValue                  
00018828  adc1Group1Interrupt                 
0000926c  adc1ParityCheck                     
00009358  adc2ParityCheck                     
0000e2fc  adcCalibration                      
0000e6c0  adcDisableNotification              
0000e670  adcEnableNotification               
0000e0d4  adcGetData                          
0000e708  adcGetEVTPin                        
0000dea4  adcInit                             
0000e2cc  adcIsConversionComplete             
0000e29c  adcIsFifoFull                       
0000e4d4  adcMidPointCalibration              
000176c4  adcNotification                     
0000e0ac  adcResetFiFo                        
0000e6e8  adcSetEVTPin                        
0000e000  adcStartConversion                  
0000e084  adcStopConversion                   
0001353c  addEvent                            
0001337c  addEventFromScheduledCommand        
08004aa8  addressWritten                      
00018925  atoi                                
ffffffff  binit                               
080047d0  buffer                              
00016700  busyWait                            
000154a7  calloc                              
00009410  can1ParityCheck                     
000094e8  can2ParityCheck                     
000095b0  can3ParityCheck                     
00008030  ccmSelfCheck                        
0000a638  ccmr4GetConfigValue                 
00014ef0  check16                             
00010f44  checkAndRunCommand                  
00010f94  checkAndRunCommandStr               
00014f74  checkArbitrary                      
00008938  checkB0RAMECC                       
00008b28  checkB1RAMECC                       
00009c18  checkClockMonitor                   
00008d18  checkFlashECC                       
00009cf4  checkFlashEEPROMECC                 
00009e8c  checkPLL1Slip                       
00009f94  checkRAMAddrParity                  
000099d0  checkRAMECC                         
0000a09c  checkRAMUERRTest                    
000087bc  checkefcSelfTest                    
00018779  close                               
00010a24  cmdExec                             
000108f4  cmdGet                              
000108c0  cmdHelp                             
00010c88  cmdSched                            
00010e1c  cmdState                            
00010a54  cmdTask                             
000170f0  configureTimerForRunTimeStats       
000102d4  construct_send_packet_16            
0000ffb0  construct_send_packet_6             
000125e4  convertBCD                          
00018a15  copy_in                             
00018c93  copysign                            
00018c93  copysignl                           
00008234  cpuSelfTest                         
00008dfc  cpuSelfTestFail                     
000191d8  cumulativeSecondsInMonth            
08004ad8  cur_state                           
08005898  currChar                            
00008df4  custom_dabort                       
0000aaa8  disableParity                       
0001774c  dmaGroupANotification               
00008eac  dmaParityCheck                      
00014924  doStateLowPower                     
000148e4  doStateReady                        
00014890  doStateSafe                         
000149b4  do_LOWPOWER_to_READY                
000149a4  do_LOWPOWER_to_SAFE                 
00014994  do_READY_to_LOWPOWER                
00014984  do_READY_to_SAFE                    
00014974  do_SAFE_to_LOWPOWER                 
00014964  do_SAFE_to_READY                    
08004a58  dummyBytes_16                       
00000878  eTaskGetState                       
00008660  efcCheck                            
0000a5a0  efcGetConfigValue                   
00008794  efcSelfTest                         
000086e8  efcStuckZeroTest                    
0000aa20  enableParity                        
08004aac  epochOffset                         
0000a6b4  errata_PBIST_4                      
08005888  errno                               
00013b48  esmActivateNormalOperation          
00013c2c  esmClearStatus                      
00013c70  esmClearStatusBuffer                
00013b0c  esmDisableError                     
00013b84  esmDisableInterrupt                 
00013ae0  esmEnableError                      
00013b58  esmEnableInterrupt                  
00013d68  esmEnterSelfTest                    
00013ac4  esmError                            
00013e40  esmGetConfigValue                   
00013cac  esmGetStatus                        
00013d30  esmGetStatusBuffer                  
0001765c  esmGroup1Notification               
0001766c  esmGroup2Notification               
00017548  esmHighInterrupt                    
000139bc  esmInit                             
00013df0  esmSelfTestStatus                   
00013c8c  esmSetCounterPreloadValue           
00013bb0  esmSetInterruptLevel                
00013b38  esmTriggerErrorPinReset             
00018981  exit                                
000180df  fclose                              
00017df1  fflush                              
00018221  finddevice                          
0000ff0c  flash_busy_erasing_chip             
0000fef0  flash_erase_chip                    
00010610  flash_mibspi_init                   
00010080  flash_read_16                       
00010104  flash_read_16_rtos                  
0000ff70  flash_set_burst_64                  
000102ac  flash_status                        
000104d0  flash_test_JEDEC                    
000101b8  flash_write_16_rtos                 
000103a0  flash_write_arbitrary               
0000ffa0  flash_write_enable                  
00017a3d  floor                               
00017a3d  floorl                              
0000a208  fmcBus1ParityCheck                  
0000885c  fmcBus2Check                        
00008898  fmcECCcheck                         
000169f9  fopen                               
000172e1  fputs                               
000151e9  free                                
000169cf  freopen                             
00018295  frexp                               
00018295  frexpl                              
00018599  fseek                               
00013714  getAction                           
00012718  getCurrentRTCTime                   
000123d0  getCurrentTime                      
00010548  getEmptySector                      
000125b4  getEpochOffset                      
000170e0  getRunTimeCounterValue              
0001824f  getdevice                           
000141f4  gioDisableNotification              
0001418c  gioEnableNotification               
000140f4  gioGetBit                           
0001425c  gioGetConfigValue                   
0001411c  gioGetPort                          
00013f94  gioInit                             
000176d8  gioNotification                     
00014084  gioSetBit                           
00014064  gioSetDirection                     
000140d4  gioSetPort                          
00014134  gioToggleBit                        
00008f58  het1ParityCheck                     
000090c0  het2ParityCheck                     
08005884  het_epoch_time                      
00009004  htu1ParityCheck                     
000091bc  htu2ParityCheck                     
00011b40  hundredBlinky                       
00014718  initRadio                           
00018308  init_adc_test                       
00016744  itoa2                               
08004ab0  lastRead                            
00017861  ldexp                               
00017861  ldexpl                              
00018be5  lseek                               
000188d1  ltoa                                
00016ff8  main                                
0001517f  malloc                              
0000eabc  mapClocks                           
000153b5  memalign                            
00018c77  memccpy                             
00018c57  memchr                              
00017fdb  memcpy                              
00008174  memoryInit                          
0001767c  memoryPort0TestFailNotification     
00017698  memoryPort1TestFailNotification     
000181ad  memset                              
0000db28  mibspi1GetConfigValue               
00017cd8  mibspi1HighLevelInterrupt           
00009684  mibspi1ParityCheck                  
0000978c  mibspi3ParityCheck                  
000098b0  mibspi5ParityCheck                  
0000daf4  mibspiDisableGroupNotification      
0000da00  mibspiDisableLoopback               
0000da6c  mibspiEnableGroupNotification       
0000d9cc  mibspiEnableLoopback                
0000d7e4  mibspiGetData                       
00010804  mibspiGroupNotification             
0000d398  mibspiInit                          
0000d960  mibspiIsTransferComplete            
000176ec  mibspiNotification                  
0000da1c  mibspiPmodeSet                      
0000d6d8  mibspiSetData                       
0000d6b8  mibspiSetFunctional                 
0000d930  mibspiTransfer                      
0001072c  mibspi_receive                      
00010698  mibspi_send                         
0000fe8c  mibspi_write_byte                   
0000fec4  mibspi_write_two                    
00015101  minit                               
00011284  muxInit                             
00012850  no_rtos_test_getCurrentRTCTime      
00017e71  open                                
08004a8c  parmbuf                             
0000a32c  pbistFail                           
0000a3ac  pbistGetConfigValue                 
000085a8  pbistIsTestCompleted                
000085d4  pbistIsTestPassed                   
00008608  pbistPortTestStatus                 
000084ac  pbistRun                            
000082cc  pbistSelfCheck                      
00008578  pbistStop                           
000012c4  pcTaskGetName                       
000120f0  periodicSenderTask                  
0000ea68  periphInit                          
00018d34  phantomInterrupt                    
00011720  pinmuxGetConfigValue                
00014b34  printPrevState                      
00017198  printStartupType                    
00014ac4  printStateInfo                      
00005880  prvMpuDisable                       
00005868  prvMpuEnable                        
00005850  prvMpuSetRegion                     
000173f1  puts                                
000058a8  pvPortMalloc                        
00002bbc  pvTaskIncrementMutexHeldCount       
080008e4  pxCurrentTCB                        
0000513c  pxPortInitialiseStack               
00014780  radioCmd                            
00014714  readAllRegisters                    
000144f4  readExtendedRegister                
0001446c  readRegister                        
000152ab  realloc                             
00018b8d  remove                              
00013684  removeEventIdx                      
00000000  resetEntry                          
00012af0  rtcGetBit                           
000123fc  rtcInit                             
00012a50  rtcReadRegister                     
000124b4  rtcReset                            
000124c8  rtcResetTime                        
00012b2c  rtcSetBit                           
00012a94  rtcTransmitAndReceive               
00012958  rtcWriteRegister                    
08005880  rtc_epoch_time                      
000126d4  rtc_get_day                         
00012690  rtc_get_hours                       
0001267c  rtc_get_minutes                     
000126a4  rtc_get_month                       
00012668  rtc_get_seconds                     
00012524  rtc_get_startup_status              
00012704  rtc_get_year                        
08004ab4  rtc_spiConfig                       
000176b4  rtiNotification                     
000149c4  runState                            
00010208  rw16_test                           
00017861  scalbn                              
00017861  scalbnl                             
080052e0  schedule                            
0001309c  sciDisableLoopback                  
00013128  sciDisableNotification              
00013068  sciEnableLoopback                   
000130c0  sciEnableNotification               
00013190  sciEnterResetState                  
000131b0  sciExitResetState                   
000131d0  sciGetConfigValue                   
000164fc  sciHighLevelInterrupt               
00012bd4  sciInit                             
00012f18  sciIsIdleDetected                   
00012efc  sciIsRxReady                        
00012d7c  sciIsTxReady                        
00016dac  sciNotification                     
00012f90  sciReceive                          
00012f64  sciReceiveByte                      
00012f34  sciRxError                          
00012dc8  sciSend                             
00012d98  sciSendByte                         
00012ce0  sciSetBaudrate                      
00012cc0  sciSetFunctional                    
00008020  selftestFailNotification            
00016c60  serialInit                          
00016d34  serialSend                          
00016d08  serialSendCh                        
00016c7c  serialSendQ                         
00016cb4  serialSendQFromISR                  
00016d68  serialSendln                        
000125c0  setEpochOffset                      
00014b88  setStateManual                      
00014aa4  setStateRTOS_mode                   
0000ea28  setupFlash                          
0000e990  setupPLL                            
00017bfd  setvbuf                             
00013850  shift                               
00013798  showActiveEvents                    
00016870  simpleWatchdog                      
00018111  snprintf                            
0000c674  spi4GetConfigValue                  
08004ab8  spiDataConfig                       
0000c5fc  spiDisableLoopback                  
0000c648  spiDisableNotification              
0000c5c8  spiEnableLoopback                   
0000c618  spiEnableNotification               
0001773c  spiEndNotification                  
0000bf18  spiGetData                          
0000bcac  spiInit                             
00017728  spiNotification                     
0000bdfc  spiReceiveData                      
0000c370  spiSendAndGetData                   
0000c13c  spiSendData                         
0000bddc  spiSetFunctional                    
0000c234  spiTransmitAndReceiveData           
0000c010  spiTransmitData                     
000185fd  sprintf                             
0000f240  sramGetConfigValue                  
08004ad9  startData                           
000171b4  startupCheck                        
00017188  startupInit                         
00014c18  stateCheckEnterSafe                 
00014be0  stateCheckPowerGood                 
00014a58  stateMachineInit                    
08004a78  state_persistent_data               
0000a4f8  stcGetConfigValue                   
000081b8  stcSelfCheck                        
00008df8  stcSelfCheckFail                    
00018cc3  strchr                              
00018cab  strcmp                              
00018d05  strcpy                              
00018c35  strcspn                             
00018cd9  strlen                              
00018b29  strncpy                             
00014580  strobe                              
00018bb9  strspn                              
00018ae9  strtok                              
00017419  strtol                              
0000ecb8  systemGetConfigValue                
0000ebbc  systemInit                          
0000ec88  systemPowerDown                     
0000f094  tcmflashGetConfigValue              
000123e8  tempAddSecondToHET                  
08005804  testCMD                             
0800581c  testSCHED                           
00018314  test_adc                            
00014ce0  test_flash                          
0000e9e0  trimLPO                             
00018660  triumf_init                         
000044b4  ucQueueGetQueueType                 
08000920  ulCriticalNesting                   
0000578c  ulPortCountLeadingZeros             
08000924  ulTaskHasFPUContext                 
00002bf0  ulTaskNotifyTake                    
00018b8d  unlink                              
000050fc  uxEventGroupGetNumber               
00016470  uxListRemove                        
0000447c  uxQueueGetQueueNumber               
00004398  uxQueueMessagesWaiting              
0000441c  uxQueueMessagesWaitingFromISR       
000043d0  uxQueueSpacesAvailable              
000012b8  uxTaskGetNumberOfTasks              
000023d0  uxTaskGetStackHighWaterMark         
000015a8  uxTaskGetSystemState                
00001f1c  uxTaskGetTaskNumber                 
0000097c  uxTaskPriorityGet                   
000009c0  uxTaskPriorityGetFromISR            
00002b80  uxTaskResetEventItemValue           
00011d70  vADCRead                            
00016fd4  vApplicationStackOverflowHook       
00011de8  vDemoADCTask                        
00005074  vEventGroupClearBitsCallback        
00004fd4  vEventGroupDelete                   
00005058  vEventGroupSetBitsCallback          
00011b70  vFlashRead                          
00011c44  vFlashRead2                         
00011ce4  vFlashWrite                         
000162c4  vListInitialise                     
0001631c  vListInitialiseItem                 
000163ac  vListInsert                         
00016338  vListInsertEnd                      
00016044  vMainTask                           
0001226c  vMonitorTask                        
000054c4  vPortEndScheduler                   
00005b18  vPortFree                           
00005c18  vPortInitialiseBlocks               
000056cc  vPortPreemptiveTick                 
00005794  vPortSWI                            
000054fc  vPortStartFirstTask                 
0000522c  vPortStoreTaskMPUSettings           
00005618  vPortYeildWithinAPI                 
0000556c  vPortYieldProcessor                 
0000444c  vQueueDelete                        
00004494  vQueueSetQueueNumber                
00014418  vRadioTask                          
000121c4  vReceiverTask                       
00012180  vSenderTask                         
000120e4  vSerialSenderTask                   
00011e98  vSerialTask                         
00011e6c  vStateTask                          
00001f90  vTaskAllocateMPURegions             
000007f4  vTaskDelay                          
00000688  vTaskDelayUntil                     
00000520  vTaskDelete                         
00001094  vTaskEndScheduler                   
00002120  vTaskGetInfo                        
00002a08  vTaskGetRunTimeStats                
00002850  vTaskList                           
00001f0c  vTaskMissedYield                    
000031e4  vTaskNotifyGiveFromISR              
00001b08  vTaskPlaceOnEventList               
00001b4c  vTaskPlaceOnUnorderedEventList      
00002504  vTaskPriorityInherit                
00000a08  vTaskPrioritySet                    
00000e2c  vTaskResume                         
00001f5c  vTaskSetTaskNumber                  
00001dc4  vTaskSetTimeOutState                
00000ff8  vTaskStartScheduler                 
00000c24  vTaskSuspend                        
000010b0  vTaskSuspendAll                     
0000194c  vTaskSwitchContext                  
00012230  vTickleTask                         
0000f508  vimChannelMap                       
0000f774  vimDisableInterrupt                 
0000f5ac  vimEnableInterrupt                  
0000f820  vimGetConfigValue                   
0000f434  vimInit                             
00008e00  vimParityCheck                      
00015824  vimParityErrorHandler               
000168a0  watchdog_busywait                   
00018c0d  write                               
00014674  writeExtendedRegister               
000145ec  writeRegister                       
080057c8  xADCNewHandle                       
080057b8  xADCTaskHandle                      
080057b4  xBlinkyTaskHandle                   
00004d70  xEventGroupClearBits                
000048e0  xEventGroupCreate                   
00004df4  xEventGroupGetBitsFromISR           
00004e24  xEventGroupSetBits                  
0000491c  xEventGroupSync                     
00004b1c  xEventGroupWaitBits                 
08004abc  xFlashMutex                         
080057c0  xFlashReadHandle                    
080057c4  xFlashWriteHandle                   
00015da8  xPortGetFreeHeapSize                
00015db4  xPortGetMinimumEverFreeHeapSize     
000054a0  xPortStartScheduler                 
08004ac0  xQueue                              
00003720  xQueueCreateMutex                   
000035a4  xQueueGenericCreate                 
00003e44  xQueueGenericReceive                
0000347c  xQueueGenericReset                  
00003888  xQueueGenericSend                   
00003b48  xQueueGenericSendFromISR            
00003cd8  xQueueGiveFromISR                   
00003764  xQueueGiveMutexRecursive            
00004804  xQueueIsQueueEmptyFromISR           
00004890  xQueueIsQueueFullFromISR            
000042a4  xQueuePeekFromISR                   
0000415c  xQueueReceiveFromISR                
000037ec  xQueueTakeMutexRecursive            
08004ac4  xRTCMutex                           
08004ac8  xRadioRXQueue                       
08004acc  xRadioTXQueue                       
080057ac  xRadioTaskHandle                    
08004ad0  xSerialRXQueue                      
08004ad4  xSerialTXQueue                      
080057a8  xSerialTaskHandle                   
080057bc  xStateTaskHandle                    
00001e04  xTaskCheckForTimeOut                
000000fc  xTaskCreate                         
00000020  xTaskCreateRestricted               
00002e08  xTaskGenericNotify                  
00002fe4  xTaskGenericNotifyFromISR           
00002498  xTaskGetCurrentTaskHandle           
00001494  xTaskGetHandle                      
000024b4  xTaskGetSchedulerState              
00001278  xTaskGetTickCount                   
00001294  xTaskGetTickCountFromISR            
00001724  xTaskIncrementTick                  
000177e8  xTaskNotifyStateClear               
00002cd8  xTaskNotifyWait                     
00002664  xTaskPriorityDisinherit             
00001bd0  xTaskRemoveFromEventList            
00001cbc  xTaskRemoveFromUnorderedEventList   
000010c4  xTaskResumeAll                      
00000f10  xTaskResumeFromISR                  
080057b0  xTickleTaskHandle                   


GLOBAL SYMBOLS: SORTED BY Symbol Address 

address   name                                
-------   ----                                
00000000  __TI_static_base__                  
00000000  resetEntry                          
00000020  xTaskCreateRestricted               
000000fc  xTaskCreate                         
00000520  vTaskDelete                         
00000688  vTaskDelayUntil                     
000007f4  vTaskDelay                          
00000800  __SYSMEM_SIZE                       
00000878  eTaskGetState                       
0000097c  uxTaskPriorityGet                   
000009c0  uxTaskPriorityGetFromISR            
00000a08  vTaskPrioritySet                    
00000c24  vTaskSuspend                        
00000e2c  vTaskResume                         
00000f10  xTaskResumeFromISR                  
00000ff8  vTaskStartScheduler                 
00001094  vTaskEndScheduler                   
000010b0  vTaskSuspendAll                     
000010c4  xTaskResumeAll                      
00001278  xTaskGetTickCount                   
00001294  xTaskGetTickCountFromISR            
000012b8  uxTaskGetNumberOfTasks              
000012c4  pcTaskGetName                       
00001494  xTaskGetHandle                      
000015a8  uxTaskGetSystemState                
00001724  xTaskIncrementTick                  
0000194c  vTaskSwitchContext                  
00001b08  vTaskPlaceOnEventList               
00001b4c  vTaskPlaceOnUnorderedEventList      
00001bd0  xTaskRemoveFromEventList            
00001cbc  xTaskRemoveFromUnorderedEventList   
00001dc4  vTaskSetTimeOutState                
00001e04  xTaskCheckForTimeOut                
00001f0c  vTaskMissedYield                    
00001f1c  uxTaskGetTaskNumber                 
00001f5c  vTaskSetTaskNumber                  
00001f90  vTaskAllocateMPURegions             
00002120  vTaskGetInfo                        
000023d0  uxTaskGetStackHighWaterMark         
00002498  xTaskGetCurrentTaskHandle           
000024b4  xTaskGetSchedulerState              
00002504  vTaskPriorityInherit                
00002664  xTaskPriorityDisinherit             
00002850  vTaskList                           
00002a08  vTaskGetRunTimeStats                
00002b80  uxTaskResetEventItemValue           
00002bbc  pvTaskIncrementMutexHeldCount       
00002bf0  ulTaskNotifyTake                    
00002cd8  xTaskNotifyWait                     
00002e08  xTaskGenericNotify                  
00002fe4  xTaskGenericNotifyFromISR           
000031e4  vTaskNotifyGiveFromISR              
0000347c  xQueueGenericReset                  
000035a4  xQueueGenericCreate                 
00003720  xQueueCreateMutex                   
00003764  xQueueGiveMutexRecursive            
000037ec  xQueueTakeMutexRecursive            
00003888  xQueueGenericSend                   
00003b48  xQueueGenericSendFromISR            
00003cd8  xQueueGiveFromISR                   
00003e44  xQueueGenericReceive                
0000415c  xQueueReceiveFromISR                
000042a4  xQueuePeekFromISR                   
00004398  uxQueueMessagesWaiting              
000043d0  uxQueueSpacesAvailable              
0000441c  uxQueueMessagesWaitingFromISR       
0000444c  vQueueDelete                        
0000447c  uxQueueGetQueueNumber               
00004494  vQueueSetQueueNumber                
000044b4  ucQueueGetQueueType                 
00004804  xQueueIsQueueEmptyFromISR           
00004890  xQueueIsQueueFullFromISR            
000048e0  xEventGroupCreate                   
0000491c  xEventGroupSync                     
00004b1c  xEventGroupWaitBits                 
00004d70  xEventGroupClearBits                
00004df4  xEventGroupGetBitsFromISR           
00004e24  xEventGroupSetBits                  
00004fd4  vEventGroupDelete                   
00005058  vEventGroupSetBitsCallback          
00005074  vEventGroupClearBitsCallback        
000050fc  uxEventGroupGetNumber               
0000513c  pxPortInitialiseStack               
0000522c  vPortStoreTaskMPUSettings           
000054a0  xPortStartScheduler                 
000054c4  vPortEndScheduler                   
000054fc  vPortStartFirstTask                 
0000556c  vPortYieldProcessor                 
00005618  vPortYeildWithinAPI                 
000056cc  vPortPreemptiveTick                 
0000578c  ulPortCountLeadingZeros             
00005794  vPortSWI                            
00005850  prvMpuSetRegion                     
00005868  prvMpuEnable                        
00005880  prvMpuDisable                       
000058a8  pvPortMalloc                        
00005b18  vPortFree                           
00005c18  vPortInitialiseBlocks               
00005d38  __TI_Handler_Table_Base             
00005d44  __TI_Handler_Table_Limit            
00005d50  __TI_CINIT_Base                     
00005d68  __TI_CINIT_Limit                    
00008020  selftestFailNotification            
00008030  ccmSelfCheck                        
00008174  memoryInit                          
000081b8  stcSelfCheck                        
00008234  cpuSelfTest                         
000082cc  pbistSelfCheck                      
000084ac  pbistRun                            
00008578  pbistStop                           
000085a8  pbistIsTestCompleted                
000085d4  pbistIsTestPassed                   
00008608  pbistPortTestStatus                 
00008660  efcCheck                            
000086e8  efcStuckZeroTest                    
00008794  efcSelfTest                         
000087bc  checkefcSelfTest                    
0000885c  fmcBus2Check                        
00008898  fmcECCcheck                         
00008938  checkB0RAMECC                       
00008b28  checkB1RAMECC                       
00008d18  checkFlashECC                       
00008df4  custom_dabort                       
00008df8  stcSelfCheckFail                    
00008dfc  cpuSelfTestFail                     
00008e00  vimParityCheck                      
00008eac  dmaParityCheck                      
00008f58  het1ParityCheck                     
00009004  htu1ParityCheck                     
000090c0  het2ParityCheck                     
000091bc  htu2ParityCheck                     
0000926c  adc1ParityCheck                     
00009358  adc2ParityCheck                     
00009410  can1ParityCheck                     
000094e8  can2ParityCheck                     
000095b0  can3ParityCheck                     
00009684  mibspi1ParityCheck                  
0000978c  mibspi3ParityCheck                  
000098b0  mibspi5ParityCheck                  
000099d0  checkRAMECC                         
00009c18  checkClockMonitor                   
00009cf4  checkFlashEEPROMECC                 
00009e8c  checkPLL1Slip                       
00009f94  checkRAMAddrParity                  
0000a09c  checkRAMUERRTest                    
0000a208  fmcBus1ParityCheck                  
0000a32c  pbistFail                           
0000a3ac  pbistGetConfigValue                 
0000a4f8  stcGetConfigValue                   
0000a5a0  efcGetConfigValue                   
0000a638  ccmr4GetConfigValue                 
0000a6b4  errata_PBIST_4                      
0000aa20  enableParity                        
0000aaa8  disableParity                       
0000b3f5  __TI_printfi                        
0000bcab  __aeabi_idiv0                       
0000bcac  spiInit                             
0000bddc  spiSetFunctional                    
0000bdfc  spiReceiveData                      
0000bf18  spiGetData                          
0000c010  spiTransmitData                     
0000c13c  spiSendData                         
0000c234  spiTransmitAndReceiveData           
0000c370  spiSendAndGetData                   
0000c4b0  SpiTxStatus                         
0000c53c  SpiRxStatus                         
0000c5c8  spiEnableLoopback                   
0000c5fc  spiDisableLoopback                  
0000c618  spiEnableNotification               
0000c648  spiDisableNotification              
0000c674  spi4GetConfigValue                  
0000c884  MPU_xTaskCreateRestricted           
0000c8c8  MPU_xTaskCreate                     
0000c92c  MPU_vTaskAllocateMPURegions         
0000c960  MPU_vTaskDelete                     
0000c98c  MPU_vTaskDelayUntil                 
0000c9c0  MPU_vTaskDelay                      
0000c9ec  MPU_uxTaskPriorityGet               
0000ca20  MPU_vTaskPrioritySet                
0000ca54  MPU_vTaskGetInfo                    
0000caa0  MPU_vTaskSuspend                    
0000cacc  MPU_vTaskResume                     
0000caf8  MPU_vTaskSuspendAll                 
0000cb1c  MPU_xTaskResumeAll                  
0000cb48  MPU_xTaskGetTickCount               
0000cb74  MPU_uxTaskGetNumberOfTasks          
0000cba0  MPU_pcTaskGetName                   
0000cbd4  MPU_xTaskGetHandle                  
0000cc08  MPU_vTaskList                       
0000cc34  MPU_vTaskGetRunTimeStats            
0000cc60  MPU_uxTaskGetSystemState            
0000ccac  MPU_uxTaskGetStackHighWaterMark     
0000cce0  MPU_xTaskGetSchedulerState          
0000cd0c  MPU_vTaskSetTimeOutState            
0000cd38  MPU_xTaskCheckForTimeOut            
0000cd7c  MPU_xTaskGenericNotify              
0000cdd0  MPU_xTaskNotifyWait                 
0000ce24  MPU_ulTaskNotifyTake                
0000ce68  MPU_xTaskNotifyStateClear           
0000ce9c  MPU_xQueueGenericCreate             
0000cee8  MPU_xQueueGenericReset              
0000cf2c  MPU_xQueueGenericSend               
0000cf80  MPU_uxQueueMessagesWaiting          
0000cfb4  MPU_uxQueueSpacesAvailable          
0000cfe8  MPU_xQueueGenericReceive            
0000d03c  MPU_xQueuePeekFromISR               
0000d080  MPU_xQueueCreateMutex               
0000d0b4  MPU_xQueueTakeMutexRecursive        
0000d0f8  MPU_xQueueGiveMutexRecursive        
0000d12c  MPU_vQueueDelete                    
0000d158  MPU_pvPortMalloc                    
0000d18c  MPU_vPortFree                       
0000d1b8  MPU_vPortInitialiseBlocks           
0000d1dc  MPU_xPortGetFreeHeapSize            
0000d208  MPU_xEventGroupCreate               
0000d234  MPU_xEventGroupWaitBits             
0000d290  MPU_xEventGroupClearBits            
0000d2d4  MPU_xEventGroupSetBits              
0000d318  MPU_xEventGroupSync                 
0000d36c  MPU_vEventGroupDelete               
0000d398  mibspiInit                          
0000d6b8  mibspiSetFunctional                 
0000d6d8  mibspiSetData                       
0000d7e4  mibspiGetData                       
0000d930  mibspiTransfer                      
0000d960  mibspiIsTransferComplete            
0000d9cc  mibspiEnableLoopback                
0000da00  mibspiDisableLoopback               
0000da1c  mibspiPmodeSet                      
0000da6c  mibspiEnableGroupNotification       
0000daf4  mibspiDisableGroupNotification      
0000db28  mibspi1GetConfigValue               
0000dea4  adcInit                             
0000e000  adcStartConversion                  
0000e084  adcStopConversion                   
0000e0ac  adcResetFiFo                        
0000e0d4  adcGetData                          
0000e29c  adcIsFifoFull                       
0000e2cc  adcIsConversionComplete             
0000e2fc  adcCalibration                      
0000e4d4  adcMidPointCalibration              
0000e670  adcEnableNotification               
0000e6c0  adcDisableNotification              
0000e6e8  adcSetEVTPin                        
0000e708  adcGetEVTPin                        
0000e720  adc1GetConfigValue                  
0000e990  setupPLL                            
0000e9e0  trimLPO                             
0000ea28  setupFlash                          
0000ea68  periphInit                          
0000eabc  mapClocks                           
0000ebbc  systemInit                          
0000ec88  systemPowerDown                     
0000ecb8  systemGetConfigValue                
0000f094  tcmflashGetConfigValue              
0000f240  sramGetConfigValue                  
0000f434  vimInit                             
0000f508  vimChannelMap                       
0000f5ac  vimEnableInterrupt                  
0000f774  vimDisableInterrupt                 
0000f820  vimGetConfigValue                   
0000fe8c  mibspi_write_byte                   
0000fec4  mibspi_write_two                    
0000fef0  flash_erase_chip                    
0000ff0c  flash_busy_erasing_chip             
0000ff70  flash_set_burst_64                  
0000ffa0  flash_write_enable                  
0000ffb0  construct_send_packet_6             
00010080  flash_read_16                       
00010104  flash_read_16_rtos                  
000101b8  flash_write_16_rtos                 
00010208  rw16_test                           
000102ac  flash_status                        
000102d4  construct_send_packet_16            
000103a0  flash_write_arbitrary               
000104d0  flash_test_JEDEC                    
00010548  getEmptySector                      
00010610  flash_mibspi_init                   
00010698  mibspi_send                         
0001072c  mibspi_receive                      
00010804  mibspiGroupNotification             
000108c0  cmdHelp                             
000108f4  cmdGet                              
00010a24  cmdExec                             
00010a54  cmdTask                             
00010c88  cmdSched                            
00010e1c  cmdState                            
00010f28  __unused                            
00010f44  checkAndRunCommand                  
00010f94  checkAndRunCommandStr               
00011284  muxInit                             
00011720  pinmuxGetConfigValue                
00011b40  hundredBlinky                       
00011b70  vFlashRead                          
00011c44  vFlashRead2                         
00011ce4  vFlashWrite                         
00011d70  vADCRead                            
00011de8  vDemoADCTask                        
00011e6c  vStateTask                          
00011e98  vSerialTask                         
000120e4  vSerialSenderTask                   
000120f0  periodicSenderTask                  
00012180  vSenderTask                         
000121c4  vReceiverTask                       
00012230  vTickleTask                         
0001226c  vMonitorTask                        
000123d0  getCurrentTime                      
000123e8  tempAddSecondToHET                  
000123fc  rtcInit                             
000124b4  rtcReset                            
000124c8  rtcResetTime                        
00012524  rtc_get_startup_status              
000125b4  getEpochOffset                      
000125c0  setEpochOffset                      
000125e4  convertBCD                          
00012668  rtc_get_seconds                     
0001267c  rtc_get_minutes                     
00012690  rtc_get_hours                       
000126a4  rtc_get_month                       
000126d4  rtc_get_day                         
00012704  rtc_get_year                        
00012718  getCurrentRTCTime                   
00012850  no_rtos_test_getCurrentRTCTime      
00012958  rtcWriteRegister                    
00012a50  rtcReadRegister                     
00012a94  rtcTransmitAndReceive               
00012af0  rtcGetBit                           
00012b2c  rtcSetBit                           
00012bd4  sciInit                             
00012cc0  sciSetFunctional                    
00012ce0  sciSetBaudrate                      
00012d7c  sciIsTxReady                        
00012d98  sciSendByte                         
00012dc8  sciSend                             
00012efc  sciIsRxReady                        
00012f18  sciIsIdleDetected                   
00012f34  sciRxError                          
00012f64  sciReceiveByte                      
00012f90  sciReceive                          
00013068  sciEnableLoopback                   
0001309c  sciDisableLoopback                  
000130c0  sciEnableNotification               
00013128  sciDisableNotification              
00013190  sciEnterResetState                  
000131b0  sciExitResetState                   
000131d0  sciGetConfigValue                   
0001337c  addEventFromScheduledCommand        
0001353c  addEvent                            
00013684  removeEventIdx                      
00013714  getAction                           
00013798  showActiveEvents                    
00013850  shift                               
000139bc  esmInit                             
00013ac4  esmError                            
00013ae0  esmEnableError                      
00013b0c  esmDisableError                     
00013b38  esmTriggerErrorPinReset             
00013b48  esmActivateNormalOperation          
00013b58  esmEnableInterrupt                  
00013b84  esmDisableInterrupt                 
00013bb0  esmSetInterruptLevel                
00013c2c  esmClearStatus                      
00013c70  esmClearStatusBuffer                
00013c8c  esmSetCounterPreloadValue           
00013cac  esmGetStatus                        
00013d30  esmGetStatusBuffer                  
00013d68  esmEnterSelfTest                    
00013df0  esmSelfTestStatus                   
00013e40  esmGetConfigValue                   
00013f94  gioInit                             
00014064  gioSetDirection                     
00014084  gioSetBit                           
000140d4  gioSetPort                          
000140f4  gioGetBit                           
0001411c  gioGetPort                          
00014134  gioToggleBit                        
0001418c  gioEnableNotification               
000141f4  gioDisableNotification              
0001425c  gioGetConfigValue                   
00014418  vRadioTask                          
0001446c  readRegister                        
000144f4  readExtendedRegister                
00014580  strobe                              
000145ec  writeRegister                       
00014674  writeExtendedRegister               
00014714  readAllRegisters                    
00014718  initRadio                           
00014780  radioCmd                            
00014890  doStateSafe                         
000148e4  doStateReady                        
00014924  doStateLowPower                     
00014964  do_SAFE_to_READY                    
00014974  do_SAFE_to_LOWPOWER                 
00014984  do_READY_to_SAFE                    
00014994  do_READY_to_LOWPOWER                
000149a4  do_LOWPOWER_to_SAFE                 
000149b4  do_LOWPOWER_to_READY                
000149c4  runState                            
00014a58  stateMachineInit                    
00014aa4  setStateRTOS_mode                   
00014ac4  printStateInfo                      
00014b34  printPrevState                      
00014b88  setStateManual                      
00014be0  stateCheckPowerGood                 
00014c18  stateCheckEnterSafe                 
00014ce0  test_flash                          
00014ef0  check16                             
00014f74  checkArbitrary                      
00015101  minit                               
0001517f  malloc                              
000151e9  free                                
000152ab  realloc                             
000153b5  memalign                            
000154a7  calloc                              
000154d8  _coreInitRegisters_                 
000155e4  _coreInitStackPointer_              
00015630  _getCPSRValue_                      
00015638  _gotoCPUIdle_                       
00015650  _coreEnableVfp_                     
00015668  _coreEnableEventBusExport_          
00015678  _coreDisableEventBusExport_         
00015688  _coreEnableRamEcc_                  
00015698  _coreDisableRamEcc_                 
000156a8  _coreEnableFlashEcc_                
000156bc  _coreDisableFlashEcc_               
000156cc  _coreEnableIrqVicOffset_            
000156dc  _coreGetDataFault_                  
000156e4  _coreClearDataFault_                
000156f0  _coreGetInstructionFault_           
000156f8  _coreClearInstructionFault_         
00015704  _coreGetDataFaultAddress_           
0001570c  _coreClearDataFaultAddress_         
00015718  _coreGetInstructionFaultAddress_    
00015720  _coreClearInstructionFaultAddress_  
0001572c  _coreGetAuxiliaryDataFault_         
00015734  _coreClearAuxiliaryDataFault_       
00015740  _coreGetAuxiliaryInstructionFault_  
00015748  _coreClearAuxiliaryInstructionFault_
00015754  _disable_interrupt_                 
0001575c  _disable_FIQ_interrupt_             
00015764  _disable_IRQ_interrupt_             
0001576c  _enable_interrupt_                  
00015774  _esmCcmErrorsClear_                 
000157fc  _errata_CORTEXR4_57_                
0001580c  _errata_CORTEXR4_66_                
0001581c  __TI_PINIT_Base                     
00015820  __TI_PINIT_Limit                    
00015824  vimParityErrorHandler               
00015af0  __aeabi_uldivmod                    
00015da8  xPortGetFreeHeapSize                
00015db4  xPortGetMinimumEverFreeHeapSize     
00016044  vMainTask                           
000162c4  vListInitialise                     
0001631c  vListInitialiseItem                 
00016338  vListInsertEnd                      
000163ac  vListInsert                         
00016470  uxListRemove                        
000164fc  sciHighLevelInterrupt               
00016700  busyWait                            
00016744  itoa2                               
00016870  simpleWatchdog                      
000168a0  watchdog_busywait                   
000169a3  __TI_cleanup                        
000169cf  freopen                             
000169f9  fopen                               
00016aa0  _c_int00                            
00016c60  serialInit                          
00016c7c  serialSendQ                         
00016cb4  serialSendQFromISR                  
00016d08  serialSendCh                        
00016d34  serialSend                          
00016d68  serialSendln                        
00016dac  sciNotification                     
00016fd4  vApplicationStackOverflowHook       
00016ff8  main                                
000170e0  getRunTimeCounterValue              
000170f0  configureTimerForRunTimeStats       
00017188  startupInit                         
00017198  printStartupType                    
000171b4  startupCheck                        
000172e1  fputs                               
000173f1  puts                                
00017419  strtol                              
00017548  esmHighInterrupt                    
0001765c  esmGroup1Notification               
0001766c  esmGroup2Notification               
0001767c  memoryPort0TestFailNotification     
00017698  memoryPort1TestFailNotification     
000176b4  rtiNotification                     
000176c4  adcNotification                     
000176d8  gioNotification                     
000176ec  mibspiNotification                  
00017728  spiNotification                     
0001773c  spiEndNotification                  
0001774c  dmaGroupANotification               
000177e8  xTaskNotifyStateClear               
00017861  ldexp                               
00017861  ldexpl                              
00017861  scalbn                              
00017861  scalbnl                             
00017954  _dabort                             
00017a3d  floor                               
00017a3d  floorl                              
00017b1c  _pmuInit_                           
00017b68  _pmuEnableCountersGlobal_           
00017b78  _pmuDisableCountersGlobal_          
00017b88  _pmuResetCycleCounter_              
00017b98  _pmuResetEventCounters_             
00017ba8  _pmuResetCounters_                  
00017bb8  _pmuStartCounters_                  
00017bc0  _pmuStopCounters_                   
00017bc8  _pmuSetCountEvent_                  
00017bd4  _pmuGetCycleCount_                  
00017bdc  _pmuGetEventCount_                  
00017be8  _pmuGetOverflow_                    
00017bfd  setvbuf                             
00017cd8  mibspi1HighLevelInterrupt           
00017da5  __TI_doflush                        
00017df1  fflush                              
00017e71  open                                
00017f2d  __TI_wrt_ok                         
00017f91  __TI_rd_ok                          
00017fdb  __aeabi_memcpy                      
00017fdb  __aeabi_memcpy4                     
00017fdb  __aeabi_memcpy8                     
00017fdb  memcpy                              
00018077  _system_post_cinit                  
00018079  __TI_closefile                      
000180df  fclose                              
00018111  snprintf                            
000181a5  __aeabi_memclr                      
000181a5  __aeabi_memclr4                     
000181a5  __aeabi_memclr8                     
000181a7  __aeabi_memset                      
000181a7  __aeabi_memset4                     
000181a7  __aeabi_memset8                     
000181ad  memset                              
00018221  finddevice                          
0001824f  getdevice                           
00018295  frexp                               
00018295  frexpl                              
00018308  init_adc_test                       
00018314  test_adc                            
0001837d  __TI_auto_init                      
000183ed  __TI_decompress_lzss                
00018459  HOSTrename                          
000184c5  __TI_writemsg                       
000184f7  C$$IO$$                             
000184fb  __TI_readmsg                        
00018531  HOSTlseek                           
00018599  fseek                               
000185fd  sprintf                             
00018660  triumf_init                         
000186c1  HOSTopen                            
0001871d  HOSTread                            
00018779  close                               
000187d1  HOSTwrite                           
00018828  adc1Group1Interrupt                 
0001887c  __aeabi_idiv                        
0001887c  __aeabi_idivmod                     
000188d1  ltoa                                
00018925  atoi                                
00018975  C$$EXIT                             
00018979  abort                               
00018981  exit                                
000189c4  __aeabi_uidiv                       
000189c4  __aeabi_uidivmod                    
00018a15  copy_in                             
00018a61  HOSTclose                           
00018aa5  HOSTunlink                          
00018ae9  strtok                              
00018b29  strncpy                             
00018b61  _nassert                            
00018b63  _abort_msg                          
00018b79  _assert                             
00018b8d  remove                              
00018b8d  unlink                              
00018bb9  strspn                              
00018be5  lseek                               
00018c0d  write                               
00018c35  strcspn                             
00018c57  memchr                              
00018c77  memccpy                             
00018c93  copysign                            
00018c93  copysignl                           
00018cab  strcmp                              
00018cc3  strchr                              
00018cd9  strlen                              
00018cf1  _register_unlock                    
00018cf7  _register_lock                      
00018cff  _nop                                
00018d05  strcpy                              
00018d19  __TI_decompress_none                
00018d27  __TI_zero_init                      
00018d34  phantomInterrupt                    
00018f38  _ctypes_                            
000191d8  cumulativeSecondsInMonth            
0001922c  TRANSITION_TABLE                    
00019310  CMD_FUNCS                           
00019388  STATE_TABLE                         
080008e4  pxCurrentTCB                        
08000920  ulCriticalNesting                   
08000924  ulTaskHasFPUContext                 
080046b0  __CIOBUF_                           
080047d0  buffer                              
080048cc  __TI_tmpnams                        
08004a0c  TG3_RX                              
08004a58  dummyBytes_16                       
08004a78  state_persistent_data               
08004a8c  parmbuf                             
08004a94  TG0_IS_Complete                     
08004a98  TG1_IS_Complete                     
08004a9c  TG1_RX                              
08004aa0  TG2_IS_Complete                     
08004aa4  TG3_IS_Complete                     
08004aa8  addressWritten                      
08004aac  epochOffset                         
08004ab0  lastRead                            
08004ab4  rtc_spiConfig                       
08004ab8  spiDataConfig                       
08004abc  xFlashMutex                         
08004ac0  xQueue                              
08004ac4  xRTCMutex                           
08004ac8  xRadioRXQueue                       
08004acc  xRadioTXQueue                       
08004ad0  xSerialRXQueue                      
08004ad4  xSerialTXQueue                      
08004ad8  cur_state                           
08004ad9  startData                           
08004ae0  _sys_memory                         
080052e0  schedule                            
08005500  CMD_DBG_STRINGS                     
080055f0  _ftable                             
080056e0  _device                             
08005758  _stream                             
080057a8  xSerialTaskHandle                   
080057ac  xRadioTaskHandle                    
080057b0  xTickleTaskHandle                   
080057b4  xBlinkyTaskHandle                   
080057b8  xADCTaskHandle                      
080057bc  xStateTaskHandle                    
080057c0  xFlashReadHandle                    
080057c4  xFlashWriteHandle                   
080057c8  xADCNewHandle                       
080057ec  CMD_NAMES                           
08005804  testCMD                             
0800581c  testSCHED                           
08005840  __TI_ft_end                         
08005844  __aeabi_stdin                       
08005848  __aeabi_stdout                      
0800584c  __aeabi_stderr                      
08005860  __TI_cleanup_ptr                    
08005864  __TI_dtors_ptr                      
08005868  __TI_enable_exit_profile_output     
08005878  _lock                               
0800587c  _unlock                             
08005880  rtc_epoch_time                      
08005884  het_epoch_time                      
08005888  errno                               
08005898  currChar                            
ffffffff  __TI_pprof_out_hndl                 
ffffffff  __TI_prof_data_size                 
ffffffff  __TI_prof_data_start                
ffffffff  __binit__                           
ffffffff  __c_args__                          
ffffffff  binit                               
UNDEFED   SHT$$INIT_ARRAY$$Base               
UNDEFED   SHT$$INIT_ARRAY$$Limit              

[668 symbols]
