******************************************************************************
                  TI ARM Linker Unix v16.9.4                   
******************************************************************************
>> Linked Thu Feb  8 00:56:39 2018

OUTPUT FILE NAME:   <OBC.out>
ENTRY POINT SYMBOL: "_c_int00"  address: 00016b04


MEMORY CONFIGURATION

         name            origin    length      used     unused   attr    fill
----------------------  --------  ---------  --------  --------  ----  --------
  VECTORS               00000000   00000020  00000020  00000000     X
  KERNEL                00000020   00008000  00005d44  000022bc  R  X
  FLASH0                00008020   00057fe0  00011404  00046bdc  R  X
  STACKS                08000000   00000800  00000000  00000800  RW  
  KRAM                  08000800   00000800  00000128  000006d8  RW  
  RAM                   08001000   00007000  0000488f  00002771  RW  


SEGMENT ALLOCATION MAP

run origin  load origin   length   init length attrs members
----------  ----------- ---------- ----------- ----- -------
00000000    00000000    00005d68   00005d68    r-x
  00000000    00000000    00000020   00000020    r-x .intvecs
  00000020    00000020    00005c14   00005c14    r-x .kernelTEXT
  00005c38    00005c38    00000130   00000130    r-- .cinit
00008020    00008020    00011404   00011404    r-x
  00008020    00008020    00010d74   00010d74    r-x .text
  00018d94    00018d94    00000690   00000690    r-- .const
08000800    08000800    00000128   00000000    rw-
  08000800    08000800    00000128   00000000    rw- .kernelBSS
08001000    08001000    00004895   00000000    rw-
  08001000    08001000    00003ada   00000000    rw- .bss
  08004ae0    08004ae0    00000800   00000000    rw- .sysmem
  080052e0    080052e0    000005b5   00000000    rw- .data


SECTION ALLOCATION MAP

 output                                  attributes/
section   page    origin      length       input sections
--------  ----  ----------  ----------   ----------------
.intvecs   0    00000000    00000020     
                  00000000    00000020     sys_intvecs.obj (.intvecs)

.kernelTEXT 
*          0    00000020    00005c14     
                  00000020    0000345c     rtos_task.obj (.kernelTEXT)
                  0000347c    00001464     rtos_queue.obj (.kernelTEXT)
                  000048e0    0000085c     rtos_event_groups.obj (.kernelTEXT)
                  0000513c    000003bc     rtos_port.obj (.kernelTEXT)
                  000054f8    000003b0     rtos_portasm.obj (.kernelTEXT)
                  000058a8    0000038c     rtos_heap.obj (.kernelTEXT)

.cinit     0    00005c38    00000130     
                  00005c38    000000f4     (.cinit..data.load) [load image, compression = lzss]
                  00005d2c    0000000d     (.cinit..kernelBSS.load) [load image, compression = lzss]
                  00005d39    00000003     --HOLE-- [fill = 0]
                  00005d3c    0000000c     (__TI_handler_table)
                  00005d48    00000008     (.cinit..bss.load) [load image, compression = zero_init]
                  00005d50    00000018     (__TI_cinit_table)

.text      0    00008020    00010d74     
                  00008020    00002c10     sys_selftest.obj (.text)
                  0000ac30    0000107a     rtsv7R4_T_be_v3D16_eabi.lib : _printfi.obj (.text)
                  0000bcaa    00000002                                 : i_div0.obj (.text)
                  0000bcac    00000bd8     spi.obj (.text)
                  0000c884    00000b14     rtos_mpu_wrappers.obj (.text)
                  0000d398    00000b0c     mibspi.obj (.text)
                  0000dea4    00000b04     flash_mibspi.obj (.text)
                  0000e9a8    00000aec     adc.obj (.text)
                  0000f494    00000aa4     system.obj (.text)
                  0000ff38    00000a58     sys_vim.obj (.text)
                  00010990    000009c4     sfu_cmds.obj (.text)
                  00011354    000008bc     pinmux.obj (.text)
                  00011c10    00000804     sfu_rtc.obj (.text)
                  00012414    000007f0     sfu_tasks.obj (.text)
                  00012c04    000007a8     sci.obj (.text)
                  000133ac    00000640     sfu_scheduler.obj (.text)
                  000139ec    000005d8     esm.obj (.text)
                  00013fc4    00000484     gio.obj (.text)
                  00014448    00000478     sfu_task_radio.obj (.text)
                  000148c0    00000450     sfu_state.obj (.text)
                  00014d10    00000420     test_flash.obj (.text)
                  00015130    000003d8     rtsv7R4_T_be_v3D16_eabi.lib : memory.obj (.text)
                  00015508    0000034c     sys_core.obj (.text)
                  00015854    000002cc     sys_vim.obj (.text:retain)
                  00015b20    000002b8     rtsv7R4_T_be_v3D16_eabi.lib : ull_div32.obj (.text)
                  00015dd8    000002b4     sfu_task_main.obj (.text)
                  0001608c    0000029c     rtos_heap.obj (.text)
                  00016328    00000238     rtos_list.obj (.text)
                  00016560    00000204     sci.obj (.text:retain)
                  00016764    000001d8     sfu_utils.obj (.text)
                  0001693c    000001c8     rtsv7R4_T_be_v3D16_eabi.lib : fopen.obj (.text)
                  00016b04    000001c0     sys_startup.obj (.text:retain)
                  00016cc4    000001c0     sfu_uart.obj (.text)
                  00016e84    000001b4     rtos_port.obj (.text)
                  00017038    000001ac     sys_main.obj (.text)
                  000171e4    00000158     sfu_startup.obj (.text)
                  0001733c    00000138     rtsv7R4_T_be_v3D16_eabi.lib : fputs.obj (.text)
                  00017474    00000130                                 : strtol.obj (.text)
                  000175a4    00000114     esm.obj (.text:retain)
                  000176b8    00000104     notification.obj (.text)
                  000177bc    00000100     rtos_task.obj (.text)
                  000178bc    000000f4     rtsv7R4_T_be_v3D16_eabi.lib : s_scalbn.obj (.text)
                  000179b0    000000e8     dabort.obj (.text)
                  00017a98    000000e0     rtsv7R4_T_be_v3D16_eabi.lib : s_floor.obj (.text)
                  00017b78    000000e0     sys_pmu.obj (.text)
                  00017c58    000000dc     rtsv7R4_T_be_v3D16_eabi.lib : setvbuf.obj (.text)
                  00017d34    000000cc     mibspi.obj (.text:retain)
                  00017e00    000000cc     rtsv7R4_T_be_v3D16_eabi.lib : fflush.obj (.text)
                  00017ecc    000000bc                                 : open.obj (.text)
                  00017f88    000000ae                                 : _io_perm.obj (.text)
                  00018036    0000009c                                 : memcpy_t2.obj (.text)
                  000180d2    00000002                                 : startup.obj (.text)
                  000180d4    00000098                                 : fclose.obj (.text)
                  0001816c    00000094                                 : snprintf.obj (.text)
                  00018200    0000007a                                 : memset_t2.obj (.text)
                  0001827a    00000002     --HOLE-- [fill = 0]
                  0001827c    00000074                                 : getdevice.obj (.text)
                  000182f0    00000074                                 : s_frexp.obj (.text)
                  00018364    00000074     test_adc.obj (.text)
                  000183d8    00000070     rtsv7R4_T_be_v3D16_eabi.lib : autoinit.obj (.text)
                  00018448    0000006c                                 : copy_decompress_lzss.obj (.text:decompress:lzss)
                  000184b4    0000006c                                 : hostrename.obj (.text)
                  00018520    0000006c                                 : trgmsg.obj (.text)
                  0001858c    00000068                                 : hostlseek.obj (.text)
                  000185f4    00000064                                 : fseek.obj (.text)
                  00018658    00000064                                 : sprintf.obj (.text)
                  000186bc    00000060     sfu_triumf.obj (.text)
                  0001871c    0000005c     rtsv7R4_T_be_v3D16_eabi.lib : hostopen.obj (.text)
                  00018778    0000005c                                 : hostread.obj (.text)
                  000187d4    00000058                                 : close.obj (.text)
                  0001882c    00000058                                 : hostwrite.obj (.text)
                  00018884    00000054     adc.obj (.text:retain)
                  000188d8    00000054     rtsv7R4_T_be_v3D16_eabi.lib : i_div32.obj (.text)
                  0001892c    00000054                                 : ltoa.obj (.text)
                  00018980    00000050                                 : atoi.obj (.text)
                  000189d0    00000050                                 : exit.obj (.text)
                  00018a20    00000050                                 : u_div32.obj (.text)
                  00018a70    0000004c                                 : cpy_tbl.obj (.text)
                  00018abc    00000044                                 : hostclose.obj (.text)
                  00018b00    00000044                                 : hostunlink.obj (.text)
                  00018b44    00000040                                 : strtok.obj (.text)
                  00018b84    00000036                                 : strncpy.obj (.text)
                  00018bba    00000002     --HOLE-- [fill = 0]
                  00018bbc    0000002c                                 : assert.obj (.text)
                  00018be8    0000002c                                 : unlink.obj (.text)
                  00018c14    0000002a                                 : strspn.obj (.text)
                  00018c3e    00000002     --HOLE-- [fill = 0]
                  00018c40    00000028                                 : lseek.obj (.text)
                  00018c68    00000028                                 : write.obj (.text)
                  00018c90    00000022                                 : strcspn.obj (.text)
                  00018cb2    00000020                                 : memchr.obj (.text)
                  00018cd2    0000001c                                 : memccpy.obj (.text)
                  00018cee    00000018                                 : s_copysign.obj (.text)
                  00018d06    00000018                                 : strcmp.obj (.text)
                  00018d1e    00000016                                 : strchr.obj (.text)
                  00018d34    00000016                                 : strlen.obj (.text)
                  00018d4a    00000002     --HOLE-- [fill = 0]
                  00018d4c    00000014                                 : _lock.obj (.text)
                  00018d60    00000014                                 : strcpy.obj (.text)
                  00018d74    0000000e                                 : copy_decompress_none.obj (.text:decompress:none)
                  00018d82    0000000c                                 : copy_zero_init.obj (.text:decompress:ZI)
                  00018d8e    00000002     --HOLE-- [fill = 0]
                  00018d90    00000004     sys_phantom.obj (.text:retain)

.const     0    00018d94    00000690     
                  00018d94    00000200     sys_vim.obj (.const:s_vim_init)
                  00018f94    00000101     rtsv7R4_T_be_v3D16_eabi.lib : ctype.obj (.const:.string:_ctypes_)
                  00019095    00000002     sfu_cmds.obj (.const:.string:$P$T6$3)
                  00019097    00000001     --HOLE-- [fill = 0]
                  00019098    000000a4     sfu_cmds.obj (.const:.string)
                  0001913c    00000094     sfu_startup.obj (.const:.string)
                  000191d0    00000034     sfu_state.obj (.const:.string)
                  00019204    00000030     test_flash.obj (.const:.string:$P$T3$4)
                  00019234    00000030     sfu_rtc.obj (.const:cumulativeSecondsInMonth)
                  00019264    00000024     sfu_task_main.obj (.const:$P$T6$2)
                  00019288    00000024     sfu_state.obj (.const:TRANSITION_TABLE)
                  000192ac    00000020     flash_mibspi.obj (.const:$P$T0$1)
                  000192cc    00000020     sfu_tasks.obj (.const:$P$T0$1)
                  000192ec    00000020     flash_mibspi.obj (.const:$P$T1$2)
                  0001930c    00000020     flash_mibspi.obj (.const:$P$T3$4)
                  0001932c    00000018     sfu_task_main.obj (.const:$P$T5$1)
                  00019344    00000018     sfu_cmds.obj (.const:$P$T5$2)
                  0001935c    00000018     sfu_scheduler.obj (.const:$P$T6$1)
                  00019374    00000018     sfu_cmds.obj (.const:$P$T7$4)
                  0001938c    00000018     sfu_cmds.obj (.const:CMD_FUNCS)
                  000193a4    00000018     adc.obj (.const:s_adcFiFoSize)
                  000193bc    00000018     adc.obj (.const:s_adcSelect)
                  000193d4    00000013     test_flash.obj (.const:.string:$P$T1$2)
                  000193e7    00000010     test_flash.obj (.const:.string:$P$T0$1)
                  000193f7    00000001     --HOLE-- [fill = 0]
                  000193f8    0000000c     flash_mibspi.obj (.const:$P$T2$3)
                  00019404    0000000c     sfu_state.obj (.const:STATE_TABLE)
                  00019410    00000006     sfu_task_radio.obj (.const:$P$T0$1)
                  00019416    00000006     sfu_task_radio.obj (.const:$P$T1$2)
                  0001941c    00000004     test_flash.obj (.const:.string:$P$T2$3)
                  00019420    00000004     rtos_heap.obj (.const)

.kernelBSS 
*          0    08000800    00000128     UNINITIALIZED
                  08000800    000000e4     rtos_task.obj (.kernelBSS:uninit)
                  080008e4    0000003c     rtos_task.obj (.kernelBSS:init)
                  08000920    00000008     rtos_port.obj (.kernelBSS)

.bss       0    08001000    00003ada     UNINITIALIZED
                  08001000    000036b0     rtos_heap.obj (.bss:ucHeap)
                  080046b0    00000120     rtsv7R4_T_be_v3D16_eabi.lib : trgmsg.obj (.bss:_CIOBUF_)
                  080047d0    000000fc     (.common:buffer)
                  080048cc    000000a0     (.common:__TI_tmpnams)
                  0800496c    00000078     spi.obj (.bss:g_spiPacket_t)
                  080049e4    00000028     sci.obj (.bss:g_sciTransfer_t)
                  08004a0c    00000028     (.common:TG3_RX)
                  08004a34    00000024     sfu_cmds.obj (.bss:event$1)
                  08004a58    00000020     (.common:dummyBytes_16)
                  08004a78    0000000c     (.common:state_persistent_data)
                  08004a84    00000008     rtos_heap.obj (.bss:xStart)
                  08004a8c    00000008     (.common:parmbuf)
                  08004a94    00000004     (.common:TG0_IS_Complete)
                  08004a98    00000004     (.common:TG1_IS_Complete)
                  08004a9c    00000004     (.common:TG1_RX)
                  08004aa0    00000004     (.common:TG2_IS_Complete)
                  08004aa4    00000004     (.common:TG3_IS_Complete)
                  08004aa8    00000004     (.common:addressWritten)
                  08004aac    00000004     (.common:epochOffset)
                  08004ab0    00000004     (.common:lastRead)
                  08004ab4    00000004     (.common:rtc_spiConfig)
                  08004ab8    00000004     (.common:spiDataConfig)
                  08004abc    00000004     (.common:xFlashMutex)
                  08004ac0    00000004     (.common:xQueue)
                  08004ac4    00000004     (.common:xRTCMutex)
                  08004ac8    00000004     (.common:xRadioRXQueue)
                  08004acc    00000004     (.common:xRadioTXQueue)
                  08004ad0    00000004     (.common:xSerialRXQueue)
                  08004ad4    00000004     (.common:xSerialTXQueue)
                  08004ad8    00000001     (.common:cur_state)
                  08004ad9    00000001     (.common:startData)

.sysmem    0    08004ae0    00000800     UNINITIALIZED
                  08004ae0    00000008     rtsv7R4_T_be_v3D16_eabi.lib : memory.obj (.sysmem)
                  08004ae8    000007f8     --HOLE--

.data      0    080052e0    000005b5     UNINITIALIZED
                  080052e0    00000220     sfu_scheduler.obj (.data:schedule)
                  08005500    000000f0     sfu_cmds.obj (.data:CMD_DBG_STRINGS)
                  080055f0    000000f0     rtsv7R4_T_be_v3D16_eabi.lib : defs.obj (.data:_ftable)
                  080056e0    00000078                                 : write.obj (.data:_device)
                  08005758    00000050                                 : write.obj (.data:_stream)
                  080057a8    00000020     sfu_startup.obj (.data:STARTUP_STRING)
                  080057c8    00000020     sfu_task_main.obj (.data)
                  080057e8    00000018     sfu_cmds.obj (.data:CMD_NAMES)
                  08005800    00000018     sfu_cmds.obj (.data:testCMD)
                  08005818    00000014     sfu_cmds.obj (.data:testSCHED)
                  0800582c    00000010     rtos_heap.obj (.data)
                  0800583c    00000010     rtsv7R4_T_be_v3D16_eabi.lib : defs.obj (.data)
                  0800584c    00000010     sfu_state.obj (.data:stateNameString)
                  0800585c    0000000c     rtsv7R4_T_be_v3D16_eabi.lib : exit.obj (.data:$O1$$)
                  08005868    0000000c                                 : memory.obj (.data:$O1$$)
                  08005874    00000008                                 : _lock.obj (.data:$O1$$)
                  0800587c    00000008     sfu_rtc.obj (.data)
                  08005884    00000004     rtsv7R4_T_be_v3D16_eabi.lib : errno.obj (.data)
                  08005888    00000004                                 : fopen.obj (.data)
                  0800588c    00000004                                 : open.obj (.data)
                  08005890    00000004                                 : strtok.obj (.data)
                  08005894    00000001     sfu_uart.obj (.data)

MODULE SUMMARY

       Module                     code    ro data   rw data
       ------                     ----    -------   -------
    ./SFUsat/
       sfu_cmds.obj               2500    238       596    
       flash_mibspi.obj           2820    108       104    
       sfu_scheduler.obj          1600    24        544    
       sfu_rtc.obj                2052    48        20     
       sfu_tasks.obj              2032    32        12     
       sfu_state.obj              1104    100       29     
       sfu_task_radio.obj         1144    12        8      
       sfu_task_main.obj          692     60        32     
       sfu_startup.obj            344     148       33     
       sfu_utils.obj              472     0         0      
       sfu_uart.obj               448     0         1      
       sfu_triumf.obj             96      0         0      
       sfu_spi.obj                0       0         4      
    +--+--------------------------+-------+---------+---------+
       Total:                     15304   770       1383   
                                                           
    ./SFUsat/unit_tests/
       test_flash.obj             1056    87        0      
       test_adc.obj               116     0         0      
    +--+--------------------------+-------+---------+---------+
       Total:                     1172    87        0      
                                                           
    ./source/
       rtos_heap.obj              1576    4         14024  
       rtos_task.obj              13660   0         288    
       sys_selftest.obj           11280   0         0      
       rtos_queue.obj             5220    0         0      
       sys_vim.obj                3364    512       0      
       spi.obj                    3032    0         120    
       mibspi.obj                 3032    0         0      
       adc.obj                    2880    48        0      
       rtos_mpu_wrappers.obj      2836    0         0      
       system.obj                 2724    0         0      
       sci.obj                    2476    0         40     
       pinmux.obj                 2236    0         0      
       rtos_event_groups.obj      2140    0         0      
       esm.obj                    1772    0         0      
       rtos_port.obj              1392    0         8      
       gio.obj                    1156    0         0      
       rtos_portasm.obj           944     0         0      
       sys_core.obj               844     0         0      
       rtos_list.obj              568     0         0      
       sys_startup.obj            448     0         0      
       sys_main.obj               428     0         0      
       notification.obj           260     0         0      
       dabort.obj                 232     0         0      
       sys_pmu.obj                224     0         0      
       sys_intvecs.obj            32      0         0      
       sys_phantom.obj            4       0         0      
    +--+--------------------------+-------+---------+---------+
       Total:                     64760   564       14480  
                                                           
    /Applications/ti/ccsv7/tools/compiler/ti-cgt-arm_16.9.4.LTS/lib/rtsv7R4_T_be_v3D16_eabi.lib
       _printfi.obj               4218    0         0      
       memory.obj                 984     0         12     
       ull_div32.obj              696     0         0      
       fopen.obj                  456     0         4      
       defs.obj                   0       0         416    
       trgmsg.obj                 108     0         288    
       fputs.obj                  312     0         0      
       strtol.obj                 304     0         0      
       ctype.obj                  0       257       0      
       s_scalbn.obj               244     0         0      
       write.obj                  40      0         200    
       s_floor.obj                224     0         0      
       setvbuf.obj                220     0         0      
       fflush.obj                 204     0         0      
       open.obj                   188     0         4      
       _io_perm.obj               174     0         0      
       memcpy_t2.obj              156     0         0      
       fclose.obj                 152     0         0      
       snprintf.obj               148     0         0      
       memset_t2.obj              122     0         0      
       getdevice.obj              116     0         0      
       s_frexp.obj                116     0         0      
       autoinit.obj               112     0         0      
       copy_decompress_lzss.obj   108     0         0      
       hostrename.obj             108     0         0      
       hostlseek.obj              104     0         0      
       fseek.obj                  100     0         0      
       hostopen.obj               92      0         8      
       sprintf.obj                100     0         0      
       exit.obj                   80      0         12     
       hostread.obj               92      0         0      
       close.obj                  88      0         0      
       hostwrite.obj              88      0         0      
       i_div32.obj                84      0         0      
       ltoa.obj                   84      0         0      
       atoi.obj                   80      0         0      
       u_div32.obj                80      0         0      
       cpy_tbl.obj                76      0         0      
       hostclose.obj              68      0         0      
       hostunlink.obj             68      0         0      
       strtok.obj                 64      0         4      
       strncpy.obj                54      0         0      
       assert.obj                 44      0         0      
       unlink.obj                 44      0         0      
       strspn.obj                 42      0         0      
       lseek.obj                  40      0         0      
       strcspn.obj                34      0         0      
       memchr.obj                 32      0         0      
       _lock.obj                  20      0         8      
       memccpy.obj                28      0         0      
       s_copysign.obj             24      0         0      
       strcmp.obj                 24      0         0      
       strchr.obj                 22      0         0      
       strlen.obj                 22      0         0      
       strcpy.obj                 20      0         0      
       copy_decompress_none.obj   14      0         0      
       copy_zero_init.obj         12      0         0      
       errno.obj                  0       0         4      
       i_div0.obj                 2       0         0      
       startup.obj                2       0         0      
    +--+--------------------------+-------+---------+---------+
       Total:                     11338   257       960    
                                                           
       Heap:                      0       0         2048   
       Linker Generated:          0       301       0      
    +--+--------------------------+-------+---------+---------+
       Grand Total:               92574   1979      18871  


LINKER GENERATED COPY TABLES

__TI_cinit_table @ 00005d50 records: 3, size/record: 8, table size: 24
	.data: load addr=00005c38, load size=000000f4 bytes, run addr=080052e0, run size=000005b5 bytes, compression=lzss
	.kernelBSS: load addr=00005d2c, load size=0000000d bytes, run addr=08000800, run size=00000128 bytes, compression=lzss
	.bss: load addr=00005d48, load size=00000008 bytes, run addr=08001000, run size=00003ada bytes, compression=zero_init


LINKER GENERATED HANDLER TABLE

__TI_handler_table @ 00005d3c records: 3, size/record: 4, table size: 12
	index: 0, handler: __TI_decompress_lzss
	index: 1, handler: __TI_decompress_none
	index: 2, handler: __TI_zero_init


GLOBAL SYMBOLS: SORTED ALPHABETICALLY BY Name 

address   name                                
-------   ----                                
000189d1  C$$EXIT                             
00018553  C$$IO$$                             
08005500  CMD_DBG_STRINGS                     
0001938c  CMD_FUNCS                           
080057e8  CMD_NAMES                           
00018abd  HOSTclose                           
0001858d  HOSTlseek                           
0001871d  HOSTopen                            
00018779  HOSTread                            
000184b5  HOSTrename                          
00018b01  HOSTunlink                          
0001882d  HOSTwrite                           
0000cba0  MPU_pcTaskGetName                   
0000d158  MPU_pvPortMalloc                    
0000ce24  MPU_ulTaskNotifyTake                
0000cf80  MPU_uxQueueMessagesWaiting          
0000cfb4  MPU_uxQueueSpacesAvailable          
0000cb74  MPU_uxTaskGetNumberOfTasks          
0000ccac  MPU_uxTaskGetStackHighWaterMark     
0000cc60  MPU_uxTaskGetSystemState            
0000c9ec  MPU_uxTaskPriorityGet               
0000d36c  MPU_vEventGroupDelete               
0000d18c  MPU_vPortFree                       
0000d1b8  MPU_vPortInitialiseBlocks           
0000d12c  MPU_vQueueDelete                    
0000c92c  MPU_vTaskAllocateMPURegions         
0000c9c0  MPU_vTaskDelay                      
0000c98c  MPU_vTaskDelayUntil                 
0000c960  MPU_vTaskDelete                     
0000ca54  MPU_vTaskGetInfo                    
0000cc34  MPU_vTaskGetRunTimeStats            
0000cc08  MPU_vTaskList                       
0000ca20  MPU_vTaskPrioritySet                
0000cacc  MPU_vTaskResume                     
0000cd0c  MPU_vTaskSetTimeOutState            
0000caa0  MPU_vTaskSuspend                    
0000caf8  MPU_vTaskSuspendAll                 
0000d290  MPU_xEventGroupClearBits            
0000d208  MPU_xEventGroupCreate               
0000d2d4  MPU_xEventGroupSetBits              
0000d318  MPU_xEventGroupSync                 
0000d234  MPU_xEventGroupWaitBits             
0000d1dc  MPU_xPortGetFreeHeapSize            
0000d080  MPU_xQueueCreateMutex               
0000ce9c  MPU_xQueueGenericCreate             
0000cfe8  MPU_xQueueGenericReceive            
0000cee8  MPU_xQueueGenericReset              
0000cf2c  MPU_xQueueGenericSend               
0000d0f8  MPU_xQueueGiveMutexRecursive        
0000d03c  MPU_xQueuePeekFromISR               
0000d0b4  MPU_xQueueTakeMutexRecursive        
0000cd38  MPU_xTaskCheckForTimeOut            
0000c8c8  MPU_xTaskCreate                     
0000c884  MPU_xTaskCreateRestricted           
0000cd7c  MPU_xTaskGenericNotify              
0000cbd4  MPU_xTaskGetHandle                  
0000cce0  MPU_xTaskGetSchedulerState          
0000cb48  MPU_xTaskGetTickCount               
0000ce68  MPU_xTaskNotifyStateClear           
0000cdd0  MPU_xTaskNotifyWait                 
0000cb1c  MPU_xTaskResumeAll                  
UNDEFED   SHT$$INIT_ARRAY$$Base               
UNDEFED   SHT$$INIT_ARRAY$$Limit              
00019404  STATE_TABLE                         
0000c53c  SpiRxStatus                         
0000c4b0  SpiTxStatus                         
08004a94  TG0_IS_Complete                     
08004a98  TG1_IS_Complete                     
08004a9c  TG1_RX                              
08004aa0  TG2_IS_Complete                     
08004aa4  TG3_IS_Complete                     
08004a0c  TG3_RX                              
00019288  TRANSITION_TABLE                    
080046b0  __CIOBUF_                           
00000800  __SYSMEM_SIZE                       
00005d50  __TI_CINIT_Base                     
00005d68  __TI_CINIT_Limit                    
00005d3c  __TI_Handler_Table_Base             
00005d48  __TI_Handler_Table_Limit            
0001584c  __TI_PINIT_Base                     
00015850  __TI_PINIT_Limit                    
000183d9  __TI_auto_init                      
00016a07  __TI_cleanup                        
0800585c  __TI_cleanup_ptr                    
000180d5  __TI_closefile                      
00018449  __TI_decompress_lzss                
00018d75  __TI_decompress_none                
00017e01  __TI_doflush                        
08005860  __TI_dtors_ptr                      
08005864  __TI_enable_exit_profile_output     
0800583c  __TI_ft_end                         
ffffffff  __TI_pprof_out_hndl                 
0000b3f5  __TI_printfi                        
ffffffff  __TI_prof_data_size                 
ffffffff  __TI_prof_data_start                
00017fed  __TI_rd_ok                          
00018557  __TI_readmsg                        
00000000  __TI_static_base__                  
080048cc  __TI_tmpnams                        
00018521  __TI_writemsg                       
00017f89  __TI_wrt_ok                         
00018d83  __TI_zero_init                      
000188d8  __aeabi_idiv                        
0000bcab  __aeabi_idiv0                       
000188d8  __aeabi_idivmod                     
00018201  __aeabi_memclr                      
00018201  __aeabi_memclr4                     
00018201  __aeabi_memclr8                     
00018037  __aeabi_memcpy                      
00018037  __aeabi_memcpy4                     
00018037  __aeabi_memcpy8                     
00018203  __aeabi_memset                      
00018203  __aeabi_memset4                     
00018203  __aeabi_memset8                     
08005848  __aeabi_stderr                      
08005840  __aeabi_stdin                       
08005844  __aeabi_stdout                      
00018a20  __aeabi_uidiv                       
00018a20  __aeabi_uidivmod                    
00015b20  __aeabi_uldivmod                    
ffffffff  __binit__                           
ffffffff  __c_args__                          
00010ff8  __unused                            
00018bbf  _abort_msg                          
00018bd5  _assert                             
00016b04  _c_int00                            
00015764  _coreClearAuxiliaryDataFault_       
00015778  _coreClearAuxiliaryInstructionFault_
0001573c  _coreClearDataFaultAddress_         
00015714  _coreClearDataFault_                
00015750  _coreClearInstructionFaultAddress_  
00015728  _coreClearInstructionFault_         
000156a8  _coreDisableEventBusExport_         
000156ec  _coreDisableFlashEcc_               
000156c8  _coreDisableRamEcc_                 
00015698  _coreEnableEventBusExport_          
000156d8  _coreEnableFlashEcc_                
000156fc  _coreEnableIrqVicOffset_            
000156b8  _coreEnableRamEcc_                  
00015680  _coreEnableVfp_                     
0001575c  _coreGetAuxiliaryDataFault_         
00015770  _coreGetAuxiliaryInstructionFault_  
00015734  _coreGetDataFaultAddress_           
0001570c  _coreGetDataFault_                  
00015748  _coreGetInstructionFaultAddress_    
00015720  _coreGetInstructionFault_           
00015508  _coreInitRegisters_                 
00015614  _coreInitStackPointer_              
00018f94  _ctypes_                            
000179b0  _dabort                             
080056e0  _device                             
0001578c  _disable_FIQ_interrupt_             
00015794  _disable_IRQ_interrupt_             
00015784  _disable_interrupt_                 
0001579c  _enable_interrupt_                  
0001582c  _errata_CORTEXR4_57_                
0001583c  _errata_CORTEXR4_66_                
000157a4  _esmCcmErrorsClear_                 
080055f0  _ftable                             
00015660  _getCPSRValue_                      
00015668  _gotoCPUIdle_                       
08005874  _lock                               
00018bbd  _nassert                            
00018d5b  _nop                                
00017bd4  _pmuDisableCountersGlobal_          
00017bc4  _pmuEnableCountersGlobal_           
00017c30  _pmuGetCycleCount_                  
00017c38  _pmuGetEventCount_                  
00017c44  _pmuGetOverflow_                    
00017b78  _pmuInit_                           
00017c04  _pmuResetCounters_                  
00017be4  _pmuResetCycleCounter_              
00017bf4  _pmuResetEventCounters_             
00017c24  _pmuSetCountEvent_                  
00017c14  _pmuStartCounters_                  
00017c1c  _pmuStopCounters_                   
00018d53  _register_lock                      
00018d4d  _register_unlock                    
08005758  _stream                             
08004ae0  _sys_memory                         
000180d3  _system_post_cinit                  
08005878  _unlock                             
000189d5  abort                               
0000f224  adc1GetConfigValue                  
00018884  adc1Group1Interrupt                 
0000926c  adc1ParityCheck                     
00009358  adc2ParityCheck                     
0000ee00  adcCalibration                      
0000f1c4  adcDisableNotification              
0000f174  adcEnableNotification               
0000ebd8  adcGetData                          
0000f20c  adcGetEVTPin                        
0000e9a8  adcInit                             
0000edd0  adcIsConversionComplete             
0000eda0  adcIsFifoFull                       
0000efd8  adcMidPointCalibration              
00017720  adcNotification                     
0000ebb0  adcResetFiFo                        
0000f1ec  adcSetEVTPin                        
0000eb04  adcStartConversion                  
0000eb88  adcStopConversion                   
0001356c  addEvent                            
000133ac  addEventFromScheduledCommand        
08004aa8  addressWritten                      
00018981  atoi                                
ffffffff  binit                               
00012414  blinky                              
080047d0  buffer                              
00016764  busyWait                            
000154d7  calloc                              
00009410  can1ParityCheck                     
000094e8  can2ParityCheck                     
000095b0  can3ParityCheck                     
00008030  ccmSelfCheck                        
0000a638  ccmr4GetConfigValue                 
00014f20  check16                             
00011014  checkAndRunCommand                  
00011064  checkAndRunCommandStr               
00014fa4  checkArbitrary                      
00008938  checkB0RAMECC                       
00008b28  checkB1RAMECC                       
00009c18  checkClockMonitor                   
00008d18  checkFlashECC                       
00009cf4  checkFlashEEPROMECC                 
00009e8c  checkPLL1Slip                       
00009f94  checkRAMAddrParity                  
000099d0  checkRAMECC                         
0000a09c  checkRAMUERRTest                    
000087bc  checkefcSelfTest                    
000187d5  close                               
00010af4  cmdExec                             
000109c4  cmdGet                              
00010990  cmdHelp                             
00010d58  cmdSched                            
00010eec  cmdState                            
00010b24  cmdTask                             
0001714c  configureTimerForRunTimeStats       
0000e2ec  construct_send_packet_16            
0000dfc8  construct_send_packet_6             
00011e24  convertBCD                          
00018a71  copy_in                             
00018cef  copysign                            
00018cef  copysignl                           
00008234  cpuSelfTest                         
00008dfc  cpuSelfTestFail                     
00019234  cumulativeSecondsInMonth            
08004ad8  cur_state                           
08005894  currChar                            
00008df4  custom_dabort                       
0000aaa8  disableParity                       
000177a8  dmaGroupANotification               
00008eac  dmaParityCheck                      
00014954  doStateLowPower                     
00014914  doStateReady                        
000148c0  doStateSafe                         
000149e4  do_LOWPOWER_to_READY                
000149d4  do_LOWPOWER_to_SAFE                 
000149c4  do_READY_to_LOWPOWER                
000149b4  do_READY_to_SAFE                    
000149a4  do_SAFE_to_LOWPOWER                 
00014994  do_SAFE_to_READY                    
08004a58  dummyBytes_16                       
00000878  eTaskGetState                       
00008660  efcCheck                            
0000a5a0  efcGetConfigValue                   
00008794  efcSelfTest                         
000086e8  efcStuckZeroTest                    
0000aa20  enableParity                        
08004aac  epochOffset                         
0000a6b4  errata_PBIST_4                      
08005884  errno                               
00013b78  esmActivateNormalOperation          
00013c5c  esmClearStatus                      
00013ca0  esmClearStatusBuffer                
00013b3c  esmDisableError                     
00013bb4  esmDisableInterrupt                 
00013b10  esmEnableError                      
00013b88  esmEnableInterrupt                  
00013d98  esmEnterSelfTest                    
00013af4  esmError                            
00013e70  esmGetConfigValue                   
00013cdc  esmGetStatus                        
00013d60  esmGetStatusBuffer                  
000176b8  esmGroup1Notification               
000176c8  esmGroup2Notification               
000175a4  esmHighInterrupt                    
000139ec  esmInit                             
00013e20  esmSelfTestStatus                   
00013cbc  esmSetCounterPreloadValue           
00013be0  esmSetInterruptLevel                
00013b68  esmTriggerErrorPinReset             
000189dd  exit                                
0001813b  fclose                              
00017e4d  fflush                              
0001827d  finddevice                          
0000df24  flash_busy_erasing_chip             
0000df08  flash_erase_chip                    
0000e6f4  flash_mibspi_init                   
0000e098  flash_read_16                       
0000e11c  flash_read_16_rtos                  
0000e4e8  flash_read_arbitrary                
0000df88  flash_set_burst_64                  
0000e2c4  flash_status                        
0000e5b4  flash_test_JEDEC                    
0000e1d0  flash_write_16_rtos                 
0000e3b8  flash_write_arbitrary               
0000dfb8  flash_write_enable                  
00017a99  floor                               
00017a99  floorl                              
0000a208  fmcBus1ParityCheck                  
0000885c  fmcBus2Check                        
00008898  fmcECCcheck                         
00016a5d  fopen                               
0001733d  fputs                               
00015219  free                                
00016a33  freopen                             
000182f1  frexp                               
000182f1  frexpl                              
000185f5  fseek                               
00013744  getAction                           
00011f58  getCurrentRTCTime                   
00011c10  getCurrentTime                      
0000e62c  getEmptySector                      
00011df4  getEpochOffset                      
0001713c  getRunTimeCounterValue              
000182ab  getdevice                           
00014224  gioDisableNotification              
000141bc  gioEnableNotification               
00014124  gioGetBit                           
0001428c  gioGetConfigValue                   
0001414c  gioGetPort                          
00013fc4  gioInit                             
00017734  gioNotification                     
000140b4  gioSetBit                           
00014094  gioSetDirection                     
00014104  gioSetPort                          
00014164  gioToggleBit                        
00008f58  het1ParityCheck                     
000090c0  het2ParityCheck                     
08005880  het_epoch_time                      
00009004  htu1ParityCheck                     
000091bc  htu2ParityCheck                     
00014748  initRadio                           
00018364  init_adc_test                       
000167a8  itoa2                               
08004ab0  lastRead                            
000178bd  ldexp                               
000178bd  ldexpl                              
00018c41  lseek                               
0001892d  ltoa                                
0001705c  main                                
000151af  malloc                              
0000f5c0  mapClocks                           
000153e5  memalign                            
00018cd3  memccpy                             
00018cb3  memchr                              
00018037  memcpy                              
00008174  memoryInit                          
000176d8  memoryPort0TestFailNotification     
000176f4  memoryPort1TestFailNotification     
00018209  memset                              
0000db28  mibspi1GetConfigValue               
00017d34  mibspi1HighLevelInterrupt           
00009684  mibspi1ParityCheck                  
0000978c  mibspi3ParityCheck                  
000098b0  mibspi5ParityCheck                  
0000daf4  mibspiDisableGroupNotification      
0000da00  mibspiDisableLoopback               
0000da6c  mibspiEnableGroupNotification       
0000d9cc  mibspiEnableLoopback                
0000d7e4  mibspiGetData                       
0000e8e8  mibspiGroupNotification             
0000d398  mibspiInit                          
0000d960  mibspiIsTransferComplete            
00017748  mibspiNotification                  
0000da1c  mibspiPmodeSet                      
0000d6d8  mibspiSetData                       
0000d6b8  mibspiSetFunctional                 
0000d930  mibspiTransfer                      
0000e810  mibspi_receive                      
0000e77c  mibspi_send                         
0000dea4  mibspi_write_byte                   
0000dedc  mibspi_write_two                    
00015131  minit                               
00011354  muxInit                             
00012090  no_rtos_test_getCurrentRTCTime      
00017ecd  open                                
08004a8c  parmbuf                             
0000a32c  pbistFail                           
0000a3ac  pbistGetConfigValue                 
000085a8  pbistIsTestCompleted                
000085d4  pbistIsTestPassed                   
00008608  pbistPortTestStatus                 
000084ac  pbistRun                            
000082cc  pbistSelfCheck                      
00008578  pbistStop                           
000012c4  pcTaskGetName                       
00012928  periodicSenderTask                  
0000f56c  periphInit                          
00018d90  phantomInterrupt                    
000117f0  pinmuxGetConfigValue                
00014b64  printPrevState                      
000171f4  printStartupType                    
00014af4  printStateInfo                      
00005880  prvMpuDisable                       
00005868  prvMpuEnable                        
00005850  prvMpuSetRegion                     
0001744d  puts                                
000058a8  pvPortMalloc                        
00002bbc  pvTaskIncrementMutexHeldCount       
080008e4  pxCurrentTCB                        
0000513c  pxPortInitialiseStack               
000147b0  radioCmd                            
00014744  readAllRegisters                    
00014524  readExtendedRegister                
0001449c  readRegister                        
000152db  realloc                             
00018be9  remove                              
000136b4  removeEventIdx                      
00000000  resetEntry                          
00012330  rtcGetBit                           
00011c3c  rtcInit                             
00012290  rtcReadRegister                     
00011cf4  rtcReset                            
00011d08  rtcResetTime                        
0001236c  rtcSetBit                           
000122d4  rtcTransmitAndReceive               
00012198  rtcWriteRegister                    
0800587c  rtc_epoch_time                      
00011f14  rtc_get_day                         
00011ed0  rtc_get_hours                       
00011ebc  rtc_get_minutes                     
00011ee4  rtc_get_month                       
00011ea8  rtc_get_seconds                     
00011d64  rtc_get_startup_status              
00011f44  rtc_get_year                        
08004ab4  rtc_spiConfig                       
00017710  rtiNotification                     
000149f4  runState                            
0000e220  rw16_test                           
000178bd  scalbn                              
000178bd  scalbnl                             
080052e0  schedule                            
000130cc  sciDisableLoopback                  
00013158  sciDisableNotification              
00013098  sciEnableLoopback                   
000130f0  sciEnableNotification               
000131c0  sciEnterResetState                  
000131e0  sciExitResetState                   
00013200  sciGetConfigValue                   
00016560  sciHighLevelInterrupt               
00012c04  sciInit                             
00012f48  sciIsIdleDetected                   
00012f2c  sciIsRxReady                        
00012dac  sciIsTxReady                        
00016e10  sciNotification                     
00012fc0  sciReceive                          
00012f94  sciReceiveByte                      
00012f64  sciRxError                          
00012df8  sciSend                             
00012dc8  sciSendByte                         
00012d10  sciSetBaudrate                      
00012cf0  sciSetFunctional                    
00008020  selftestFailNotification            
00016cc4  serialInit                          
00016d98  serialSend                          
00016d6c  serialSendCh                        
00016ce0  serialSendQ                         
00016d18  serialSendQFromISR                  
00016dcc  serialSendln                        
00011e00  setEpochOffset                      
00014bb8  setStateManual                      
00014ad4  setStateRTOS_mode                   
0000f52c  setupFlash                          
0000f494  setupPLL                            
00017c59  setvbuf                             
00013880  shift                               
000137c8  showActiveEvents                    
000168d4  simpleWatchdog                      
0001816d  snprintf                            
0000c674  spi4GetConfigValue                  
08004ab8  spiDataConfig                       
0000c5fc  spiDisableLoopback                  
0000c648  spiDisableNotification              
0000c5c8  spiEnableLoopback                   
0000c618  spiEnableNotification               
00017798  spiEndNotification                  
0000bf18  spiGetData                          
0000bcac  spiInit                             
00017784  spiNotification                     
0000bdfc  spiReceiveData                      
0000c370  spiSendAndGetData                   
0000c13c  spiSendData                         
0000bddc  spiSetFunctional                    
0000c234  spiTransmitAndReceiveData           
0000c010  spiTransmitData                     
00018659  sprintf                             
0000fd44  sramGetConfigValue                  
08004ad9  startData                           
00017210  startupCheck                        
000171e4  startupInit                         
00014c48  stateCheckEnterSafe                 
00014c10  stateCheckPowerGood                 
00014a88  stateMachineInit                    
08004a78  state_persistent_data               
0000a4f8  stcGetConfigValue                   
000081b8  stcSelfCheck                        
00008df8  stcSelfCheckFail                    
00018d1f  strchr                              
00018d07  strcmp                              
00018d61  strcpy                              
00018c91  strcspn                             
00018d35  strlen                              
00018b85  strncpy                             
000145b0  strobe                              
00018c15  strspn                              
00018b45  strtok                              
00017475  strtol                              
0000f7bc  systemGetConfigValue                
0000f6c0  systemInit                          
0000f78c  systemPowerDown                     
0000fb98  tcmflashGetConfigValue              
00011c28  tempAddSecondToHET                  
08005800  testCMD                             
08005818  testSCHED                           
00018370  test_adc                            
00014d10  test_flash                          
0000f4e4  trimLPO                             
000186bc  triumf_init                         
000044b4  ucQueueGetQueueType                 
08000920  ulCriticalNesting                   
0000578c  ulPortCountLeadingZeros             
08000924  ulTaskHasFPUContext                 
00002bf0  ulTaskNotifyTake                    
00018be9  unlink                              
000050fc  uxEventGroupGetNumber               
000164d4  uxListRemove                        
0000447c  uxQueueGetQueueNumber               
00004398  uxQueueMessagesWaiting              
0000441c  uxQueueMessagesWaitingFromISR       
000043d0  uxQueueSpacesAvailable              
000012b8  uxTaskGetNumberOfTasks              
000023d0  uxTaskGetStackHighWaterMark         
000015a8  uxTaskGetSystemState                
00001f1c  uxTaskGetTaskNumber                 
0000097c  uxTaskPriorityGet                   
000009c0  uxTaskPriorityGetFromISR            
00002b80  uxTaskResetEventItemValue           
00012644  vADCRead                            
00017038  vApplicationStackOverflowHook       
00005074  vEventGroupClearBitsCallback        
00004fd4  vEventGroupDelete                   
00005058  vEventGroupSetBitsCallback          
00012444  vFlashRead                          
00012518  vFlashRead2                         
000125b8  vFlashWrite                         
00016328  vListInitialise                     
00016380  vListInitialiseItem                 
00016410  vListInsert                         
0001639c  vListInsertEnd                      
00015dd8  vMainTask                           
00012aa4  vMonitorTask                        
000054c4  vPortEndScheduler                   
00005b18  vPortFree                           
00005c18  vPortInitialiseBlocks               
000056cc  vPortPreemptiveTick                 
00005794  vPortSWI                            
000054fc  vPortStartFirstTask                 
0000522c  vPortStoreTaskMPUSettings           
00005618  vPortYeildWithinAPI                 
0000556c  vPortYieldProcessor                 
0000444c  vQueueDelete                        
00004494  vQueueSetQueueNumber                
00014448  vRadioTask                          
000129fc  vReceiverTask                       
000129b8  vSenderTask                         
0001291c  vSerialSenderTask                   
000126d0  vSerialTask                         
000126a4  vStateTask                          
00001f90  vTaskAllocateMPURegions             
000007f4  vTaskDelay                          
00000688  vTaskDelayUntil                     
00000520  vTaskDelete                         
00001094  vTaskEndScheduler                   
00002120  vTaskGetInfo                        
00002a08  vTaskGetRunTimeStats                
00002850  vTaskList                           
00001f0c  vTaskMissedYield                    
000031e4  vTaskNotifyGiveFromISR              
00001b08  vTaskPlaceOnEventList               
00001b4c  vTaskPlaceOnUnorderedEventList      
00002504  vTaskPriorityInherit                
00000a08  vTaskPrioritySet                    
00000e2c  vTaskResume                         
00001f5c  vTaskSetTaskNumber                  
00001dc4  vTaskSetTimeOutState                
00000ff8  vTaskStartScheduler                 
00000c24  vTaskSuspend                        
000010b0  vTaskSuspendAll                     
0000194c  vTaskSwitchContext                  
00012a68  vTickleTask                         
0001000c  vimChannelMap                       
00010278  vimDisableInterrupt                 
000100b0  vimEnableInterrupt                  
00010324  vimGetConfigValue                   
0000ff38  vimInit                             
00008e00  vimParityCheck                      
00015854  vimParityErrorHandler               
00016904  watchdog_busywait                   
00018c69  write                               
000146a4  writeExtendedRegister               
0001461c  writeRegister                       
080057d8  xADCTaskHandle                      
080057d4  xBlinkyTaskHandle                   
00004d70  xEventGroupClearBits                
000048e0  xEventGroupCreate                   
00004df4  xEventGroupGetBitsFromISR           
00004e24  xEventGroupSetBits                  
0000491c  xEventGroupSync                     
00004b1c  xEventGroupWaitBits                 
08004abc  xFlashMutex                         
080057e0  xFlashReadHandle                    
080057e4  xFlashWriteHandle                   
0001608c  xPortGetFreeHeapSize                
00016098  xPortGetMinimumEverFreeHeapSize     
000054a0  xPortStartScheduler                 
08004ac0  xQueue                              
00003720  xQueueCreateMutex                   
000035a4  xQueueGenericCreate                 
00003e44  xQueueGenericReceive                
0000347c  xQueueGenericReset                  
00003888  xQueueGenericSend                   
00003b48  xQueueGenericSendFromISR            
00003cd8  xQueueGiveFromISR                   
00003764  xQueueGiveMutexRecursive            
00004804  xQueueIsQueueEmptyFromISR           
00004890  xQueueIsQueueFullFromISR            
000042a4  xQueuePeekFromISR                   
0000415c  xQueueReceiveFromISR                
000037ec  xQueueTakeMutexRecursive            
08004ac4  xRTCMutex                           
08004ac8  xRadioRXQueue                       
08004acc  xRadioTXQueue                       
080057cc  xRadioTaskHandle                    
08004ad0  xSerialRXQueue                      
08004ad4  xSerialTXQueue                      
080057c8  xSerialTaskHandle                   
080057dc  xStateTaskHandle                    
00001e04  xTaskCheckForTimeOut                
000000fc  xTaskCreate                         
00000020  xTaskCreateRestricted               
00002e08  xTaskGenericNotify                  
00002fe4  xTaskGenericNotifyFromISR           
00002498  xTaskGetCurrentTaskHandle           
00001494  xTaskGetHandle                      
000024b4  xTaskGetSchedulerState              
00001278  xTaskGetTickCount                   
00001294  xTaskGetTickCountFromISR            
00001724  xTaskIncrementTick                  
00017844  xTaskNotifyStateClear               
00002cd8  xTaskNotifyWait                     
00002664  xTaskPriorityDisinherit             
00001bd0  xTaskRemoveFromEventList            
00001cbc  xTaskRemoveFromUnorderedEventList   
000010c4  xTaskResumeAll                      
00000f10  xTaskResumeFromISR                  
080057d0  xTickleTaskHandle                   


GLOBAL SYMBOLS: SORTED BY Symbol Address 

address   name                                
-------   ----                                
00000000  __TI_static_base__                  
00000000  resetEntry                          
00000020  xTaskCreateRestricted               
000000fc  xTaskCreate                         
00000520  vTaskDelete                         
00000688  vTaskDelayUntil                     
000007f4  vTaskDelay                          
00000800  __SYSMEM_SIZE                       
00000878  eTaskGetState                       
0000097c  uxTaskPriorityGet                   
000009c0  uxTaskPriorityGetFromISR            
00000a08  vTaskPrioritySet                    
00000c24  vTaskSuspend                        
00000e2c  vTaskResume                         
00000f10  xTaskResumeFromISR                  
00000ff8  vTaskStartScheduler                 
00001094  vTaskEndScheduler                   
000010b0  vTaskSuspendAll                     
000010c4  xTaskResumeAll                      
00001278  xTaskGetTickCount                   
00001294  xTaskGetTickCountFromISR            
000012b8  uxTaskGetNumberOfTasks              
000012c4  pcTaskGetName                       
00001494  xTaskGetHandle                      
000015a8  uxTaskGetSystemState                
00001724  xTaskIncrementTick                  
0000194c  vTaskSwitchContext                  
00001b08  vTaskPlaceOnEventList               
00001b4c  vTaskPlaceOnUnorderedEventList      
00001bd0  xTaskRemoveFromEventList            
00001cbc  xTaskRemoveFromUnorderedEventList   
00001dc4  vTaskSetTimeOutState                
00001e04  xTaskCheckForTimeOut                
00001f0c  vTaskMissedYield                    
00001f1c  uxTaskGetTaskNumber                 
00001f5c  vTaskSetTaskNumber                  
00001f90  vTaskAllocateMPURegions             
00002120  vTaskGetInfo                        
000023d0  uxTaskGetStackHighWaterMark         
00002498  xTaskGetCurrentTaskHandle           
000024b4  xTaskGetSchedulerState              
00002504  vTaskPriorityInherit                
00002664  xTaskPriorityDisinherit             
00002850  vTaskList                           
00002a08  vTaskGetRunTimeStats                
00002b80  uxTaskResetEventItemValue           
00002bbc  pvTaskIncrementMutexHeldCount       
00002bf0  ulTaskNotifyTake                    
00002cd8  xTaskNotifyWait                     
00002e08  xTaskGenericNotify                  
00002fe4  xTaskGenericNotifyFromISR           
000031e4  vTaskNotifyGiveFromISR              
0000347c  xQueueGenericReset                  
000035a4  xQueueGenericCreate                 
00003720  xQueueCreateMutex                   
00003764  xQueueGiveMutexRecursive            
000037ec  xQueueTakeMutexRecursive            
00003888  xQueueGenericSend                   
00003b48  xQueueGenericSendFromISR            
00003cd8  xQueueGiveFromISR                   
00003e44  xQueueGenericReceive                
0000415c  xQueueReceiveFromISR                
000042a4  xQueuePeekFromISR                   
00004398  uxQueueMessagesWaiting              
000043d0  uxQueueSpacesAvailable              
0000441c  uxQueueMessagesWaitingFromISR       
0000444c  vQueueDelete                        
0000447c  uxQueueGetQueueNumber               
00004494  vQueueSetQueueNumber                
000044b4  ucQueueGetQueueType                 
00004804  xQueueIsQueueEmptyFromISR           
00004890  xQueueIsQueueFullFromISR            
000048e0  xEventGroupCreate                   
0000491c  xEventGroupSync                     
00004b1c  xEventGroupWaitBits                 
00004d70  xEventGroupClearBits                
00004df4  xEventGroupGetBitsFromISR           
00004e24  xEventGroupSetBits                  
00004fd4  vEventGroupDelete                   
00005058  vEventGroupSetBitsCallback          
00005074  vEventGroupClearBitsCallback        
000050fc  uxEventGroupGetNumber               
0000513c  pxPortInitialiseStack               
0000522c  vPortStoreTaskMPUSettings           
000054a0  xPortStartScheduler                 
000054c4  vPortEndScheduler                   
000054fc  vPortStartFirstTask                 
0000556c  vPortYieldProcessor                 
00005618  vPortYeildWithinAPI                 
000056cc  vPortPreemptiveTick                 
0000578c  ulPortCountLeadingZeros             
00005794  vPortSWI                            
00005850  prvMpuSetRegion                     
00005868  prvMpuEnable                        
00005880  prvMpuDisable                       
000058a8  pvPortMalloc                        
00005b18  vPortFree                           
00005c18  vPortInitialiseBlocks               
00005d3c  __TI_Handler_Table_Base             
00005d48  __TI_Handler_Table_Limit            
00005d50  __TI_CINIT_Base                     
00005d68  __TI_CINIT_Limit                    
00008020  selftestFailNotification            
00008030  ccmSelfCheck                        
00008174  memoryInit                          
000081b8  stcSelfCheck                        
00008234  cpuSelfTest                         
000082cc  pbistSelfCheck                      
000084ac  pbistRun                            
00008578  pbistStop                           
000085a8  pbistIsTestCompleted                
000085d4  pbistIsTestPassed                   
00008608  pbistPortTestStatus                 
00008660  efcCheck                            
000086e8  efcStuckZeroTest                    
00008794  efcSelfTest                         
000087bc  checkefcSelfTest                    
0000885c  fmcBus2Check                        
00008898  fmcECCcheck                         
00008938  checkB0RAMECC                       
00008b28  checkB1RAMECC                       
00008d18  checkFlashECC                       
00008df4  custom_dabort                       
00008df8  stcSelfCheckFail                    
00008dfc  cpuSelfTestFail                     
00008e00  vimParityCheck                      
00008eac  dmaParityCheck                      
00008f58  het1ParityCheck                     
00009004  htu1ParityCheck                     
000090c0  het2ParityCheck                     
000091bc  htu2ParityCheck                     
0000926c  adc1ParityCheck                     
00009358  adc2ParityCheck                     
00009410  can1ParityCheck                     
000094e8  can2ParityCheck                     
000095b0  can3ParityCheck                     
00009684  mibspi1ParityCheck                  
0000978c  mibspi3ParityCheck                  
000098b0  mibspi5ParityCheck                  
000099d0  checkRAMECC                         
00009c18  checkClockMonitor                   
00009cf4  checkFlashEEPROMECC                 
00009e8c  checkPLL1Slip                       
00009f94  checkRAMAddrParity                  
0000a09c  checkRAMUERRTest                    
0000a208  fmcBus1ParityCheck                  
0000a32c  pbistFail                           
0000a3ac  pbistGetConfigValue                 
0000a4f8  stcGetConfigValue                   
0000a5a0  efcGetConfigValue                   
0000a638  ccmr4GetConfigValue                 
0000a6b4  errata_PBIST_4                      
0000aa20  enableParity                        
0000aaa8  disableParity                       
0000b3f5  __TI_printfi                        
0000bcab  __aeabi_idiv0                       
0000bcac  spiInit                             
0000bddc  spiSetFunctional                    
0000bdfc  spiReceiveData                      
0000bf18  spiGetData                          
0000c010  spiTransmitData                     
0000c13c  spiSendData                         
0000c234  spiTransmitAndReceiveData           
0000c370  spiSendAndGetData                   
0000c4b0  SpiTxStatus                         
0000c53c  SpiRxStatus                         
0000c5c8  spiEnableLoopback                   
0000c5fc  spiDisableLoopback                  
0000c618  spiEnableNotification               
0000c648  spiDisableNotification              
0000c674  spi4GetConfigValue                  
0000c884  MPU_xTaskCreateRestricted           
0000c8c8  MPU_xTaskCreate                     
0000c92c  MPU_vTaskAllocateMPURegions         
0000c960  MPU_vTaskDelete                     
0000c98c  MPU_vTaskDelayUntil                 
0000c9c0  MPU_vTaskDelay                      
0000c9ec  MPU_uxTaskPriorityGet               
0000ca20  MPU_vTaskPrioritySet                
0000ca54  MPU_vTaskGetInfo                    
0000caa0  MPU_vTaskSuspend                    
0000cacc  MPU_vTaskResume                     
0000caf8  MPU_vTaskSuspendAll                 
0000cb1c  MPU_xTaskResumeAll                  
0000cb48  MPU_xTaskGetTickCount               
0000cb74  MPU_uxTaskGetNumberOfTasks          
0000cba0  MPU_pcTaskGetName                   
0000cbd4  MPU_xTaskGetHandle                  
0000cc08  MPU_vTaskList                       
0000cc34  MPU_vTaskGetRunTimeStats            
0000cc60  MPU_uxTaskGetSystemState            
0000ccac  MPU_uxTaskGetStackHighWaterMark     
0000cce0  MPU_xTaskGetSchedulerState          
0000cd0c  MPU_vTaskSetTimeOutState            
0000cd38  MPU_xTaskCheckForTimeOut            
0000cd7c  MPU_xTaskGenericNotify              
0000cdd0  MPU_xTaskNotifyWait                 
0000ce24  MPU_ulTaskNotifyTake                
0000ce68  MPU_xTaskNotifyStateClear           
0000ce9c  MPU_xQueueGenericCreate             
0000cee8  MPU_xQueueGenericReset              
0000cf2c  MPU_xQueueGenericSend               
0000cf80  MPU_uxQueueMessagesWaiting          
0000cfb4  MPU_uxQueueSpacesAvailable          
0000cfe8  MPU_xQueueGenericReceive            
0000d03c  MPU_xQueuePeekFromISR               
0000d080  MPU_xQueueCreateMutex               
0000d0b4  MPU_xQueueTakeMutexRecursive        
0000d0f8  MPU_xQueueGiveMutexRecursive        
0000d12c  MPU_vQueueDelete                    
0000d158  MPU_pvPortMalloc                    
0000d18c  MPU_vPortFree                       
0000d1b8  MPU_vPortInitialiseBlocks           
0000d1dc  MPU_xPortGetFreeHeapSize            
0000d208  MPU_xEventGroupCreate               
0000d234  MPU_xEventGroupWaitBits             
0000d290  MPU_xEventGroupClearBits            
0000d2d4  MPU_xEventGroupSetBits              
0000d318  MPU_xEventGroupSync                 
0000d36c  MPU_vEventGroupDelete               
0000d398  mibspiInit                          
0000d6b8  mibspiSetFunctional                 
0000d6d8  mibspiSetData                       
0000d7e4  mibspiGetData                       
0000d930  mibspiTransfer                      
0000d960  mibspiIsTransferComplete            
0000d9cc  mibspiEnableLoopback                
0000da00  mibspiDisableLoopback               
0000da1c  mibspiPmodeSet                      
0000da6c  mibspiEnableGroupNotification       
0000daf4  mibspiDisableGroupNotification      
0000db28  mibspi1GetConfigValue               
0000dea4  mibspi_write_byte                   
0000dedc  mibspi_write_two                    
0000df08  flash_erase_chip                    
0000df24  flash_busy_erasing_chip             
0000df88  flash_set_burst_64                  
0000dfb8  flash_write_enable                  
0000dfc8  construct_send_packet_6             
0000e098  flash_read_16                       
0000e11c  flash_read_16_rtos                  
0000e1d0  flash_write_16_rtos                 
0000e220  rw16_test                           
0000e2c4  flash_status                        
0000e2ec  construct_send_packet_16            
0000e3b8  flash_write_arbitrary               
0000e4e8  flash_read_arbitrary                
0000e5b4  flash_test_JEDEC                    
0000e62c  getEmptySector                      
0000e6f4  flash_mibspi_init                   
0000e77c  mibspi_send                         
0000e810  mibspi_receive                      
0000e8e8  mibspiGroupNotification             
0000e9a8  adcInit                             
0000eb04  adcStartConversion                  
0000eb88  adcStopConversion                   
0000ebb0  adcResetFiFo                        
0000ebd8  adcGetData                          
0000eda0  adcIsFifoFull                       
0000edd0  adcIsConversionComplete             
0000ee00  adcCalibration                      
0000efd8  adcMidPointCalibration              
0000f174  adcEnableNotification               
0000f1c4  adcDisableNotification              
0000f1ec  adcSetEVTPin                        
0000f20c  adcGetEVTPin                        
0000f224  adc1GetConfigValue                  
0000f494  setupPLL                            
0000f4e4  trimLPO                             
0000f52c  setupFlash                          
0000f56c  periphInit                          
0000f5c0  mapClocks                           
0000f6c0  systemInit                          
0000f78c  systemPowerDown                     
0000f7bc  systemGetConfigValue                
0000fb98  tcmflashGetConfigValue              
0000fd44  sramGetConfigValue                  
0000ff38  vimInit                             
0001000c  vimChannelMap                       
000100b0  vimEnableInterrupt                  
00010278  vimDisableInterrupt                 
00010324  vimGetConfigValue                   
00010990  cmdHelp                             
000109c4  cmdGet                              
00010af4  cmdExec                             
00010b24  cmdTask                             
00010d58  cmdSched                            
00010eec  cmdState                            
00010ff8  __unused                            
00011014  checkAndRunCommand                  
00011064  checkAndRunCommandStr               
00011354  muxInit                             
000117f0  pinmuxGetConfigValue                
00011c10  getCurrentTime                      
00011c28  tempAddSecondToHET                  
00011c3c  rtcInit                             
00011cf4  rtcReset                            
00011d08  rtcResetTime                        
00011d64  rtc_get_startup_status              
00011df4  getEpochOffset                      
00011e00  setEpochOffset                      
00011e24  convertBCD                          
00011ea8  rtc_get_seconds                     
00011ebc  rtc_get_minutes                     
00011ed0  rtc_get_hours                       
00011ee4  rtc_get_month                       
00011f14  rtc_get_day                         
00011f44  rtc_get_year                        
00011f58  getCurrentRTCTime                   
00012090  no_rtos_test_getCurrentRTCTime      
00012198  rtcWriteRegister                    
00012290  rtcReadRegister                     
000122d4  rtcTransmitAndReceive               
00012330  rtcGetBit                           
0001236c  rtcSetBit                           
00012414  blinky                              
00012444  vFlashRead                          
00012518  vFlashRead2                         
000125b8  vFlashWrite                         
00012644  vADCRead                            
000126a4  vStateTask                          
000126d0  vSerialTask                         
0001291c  vSerialSenderTask                   
00012928  periodicSenderTask                  
000129b8  vSenderTask                         
000129fc  vReceiverTask                       
00012a68  vTickleTask                         
00012aa4  vMonitorTask                        
00012c04  sciInit                             
00012cf0  sciSetFunctional                    
00012d10  sciSetBaudrate                      
00012dac  sciIsTxReady                        
00012dc8  sciSendByte                         
00012df8  sciSend                             
00012f2c  sciIsRxReady                        
00012f48  sciIsIdleDetected                   
00012f64  sciRxError                          
00012f94  sciReceiveByte                      
00012fc0  sciReceive                          
00013098  sciEnableLoopback                   
000130cc  sciDisableLoopback                  
000130f0  sciEnableNotification               
00013158  sciDisableNotification              
000131c0  sciEnterResetState                  
000131e0  sciExitResetState                   
00013200  sciGetConfigValue                   
000133ac  addEventFromScheduledCommand        
0001356c  addEvent                            
000136b4  removeEventIdx                      
00013744  getAction                           
000137c8  showActiveEvents                    
00013880  shift                               
000139ec  esmInit                             
00013af4  esmError                            
00013b10  esmEnableError                      
00013b3c  esmDisableError                     
00013b68  esmTriggerErrorPinReset             
00013b78  esmActivateNormalOperation          
00013b88  esmEnableInterrupt                  
00013bb4  esmDisableInterrupt                 
00013be0  esmSetInterruptLevel                
00013c5c  esmClearStatus                      
00013ca0  esmClearStatusBuffer                
00013cbc  esmSetCounterPreloadValue           
00013cdc  esmGetStatus                        
00013d60  esmGetStatusBuffer                  
00013d98  esmEnterSelfTest                    
00013e20  esmSelfTestStatus                   
00013e70  esmGetConfigValue                   
00013fc4  gioInit                             
00014094  gioSetDirection                     
000140b4  gioSetBit                           
00014104  gioSetPort                          
00014124  gioGetBit                           
0001414c  gioGetPort                          
00014164  gioToggleBit                        
000141bc  gioEnableNotification               
00014224  gioDisableNotification              
0001428c  gioGetConfigValue                   
00014448  vRadioTask                          
0001449c  readRegister                        
00014524  readExtendedRegister                
000145b0  strobe                              
0001461c  writeRegister                       
000146a4  writeExtendedRegister               
00014744  readAllRegisters                    
00014748  initRadio                           
000147b0  radioCmd                            
000148c0  doStateSafe                         
00014914  doStateReady                        
00014954  doStateLowPower                     
00014994  do_SAFE_to_READY                    
000149a4  do_SAFE_to_LOWPOWER                 
000149b4  do_READY_to_SAFE                    
000149c4  do_READY_to_LOWPOWER                
000149d4  do_LOWPOWER_to_SAFE                 
000149e4  do_LOWPOWER_to_READY                
000149f4  runState                            
00014a88  stateMachineInit                    
00014ad4  setStateRTOS_mode                   
00014af4  printStateInfo                      
00014b64  printPrevState                      
00014bb8  setStateManual                      
00014c10  stateCheckPowerGood                 
00014c48  stateCheckEnterSafe                 
00014d10  test_flash                          
00014f20  check16                             
00014fa4  checkArbitrary                      
00015131  minit                               
000151af  malloc                              
00015219  free                                
000152db  realloc                             
000153e5  memalign                            
000154d7  calloc                              
00015508  _coreInitRegisters_                 
00015614  _coreInitStackPointer_              
00015660  _getCPSRValue_                      
00015668  _gotoCPUIdle_                       
00015680  _coreEnableVfp_                     
00015698  _coreEnableEventBusExport_          
000156a8  _coreDisableEventBusExport_         
000156b8  _coreEnableRamEcc_                  
000156c8  _coreDisableRamEcc_                 
000156d8  _coreEnableFlashEcc_                
000156ec  _coreDisableFlashEcc_               
000156fc  _coreEnableIrqVicOffset_            
0001570c  _coreGetDataFault_                  
00015714  _coreClearDataFault_                
00015720  _coreGetInstructionFault_           
00015728  _coreClearInstructionFault_         
00015734  _coreGetDataFaultAddress_           
0001573c  _coreClearDataFaultAddress_         
00015748  _coreGetInstructionFaultAddress_    
00015750  _coreClearInstructionFaultAddress_  
0001575c  _coreGetAuxiliaryDataFault_         
00015764  _coreClearAuxiliaryDataFault_       
00015770  _coreGetAuxiliaryInstructionFault_  
00015778  _coreClearAuxiliaryInstructionFault_
00015784  _disable_interrupt_                 
0001578c  _disable_FIQ_interrupt_             
00015794  _disable_IRQ_interrupt_             
0001579c  _enable_interrupt_                  
000157a4  _esmCcmErrorsClear_                 
0001582c  _errata_CORTEXR4_57_                
0001583c  _errata_CORTEXR4_66_                
0001584c  __TI_PINIT_Base                     
00015850  __TI_PINIT_Limit                    
00015854  vimParityErrorHandler               
00015b20  __aeabi_uldivmod                    
00015dd8  vMainTask                           
0001608c  xPortGetFreeHeapSize                
00016098  xPortGetMinimumEverFreeHeapSize     
00016328  vListInitialise                     
00016380  vListInitialiseItem                 
0001639c  vListInsertEnd                      
00016410  vListInsert                         
000164d4  uxListRemove                        
00016560  sciHighLevelInterrupt               
00016764  busyWait                            
000167a8  itoa2                               
000168d4  simpleWatchdog                      
00016904  watchdog_busywait                   
00016a07  __TI_cleanup                        
00016a33  freopen                             
00016a5d  fopen                               
00016b04  _c_int00                            
00016cc4  serialInit                          
00016ce0  serialSendQ                         
00016d18  serialSendQFromISR                  
00016d6c  serialSendCh                        
00016d98  serialSend                          
00016dcc  serialSendln                        
00016e10  sciNotification                     
00017038  vApplicationStackOverflowHook       
0001705c  main                                
0001713c  getRunTimeCounterValue              
0001714c  configureTimerForRunTimeStats       
000171e4  startupInit                         
000171f4  printStartupType                    
00017210  startupCheck                        
0001733d  fputs                               
0001744d  puts                                
00017475  strtol                              
000175a4  esmHighInterrupt                    
000176b8  esmGroup1Notification               
000176c8  esmGroup2Notification               
000176d8  memoryPort0TestFailNotification     
000176f4  memoryPort1TestFailNotification     
00017710  rtiNotification                     
00017720  adcNotification                     
00017734  gioNotification                     
00017748  mibspiNotification                  
00017784  spiNotification                     
00017798  spiEndNotification                  
000177a8  dmaGroupANotification               
00017844  xTaskNotifyStateClear               
000178bd  ldexp                               
000178bd  ldexpl                              
000178bd  scalbn                              
000178bd  scalbnl                             
000179b0  _dabort                             
00017a99  floor                               
00017a99  floorl                              
00017b78  _pmuInit_                           
00017bc4  _pmuEnableCountersGlobal_           
00017bd4  _pmuDisableCountersGlobal_          
00017be4  _pmuResetCycleCounter_              
00017bf4  _pmuResetEventCounters_             
00017c04  _pmuResetCounters_                  
00017c14  _pmuStartCounters_                  
00017c1c  _pmuStopCounters_                   
00017c24  _pmuSetCountEvent_                  
00017c30  _pmuGetCycleCount_                  
00017c38  _pmuGetEventCount_                  
00017c44  _pmuGetOverflow_                    
00017c59  setvbuf                             
00017d34  mibspi1HighLevelInterrupt           
00017e01  __TI_doflush                        
00017e4d  fflush                              
00017ecd  open                                
00017f89  __TI_wrt_ok                         
00017fed  __TI_rd_ok                          
00018037  __aeabi_memcpy                      
00018037  __aeabi_memcpy4                     
00018037  __aeabi_memcpy8                     
00018037  memcpy                              
000180d3  _system_post_cinit                  
000180d5  __TI_closefile                      
0001813b  fclose                              
0001816d  snprintf                            
00018201  __aeabi_memclr                      
00018201  __aeabi_memclr4                     
00018201  __aeabi_memclr8                     
00018203  __aeabi_memset                      
00018203  __aeabi_memset4                     
00018203  __aeabi_memset8                     
00018209  memset                              
0001827d  finddevice                          
000182ab  getdevice                           
000182f1  frexp                               
000182f1  frexpl                              
00018364  init_adc_test                       
00018370  test_adc                            
000183d9  __TI_auto_init                      
00018449  __TI_decompress_lzss                
000184b5  HOSTrename                          
00018521  __TI_writemsg                       
00018553  C$$IO$$                             
00018557  __TI_readmsg                        
0001858d  HOSTlseek                           
000185f5  fseek                               
00018659  sprintf                             
000186bc  triumf_init                         
0001871d  HOSTopen                            
00018779  HOSTread                            
000187d5  close                               
0001882d  HOSTwrite                           
00018884  adc1Group1Interrupt                 
000188d8  __aeabi_idiv                        
000188d8  __aeabi_idivmod                     
0001892d  ltoa                                
00018981  atoi                                
000189d1  C$$EXIT                             
000189d5  abort                               
000189dd  exit                                
00018a20  __aeabi_uidiv                       
00018a20  __aeabi_uidivmod                    
00018a71  copy_in                             
00018abd  HOSTclose                           
00018b01  HOSTunlink                          
00018b45  strtok                              
00018b85  strncpy                             
00018bbd  _nassert                            
00018bbf  _abort_msg                          
00018bd5  _assert                             
00018be9  remove                              
00018be9  unlink                              
00018c15  strspn                              
00018c41  lseek                               
00018c69  write                               
00018c91  strcspn                             
00018cb3  memchr                              
00018cd3  memccpy                             
00018cef  copysign                            
00018cef  copysignl                           
00018d07  strcmp                              
00018d1f  strchr                              
00018d35  strlen                              
00018d4d  _register_unlock                    
00018d53  _register_lock                      
00018d5b  _nop                                
00018d61  strcpy                              
00018d75  __TI_decompress_none                
00018d83  __TI_zero_init                      
00018d90  phantomInterrupt                    
00018f94  _ctypes_                            
00019234  cumulativeSecondsInMonth            
00019288  TRANSITION_TABLE                    
0001938c  CMD_FUNCS                           
00019404  STATE_TABLE                         
080008e4  pxCurrentTCB                        
08000920  ulCriticalNesting                   
08000924  ulTaskHasFPUContext                 
080046b0  __CIOBUF_                           
080047d0  buffer                              
080048cc  __TI_tmpnams                        
08004a0c  TG3_RX                              
08004a58  dummyBytes_16                       
08004a78  state_persistent_data               
08004a8c  parmbuf                             
08004a94  TG0_IS_Complete                     
08004a98  TG1_IS_Complete                     
08004a9c  TG1_RX                              
08004aa0  TG2_IS_Complete                     
08004aa4  TG3_IS_Complete                     
08004aa8  addressWritten                      
08004aac  epochOffset                         
08004ab0  lastRead                            
08004ab4  rtc_spiConfig                       
08004ab8  spiDataConfig                       
08004abc  xFlashMutex                         
08004ac0  xQueue                              
08004ac4  xRTCMutex                           
08004ac8  xRadioRXQueue                       
08004acc  xRadioTXQueue                       
08004ad0  xSerialRXQueue                      
08004ad4  xSerialTXQueue                      
08004ad8  cur_state                           
08004ad9  startData                           
08004ae0  _sys_memory                         
080052e0  schedule                            
08005500  CMD_DBG_STRINGS                     
080055f0  _ftable                             
080056e0  _device                             
08005758  _stream                             
080057c8  xSerialTaskHandle                   
080057cc  xRadioTaskHandle                    
080057d0  xTickleTaskHandle                   
080057d4  xBlinkyTaskHandle                   
080057d8  xADCTaskHandle                      
080057dc  xStateTaskHandle                    
080057e0  xFlashReadHandle                    
080057e4  xFlashWriteHandle                   
080057e8  CMD_NAMES                           
08005800  testCMD                             
08005818  testSCHED                           
0800583c  __TI_ft_end                         
08005840  __aeabi_stdin                       
08005844  __aeabi_stdout                      
08005848  __aeabi_stderr                      
0800585c  __TI_cleanup_ptr                    
08005860  __TI_dtors_ptr                      
08005864  __TI_enable_exit_profile_output     
08005874  _lock                               
08005878  _unlock                             
0800587c  rtc_epoch_time                      
08005880  het_epoch_time                      
08005884  errno                               
08005894  currChar                            
ffffffff  __TI_pprof_out_hndl                 
ffffffff  __TI_prof_data_size                 
ffffffff  __TI_prof_data_start                
ffffffff  __binit__                           
ffffffff  __c_args__                          
ffffffff  binit                               
UNDEFED   SHT$$INIT_ARRAY$$Base               
UNDEFED   SHT$$INIT_ARRAY$$Limit              

[667 symbols]
