<?xml version="1.0"?>
<link_info>
   <banner>TI ARM Linker Unix v16.9.4.LTS</banner>
   <copyright>Copyright (c) 1996-2017 Texas Instruments Incorporated</copyright>
   <link_time>0x5a77ec63</link_time>
   <link_errors>0x0</link_errors>
   <output_file>OBC.out</output_file>
   <entry_point>
      <name>_c_int00</name>
      <address>0x1686c</address>
   </entry_point>
   <input_file_list>
      <input_file id="fl-2">
         <path>./SFUsat/</path>
         <kind>object</kind>
         <file>flash_mibspi.obj</file>
         <name>flash_mibspi.obj</name>
      </input_file>
      <input_file id="fl-3">
         <path>./SFUsat/</path>
         <kind>object</kind>
         <file>sfu_cmds.obj</file>
         <name>sfu_cmds.obj</name>
      </input_file>
      <input_file id="fl-4">
         <path>./SFUsat/</path>
         <kind>object</kind>
         <file>sfu_rtc.obj</file>
         <name>sfu_rtc.obj</name>
      </input_file>
      <input_file id="fl-5">
         <path>./SFUsat/</path>
         <kind>object</kind>
         <file>sfu_scheduler.obj</file>
         <name>sfu_scheduler.obj</name>
      </input_file>
      <input_file id="fl-6">
         <path>./SFUsat/</path>
         <kind>object</kind>
         <file>sfu_spi.obj</file>
         <name>sfu_spi.obj</name>
      </input_file>
      <input_file id="fl-7">
         <path>./SFUsat/</path>
         <kind>object</kind>
         <file>sfu_startup.obj</file>
         <name>sfu_startup.obj</name>
      </input_file>
      <input_file id="fl-8">
         <path>./SFUsat/</path>
         <kind>object</kind>
         <file>sfu_state.obj</file>
         <name>sfu_state.obj</name>
      </input_file>
      <input_file id="fl-9">
         <path>./SFUsat/</path>
         <kind>object</kind>
         <file>sfu_task_main.obj</file>
         <name>sfu_task_main.obj</name>
      </input_file>
      <input_file id="fl-a">
         <path>./SFUsat/</path>
         <kind>object</kind>
         <file>sfu_task_radio.obj</file>
         <name>sfu_task_radio.obj</name>
      </input_file>
      <input_file id="fl-b">
         <path>./SFUsat/</path>
         <kind>object</kind>
         <file>sfu_tasks.obj</file>
         <name>sfu_tasks.obj</name>
      </input_file>
      <input_file id="fl-c">
         <path>./SFUsat/</path>
         <kind>object</kind>
         <file>sfu_triumf.obj</file>
         <name>sfu_triumf.obj</name>
      </input_file>
      <input_file id="fl-d">
         <path>./SFUsat/</path>
         <kind>object</kind>
         <file>sfu_uart.obj</file>
         <name>sfu_uart.obj</name>
      </input_file>
      <input_file id="fl-e">
         <path>./SFUsat/</path>
         <kind>object</kind>
         <file>sfu_utils.obj</file>
         <name>sfu_utils.obj</name>
      </input_file>
      <input_file id="fl-f">
         <path>./SFUsat/unit_tests/</path>
         <kind>object</kind>
         <file>test_adc.obj</file>
         <name>test_adc.obj</name>
      </input_file>
      <input_file id="fl-10">
         <path>./SFUsat/unit_tests/</path>
         <kind>object</kind>
         <file>test_flash.obj</file>
         <name>test_flash.obj</name>
      </input_file>
      <input_file id="fl-11">
         <path>./source/</path>
         <kind>object</kind>
         <file>adc.obj</file>
         <name>adc.obj</name>
      </input_file>
      <input_file id="fl-12">
         <path>./source/</path>
         <kind>object</kind>
         <file>dabort.obj</file>
         <name>dabort.obj</name>
      </input_file>
      <input_file id="fl-13">
         <path>./source/</path>
         <kind>object</kind>
         <file>esm.obj</file>
         <name>esm.obj</name>
      </input_file>
      <input_file id="fl-14">
         <path>./source/</path>
         <kind>object</kind>
         <file>gio.obj</file>
         <name>gio.obj</name>
      </input_file>
      <input_file id="fl-15">
         <path>./source/</path>
         <kind>object</kind>
         <file>mibspi.obj</file>
         <name>mibspi.obj</name>
      </input_file>
      <input_file id="fl-16">
         <path>./source/</path>
         <kind>object</kind>
         <file>notification.obj</file>
         <name>notification.obj</name>
      </input_file>
      <input_file id="fl-17">
         <path>./source/</path>
         <kind>object</kind>
         <file>pinmux.obj</file>
         <name>pinmux.obj</name>
      </input_file>
      <input_file id="fl-18">
         <path>./source/</path>
         <kind>object</kind>
         <file>rti.obj</file>
         <name>rti.obj</name>
      </input_file>
      <input_file id="fl-19">
         <path>./source/</path>
         <kind>object</kind>
         <file>rtos_croutine.obj</file>
         <name>rtos_croutine.obj</name>
      </input_file>
      <input_file id="fl-1a">
         <path>./source/</path>
         <kind>object</kind>
         <file>rtos_event_groups.obj</file>
         <name>rtos_event_groups.obj</name>
      </input_file>
      <input_file id="fl-1b">
         <path>./source/</path>
         <kind>object</kind>
         <file>rtos_heap.obj</file>
         <name>rtos_heap.obj</name>
      </input_file>
      <input_file id="fl-1c">
         <path>./source/</path>
         <kind>object</kind>
         <file>rtos_list.obj</file>
         <name>rtos_list.obj</name>
      </input_file>
      <input_file id="fl-1d">
         <path>./source/</path>
         <kind>object</kind>
         <file>rtos_mpu_wrappers.obj</file>
         <name>rtos_mpu_wrappers.obj</name>
      </input_file>
      <input_file id="fl-1e">
         <path>./source/</path>
         <kind>object</kind>
         <file>rtos_port.obj</file>
         <name>rtos_port.obj</name>
      </input_file>
      <input_file id="fl-1f">
         <path>./source/</path>
         <kind>object</kind>
         <file>rtos_portasm.obj</file>
         <name>rtos_portasm.obj</name>
      </input_file>
      <input_file id="fl-20">
         <path>./source/</path>
         <kind>object</kind>
         <file>rtos_queue.obj</file>
         <name>rtos_queue.obj</name>
      </input_file>
      <input_file id="fl-21">
         <path>./source/</path>
         <kind>object</kind>
         <file>rtos_task.obj</file>
         <name>rtos_task.obj</name>
      </input_file>
      <input_file id="fl-22">
         <path>./source/</path>
         <kind>object</kind>
         <file>rtos_timer.obj</file>
         <name>rtos_timer.obj</name>
      </input_file>
      <input_file id="fl-23">
         <path>./source/</path>
         <kind>object</kind>
         <file>sci.obj</file>
         <name>sci.obj</name>
      </input_file>
      <input_file id="fl-24">
         <path>./source/</path>
         <kind>object</kind>
         <file>spi.obj</file>
         <name>spi.obj</name>
      </input_file>
      <input_file id="fl-25">
         <path>./source/</path>
         <kind>object</kind>
         <file>sys_core.obj</file>
         <name>sys_core.obj</name>
      </input_file>
      <input_file id="fl-26">
         <path>./source/</path>
         <kind>object</kind>
         <file>sys_dma.obj</file>
         <name>sys_dma.obj</name>
      </input_file>
      <input_file id="fl-27">
         <path>./source/</path>
         <kind>object</kind>
         <file>sys_intvecs.obj</file>
         <name>sys_intvecs.obj</name>
      </input_file>
      <input_file id="fl-28">
         <path>./source/</path>
         <kind>object</kind>
         <file>sys_main.obj</file>
         <name>sys_main.obj</name>
      </input_file>
      <input_file id="fl-29">
         <path>./source/</path>
         <kind>object</kind>
         <file>sys_mpu.obj</file>
         <name>sys_mpu.obj</name>
      </input_file>
      <input_file id="fl-2a">
         <path>./source/</path>
         <kind>object</kind>
         <file>sys_pcr.obj</file>
         <name>sys_pcr.obj</name>
      </input_file>
      <input_file id="fl-2b">
         <path>./source/</path>
         <kind>object</kind>
         <file>sys_phantom.obj</file>
         <name>sys_phantom.obj</name>
      </input_file>
      <input_file id="fl-2c">
         <path>./source/</path>
         <kind>object</kind>
         <file>sys_pmm.obj</file>
         <name>sys_pmm.obj</name>
      </input_file>
      <input_file id="fl-2d">
         <path>./source/</path>
         <kind>object</kind>
         <file>sys_pmu.obj</file>
         <name>sys_pmu.obj</name>
      </input_file>
      <input_file id="fl-2e">
         <path>./source/</path>
         <kind>object</kind>
         <file>sys_selftest.obj</file>
         <name>sys_selftest.obj</name>
      </input_file>
      <input_file id="fl-2f">
         <path>./source/</path>
         <kind>object</kind>
         <file>sys_startup.obj</file>
         <name>sys_startup.obj</name>
      </input_file>
      <input_file id="fl-30">
         <path>./source/</path>
         <kind>object</kind>
         <file>sys_vim.obj</file>
         <name>sys_vim.obj</name>
      </input_file>
      <input_file id="fl-31">
         <path>./source/</path>
         <kind>object</kind>
         <file>system.obj</file>
         <name>system.obj</name>
      </input_file>
      <input_file id="fl-35">
         <kind>object</kind>
         <file>&lt;internal&gt;</file>
         <name>&lt;internal&gt;</name>
      </input_file>
      <input_file id="fl-36">
         <path>/Applications/ti/ccsv7/tools/compiler/ti-cgt-arm_16.9.4.LTS/lib/</path>
         <kind>archive</kind>
         <file>rtsv7R4_T_be_v3D16_eabi.lib</file>
         <name>assert.obj</name>
      </input_file>
      <input_file id="fl-37">
         <path>/Applications/ti/ccsv7/tools/compiler/ti-cgt-arm_16.9.4.LTS/lib/</path>
         <kind>archive</kind>
         <file>rtsv7R4_T_be_v3D16_eabi.lib</file>
         <name>autoinit.obj</name>
      </input_file>
      <input_file id="fl-38">
         <path>/Applications/ti/ccsv7/tools/compiler/ti-cgt-arm_16.9.4.LTS/lib/</path>
         <kind>archive</kind>
         <file>rtsv7R4_T_be_v3D16_eabi.lib</file>
         <name>copy_decompress_lzss.obj</name>
      </input_file>
      <input_file id="fl-39">
         <path>/Applications/ti/ccsv7/tools/compiler/ti-cgt-arm_16.9.4.LTS/lib/</path>
         <kind>archive</kind>
         <file>rtsv7R4_T_be_v3D16_eabi.lib</file>
         <name>copy_decompress_none.obj</name>
      </input_file>
      <input_file id="fl-3a">
         <path>/Applications/ti/ccsv7/tools/compiler/ti-cgt-arm_16.9.4.LTS/lib/</path>
         <kind>archive</kind>
         <file>rtsv7R4_T_be_v3D16_eabi.lib</file>
         <name>copy_zero_init.obj</name>
      </input_file>
      <input_file id="fl-3b">
         <path>/Applications/ti/ccsv7/tools/compiler/ti-cgt-arm_16.9.4.LTS/lib/</path>
         <kind>archive</kind>
         <file>rtsv7R4_T_be_v3D16_eabi.lib</file>
         <name>cpy_tbl.obj</name>
      </input_file>
      <input_file id="fl-3c">
         <path>/Applications/ti/ccsv7/tools/compiler/ti-cgt-arm_16.9.4.LTS/lib/</path>
         <kind>archive</kind>
         <file>rtsv7R4_T_be_v3D16_eabi.lib</file>
         <name>defs.obj</name>
      </input_file>
      <input_file id="fl-3d">
         <path>/Applications/ti/ccsv7/tools/compiler/ti-cgt-arm_16.9.4.LTS/lib/</path>
         <kind>archive</kind>
         <file>rtsv7R4_T_be_v3D16_eabi.lib</file>
         <name>exit.obj</name>
      </input_file>
      <input_file id="fl-3e">
         <path>/Applications/ti/ccsv7/tools/compiler/ti-cgt-arm_16.9.4.LTS/lib/</path>
         <kind>archive</kind>
         <file>rtsv7R4_T_be_v3D16_eabi.lib</file>
         <name>fflush.obj</name>
      </input_file>
      <input_file id="fl-3f">
         <path>/Applications/ti/ccsv7/tools/compiler/ti-cgt-arm_16.9.4.LTS/lib/</path>
         <kind>archive</kind>
         <file>rtsv7R4_T_be_v3D16_eabi.lib</file>
         <name>fputs.obj</name>
      </input_file>
      <input_file id="fl-40">
         <path>/Applications/ti/ccsv7/tools/compiler/ti-cgt-arm_16.9.4.LTS/lib/</path>
         <kind>archive</kind>
         <file>rtsv7R4_T_be_v3D16_eabi.lib</file>
         <name>i_div32.obj</name>
      </input_file>
      <input_file id="fl-41">
         <path>/Applications/ti/ccsv7/tools/compiler/ti-cgt-arm_16.9.4.LTS/lib/</path>
         <kind>archive</kind>
         <file>rtsv7R4_T_be_v3D16_eabi.lib</file>
         <name>ltoa.obj</name>
      </input_file>
      <input_file id="fl-42">
         <path>/Applications/ti/ccsv7/tools/compiler/ti-cgt-arm_16.9.4.LTS/lib/</path>
         <kind>archive</kind>
         <file>rtsv7R4_T_be_v3D16_eabi.lib</file>
         <name>memchr.obj</name>
      </input_file>
      <input_file id="fl-43">
         <path>/Applications/ti/ccsv7/tools/compiler/ti-cgt-arm_16.9.4.LTS/lib/</path>
         <kind>archive</kind>
         <file>rtsv7R4_T_be_v3D16_eabi.lib</file>
         <name>memcpy_t2.obj</name>
      </input_file>
      <input_file id="fl-44">
         <path>/Applications/ti/ccsv7/tools/compiler/ti-cgt-arm_16.9.4.LTS/lib/</path>
         <kind>archive</kind>
         <file>rtsv7R4_T_be_v3D16_eabi.lib</file>
         <name>memory.obj</name>
      </input_file>
      <input_file id="fl-45">
         <path>/Applications/ti/ccsv7/tools/compiler/ti-cgt-arm_16.9.4.LTS/lib/</path>
         <kind>archive</kind>
         <file>rtsv7R4_T_be_v3D16_eabi.lib</file>
         <name>memset_t2.obj</name>
      </input_file>
      <input_file id="fl-46">
         <path>/Applications/ti/ccsv7/tools/compiler/ti-cgt-arm_16.9.4.LTS/lib/</path>
         <kind>archive</kind>
         <file>rtsv7R4_T_be_v3D16_eabi.lib</file>
         <name>s_floor.obj</name>
      </input_file>
      <input_file id="fl-47">
         <path>/Applications/ti/ccsv7/tools/compiler/ti-cgt-arm_16.9.4.LTS/lib/</path>
         <kind>archive</kind>
         <file>rtsv7R4_T_be_v3D16_eabi.lib</file>
         <name>snprintf.obj</name>
      </input_file>
      <input_file id="fl-48">
         <path>/Applications/ti/ccsv7/tools/compiler/ti-cgt-arm_16.9.4.LTS/lib/</path>
         <kind>archive</kind>
         <file>rtsv7R4_T_be_v3D16_eabi.lib</file>
         <name>sprintf.obj</name>
      </input_file>
      <input_file id="fl-49">
         <path>/Applications/ti/ccsv7/tools/compiler/ti-cgt-arm_16.9.4.LTS/lib/</path>
         <kind>archive</kind>
         <file>rtsv7R4_T_be_v3D16_eabi.lib</file>
         <name>startup.obj</name>
      </input_file>
      <input_file id="fl-4a">
         <path>/Applications/ti/ccsv7/tools/compiler/ti-cgt-arm_16.9.4.LTS/lib/</path>
         <kind>archive</kind>
         <file>rtsv7R4_T_be_v3D16_eabi.lib</file>
         <name>strcmp.obj</name>
      </input_file>
      <input_file id="fl-4b">
         <path>/Applications/ti/ccsv7/tools/compiler/ti-cgt-arm_16.9.4.LTS/lib/</path>
         <kind>archive</kind>
         <file>rtsv7R4_T_be_v3D16_eabi.lib</file>
         <name>strcpy.obj</name>
      </input_file>
      <input_file id="fl-4c">
         <path>/Applications/ti/ccsv7/tools/compiler/ti-cgt-arm_16.9.4.LTS/lib/</path>
         <kind>archive</kind>
         <file>rtsv7R4_T_be_v3D16_eabi.lib</file>
         <name>strlen.obj</name>
      </input_file>
      <input_file id="fl-4d">
         <path>/Applications/ti/ccsv7/tools/compiler/ti-cgt-arm_16.9.4.LTS/lib/</path>
         <kind>archive</kind>
         <file>rtsv7R4_T_be_v3D16_eabi.lib</file>
         <name>strtok.obj</name>
      </input_file>
      <input_file id="fl-4e">
         <path>/Applications/ti/ccsv7/tools/compiler/ti-cgt-arm_16.9.4.LTS/lib/</path>
         <kind>archive</kind>
         <file>rtsv7R4_T_be_v3D16_eabi.lib</file>
         <name>strtol.obj</name>
      </input_file>
      <input_file id="fl-4f">
         <path>/Applications/ti/ccsv7/tools/compiler/ti-cgt-arm_16.9.4.LTS/lib/</path>
         <kind>archive</kind>
         <file>rtsv7R4_T_be_v3D16_eabi.lib</file>
         <name>u_div32.obj</name>
      </input_file>
      <input_file id="fl-50">
         <path>/Applications/ti/ccsv7/tools/compiler/ti-cgt-arm_16.9.4.LTS/lib/</path>
         <kind>archive</kind>
         <file>rtsv7R4_T_be_v3D16_eabi.lib</file>
         <name>write.obj</name>
      </input_file>
      <input_file id="fl-51">
         <path>/Applications/ti/ccsv7/tools/compiler/ti-cgt-arm_16.9.4.LTS/lib/</path>
         <kind>archive</kind>
         <file>rtsv7R4_T_be_v3D16_eabi.lib</file>
         <name>_io_perm.obj</name>
      </input_file>
      <input_file id="fl-52">
         <path>/Applications/ti/ccsv7/tools/compiler/ti-cgt-arm_16.9.4.LTS/lib/</path>
         <kind>archive</kind>
         <file>rtsv7R4_T_be_v3D16_eabi.lib</file>
         <name>_lock.obj</name>
      </input_file>
      <input_file id="fl-53">
         <path>/Applications/ti/ccsv7/tools/compiler/ti-cgt-arm_16.9.4.LTS/lib/</path>
         <kind>archive</kind>
         <file>rtsv7R4_T_be_v3D16_eabi.lib</file>
         <name>_printfi.obj</name>
      </input_file>
      <input_file id="fl-54">
         <path>/Applications/ti/ccsv7/tools/compiler/ti-cgt-arm_16.9.4.LTS/lib/</path>
         <kind>archive</kind>
         <file>rtsv7R4_T_be_v3D16_eabi.lib</file>
         <name>atoi.obj</name>
      </input_file>
      <input_file id="fl-55">
         <path>/Applications/ti/ccsv7/tools/compiler/ti-cgt-arm_16.9.4.LTS/lib/</path>
         <kind>archive</kind>
         <file>rtsv7R4_T_be_v3D16_eabi.lib</file>
         <name>ctype.obj</name>
      </input_file>
      <input_file id="fl-56">
         <path>/Applications/ti/ccsv7/tools/compiler/ti-cgt-arm_16.9.4.LTS/lib/</path>
         <kind>archive</kind>
         <file>rtsv7R4_T_be_v3D16_eabi.lib</file>
         <name>errno.obj</name>
      </input_file>
      <input_file id="fl-57">
         <path>/Applications/ti/ccsv7/tools/compiler/ti-cgt-arm_16.9.4.LTS/lib/</path>
         <kind>archive</kind>
         <file>rtsv7R4_T_be_v3D16_eabi.lib</file>
         <name>fseek.obj</name>
      </input_file>
      <input_file id="fl-58">
         <path>/Applications/ti/ccsv7/tools/compiler/ti-cgt-arm_16.9.4.LTS/lib/</path>
         <kind>archive</kind>
         <file>rtsv7R4_T_be_v3D16_eabi.lib</file>
         <name>hostclose.obj</name>
      </input_file>
      <input_file id="fl-59">
         <path>/Applications/ti/ccsv7/tools/compiler/ti-cgt-arm_16.9.4.LTS/lib/</path>
         <kind>archive</kind>
         <file>rtsv7R4_T_be_v3D16_eabi.lib</file>
         <name>hostlseek.obj</name>
      </input_file>
      <input_file id="fl-5a">
         <path>/Applications/ti/ccsv7/tools/compiler/ti-cgt-arm_16.9.4.LTS/lib/</path>
         <kind>archive</kind>
         <file>rtsv7R4_T_be_v3D16_eabi.lib</file>
         <name>hostopen.obj</name>
      </input_file>
      <input_file id="fl-5b">
         <path>/Applications/ti/ccsv7/tools/compiler/ti-cgt-arm_16.9.4.LTS/lib/</path>
         <kind>archive</kind>
         <file>rtsv7R4_T_be_v3D16_eabi.lib</file>
         <name>hostread.obj</name>
      </input_file>
      <input_file id="fl-5c">
         <path>/Applications/ti/ccsv7/tools/compiler/ti-cgt-arm_16.9.4.LTS/lib/</path>
         <kind>archive</kind>
         <file>rtsv7R4_T_be_v3D16_eabi.lib</file>
         <name>hostrename.obj</name>
      </input_file>
      <input_file id="fl-5d">
         <path>/Applications/ti/ccsv7/tools/compiler/ti-cgt-arm_16.9.4.LTS/lib/</path>
         <kind>archive</kind>
         <file>rtsv7R4_T_be_v3D16_eabi.lib</file>
         <name>hostunlink.obj</name>
      </input_file>
      <input_file id="fl-5e">
         <path>/Applications/ti/ccsv7/tools/compiler/ti-cgt-arm_16.9.4.LTS/lib/</path>
         <kind>archive</kind>
         <file>rtsv7R4_T_be_v3D16_eabi.lib</file>
         <name>hostwrite.obj</name>
      </input_file>
      <input_file id="fl-5f">
         <path>/Applications/ti/ccsv7/tools/compiler/ti-cgt-arm_16.9.4.LTS/lib/</path>
         <kind>archive</kind>
         <file>rtsv7R4_T_be_v3D16_eabi.lib</file>
         <name>i_div0.obj</name>
      </input_file>
      <input_file id="fl-60">
         <path>/Applications/ti/ccsv7/tools/compiler/ti-cgt-arm_16.9.4.LTS/lib/</path>
         <kind>archive</kind>
         <file>rtsv7R4_T_be_v3D16_eabi.lib</file>
         <name>lseek.obj</name>
      </input_file>
      <input_file id="fl-61">
         <path>/Applications/ti/ccsv7/tools/compiler/ti-cgt-arm_16.9.4.LTS/lib/</path>
         <kind>archive</kind>
         <file>rtsv7R4_T_be_v3D16_eabi.lib</file>
         <name>memccpy.obj</name>
      </input_file>
      <input_file id="fl-62">
         <path>/Applications/ti/ccsv7/tools/compiler/ti-cgt-arm_16.9.4.LTS/lib/</path>
         <kind>archive</kind>
         <file>rtsv7R4_T_be_v3D16_eabi.lib</file>
         <name>s_frexp.obj</name>
      </input_file>
      <input_file id="fl-63">
         <path>/Applications/ti/ccsv7/tools/compiler/ti-cgt-arm_16.9.4.LTS/lib/</path>
         <kind>archive</kind>
         <file>rtsv7R4_T_be_v3D16_eabi.lib</file>
         <name>s_scalbn.obj</name>
      </input_file>
      <input_file id="fl-64">
         <path>/Applications/ti/ccsv7/tools/compiler/ti-cgt-arm_16.9.4.LTS/lib/</path>
         <kind>archive</kind>
         <file>rtsv7R4_T_be_v3D16_eabi.lib</file>
         <name>setvbuf.obj</name>
      </input_file>
      <input_file id="fl-65">
         <path>/Applications/ti/ccsv7/tools/compiler/ti-cgt-arm_16.9.4.LTS/lib/</path>
         <kind>archive</kind>
         <file>rtsv7R4_T_be_v3D16_eabi.lib</file>
         <name>strchr.obj</name>
      </input_file>
      <input_file id="fl-66">
         <path>/Applications/ti/ccsv7/tools/compiler/ti-cgt-arm_16.9.4.LTS/lib/</path>
         <kind>archive</kind>
         <file>rtsv7R4_T_be_v3D16_eabi.lib</file>
         <name>strcspn.obj</name>
      </input_file>
      <input_file id="fl-67">
         <path>/Applications/ti/ccsv7/tools/compiler/ti-cgt-arm_16.9.4.LTS/lib/</path>
         <kind>archive</kind>
         <file>rtsv7R4_T_be_v3D16_eabi.lib</file>
         <name>strspn.obj</name>
      </input_file>
      <input_file id="fl-68">
         <path>/Applications/ti/ccsv7/tools/compiler/ti-cgt-arm_16.9.4.LTS/lib/</path>
         <kind>archive</kind>
         <file>rtsv7R4_T_be_v3D16_eabi.lib</file>
         <name>trgmsg.obj</name>
      </input_file>
      <input_file id="fl-69">
         <path>/Applications/ti/ccsv7/tools/compiler/ti-cgt-arm_16.9.4.LTS/lib/</path>
         <kind>archive</kind>
         <file>rtsv7R4_T_be_v3D16_eabi.lib</file>
         <name>ull_div32.obj</name>
      </input_file>
      <input_file id="fl-6a">
         <path>/Applications/ti/ccsv7/tools/compiler/ti-cgt-arm_16.9.4.LTS/lib/</path>
         <kind>archive</kind>
         <file>rtsv7R4_T_be_v3D16_eabi.lib</file>
         <name>fopen.obj</name>
      </input_file>
      <input_file id="fl-6b">
         <path>/Applications/ti/ccsv7/tools/compiler/ti-cgt-arm_16.9.4.LTS/lib/</path>
         <kind>archive</kind>
         <file>rtsv7R4_T_be_v3D16_eabi.lib</file>
         <name>open.obj</name>
      </input_file>
      <input_file id="fl-6c">
         <path>/Applications/ti/ccsv7/tools/compiler/ti-cgt-arm_16.9.4.LTS/lib/</path>
         <kind>archive</kind>
         <file>rtsv7R4_T_be_v3D16_eabi.lib</file>
         <name>s_copysign.obj</name>
      </input_file>
      <input_file id="fl-6d">
         <path>/Applications/ti/ccsv7/tools/compiler/ti-cgt-arm_16.9.4.LTS/lib/</path>
         <kind>archive</kind>
         <file>rtsv7R4_T_be_v3D16_eabi.lib</file>
         <name>fclose.obj</name>
      </input_file>
      <input_file id="fl-6e">
         <path>/Applications/ti/ccsv7/tools/compiler/ti-cgt-arm_16.9.4.LTS/lib/</path>
         <kind>archive</kind>
         <file>rtsv7R4_T_be_v3D16_eabi.lib</file>
         <name>getdevice.obj</name>
      </input_file>
      <input_file id="fl-6f">
         <path>/Applications/ti/ccsv7/tools/compiler/ti-cgt-arm_16.9.4.LTS/lib/</path>
         <kind>archive</kind>
         <file>rtsv7R4_T_be_v3D16_eabi.lib</file>
         <name>remove.obj</name>
      </input_file>
      <input_file id="fl-70">
         <path>/Applications/ti/ccsv7/tools/compiler/ti-cgt-arm_16.9.4.LTS/lib/</path>
         <kind>archive</kind>
         <file>rtsv7R4_T_be_v3D16_eabi.lib</file>
         <name>strncpy.obj</name>
      </input_file>
      <input_file id="fl-71">
         <path>/Applications/ti/ccsv7/tools/compiler/ti-cgt-arm_16.9.4.LTS/lib/</path>
         <kind>archive</kind>
         <file>rtsv7R4_T_be_v3D16_eabi.lib</file>
         <name>unlink.obj</name>
      </input_file>
      <input_file id="fl-72">
         <path>/Applications/ti/ccsv7/tools/compiler/ti-cgt-arm_16.9.4.LTS/lib/</path>
         <kind>archive</kind>
         <file>rtsv7R4_T_be_v3D16_eabi.lib</file>
         <name>close.obj</name>
      </input_file>
   </input_file_list>
   <object_component_list>
      <object_component id="oc-42">
         <name>.intvecs</name>
         <load_address>0x0</load_address>
         <run_address>0x0</run_address>
         <size>0x20</size>
         <input_file_ref idref="fl-27"/>
      </object_component>
      <object_component id="oc-164">
         <name>.kernelTEXT</name>
         <load_address>0x20</load_address>
         <run_address>0x20</run_address>
         <size>0x345c</size>
         <input_file_ref idref="fl-21"/>
      </object_component>
      <object_component id="oc-1f2">
         <name>.kernelTEXT</name>
         <load_address>0x347c</load_address>
         <run_address>0x347c</run_address>
         <size>0x1464</size>
         <input_file_ref idref="fl-20"/>
      </object_component>
      <object_component id="oc-2e0">
         <name>.kernelTEXT</name>
         <load_address>0x48e0</load_address>
         <run_address>0x48e0</run_address>
         <size>0x85c</size>
         <input_file_ref idref="fl-1a"/>
      </object_component>
      <object_component id="oc-302">
         <name>.kernelTEXT</name>
         <load_address>0x513c</load_address>
         <run_address>0x513c</run_address>
         <size>0x3bc</size>
         <input_file_ref idref="fl-1e"/>
      </object_component>
      <object_component id="oc-b5">
         <name>.kernelTEXT</name>
         <load_address>0x54f8</load_address>
         <run_address>0x54f8</run_address>
         <size>0x3b0</size>
         <input_file_ref idref="fl-1f"/>
      </object_component>
      <object_component id="oc-2d4">
         <name>.kernelTEXT</name>
         <load_address>0x58a8</load_address>
         <run_address>0x58a8</run_address>
         <size>0x38c</size>
         <input_file_ref idref="fl-1b"/>
      </object_component>
      <object_component id="oc-6ec">
         <name>.cinit..data.load</name>
         <load_address>0x5c38</load_address>
         <run_address>0x5c38</run_address>
         <size>0xef</size>
      </object_component>
      <object_component id="oc-6ea">
         <name>.cinit..kernelBSS.load</name>
         <load_address>0x5d27</load_address>
         <run_address>0x5d27</run_address>
         <size>0xd</size>
      </object_component>
      <object_component id="oc-6e8">
         <name>__TI_handler_table</name>
         <load_address>0x5d34</load_address>
         <run_address>0x5d34</run_address>
         <size>0xc</size>
      </object_component>
      <object_component id="oc-6eb">
         <name>.cinit..bss.load</name>
         <load_address>0x5d40</load_address>
         <run_address>0x5d40</run_address>
         <size>0x8</size>
      </object_component>
      <object_component id="oc-6e9">
         <name>__TI_cinit_table</name>
         <load_address>0x5d48</load_address>
         <run_address>0x5d48</run_address>
         <size>0x18</size>
      </object_component>
      <object_component id="oc-8a">
         <name>.text</name>
         <load_address>0x8020</load_address>
         <run_address>0x8020</run_address>
         <size>0x2c10</size>
         <input_file_ref idref="fl-2e"/>
      </object_component>
      <object_component id="oc-431">
         <name>.text</name>
         <load_address>0xac30</load_address>
         <run_address>0xac30</run_address>
         <size>0x107a</size>
         <input_file_ref idref="fl-53"/>
      </object_component>
      <object_component id="oc-3e3">
         <name>.text</name>
         <load_address>0xbcaa</load_address>
         <run_address>0xbcaa</run_address>
         <size>0x2</size>
         <input_file_ref idref="fl-5f"/>
      </object_component>
      <object_component id="oc-134">
         <name>.text</name>
         <load_address>0xbcac</load_address>
         <run_address>0xbcac</run_address>
         <size>0xbd8</size>
         <input_file_ref idref="fl-24"/>
      </object_component>
      <object_component id="oc-15e">
         <name>.text</name>
         <load_address>0xc884</load_address>
         <run_address>0xc884</run_address>
         <size>0xb14</size>
         <input_file_ref idref="fl-1d"/>
      </object_component>
      <object_component id="oc-1d5">
         <name>.text</name>
         <load_address>0xd398</load_address>
         <run_address>0xd398</run_address>
         <size>0xb0c</size>
         <input_file_ref idref="fl-15"/>
      </object_component>
      <object_component id="oc-298">
         <name>.text</name>
         <load_address>0xdea4</load_address>
         <run_address>0xdea4</run_address>
         <size>0xaec</size>
         <input_file_ref idref="fl-11"/>
      </object_component>
      <object_component id="oc-84">
         <name>.text</name>
         <load_address>0xe990</load_address>
         <run_address>0xe990</run_address>
         <size>0xaa4</size>
         <input_file_ref idref="fl-31"/>
      </object_component>
      <object_component id="oc-4e">
         <name>.text</name>
         <load_address>0xf434</load_address>
         <run_address>0xf434</run_address>
         <size>0xa58</size>
         <input_file_ref idref="fl-30"/>
      </object_component>
      <object_component id="oc-c4">
         <name>.text</name>
         <load_address>0xfe8c</load_address>
         <run_address>0xfe8c</run_address>
         <size>0xa28</size>
         <input_file_ref idref="fl-2"/>
      </object_component>
      <object_component id="oc-353">
         <name>.text</name>
         <load_address>0x108b4</load_address>
         <run_address>0x108b4</run_address>
         <size>0x9c4</size>
         <input_file_ref idref="fl-3"/>
      </object_component>
      <object_component id="oc-103">
         <name>.text</name>
         <load_address>0x11278</load_address>
         <run_address>0x11278</run_address>
         <size>0x8bc</size>
         <input_file_ref idref="fl-17"/>
      </object_component>
      <object_component id="oc-35c">
         <name>.text</name>
         <load_address>0x11b34</load_address>
         <run_address>0x11b34</run_address>
         <size>0x890</size>
         <input_file_ref idref="fl-b"/>
      </object_component>
      <object_component id="oc-14c">
         <name>.text</name>
         <load_address>0x123c4</load_address>
         <run_address>0x123c4</run_address>
         <size>0x804</size>
         <input_file_ref idref="fl-4"/>
      </object_component>
      <object_component id="oc-1ec">
         <name>.text</name>
         <load_address>0x12bc8</load_address>
         <run_address>0x12bc8</run_address>
         <size>0x7a8</size>
         <input_file_ref idref="fl-23"/>
      </object_component>
      <object_component id="oc-347">
         <name>.text</name>
         <load_address>0x13370</load_address>
         <run_address>0x13370</run_address>
         <size>0x640</size>
         <input_file_ref idref="fl-5"/>
      </object_component>
      <object_component id="oc-90">
         <name>.text</name>
         <load_address>0x139b0</load_address>
         <run_address>0x139b0</run_address>
         <size>0x5d8</size>
         <input_file_ref idref="fl-13"/>
      </object_component>
      <object_component id="oc-12e">
         <name>.text</name>
         <load_address>0x13f88</load_address>
         <run_address>0x13f88</run_address>
         <size>0x484</size>
         <input_file_ref idref="fl-14"/>
      </object_component>
      <object_component id="oc-459">
         <name>.text</name>
         <load_address>0x1440c</load_address>
         <run_address>0x1440c</run_address>
         <size>0x478</size>
         <input_file_ref idref="fl-a"/>
      </object_component>
      <object_component id="oc-158">
         <name>.text</name>
         <load_address>0x14884</load_address>
         <run_address>0x14884</run_address>
         <size>0x450</size>
         <input_file_ref idref="fl-8"/>
      </object_component>
      <object_component id="oc-49e">
         <name>.text</name>
         <load_address>0x14cd4</load_address>
         <run_address>0x14cd4</run_address>
         <size>0x3d8</size>
         <input_file_ref idref="fl-44"/>
      </object_component>
      <object_component id="oc-7f">
         <name>.text</name>
         <load_address>0x150ac</load_address>
         <run_address>0x150ac</run_address>
         <size>0x34c</size>
         <input_file_ref idref="fl-25"/>
      </object_component>
      <object_component id="oc-4d">
         <name>.text:retain</name>
         <load_address>0x153f8</load_address>
         <run_address>0x153f8</run_address>
         <size>0x2cc</size>
         <input_file_ref idref="fl-30"/>
      </object_component>
      <object_component id="oc-513">
         <name>.text</name>
         <load_address>0x156c4</load_address>
         <run_address>0x156c4</run_address>
         <size>0x2b8</size>
         <input_file_ref idref="fl-69"/>
      </object_component>
      <object_component id="oc-2da">
         <name>.text</name>
         <load_address>0x1597c</load_address>
         <run_address>0x1597c</run_address>
         <size>0x29c</size>
         <input_file_ref idref="fl-1b"/>
      </object_component>
      <object_component id="oc-17e">
         <name>.text</name>
         <load_address>0x15c18</load_address>
         <run_address>0x15c18</run_address>
         <size>0x280</size>
         <input_file_ref idref="fl-9"/>
      </object_component>
      <object_component id="oc-2fc">
         <name>.text</name>
         <load_address>0x15e98</load_address>
         <run_address>0x15e98</run_address>
         <size>0x238</size>
         <input_file_ref idref="fl-1c"/>
      </object_component>
      <object_component id="oc-3c">
         <name>.text:retain</name>
         <load_address>0x160d0</load_address>
         <run_address>0x160d0</run_address>
         <size>0x204</size>
         <input_file_ref idref="fl-23"/>
      </object_component>
      <object_component id="oc-140">
         <name>.text</name>
         <load_address>0x162d4</load_address>
         <run_address>0x162d4</run_address>
         <size>0x1f8</size>
         <input_file_ref idref="fl-10"/>
      </object_component>
      <object_component id="oc-146">
         <name>.text</name>
         <load_address>0x164cc</load_address>
         <run_address>0x164cc</run_address>
         <size>0x1d8</size>
         <input_file_ref idref="fl-e"/>
      </object_component>
      <object_component id="oc-5ed">
         <name>.text</name>
         <load_address>0x166a4</load_address>
         <run_address>0x166a4</run_address>
         <size>0x1c8</size>
         <input_file_ref idref="fl-6a"/>
      </object_component>
      <object_component id="oc-21">
         <name>.text:retain</name>
         <load_address>0x1686c</load_address>
         <run_address>0x1686c</run_address>
         <size>0x1c0</size>
         <input_file_ref idref="fl-2f"/>
      </object_component>
      <object_component id="oc-cb">
         <name>.text</name>
         <load_address>0x16a2c</load_address>
         <run_address>0x16a2c</run_address>
         <size>0x1c0</size>
         <input_file_ref idref="fl-d"/>
      </object_component>
      <object_component id="oc-425">
         <name>.text</name>
         <load_address>0x16bec</load_address>
         <run_address>0x16bec</run_address>
         <size>0x1b4</size>
         <input_file_ref idref="fl-1e"/>
      </object_component>
      <object_component id="oc-a2">
         <name>.text</name>
         <load_address>0x16da0</load_address>
         <run_address>0x16da0</run_address>
         <size>0x1b4</size>
         <input_file_ref idref="fl-28"/>
      </object_component>
      <object_component id="oc-9c">
         <name>.text</name>
         <load_address>0x16f54</load_address>
         <run_address>0x16f54</run_address>
         <size>0x158</size>
         <input_file_ref idref="fl-7"/>
      </object_component>
      <object_component id="oc-3ec">
         <name>.text</name>
         <load_address>0x170ac</load_address>
         <run_address>0x170ac</run_address>
         <size>0x138</size>
         <input_file_ref idref="fl-3f"/>
      </object_component>
      <object_component id="oc-46b">
         <name>.text</name>
         <load_address>0x171e4</load_address>
         <run_address>0x171e4</run_address>
         <size>0x130</size>
         <input_file_ref idref="fl-4e"/>
      </object_component>
      <object_component id="oc-30">
         <name>.text:retain</name>
         <load_address>0x17314</load_address>
         <run_address>0x17314</run_address>
         <size>0x114</size>
         <input_file_ref idref="fl-13"/>
      </object_component>
      <object_component id="oc-af">
         <name>.text</name>
         <load_address>0x17428</load_address>
         <run_address>0x17428</run_address>
         <size>0x104</size>
         <input_file_ref idref="fl-16"/>
      </object_component>
      <object_component id="oc-2ce">
         <name>.text</name>
         <load_address>0x1752c</load_address>
         <run_address>0x1752c</run_address>
         <size>0x100</size>
         <input_file_ref idref="fl-21"/>
      </object_component>
      <object_component id="oc-51e">
         <name>.text</name>
         <load_address>0x1762c</load_address>
         <run_address>0x1762c</run_address>
         <size>0xf4</size>
         <input_file_ref idref="fl-63"/>
      </object_component>
      <object_component id="oc-d5">
         <name>.text</name>
         <load_address>0x17720</load_address>
         <run_address>0x17720</run_address>
         <size>0xe8</size>
         <input_file_ref idref="fl-12"/>
      </object_component>
      <object_component id="oc-396">
         <name>.text</name>
         <load_address>0x17808</load_address>
         <run_address>0x17808</run_address>
         <size>0xe0</size>
         <input_file_ref idref="fl-46"/>
      </object_component>
      <object_component id="oc-10b">
         <name>.text</name>
         <load_address>0x178e8</load_address>
         <run_address>0x178e8</run_address>
         <size>0xe0</size>
         <input_file_ref idref="fl-2d"/>
      </object_component>
      <object_component id="oc-594">
         <name>.text</name>
         <load_address>0x179c8</load_address>
         <run_address>0x179c8</run_address>
         <size>0xdc</size>
         <input_file_ref idref="fl-64"/>
      </object_component>
      <object_component id="oc-36">
         <name>.text:retain</name>
         <load_address>0x17aa4</load_address>
         <run_address>0x17aa4</run_address>
         <size>0xcc</size>
         <input_file_ref idref="fl-15"/>
      </object_component>
      <object_component id="oc-3f2">
         <name>.text</name>
         <load_address>0x17b70</load_address>
         <run_address>0x17b70</run_address>
         <size>0xcc</size>
         <input_file_ref idref="fl-3e"/>
      </object_component>
      <object_component id="oc-624">
         <name>.text</name>
         <load_address>0x17c3c</load_address>
         <run_address>0x17c3c</run_address>
         <size>0xbc</size>
         <input_file_ref idref="fl-6b"/>
      </object_component>
      <object_component id="oc-4d2">
         <name>.text</name>
         <load_address>0x17cf8</load_address>
         <run_address>0x17cf8</run_address>
         <size>0xae</size>
         <input_file_ref idref="fl-51"/>
      </object_component>
      <object_component id="oc-67">
         <name>.text</name>
         <load_address>0x17da6</load_address>
         <run_address>0x17da6</run_address>
         <size>0x9c</size>
         <input_file_ref idref="fl-43"/>
      </object_component>
      <object_component id="oc-11f">
         <name>.text</name>
         <load_address>0x17e42</load_address>
         <run_address>0x17e42</run_address>
         <size>0x2</size>
         <input_file_ref idref="fl-49"/>
      </object_component>
      <object_component id="oc-62a">
         <name>.text</name>
         <load_address>0x17e44</load_address>
         <run_address>0x17e44</run_address>
         <size>0x98</size>
         <input_file_ref idref="fl-6d"/>
      </object_component>
      <object_component id="oc-34d">
         <name>.text</name>
         <load_address>0x17edc</load_address>
         <run_address>0x17edc</run_address>
         <size>0x94</size>
         <input_file_ref idref="fl-47"/>
      </object_component>
      <object_component id="oc-73">
         <name>.text</name>
         <load_address>0x17f70</load_address>
         <run_address>0x17f70</run_address>
         <size>0x7a</size>
         <input_file_ref idref="fl-45"/>
      </object_component>
      <object_component id="oc-663">
         <name>.text</name>
         <load_address>0x17fec</load_address>
         <run_address>0x17fec</run_address>
         <size>0x74</size>
         <input_file_ref idref="fl-6e"/>
      </object_component>
      <object_component id="oc-518">
         <name>.text</name>
         <load_address>0x18060</load_address>
         <run_address>0x18060</run_address>
         <size>0x74</size>
         <input_file_ref idref="fl-62"/>
      </object_component>
      <object_component id="oc-13a">
         <name>.text</name>
         <load_address>0x180d4</load_address>
         <run_address>0x180d4</run_address>
         <size>0x74</size>
         <input_file_ref idref="fl-f"/>
      </object_component>
      <object_component id="oc-96">
         <name>.text</name>
         <load_address>0x18148</load_address>
         <run_address>0x18148</run_address>
         <size>0x70</size>
         <input_file_ref idref="fl-37"/>
      </object_component>
      <object_component id="oc-f">
         <name>.text:decompress:lzss</name>
         <load_address>0x181b8</load_address>
         <run_address>0x181b8</run_address>
         <size>0x6c</size>
         <input_file_ref idref="fl-38"/>
      </object_component>
      <object_component id="oc-659">
         <name>.text</name>
         <load_address>0x18224</load_address>
         <run_address>0x18224</run_address>
         <size>0x6c</size>
         <input_file_ref idref="fl-5c"/>
      </object_component>
      <object_component id="oc-67d">
         <name>.text</name>
         <load_address>0x18290</load_address>
         <run_address>0x18290</run_address>
         <size>0x6c</size>
         <input_file_ref idref="fl-68"/>
      </object_component>
      <object_component id="oc-64d">
         <name>.text</name>
         <load_address>0x182fc</load_address>
         <run_address>0x182fc</run_address>
         <size>0x68</size>
         <input_file_ref idref="fl-59"/>
      </object_component>
      <object_component id="oc-58e">
         <name>.text</name>
         <load_address>0x18364</load_address>
         <run_address>0x18364</run_address>
         <size>0x64</size>
         <input_file_ref idref="fl-57"/>
      </object_component>
      <object_component id="oc-311">
         <name>.text</name>
         <load_address>0x183c8</load_address>
         <run_address>0x183c8</run_address>
         <size>0x64</size>
         <input_file_ref idref="fl-48"/>
      </object_component>
      <object_component id="oc-152">
         <name>.text</name>
         <load_address>0x1842c</load_address>
         <run_address>0x1842c</run_address>
         <size>0x60</size>
         <input_file_ref idref="fl-c"/>
      </object_component>
      <object_component id="oc-635">
         <name>.text</name>
         <load_address>0x1848c</load_address>
         <run_address>0x1848c</run_address>
         <size>0x5c</size>
         <input_file_ref idref="fl-5a"/>
      </object_component>
      <object_component id="oc-641">
         <name>.text</name>
         <load_address>0x184e8</load_address>
         <run_address>0x184e8</run_address>
         <size>0x5c</size>
         <input_file_ref idref="fl-5b"/>
      </object_component>
      <object_component id="oc-66c">
         <name>.text</name>
         <load_address>0x18544</load_address>
         <run_address>0x18544</run_address>
         <size>0x58</size>
         <input_file_ref idref="fl-72"/>
      </object_component>
      <object_component id="oc-647">
         <name>.text</name>
         <load_address>0x1859c</load_address>
         <run_address>0x1859c</run_address>
         <size>0x58</size>
         <input_file_ref idref="fl-5e"/>
      </object_component>
      <object_component id="oc-27">
         <name>.text:retain</name>
         <load_address>0x185f4</load_address>
         <run_address>0x185f4</run_address>
         <size>0x54</size>
         <input_file_ref idref="fl-11"/>
      </object_component>
      <object_component id="oc-2a7">
         <name>.text</name>
         <load_address>0x18648</load_address>
         <run_address>0x18648</run_address>
         <size>0x54</size>
         <input_file_ref idref="fl-40"/>
      </object_component>
      <object_component id="oc-498">
         <name>.text</name>
         <load_address>0x1869c</load_address>
         <run_address>0x1869c</run_address>
         <size>0x54</size>
         <input_file_ref idref="fl-41"/>
      </object_component>
      <object_component id="oc-52a">
         <name>.text</name>
         <load_address>0x186f0</load_address>
         <run_address>0x186f0</run_address>
         <size>0x50</size>
         <input_file_ref idref="fl-54"/>
      </object_component>
      <object_component id="oc-a8">
         <name>.text</name>
         <load_address>0x18740</load_address>
         <run_address>0x18740</run_address>
         <size>0x50</size>
         <input_file_ref idref="fl-3d"/>
      </object_component>
      <object_component id="oc-317">
         <name>.text</name>
         <load_address>0x18790</load_address>
         <run_address>0x18790</run_address>
         <size>0x50</size>
         <input_file_ref idref="fl-4f"/>
      </object_component>
      <object_component id="oc-119">
         <name>.text</name>
         <load_address>0x187e0</load_address>
         <run_address>0x187e0</run_address>
         <size>0x4c</size>
         <input_file_ref idref="fl-3b"/>
      </object_component>
      <object_component id="oc-63b">
         <name>.text</name>
         <load_address>0x1882c</load_address>
         <run_address>0x1882c</run_address>
         <size>0x44</size>
         <input_file_ref idref="fl-58"/>
      </object_component>
      <object_component id="oc-653">
         <name>.text</name>
         <load_address>0x18870</load_address>
         <run_address>0x18870</run_address>
         <size>0x44</size>
         <input_file_ref idref="fl-5d"/>
      </object_component>
      <object_component id="oc-45f">
         <name>.text</name>
         <load_address>0x188b4</load_address>
         <run_address>0x188b4</run_address>
         <size>0x40</size>
         <input_file_ref idref="fl-4d"/>
      </object_component>
      <object_component id="oc-693">
         <name>.text</name>
         <load_address>0x188f4</load_address>
         <run_address>0x188f4</run_address>
         <size>0x36</size>
         <input_file_ref idref="fl-70"/>
      </object_component>
      <object_component id="oc-2ae">
         <name>.text</name>
         <load_address>0x1892c</load_address>
         <run_address>0x1892c</run_address>
         <size>0x2c</size>
         <input_file_ref idref="fl-36"/>
      </object_component>
      <object_component id="oc-672">
         <name>.text</name>
         <load_address>0x18958</load_address>
         <run_address>0x18958</run_address>
         <size>0x2c</size>
         <input_file_ref idref="fl-71"/>
      </object_component>
      <object_component id="oc-558">
         <name>.text</name>
         <load_address>0x18984</load_address>
         <run_address>0x18984</run_address>
         <size>0x2a</size>
         <input_file_ref idref="fl-67"/>
      </object_component>
      <object_component id="oc-5e5">
         <name>.text</name>
         <load_address>0x189b0</load_address>
         <run_address>0x189b0</run_address>
         <size>0x28</size>
         <input_file_ref idref="fl-60"/>
      </object_component>
      <object_component id="oc-4de">
         <name>.text</name>
         <load_address>0x189d8</load_address>
         <run_address>0x189d8</run_address>
         <size>0x28</size>
         <input_file_ref idref="fl-50"/>
      </object_component>
      <object_component id="oc-55e">
         <name>.text</name>
         <load_address>0x18a00</load_address>
         <run_address>0x18a00</run_address>
         <size>0x22</size>
         <input_file_ref idref="fl-66"/>
      </object_component>
      <object_component id="oc-4d8">
         <name>.text</name>
         <load_address>0x18a22</load_address>
         <run_address>0x18a22</run_address>
         <size>0x20</size>
         <input_file_ref idref="fl-42"/>
      </object_component>
      <object_component id="oc-530">
         <name>.text</name>
         <load_address>0x18a42</load_address>
         <run_address>0x18a42</run_address>
         <size>0x1c</size>
         <input_file_ref idref="fl-61"/>
      </object_component>
      <object_component id="oc-5b3">
         <name>.text</name>
         <load_address>0x18a5e</load_address>
         <run_address>0x18a5e</run_address>
         <size>0x18</size>
         <input_file_ref idref="fl-6c"/>
      </object_component>
      <object_component id="oc-465">
         <name>.text</name>
         <load_address>0x18a76</load_address>
         <run_address>0x18a76</run_address>
         <size>0x18</size>
         <input_file_ref idref="fl-4a"/>
      </object_component>
      <object_component id="oc-524">
         <name>.text</name>
         <load_address>0x18a8e</load_address>
         <run_address>0x18a8e</run_address>
         <size>0x16</size>
         <input_file_ref idref="fl-65"/>
      </object_component>
      <object_component id="oc-1f8">
         <name>.text</name>
         <load_address>0x18aa4</load_address>
         <run_address>0x18aa4</run_address>
         <size>0x16</size>
         <input_file_ref idref="fl-4c"/>
      </object_component>
      <object_component id="oc-36d">
         <name>.text</name>
         <load_address>0x18abc</load_address>
         <run_address>0x18abc</run_address>
         <size>0x14</size>
         <input_file_ref idref="fl-52"/>
      </object_component>
      <object_component id="oc-30b">
         <name>.text</name>
         <load_address>0x18ad0</load_address>
         <run_address>0x18ad0</run_address>
         <size>0x14</size>
         <input_file_ref idref="fl-4b"/>
      </object_component>
      <object_component id="oc-15">
         <name>.text:decompress:none</name>
         <load_address>0x18ae4</load_address>
         <run_address>0x18ae4</run_address>
         <size>0xe</size>
         <input_file_ref idref="fl-39"/>
      </object_component>
      <object_component id="oc-1b">
         <name>.text:decompress:ZI</name>
         <load_address>0x18af2</load_address>
         <run_address>0x18af2</run_address>
         <size>0xc</size>
         <input_file_ref idref="fl-3a"/>
      </object_component>
      <object_component id="oc-47">
         <name>.text:retain</name>
         <load_address>0x18b00</load_address>
         <run_address>0x18b00</run_address>
         <size>0x4</size>
         <input_file_ref idref="fl-2b"/>
      </object_component>
      <object_component id="oc-28">
         <name>.const:s_vim_init</name>
         <load_address>0x18b04</load_address>
         <run_address>0x18b04</run_address>
         <size>0x200</size>
         <input_file_ref idref="fl-30"/>
      </object_component>
      <object_component id="oc-56b">
         <name>.const:.string:_ctypes_</name>
         <load_address>0x18d04</load_address>
         <run_address>0x18d04</run_address>
         <size>0x101</size>
         <input_file_ref idref="fl-55"/>
      </object_component>
      <object_component id="oc-47f">
         <name>.const:.string:$P$T6$3</name>
         <load_address>0x18e05</load_address>
         <run_address>0x18e05</run_address>
         <size>0x2</size>
         <input_file_ref idref="fl-3"/>
      </object_component>
      <object_component id="oc-57d">
         <name>.const:.string</name>
         <load_address>0x18e08</load_address>
         <run_address>0x18e08</run_address>
         <size>0xa4</size>
         <input_file_ref idref="fl-3"/>
      </object_component>
      <object_component id="oc-289">
         <name>.const:.string</name>
         <load_address>0x18eac</load_address>
         <run_address>0x18eac</run_address>
         <size>0x94</size>
         <input_file_ref idref="fl-7"/>
      </object_component>
      <object_component id="oc-407">
         <name>.const:.string</name>
         <load_address>0x18f40</load_address>
         <run_address>0x18f40</run_address>
         <size>0x34</size>
         <input_file_ref idref="fl-8"/>
      </object_component>
      <object_component id="oc-2b9">
         <name>.const:cumulativeSecondsInMonth</name>
         <load_address>0x18f74</load_address>
         <run_address>0x18f74</run_address>
         <size>0x30</size>
         <input_file_ref idref="fl-4"/>
      </object_component>
      <object_component id="oc-365">
         <name>.const:$P$T6$2</name>
         <load_address>0x18fa4</load_address>
         <run_address>0x18fa4</run_address>
         <size>0x24</size>
         <input_file_ref idref="fl-9"/>
      </object_component>
      <object_component id="oc-2c3">
         <name>.const:TRANSITION_TABLE</name>
         <load_address>0x18fc8</load_address>
         <run_address>0x18fc8</run_address>
         <size>0x24</size>
         <input_file_ref idref="fl-8"/>
      </object_component>
      <object_component id="oc-1df">
         <name>.const:$P$T0$1</name>
         <load_address>0x18fec</load_address>
         <run_address>0x18fec</run_address>
         <size>0x20</size>
         <input_file_ref idref="fl-2"/>
      </object_component>
      <object_component id="oc-4a4">
         <name>.const:$P$T0$1</name>
         <load_address>0x1900c</load_address>
         <run_address>0x1900c</run_address>
         <size>0x20</size>
         <input_file_ref idref="fl-b"/>
      </object_component>
      <object_component id="oc-1e5">
         <name>.const:$P$T2$3</name>
         <load_address>0x1902c</load_address>
         <run_address>0x1902c</run_address>
         <size>0x20</size>
         <input_file_ref idref="fl-2"/>
      </object_component>
      <object_component id="oc-362">
         <name>.const:$P$T5$1</name>
         <load_address>0x1904c</load_address>
         <run_address>0x1904c</run_address>
         <size>0x18</size>
         <input_file_ref idref="fl-9"/>
      </object_component>
      <object_component id="oc-472">
         <name>.const:$P$T5$2</name>
         <load_address>0x19064</load_address>
         <run_address>0x19064</run_address>
         <size>0x18</size>
         <input_file_ref idref="fl-3"/>
      </object_component>
      <object_component id="oc-449">
         <name>.const:$P$T6$1</name>
         <load_address>0x1907c</load_address>
         <run_address>0x1907c</run_address>
         <size>0x18</size>
         <input_file_ref idref="fl-5"/>
      </object_component>
      <object_component id="oc-488">
         <name>.const:$P$T7$4</name>
         <load_address>0x19094</load_address>
         <run_address>0x19094</run_address>
         <size>0x18</size>
         <input_file_ref idref="fl-3"/>
      </object_component>
      <object_component id="oc-47c">
         <name>.const:CMD_FUNCS</name>
         <load_address>0x190ac</load_address>
         <run_address>0x190ac</run_address>
         <size>0x18</size>
         <input_file_ref idref="fl-3"/>
      </object_component>
      <object_component id="oc-3d5">
         <name>.const:s_adcFiFoSize</name>
         <load_address>0x190c4</load_address>
         <run_address>0x190c4</run_address>
         <size>0x18</size>
         <input_file_ref idref="fl-11"/>
      </object_component>
      <object_component id="oc-3d8">
         <name>.const:s_adcSelect</name>
         <load_address>0x190dc</load_address>
         <run_address>0x190dc</run_address>
         <size>0x18</size>
         <input_file_ref idref="fl-11"/>
      </object_component>
      <object_component id="oc-2a3">
         <name>.const:.string:$P$T1$2</name>
         <load_address>0x190f4</load_address>
         <run_address>0x190f4</run_address>
         <size>0x13</size>
         <input_file_ref idref="fl-10"/>
      </object_component>
      <object_component id="oc-2a0">
         <name>.const:.string:$P$T0$1</name>
         <load_address>0x19107</load_address>
         <run_address>0x19107</run_address>
         <size>0x10</size>
         <input_file_ref idref="fl-10"/>
      </object_component>
      <object_component id="oc-1e2">
         <name>.const:$P$T1$2</name>
         <load_address>0x19118</load_address>
         <run_address>0x19118</run_address>
         <size>0xc</size>
         <input_file_ref idref="fl-2"/>
      </object_component>
      <object_component id="oc-2c0">
         <name>.const:STATE_TABLE</name>
         <load_address>0x19124</load_address>
         <run_address>0x19124</run_address>
         <size>0xc</size>
         <input_file_ref idref="fl-8"/>
      </object_component>
      <object_component id="oc-551">
         <name>.const:$P$T0$1</name>
         <load_address>0x19130</load_address>
         <run_address>0x19130</run_address>
         <size>0x6</size>
         <input_file_ref idref="fl-a"/>
      </object_component>
      <object_component id="oc-554">
         <name>.const:$P$T1$2</name>
         <load_address>0x19136</load_address>
         <run_address>0x19136</run_address>
         <size>0x6</size>
         <input_file_ref idref="fl-a"/>
      </object_component>
      <object_component id="oc-40e">
         <name>.const</name>
         <load_address>0x1913c</load_address>
         <run_address>0x1913c</run_address>
         <size>0x4</size>
         <input_file_ref idref="fl-1b"/>
      </object_component>
      <object_component id="oc-1ac">
         <name>.kernelBSS</name>
         <load_address>0x8000920</load_address>
         <run_address>0x8000920</run_address>
         <size>0x8</size>
         <input_file_ref idref="fl-1e"/>
      </object_component>
      <object_component id="oc-1a9">
         <name>.kernelBSS:init</name>
         <load_address>0x80008e4</load_address>
         <run_address>0x80008e4</run_address>
         <size>0x3c</size>
         <input_file_ref idref="fl-21"/>
      </object_component>
      <object_component id="oc-308">
         <name>.kernelBSS:uninit</name>
         <load_address>0x8000800</load_address>
         <run_address>0x8000800</run_address>
         <size>0xe4</size>
         <input_file_ref idref="fl-21"/>
      </object_component>
      <object_component id="oc-475">
         <name>.bss:event$1</name>
         <uninitialized>true</uninitialized>
         <run_address>0x8004a34</run_address>
         <size>0x24</size>
         <input_file_ref idref="fl-3"/>
      </object_component>
      <object_component id="oc-416">
         <name>.bss:ucHeap</name>
         <uninitialized>true</uninitialized>
         <run_address>0x8001000</run_address>
         <size>0x36b0</size>
         <input_file_ref idref="fl-1b"/>
      </object_component>
      <object_component id="oc-411">
         <name>.bss:xStart</name>
         <uninitialized>true</uninitialized>
         <run_address>0x8004a84</run_address>
         <size>0x8</size>
         <input_file_ref idref="fl-1b"/>
      </object_component>
      <object_component id="oc-d1">
         <name>.bss:g_sciTransfer_t</name>
         <uninitialized>true</uninitialized>
         <run_address>0x80049e4</run_address>
         <size>0x28</size>
         <input_file_ref idref="fl-23"/>
      </object_component>
      <object_component id="oc-28e">
         <name>.bss:g_spiPacket_t</name>
         <uninitialized>true</uninitialized>
         <run_address>0x800496c</run_address>
         <size>0x78</size>
         <input_file_ref idref="fl-24"/>
      </object_component>
      <object_component id="oc-6a3">
         <name>.bss:_CIOBUF_</name>
         <uninitialized>true</uninitialized>
         <run_address>0x80046b0</run_address>
         <size>0x120</size>
         <input_file_ref idref="fl-68"/>
      </object_component>
      <object_component id="oc-1e8">
         <name>.common:TG0_IS_Complete</name>
         <uninitialized>true</uninitialized>
         <run_address>0x8004a94</run_address>
         <size>0x4</size>
      </object_component>
      <object_component id="oc-1db">
         <name>.common:TG1_IS_Complete</name>
         <uninitialized>true</uninitialized>
         <run_address>0x8004a98</run_address>
         <size>0x4</size>
      </object_component>
      <object_component id="oc-1e9">
         <name>.common:TG2_IS_Complete</name>
         <uninitialized>true</uninitialized>
         <run_address>0x8004aa0</run_address>
         <size>0x4</size>
      </object_component>
      <object_component id="oc-1ea">
         <name>.common:TG3_IS_Complete</name>
         <uninitialized>true</uninitialized>
         <run_address>0x8004aa4</run_address>
         <size>0x4</size>
      </object_component>
      <object_component id="oc-1de">
         <name>.common:TG3_RX</name>
         <uninitialized>true</uninitialized>
         <run_address>0x8004a0c</run_address>
         <size>0x28</size>
      </object_component>
      <object_component id="oc-1dc">
         <name>.common:TG1_RX</name>
         <uninitialized>true</uninitialized>
         <run_address>0x8004a9c</run_address>
         <size>0x4</size>
      </object_component>
      <object_component id="oc-1dd">
         <name>.common:dummyBytes_16</name>
         <uninitialized>true</uninitialized>
         <run_address>0x8004a58</run_address>
         <size>0x20</size>
      </object_component>
      <object_component id="oc-2bd">
         <name>.common:addressWritten</name>
         <uninitialized>true</uninitialized>
         <run_address>0x8004aa8</run_address>
         <size>0x4</size>
      </object_component>
      <object_component id="oc-2be">
         <name>.common:lastRead</name>
         <uninitialized>true</uninitialized>
         <run_address>0x8004ab0</run_address>
         <size>0x4</size>
      </object_component>
      <object_component id="oc-16e">
         <name>.common:xFlashMutex</name>
         <uninitialized>true</uninitialized>
         <run_address>0x8004abc</run_address>
         <size>0x4</size>
      </object_component>
      <object_component id="oc-471">
         <name>.common:buffer</name>
         <uninitialized>true</uninitialized>
         <run_address>0x80047d0</run_address>
         <size>0xfc</size>
      </object_component>
      <object_component id="oc-177">
         <name>.common:xRTCMutex</name>
         <uninitialized>true</uninitialized>
         <run_address>0x8004ac4</run_address>
         <size>0x4</size>
      </object_component>
      <object_component id="oc-2b7">
         <name>.common:rtc_spiConfig</name>
         <uninitialized>true</uninitialized>
         <run_address>0x8004ab4</run_address>
         <size>0x4</size>
      </object_component>
      <object_component id="oc-2b8">
         <name>.common:epochOffset</name>
         <uninitialized>true</uninitialized>
         <run_address>0x8004aac</run_address>
         <size>0x4</size>
      </object_component>
      <object_component id="oc-54e">
         <name>.common:spiDataConfig</name>
         <uninitialized>true</uninitialized>
         <run_address>0x8004ab8</run_address>
         <size>0x4</size>
      </object_component>
      <object_component id="oc-127">
         <name>.common:startData</name>
         <uninitialized>true</uninitialized>
         <run_address>0x8004ad9</run_address>
         <size>0x1</size>
      </object_component>
      <object_component id="oc-2c6">
         <name>.common:cur_state</name>
         <uninitialized>true</uninitialized>
         <run_address>0x8004ad8</run_address>
         <size>0x1</size>
      </object_component>
      <object_component id="oc-2c9">
         <name>.common:state_persistent_data</name>
         <uninitialized>true</uninitialized>
         <run_address>0x8004a78</run_address>
         <size>0xc</size>
      </object_component>
      <object_component id="oc-54a">
         <name>.common:xRadioTXQueue</name>
         <uninitialized>true</uninitialized>
         <run_address>0x8004acc</run_address>
         <size>0x4</size>
      </object_component>
      <object_component id="oc-54d">
         <name>.common:xRadioRXQueue</name>
         <uninitialized>true</uninitialized>
         <run_address>0x8004ac8</run_address>
         <size>0x4</size>
      </object_component>
      <object_component id="oc-4a7">
         <name>.common:xQueue</name>
         <uninitialized>true</uninitialized>
         <run_address>0x8004ac0</run_address>
         <size>0x4</size>
      </object_component>
      <object_component id="oc-16a">
         <name>.common:xSerialTXQueue</name>
         <uninitialized>true</uninitialized>
         <run_address>0x8004ad4</run_address>
         <size>0x4</size>
      </object_component>
      <object_component id="oc-16d">
         <name>.common:xSerialRXQueue</name>
         <uninitialized>true</uninitialized>
         <run_address>0x8004ad0</run_address>
         <size>0x4</size>
      </object_component>
      <object_component id="oc-678">
         <name>.common:__TI_tmpnams</name>
         <uninitialized>true</uninitialized>
         <run_address>0x80048cc</run_address>
         <size>0xa0</size>
      </object_component>
      <object_component id="oc-683">
         <name>.common:parmbuf</name>
         <uninitialized>true</uninitialized>
         <run_address>0x8004a8c</run_address>
         <size>0x8</size>
      </object_component>
      <object_component id="oc-485">
         <name>.data:CMD_DBG_STRINGS</name>
         <load_address>0x8005500</load_address>
         <run_address>0x8005500</run_address>
         <size>0xf0</size>
         <input_file_ref idref="fl-3"/>
      </object_component>
      <object_component id="oc-482">
         <name>.data:CMD_NAMES</name>
         <load_address>0x80057ec</load_address>
         <run_address>0x80057ec</run_address>
         <size>0x18</size>
         <input_file_ref idref="fl-3"/>
      </object_component>
      <object_component id="oc-476">
         <name>.data:testCMD</name>
         <load_address>0x8005804</load_address>
         <run_address>0x8005804</run_address>
         <size>0x18</size>
         <input_file_ref idref="fl-3"/>
      </object_component>
      <object_component id="oc-479">
         <name>.data:testSCHED</name>
         <load_address>0x800581c</load_address>
         <run_address>0x800581c</run_address>
         <size>0x14</size>
         <input_file_ref idref="fl-3"/>
      </object_component>
      <object_component id="oc-2b4">
         <name>.data</name>
         <load_address>0x8005880</load_address>
         <run_address>0x8005880</run_address>
         <size>0x8</size>
         <input_file_ref idref="fl-4"/>
      </object_component>
      <object_component id="oc-446">
         <name>.data:schedule</name>
         <load_address>0x80052e0</load_address>
         <run_address>0x80052e0</run_address>
         <size>0x220</size>
         <input_file_ref idref="fl-5"/>
      </object_component>
      <object_component id="oc-12a">
         <name>.data:STARTUP_STRING</name>
         <load_address>0x80057cc</load_address>
         <run_address>0x80057cc</run_address>
         <size>0x20</size>
         <input_file_ref idref="fl-7"/>
      </object_component>
      <object_component id="oc-2ca">
         <name>.data:stateNameString</name>
         <load_address>0x8005850</load_address>
         <run_address>0x8005850</run_address>
         <size>0x10</size>
         <input_file_ref idref="fl-8"/>
      </object_component>
      <object_component id="oc-359">
         <name>.data</name>
         <load_address>0x80057a8</load_address>
         <run_address>0x80057a8</run_address>
         <size>0x24</size>
         <input_file_ref idref="fl-9"/>
      </object_component>
      <object_component id="oc-1fe">
         <name>.data</name>
         <load_address>0x8005898</load_address>
         <run_address>0x8005898</run_address>
         <size>0x1</size>
         <input_file_ref idref="fl-d"/>
      </object_component>
      <object_component id="oc-40b">
         <name>.data</name>
         <load_address>0x8005830</load_address>
         <run_address>0x8005830</run_address>
         <size>0x10</size>
         <input_file_ref idref="fl-1b"/>
      </object_component>
      <object_component id="oc-3f8">
         <name>.data:_ftable</name>
         <load_address>0x80055f0</load_address>
         <run_address>0x80055f0</run_address>
         <size>0xf0</size>
         <input_file_ref idref="fl-3c"/>
      </object_component>
      <object_component id="oc-4e6">
         <name>.data</name>
         <load_address>0x8005840</load_address>
         <run_address>0x8005840</run_address>
         <size>0x10</size>
         <input_file_ref idref="fl-3c"/>
      </object_component>
      <object_component id="oc-199">
         <name>.data:$O1$$</name>
         <load_address>0x8005860</load_address>
         <run_address>0x8005860</run_address>
         <size>0xc</size>
         <input_file_ref idref="fl-3d"/>
      </object_component>
      <object_component id="oc-586">
         <name>.data:$O1$$</name>
         <load_address>0x800586c</load_address>
         <run_address>0x800586c</run_address>
         <size>0xc</size>
         <input_file_ref idref="fl-44"/>
      </object_component>
      <object_component id="oc-564">
         <name>.data</name>
         <load_address>0x8005894</load_address>
         <run_address>0x8005894</run_address>
         <size>0x4</size>
         <input_file_ref idref="fl-4d"/>
      </object_component>
      <object_component id="oc-5fe">
         <name>.data:_device</name>
         <load_address>0x80056e0</load_address>
         <run_address>0x80056e0</run_address>
         <size>0x78</size>
         <input_file_ref idref="fl-50"/>
      </object_component>
      <object_component id="oc-59e">
         <name>.data:_stream</name>
         <load_address>0x8005758</load_address>
         <run_address>0x8005758</run_address>
         <size>0x50</size>
         <input_file_ref idref="fl-50"/>
      </object_component>
      <object_component id="oc-19c">
         <name>.data:$O1$$</name>
         <load_address>0x8005878</load_address>
         <run_address>0x8005878</run_address>
         <size>0x8</size>
         <input_file_ref idref="fl-52"/>
      </object_component>
      <object_component id="oc-56e">
         <name>.data</name>
         <load_address>0x8005888</load_address>
         <run_address>0x8005888</run_address>
         <size>0x4</size>
         <input_file_ref idref="fl-56"/>
      </object_component>
      <object_component id="oc-630">
         <name>.data</name>
         <load_address>0x800588c</load_address>
         <run_address>0x800588c</run_address>
         <size>0x4</size>
         <input_file_ref idref="fl-6a"/>
      </object_component>
      <object_component id="oc-669">
         <name>.data</name>
         <load_address>0x8005890</load_address>
         <run_address>0x8005890</run_address>
         <size>0x4</size>
         <input_file_ref idref="fl-6b"/>
      </object_component>
      <object_component id="oc-59">
         <name>.sysmem</name>
         <uninitialized>true</uninitialized>
         <run_address>0x8004ae0</run_address>
         <size>0x8</size>
         <input_file_ref idref="fl-44"/>
      </object_component>
      <object_component id="oc-6ed">
         <name>.sysmem</name>
         <uninitialized>true</uninitialized>
         <run_address>0x8004ae0</run_address>
         <size>0x0</size>
      </object_component>
      <object_component id="oc-16f">
         <name>.debug_info</name>
         <load_address>0x0</load_address>
         <run_address>0x0</run_address>
         <size>0x7dd</size>
         <input_file_ref idref="fl-2"/>
      </object_component>
      <object_component id="oc-1e0">
         <name>.debug_info</name>
         <load_address>0x7dd</load_address>
         <run_address>0x7dd</run_address>
         <size>0xd6</size>
         <input_file_ref idref="fl-2"/>
      </object_component>
      <object_component id="oc-1e3">
         <name>.debug_info</name>
         <load_address>0x8b3</load_address>
         <run_address>0x8b3</run_address>
         <size>0xd6</size>
         <input_file_ref idref="fl-2"/>
      </object_component>
      <object_component id="oc-1e6">
         <name>.debug_info</name>
         <load_address>0x989</load_address>
         <run_address>0x989</run_address>
         <size>0xd6</size>
         <input_file_ref idref="fl-2"/>
      </object_component>
      <object_component id="oc-c5">
         <name>.debug_info</name>
         <load_address>0xa5f</load_address>
         <run_address>0xa5f</run_address>
         <size>0x156c</size>
         <input_file_ref idref="fl-2"/>
      </object_component>
      <object_component id="oc-bf">
         <name>.debug_info</name>
         <load_address>0x1fcb</load_address>
         <run_address>0x1fcb</run_address>
         <size>0x157</size>
         <input_file_ref idref="fl-2"/>
      </object_component>
      <object_component id="oc-21e">
         <name>.debug_info</name>
         <load_address>0x2122</load_address>
         <run_address>0x2122</run_address>
         <size>0x4de</size>
         <input_file_ref idref="fl-2"/>
      </object_component>
      <object_component id="oc-27f">
         <name>.debug_info</name>
         <load_address>0x2600</load_address>
         <run_address>0x2600</run_address>
         <size>0x3f8</size>
         <input_file_ref idref="fl-2"/>
      </object_component>
      <object_component id="oc-194">
         <name>.debug_info</name>
         <load_address>0x29f8</load_address>
         <run_address>0x29f8</run_address>
         <size>0xe1</size>
         <input_file_ref idref="fl-2"/>
      </object_component>
      <object_component id="oc-293">
         <name>.debug_info</name>
         <load_address>0x2ad9</load_address>
         <run_address>0x2ad9</run_address>
         <size>0x375</size>
         <input_file_ref idref="fl-2"/>
      </object_component>
      <object_component id="oc-18a">
         <name>.debug_info</name>
         <load_address>0x2e4e</load_address>
         <run_address>0x2e4e</run_address>
         <size>0x8b</size>
         <input_file_ref idref="fl-2"/>
      </object_component>
      <object_component id="oc-2ed">
         <name>.debug_info</name>
         <load_address>0x2ed9</load_address>
         <run_address>0x2ed9</run_address>
         <size>0x46</size>
         <input_file_ref idref="fl-2"/>
      </object_component>
      <object_component id="oc-325">
         <name>.debug_info</name>
         <load_address>0x2f1f</load_address>
         <run_address>0x2f1f</run_address>
         <size>0x2c</size>
         <input_file_ref idref="fl-2"/>
      </object_component>
      <object_component id="oc-2e8">
         <name>.debug_info</name>
         <load_address>0x2f4b</load_address>
         <run_address>0x2f4b</run_address>
         <size>0x2c</size>
         <input_file_ref idref="fl-2"/>
      </object_component>
      <object_component id="oc-18f">
         <name>.debug_info</name>
         <load_address>0x2f77</load_address>
         <run_address>0x2f77</run_address>
         <size>0x18b</size>
         <input_file_ref idref="fl-2"/>
      </object_component>
      <object_component id="oc-2f2">
         <name>.debug_info</name>
         <load_address>0x3102</load_address>
         <run_address>0x3102</run_address>
         <size>0x46</size>
         <input_file_ref idref="fl-2"/>
      </object_component>
      <object_component id="oc-e2">
         <name>.debug_info</name>
         <load_address>0x3148</load_address>
         <run_address>0x3148</run_address>
         <size>0x86</size>
         <input_file_ref idref="fl-2"/>
      </object_component>
      <object_component id="oc-38b">
         <name>.debug_info</name>
         <load_address>0x31ce</load_address>
         <run_address>0x31ce</run_address>
         <size>0x44e</size>
         <input_file_ref idref="fl-2"/>
      </object_component>
      <object_component id="oc-1bc">
         <name>.debug_info</name>
         <load_address>0x361c</load_address>
         <run_address>0x361c</run_address>
         <size>0x1f9</size>
         <input_file_ref idref="fl-2"/>
      </object_component>
      <object_component id="oc-3c7">
         <name>.debug_info</name>
         <load_address>0x3815</load_address>
         <run_address>0x3815</run_address>
         <size>0x12a</size>
         <input_file_ref idref="fl-2"/>
      </object_component>
      <object_component id="oc-275">
         <name>.debug_info</name>
         <load_address>0x393f</load_address>
         <run_address>0x393f</run_address>
         <size>0x26c</size>
         <input_file_ref idref="fl-2"/>
      </object_component>
      <object_component id="oc-369">
         <name>.debug_info</name>
         <load_address>0x3bab</load_address>
         <run_address>0x3bab</run_address>
         <size>0xa32</size>
         <input_file_ref idref="fl-3"/>
      </object_component>
      <object_component id="oc-486">
         <name>.debug_info</name>
         <load_address>0x45dd</load_address>
         <run_address>0x45dd</run_address>
         <size>0xe4</size>
         <input_file_ref idref="fl-3"/>
      </object_component>
      <object_component id="oc-483">
         <name>.debug_info</name>
         <load_address>0x46c1</load_address>
         <run_address>0x46c1</run_address>
         <size>0xd8</size>
         <input_file_ref idref="fl-3"/>
      </object_component>
      <object_component id="oc-47d">
         <name>.debug_info</name>
         <load_address>0x4799</load_address>
         <run_address>0x4799</run_address>
         <size>0xd8</size>
         <input_file_ref idref="fl-3"/>
      </object_component>
      <object_component id="oc-477">
         <name>.debug_info</name>
         <load_address>0x4871</load_address>
         <run_address>0x4871</run_address>
         <size>0xd4</size>
         <input_file_ref idref="fl-3"/>
      </object_component>
      <object_component id="oc-47a">
         <name>.debug_info</name>
         <load_address>0x4945</load_address>
         <run_address>0x4945</run_address>
         <size>0xd8</size>
         <input_file_ref idref="fl-3"/>
      </object_component>
      <object_component id="oc-473">
         <name>.debug_info</name>
         <load_address>0x4a1d</load_address>
         <run_address>0x4a1d</run_address>
         <size>0xd2</size>
         <input_file_ref idref="fl-3"/>
      </object_component>
      <object_component id="oc-480">
         <name>.debug_info</name>
         <load_address>0x4aef</load_address>
[...]
         <name>vimDisableInterrupt</name>
         <value>0xf774</value>
         <object_component_ref idref="oc-4e"/>
      </symbol>
      <symbol id="sm-1167">
         <name>vimGetConfigValue</name>
         <value>0xf820</value>
         <object_component_ref idref="oc-4e"/>
      </symbol>
      <symbol id="sm-1168">
         <name>vimParityErrorHandler</name>
         <value>0x153f8</value>
         <object_component_ref idref="oc-4d"/>
      </symbol>
      <symbol id="sm-11bd">
         <name>systemGetConfigValue</name>
         <value>0xecb8</value>
         <object_component_ref idref="oc-84"/>
      </symbol>
      <symbol id="sm-11be">
         <name>trimLPO</name>
         <value>0xe9e0</value>
         <object_component_ref idref="oc-84"/>
      </symbol>
      <symbol id="sm-11bf">
         <name>systemInit</name>
         <value>0xebbc</value>
         <object_component_ref idref="oc-84"/>
      </symbol>
      <symbol id="sm-11c0">
         <name>tcmflashGetConfigValue</name>
         <value>0xf094</value>
         <object_component_ref idref="oc-84"/>
      </symbol>
      <symbol id="sm-11c1">
         <name>sramGetConfigValue</name>
         <value>0xf240</value>
         <object_component_ref idref="oc-84"/>
      </symbol>
      <symbol id="sm-11c2">
         <name>periphInit</name>
         <value>0xea68</value>
         <object_component_ref idref="oc-84"/>
      </symbol>
      <symbol id="sm-11c3">
         <name>setupFlash</name>
         <value>0xea28</value>
         <object_component_ref idref="oc-84"/>
      </symbol>
      <symbol id="sm-11c4">
         <name>setupPLL</name>
         <value>0xe990</value>
         <object_component_ref idref="oc-84"/>
      </symbol>
      <symbol id="sm-11c5">
         <name>mapClocks</name>
         <value>0xeabc</value>
         <object_component_ref idref="oc-84"/>
      </symbol>
      <symbol id="sm-11c6">
         <name>systemPowerDown</name>
         <value>0xec88</value>
         <object_component_ref idref="oc-84"/>
      </symbol>
      <symbol id="sm-11dd">
         <name>_nassert</name>
         <value>0x1892d</value>
         <object_component_ref idref="oc-2ae"/>
      </symbol>
      <symbol id="sm-11de">
         <name>_assert</name>
         <value>0x18945</value>
         <object_component_ref idref="oc-2ae"/>
      </symbol>
      <symbol id="sm-11df">
         <name>_abort_msg</name>
         <value>0x1892f</value>
         <object_component_ref idref="oc-2ae"/>
      </symbol>
      <symbol id="sm-1209">
         <name>__TI_auto_init</name>
         <value>0x18149</value>
         <object_component_ref idref="oc-96"/>
      </symbol>
      <symbol id="sm-1227">
         <name>__TI_decompress_lzss</name>
         <value>0x181b9</value>
         <object_component_ref idref="oc-f"/>
      </symbol>
      <symbol id="sm-123e">
         <name>__TI_decompress_none</name>
         <value>0x18ae5</value>
         <object_component_ref idref="oc-15"/>
      </symbol>
      <symbol id="sm-1250">
         <name>__TI_zero_init</name>
         <value>0x18af3</value>
         <object_component_ref idref="oc-1b"/>
      </symbol>
      <symbol id="sm-126a">
         <name>copy_in</name>
         <value>0x187e1</value>
         <object_component_ref idref="oc-119"/>
      </symbol>
      <symbol id="sm-127f">
         <name>__TI_tmpnams</name>
         <value>0x80048cc</value>
      </symbol>
      <symbol id="sm-1280">
         <name>__aeabi_stdout</name>
         <value>0x8005848</value>
         <object_component_ref idref="oc-4e6"/>
      </symbol>
      <symbol id="sm-1281">
         <name>__aeabi_stderr</name>
         <value>0x800584c</value>
         <object_component_ref idref="oc-4e6"/>
      </symbol>
      <symbol id="sm-1282">
         <name>__aeabi_stdin</name>
         <value>0x8005844</value>
         <object_component_ref idref="oc-4e6"/>
      </symbol>
      <symbol id="sm-1283">
         <name>_ftable</name>
         <value>0x80055f0</value>
         <object_component_ref idref="oc-3f8"/>
      </symbol>
      <symbol id="sm-1284">
         <name>__TI_ft_end</name>
         <value>0x8005840</value>
         <object_component_ref idref="oc-4e6"/>
      </symbol>
      <symbol id="sm-12a5">
         <name>C$$EXIT</name>
         <value>0x18741</value>
         <object_component_ref idref="oc-a8"/>
      </symbol>
      <symbol id="sm-12a6">
         <name>abort</name>
         <value>0x18745</value>
         <object_component_ref idref="oc-a8"/>
      </symbol>
      <symbol id="sm-12a7">
         <name>exit</name>
         <value>0x1874d</value>
         <object_component_ref idref="oc-a8"/>
      </symbol>
      <symbol id="sm-12a8">
         <name>__TI_dtors_ptr</name>
         <value>0x8005864</value>
         <object_component_ref idref="oc-199"/>
      </symbol>
      <symbol id="sm-12a9">
         <name>__TI_cleanup_ptr</name>
         <value>0x8005860</value>
         <object_component_ref idref="oc-199"/>
      </symbol>
      <symbol id="sm-12aa">
         <name>__TI_enable_exit_profile_output</name>
         <value>0x8005868</value>
         <object_component_ref idref="oc-199"/>
      </symbol>
      <symbol id="sm-12c5">
         <name>__TI_doflush</name>
         <value>0x17b71</value>
         <object_component_ref idref="oc-3f2"/>
      </symbol>
      <symbol id="sm-12c6">
         <name>fflush</name>
         <value>0x17bbd</value>
         <object_component_ref idref="oc-3f2"/>
      </symbol>
      <symbol id="sm-12e8">
         <name>puts</name>
         <value>0x171bd</value>
         <object_component_ref idref="oc-3ec"/>
      </symbol>
      <symbol id="sm-12e9">
         <name>fputs</name>
         <value>0x170ad</value>
         <object_component_ref idref="oc-3ec"/>
      </symbol>
      <symbol id="sm-12f5">
         <name>__aeabi_idivmod</name>
         <value>0x18648</value>
         <object_component_ref idref="oc-2a7"/>
      </symbol>
      <symbol id="sm-12f6">
         <name>__aeabi_idiv</name>
         <value>0x18648</value>
         <object_component_ref idref="oc-2a7"/>
      </symbol>
      <symbol id="sm-1305">
         <name>ltoa</name>
         <value>0x1869d</value>
         <object_component_ref idref="oc-498"/>
      </symbol>
      <symbol id="sm-1315">
         <name>memchr</name>
         <value>0x18a23</value>
         <object_component_ref idref="oc-4d8"/>
      </symbol>
      <symbol id="sm-1330">
         <name>memcpy</name>
         <value>0x17da7</value>
         <object_component_ref idref="oc-67"/>
      </symbol>
      <symbol id="sm-1331">
         <name>__aeabi_memcpy</name>
         <value>0x17da7</value>
         <object_component_ref idref="oc-67"/>
      </symbol>
      <symbol id="sm-1332">
         <name>__aeabi_memcpy8</name>
         <value>0x17da7</value>
         <object_component_ref idref="oc-67"/>
      </symbol>
      <symbol id="sm-1333">
         <name>__aeabi_memcpy4</name>
         <value>0x17da7</value>
         <object_component_ref idref="oc-67"/>
      </symbol>
      <symbol id="sm-13a4">
         <name>_sys_memory</name>
         <value>0x8004ae0</value>
         <object_component_ref idref="oc-59"/>
      </symbol>
      <symbol id="sm-13a5">
         <name>free</name>
         <value>0x14dbd</value>
         <object_component_ref idref="oc-49e"/>
      </symbol>
      <symbol id="sm-13a6">
         <name>realloc</name>
         <value>0x14e7f</value>
         <object_component_ref idref="oc-49e"/>
      </symbol>
      <symbol id="sm-13a7">
         <name>memalign</name>
         <value>0x14f89</value>
         <object_component_ref idref="oc-49e"/>
      </symbol>
      <symbol id="sm-13a8">
         <name>calloc</name>
         <value>0x1507b</value>
         <object_component_ref idref="oc-49e"/>
      </symbol>
      <symbol id="sm-13a9">
         <name>malloc</name>
         <value>0x14d53</value>
         <object_component_ref idref="oc-49e"/>
      </symbol>
      <symbol id="sm-13aa">
         <name>minit</name>
         <value>0x14cd5</value>
         <object_component_ref idref="oc-49e"/>
      </symbol>
      <symbol id="sm-13b9">
         <name>__aeabi_memset</name>
         <value>0x17f73</value>
         <object_component_ref idref="oc-73"/>
      </symbol>
      <symbol id="sm-13ba">
         <name>memset</name>
         <value>0x17f79</value>
         <object_component_ref idref="oc-73"/>
      </symbol>
      <symbol id="sm-13bb">
         <name>__aeabi_memset8</name>
         <value>0x17f73</value>
         <object_component_ref idref="oc-73"/>
      </symbol>
      <symbol id="sm-13bc">
         <name>__aeabi_memset4</name>
         <value>0x17f73</value>
         <object_component_ref idref="oc-73"/>
      </symbol>
      <symbol id="sm-13bd">
         <name>__aeabi_memclr8</name>
         <value>0x17f71</value>
         <object_component_ref idref="oc-73"/>
      </symbol>
      <symbol id="sm-13be">
         <name>__aeabi_memclr4</name>
         <value>0x17f71</value>
         <object_component_ref idref="oc-73"/>
      </symbol>
      <symbol id="sm-13bf">
         <name>__aeabi_memclr</name>
         <value>0x17f71</value>
         <object_component_ref idref="oc-73"/>
      </symbol>
      <symbol id="sm-13e0">
         <name>floorl</name>
         <value>0x17809</value>
         <object_component_ref idref="oc-396"/>
      </symbol>
      <symbol id="sm-13e1">
         <name>floor</name>
         <value>0x17809</value>
         <object_component_ref idref="oc-396"/>
      </symbol>
      <symbol id="sm-1402">
         <name>snprintf</name>
         <value>0x17edd</value>
         <object_component_ref idref="oc-34d"/>
      </symbol>
      <symbol id="sm-1416">
         <name>sprintf</name>
         <value>0x183c9</value>
         <object_component_ref idref="oc-311"/>
      </symbol>
      <symbol id="sm-1420">
         <name>_system_post_cinit</name>
         <value>0x17e43</value>
         <object_component_ref idref="oc-11f"/>
      </symbol>
      <symbol id="sm-142f">
         <name>strcmp</name>
         <value>0x18a77</value>
         <object_component_ref idref="oc-465"/>
      </symbol>
      <symbol id="sm-143d">
         <name>strcpy</name>
         <value>0x18ad1</value>
         <object_component_ref idref="oc-30b"/>
      </symbol>
      <symbol id="sm-144b">
         <name>strlen</name>
         <value>0x18aa5</value>
         <object_component_ref idref="oc-1f8"/>
      </symbol>
      <symbol id="sm-1463">
         <name>strtok</name>
         <value>0x188b5</value>
         <object_component_ref idref="oc-45f"/>
      </symbol>
      <symbol id="sm-1486">
         <name>strtol</name>
         <value>0x171e5</value>
         <object_component_ref idref="oc-46b"/>
      </symbol>
      <symbol id="sm-1492">
         <name>__aeabi_uidivmod</name>
         <value>0x18790</value>
         <object_component_ref idref="oc-317"/>
      </symbol>
      <symbol id="sm-1493">
         <name>__aeabi_uidiv</name>
         <value>0x18790</value>
         <object_component_ref idref="oc-317"/>
      </symbol>
      <symbol id="sm-14b9">
         <name>_stream</name>
         <value>0x8005758</value>
         <object_component_ref idref="oc-59e"/>
      </symbol>
      <symbol id="sm-14ba">
         <name>_device</name>
         <value>0x80056e0</value>
         <object_component_ref idref="oc-5fe"/>
      </symbol>
      <symbol id="sm-14bb">
         <name>write</name>
         <value>0x189d9</value>
         <object_component_ref idref="oc-4de"/>
      </symbol>
      <symbol id="sm-14d9">
         <name>__TI_wrt_ok</name>
         <value>0x17cf9</value>
         <object_component_ref idref="oc-4d2"/>
      </symbol>
      <symbol id="sm-14da">
         <name>__TI_rd_ok</name>
         <value>0x17d5d</value>
         <object_component_ref idref="oc-4d2"/>
      </symbol>
      <symbol id="sm-14f3">
         <name>_nop</name>
         <value>0x18acb</value>
         <object_component_ref idref="oc-36d"/>
      </symbol>
      <symbol id="sm-14f4">
         <name>_lock</name>
         <value>0x8005878</value>
         <object_component_ref idref="oc-19c"/>
      </symbol>
      <symbol id="sm-14f5">
         <name>_unlock</name>
         <value>0x800587c</value>
         <object_component_ref idref="oc-19c"/>
      </symbol>
      <symbol id="sm-14f6">
         <name>_register_lock</name>
         <value>0x18ac3</value>
         <object_component_ref idref="oc-36d"/>
      </symbol>
      <symbol id="sm-14f7">
         <name>_register_unlock</name>
         <value>0x18abd</value>
         <object_component_ref idref="oc-36d"/>
      </symbol>
      <symbol id="sm-15eb">
         <name>__TI_printfi</name>
         <value>0xb3f5</value>
         <object_component_ref idref="oc-431"/>
      </symbol>
      <symbol id="sm-1600">
         <name>atoi</name>
         <value>0x186f1</value>
         <object_component_ref idref="oc-52a"/>
      </symbol>
      <symbol id="sm-160b">
         <name>_ctypes_</name>
         <value>0x18d04</value>
         <object_component_ref idref="oc-56b"/>
      </symbol>
      <symbol id="sm-1613">
         <name>errno</name>
         <value>0x8005888</value>
         <object_component_ref idref="oc-56e"/>
      </symbol>
      <symbol id="sm-1625">
         <name>fseek</name>
         <value>0x18365</value>
         <object_component_ref idref="oc-58e"/>
      </symbol>
      <symbol id="sm-1636">
         <name>HOSTclose</name>
         <value>0x1882d</value>
         <object_component_ref idref="oc-63b"/>
      </symbol>
      <symbol id="sm-1647">
         <name>HOSTlseek</name>
         <value>0x182fd</value>
         <object_component_ref idref="oc-64d"/>
      </symbol>
      <symbol id="sm-1659">
         <name>parmbuf</name>
         <value>0x8004a8c</value>
      </symbol>
      <symbol id="sm-165a">
         <name>HOSTopen</name>
         <value>0x1848d</value>
         <object_component_ref idref="oc-635"/>
      </symbol>
      <symbol id="sm-166b">
         <name>HOSTread</name>
         <value>0x184e9</value>
         <object_component_ref idref="oc-641"/>
      </symbol>
      <symbol id="sm-167c">
         <name>HOSTrename</name>
         <value>0x18225</value>
         <object_component_ref idref="oc-659"/>
      </symbol>
      <symbol id="sm-168d">
         <name>HOSTunlink</name>
         <value>0x18871</value>
         <object_component_ref idref="oc-653"/>
      </symbol>
      <symbol id="sm-169e">
         <name>HOSTwrite</name>
         <value>0x1859d</value>
         <object_component_ref idref="oc-647"/>
      </symbol>
      <symbol id="sm-16a8">
         <name>__aeabi_idiv0</name>
         <value>0xbcab</value>
         <object_component_ref idref="oc-3e3"/>
      </symbol>
      <symbol id="sm-16b8">
         <name>lseek</name>
         <value>0x189b1</value>
         <object_component_ref idref="oc-5e5"/>
      </symbol>
      <symbol id="sm-16c8">
         <name>memccpy</name>
         <value>0x18a43</value>
         <object_component_ref idref="oc-530"/>
      </symbol>
      <symbol id="sm-16e1">
         <name>frexpl</name>
         <value>0x18061</value>
         <object_component_ref idref="oc-518"/>
      </symbol>
      <symbol id="sm-16e2">
         <name>frexp</name>
         <value>0x18061</value>
         <object_component_ref idref="oc-518"/>
      </symbol>
      <symbol id="sm-1700">
         <name>scalbn</name>
         <value>0x1762d</value>
         <object_component_ref idref="oc-51e"/>
      </symbol>
      <symbol id="sm-1701">
         <name>scalbnl</name>
         <value>0x1762d</value>
         <object_component_ref idref="oc-51e"/>
      </symbol>
      <symbol id="sm-1702">
         <name>ldexpl</name>
         <value>0x1762d</value>
         <object_component_ref idref="oc-51e"/>
      </symbol>
      <symbol id="sm-1703">
         <name>ldexp</name>
         <value>0x1762d</value>
         <object_component_ref idref="oc-51e"/>
      </symbol>
      <symbol id="sm-171f">
         <name>setvbuf</name>
         <value>0x179c9</value>
         <object_component_ref idref="oc-594"/>
      </symbol>
      <symbol id="sm-172f">
         <name>strchr</name>
         <value>0x18a8f</value>
         <object_component_ref idref="oc-524"/>
      </symbol>
      <symbol id="sm-1740">
         <name>strcspn</name>
         <value>0x18a01</value>
         <object_component_ref idref="oc-55e"/>
      </symbol>
      <symbol id="sm-1752">
         <name>strspn</name>
         <value>0x18985</value>
         <object_component_ref idref="oc-558"/>
      </symbol>
      <symbol id="sm-176d">
         <name>__TI_readmsg</name>
         <value>0x182c7</value>
         <object_component_ref idref="oc-67d"/>
      </symbol>
      <symbol id="sm-176e">
         <name>C$$IO$$</name>
         <value>0x182c3</value>
         <object_component_ref idref="oc-67d"/>
      </symbol>
      <symbol id="sm-176f">
         <name>__CIOBUF_</name>
         <value>0x80046b0</value>
         <object_component_ref idref="oc-6a3"/>
      </symbol>
      <symbol id="sm-1770">
         <name>__TI_writemsg</name>
         <value>0x18291</value>
         <object_component_ref idref="oc-67d"/>
      </symbol>
      <symbol id="sm-178c">
         <name>__aeabi_uldivmod</name>
         <value>0x156c4</value>
         <object_component_ref idref="oc-513"/>
      </symbol>
      <symbol id="sm-17be">
         <name>__TI_cleanup</name>
         <value>0x1676f</value>
         <object_component_ref idref="oc-5ed"/>
      </symbol>
      <symbol id="sm-17bf">
         <name>freopen</name>
         <value>0x1679b</value>
         <object_component_ref idref="oc-5ed"/>
      </symbol>
      <symbol id="sm-17c0">
         <name>fopen</name>
         <value>0x167c5</value>
         <object_component_ref idref="oc-5ed"/>
      </symbol>
      <symbol id="sm-17dc">
         <name>open</name>
         <value>0x17c3d</value>
         <object_component_ref idref="oc-624"/>
      </symbol>
      <symbol id="sm-17e6">
         <name>copysign</name>
         <value>0x18a5f</value>
         <object_component_ref idref="oc-5b3"/>
      </symbol>
      <symbol id="sm-17e7">
         <name>copysignl</name>
         <value>0x18a5f</value>
         <object_component_ref idref="oc-5b3"/>
      </symbol>
      <symbol id="sm-17fd">
         <name>__TI_closefile</name>
         <value>0x17e45</value>
         <object_component_ref idref="oc-62a"/>
      </symbol>
      <symbol id="sm-17fe">
         <name>fclose</name>
         <value>0x17eab</value>
         <object_component_ref idref="oc-62a"/>
      </symbol>
      <symbol id="sm-1818">
         <name>finddevice</name>
         <value>0x17fed</value>
         <object_component_ref idref="oc-663"/>
      </symbol>
      <symbol id="sm-1819">
         <name>getdevice</name>
         <value>0x1801b</value>
         <object_component_ref idref="oc-663"/>
      </symbol>
      <symbol id="sm-182a">
         <name>strncpy</name>
         <value>0x188f5</value>
         <object_component_ref idref="oc-693"/>
      </symbol>
      <symbol id="sm-183a">
         <name>unlink</name>
         <value>0x18959</value>
         <object_component_ref idref="oc-672"/>
      </symbol>
      <symbol id="sm-184e">
         <name>close</name>
         <value>0x18545</value>
         <object_component_ref idref="oc-66c"/>
      </symbol>
      <symbol id="sm-184f">
         <name>__TI_static_base__</name>
         <value>0x0</value>
      </symbol>
      <symbol id="sm-1853">
         <name>SHT$$INIT_ARRAY$$Base</name>
         <value>0x0</value>
      </symbol>
      <symbol id="sm-1854">
         <name>SHT$$INIT_ARRAY$$Limit</name>
         <value>0x0</value>
      </symbol>
      <symbol id="sm-1855">
         <name>remove</name>
         <value>0x18959</value>
      </symbol>
   </symbol_table>
   <title>Link successful</title>
</link_info>
