******************************************************************************
                  TI ARM Linker Unix v16.9.4                   
******************************************************************************
>> Linked Mon Nov  6 21:09:31 2017

OUTPUT FILE NAME:   <OBC.out>
ENTRY POINT SYMBOL: "_c_int00"  address: 00016254


MEMORY CONFIGURATION

         name            origin    length      used     unused   attr    fill
----------------------  --------  ---------  --------  --------  ----  --------
  VECTORS               00000000   00000020  00000020  00000000     X
  KERNEL                00000020   00008000  00005d44  000022bc  R  X
  FLASH0                00008020   00057fe0  000108f8  000476e8  R  X
  STACKS                08000000   00000800  00000000  00000800  RW  
  KRAM                  08000800   00000800  00000128  000006d8  RW  
  RAM                   08001000   00007000  0000488f  00002771  RW  


SEGMENT ALLOCATION MAP

run origin  load origin   length   init length attrs members
----------  ----------- ---------- ----------- ----- -------
00000000    00000000    00005d68   00005d68    r-x
  00000000    00000000    00000020   00000020    r-x .intvecs
  00000020    00000020    00005c14   00005c14    r-x .kernelTEXT
  00005c38    00005c38    00000130   00000130    r-- .cinit
00008020    00008020    000108f8   000108f8    r-x
  00008020    00008020    0001031c   0001031c    r-x .text
  0001833c    0001833c    000005dc   000005dc    r-- .const
08000800    08000800    00000128   00000000    rw-
  08000800    08000800    00000128   00000000    rw- .kernelBSS
08001000    08001000    00004895   00000000    rw-
  08001000    08001000    00003ada   00000000    rw- .bss
  08004ae0    08004ae0    00000800   00000000    rw- .sysmem
  080052e0    080052e0    000005b5   00000000    rw- .data


SECTION ALLOCATION MAP

 output                                  attributes/
section   page    origin      length       input sections
--------  ----  ----------  ----------   ----------------
.intvecs   0    00000000    00000020     
                  00000000    00000020     sys_intvecs.obj (.intvecs)

.kernelTEXT 
*          0    00000020    00005c14     
                  00000020    0000345c     rtos_task.obj (.kernelTEXT)
                  0000347c    00001464     rtos_queue.obj (.kernelTEXT)
                  000048e0    0000085c     rtos_event_groups.obj (.kernelTEXT)
                  0000513c    000003bc     rtos_port.obj (.kernelTEXT)
                  000054f8    000003b0     rtos_portasm.obj (.kernelTEXT)
                  000058a8    0000038c     rtos_heap.obj (.kernelTEXT)

.cinit     0    00005c38    00000130     
                  00005c38    000000f3     (.cinit..data.load) [load image, compression = lzss]
                  00005d2b    0000000d     (.cinit..kernelBSS.load) [load image, compression = lzss]
                  00005d38    0000000c     (__TI_handler_table)
                  00005d44    00000004     --HOLE-- [fill = 0]
                  00005d48    00000008     (.cinit..bss.load) [load image, compression = zero_init]
                  00005d50    00000018     (__TI_cinit_table)

.text      0    00008020    0001031c     
                  00008020    00002c10     sys_selftest.obj (.text)
                  0000ac30    0000107a     rtsv7R4_T_be_v3D16_eabi.lib : _printfi.obj (.text)
                  0000bcaa    00000002                                 : i_div0.obj (.text)
                  0000bcac    00000bd8     spi.obj (.text)
                  0000c884    00000b14     rtos_mpu_wrappers.obj (.text)
                  0000d398    00000b0c     mibspi.obj (.text)
                  0000dea4    00000aec     adc.obj (.text)
                  0000e990    00000aa4     system.obj (.text)
                  0000f434    00000a58     sys_vim.obj (.text)
                  0000fe8c    000009c4     sfu_cmds.obj (.text)
                  00010850    00000914     flash_mibspi.obj (.text)
                  00011164    000008bc     pinmux.obj (.text)
                  00011a20    00000818     sfu_tasks.obj (.text)
                  00012238    000007f0     sfu_rtc.obj (.text)
                  00012a28    000007a8     sci.obj (.text)
                  000131d0    00000640     sfu_scheduler.obj (.text)
                  00013810    000005d8     esm.obj (.text)
                  00013de8    00000484     gio.obj (.text)
                  0001426c    00000478     sfu_task_radio.obj (.text)
                  000146e4    00000450     sfu_state.obj (.text)
                  00014b34    000003d8     rtsv7R4_T_be_v3D16_eabi.lib : memory.obj (.text)
                  00014f0c    0000034c     sys_core.obj (.text)
                  00015258    000002cc     sys_vim.obj (.text:retain)
                  00015524    000002b8     rtsv7R4_T_be_v3D16_eabi.lib : ull_div32.obj (.text)
                  000157dc    0000029c     rtos_heap.obj (.text)
                  00015a78    00000238     rtos_list.obj (.text)
                  00015cb0    00000204     sci.obj (.text:retain)
                  00015eb4    000001d8     sfu_utils.obj (.text)
                  0001608c    000001c8     rtsv7R4_T_be_v3D16_eabi.lib : fopen.obj (.text)
                  00016254    000001c0     sys_startup.obj (.text:retain)
                  00016414    000001c0     sfu_uart.obj (.text)
                  000165d4    000001b4     rtos_port.obj (.text)
                  00016788    00000158     sfu_startup.obj (.text)
                  000168e0    00000138     rtsv7R4_T_be_v3D16_eabi.lib : fputs.obj (.text)
                  00016a18    00000130                                 : strtol.obj (.text)
                  00016b48    0000012c     sys_main.obj (.text)
                  00016c74    00000114     esm.obj (.text:retain)
                  00016d88    00000104     notification.obj (.text)
                  00016e8c    00000100     rtos_task.obj (.text)
                  00016f8c    000000f4     rtsv7R4_T_be_v3D16_eabi.lib : s_scalbn.obj (.text)
                  00017080    000000e8     dabort.obj (.text)
                  00017168    000000e0     rtsv7R4_T_be_v3D16_eabi.lib : s_floor.obj (.text)
                  00017248    000000e0     sys_pmu.obj (.text)
                  00017328    000000dc     rtsv7R4_T_be_v3D16_eabi.lib : setvbuf.obj (.text)
                  00017404    000000cc     mibspi.obj (.text:retain)
                  000174d0    000000cc     rtsv7R4_T_be_v3D16_eabi.lib : fflush.obj (.text)
                  0001759c    000000bc                                 : open.obj (.text)
                  00017658    000000ae                                 : _io_perm.obj (.text)
                  00017706    0000009c                                 : memcpy_t2.obj (.text)
                  000177a2    00000002                                 : startup.obj (.text)
                  000177a4    00000098                                 : fclose.obj (.text)
                  0001783c    00000094                                 : snprintf.obj (.text)
                  000178d0    0000007a                                 : memset_t2.obj (.text)
                  0001794a    00000002     --HOLE-- [fill = 0]
                  0001794c    00000074                                 : getdevice.obj (.text)
                  000179c0    00000074                                 : s_frexp.obj (.text)
                  00017a34    00000070                                 : autoinit.obj (.text)
                  00017aa4    0000006c                                 : copy_decompress_lzss.obj (.text:decompress:lzss)
                  00017b10    0000006c                                 : hostrename.obj (.text)
                  00017b7c    0000006c                                 : trgmsg.obj (.text)
                  00017be8    00000068                                 : hostlseek.obj (.text)
                  00017c50    00000064                                 : fseek.obj (.text)
                  00017cb4    00000064                                 : sprintf.obj (.text)
                  00017d18    0000005c                                 : hostopen.obj (.text)
                  00017d74    0000005c                                 : hostread.obj (.text)
                  00017dd0    00000058                                 : close.obj (.text)
                  00017e28    00000058                                 : hostwrite.obj (.text)
                  00017e80    00000054                                 : i_div32.obj (.text)
                  00017ed4    00000054                                 : ltoa.obj (.text)
                  00017f28    00000050                                 : atoi.obj (.text)
                  00017f78    00000050                                 : exit.obj (.text)
                  00017fc8    00000050                                 : u_div32.obj (.text)
                  00018018    0000004c                                 : cpy_tbl.obj (.text)
                  00018064    00000044                                 : hostclose.obj (.text)
                  000180a8    00000044                                 : hostunlink.obj (.text)
                  000180ec    00000040                                 : strtok.obj (.text)
                  0001812c    00000036                                 : strncpy.obj (.text)
                  00018162    00000002     --HOLE-- [fill = 0]
                  00018164    0000002c                                 : assert.obj (.text)
                  00018190    0000002c                                 : unlink.obj (.text)
                  000181bc    0000002a                                 : strspn.obj (.text)
                  000181e6    00000002     --HOLE-- [fill = 0]
                  000181e8    00000028                                 : lseek.obj (.text)
                  00018210    00000028                                 : write.obj (.text)
                  00018238    00000022                                 : strcspn.obj (.text)
                  0001825a    00000020                                 : memchr.obj (.text)
                  0001827a    0000001c                                 : memccpy.obj (.text)
                  00018296    00000018                                 : s_copysign.obj (.text)
                  000182ae    00000018                                 : strcmp.obj (.text)
                  000182c6    00000016                                 : strchr.obj (.text)
                  000182dc    00000016                                 : strlen.obj (.text)
                  000182f2    00000002     --HOLE-- [fill = 0]
                  000182f4    00000014                                 : _lock.obj (.text)
                  00018308    00000014                                 : strcpy.obj (.text)
                  0001831c    0000000e                                 : copy_decompress_none.obj (.text:decompress:none)
                  0001832a    0000000c                                 : copy_zero_init.obj (.text:decompress:ZI)
                  00018336    00000002     --HOLE-- [fill = 0]
                  00018338    00000004     sys_phantom.obj (.text:retain)

.const     0    0001833c    000005dc     
                  0001833c    00000200     sys_vim.obj (.const:s_vim_init)
                  0001853c    00000101     rtsv7R4_T_be_v3D16_eabi.lib : ctype.obj (.const:.string:_ctypes_)
                  0001863d    00000002     sfu_cmds.obj (.const:.string:$P$T6$3)
                  0001863f    00000001     --HOLE-- [fill = 0]
                  00018640    000000a4     sfu_cmds.obj (.const:.string)
                  000186e4    00000094     sfu_startup.obj (.const:.string)
                  00018778    00000034     sfu_state.obj (.const:.string)
                  000187ac    00000030     sfu_rtc.obj (.const:cumulativeSecondsInMonth)
                  000187dc    00000024     sfu_state.obj (.const:TRANSITION_TABLE)
                  00018800    00000020     flash_mibspi.obj (.const:$P$T0$1)
                  00018820    00000020     sfu_tasks.obj (.const:$P$T0$1)
                  00018840    00000020     flash_mibspi.obj (.const:$P$T2$3)
                  00018860    00000018     sfu_cmds.obj (.const:$P$T5$2)
                  00018878    00000018     sfu_scheduler.obj (.const:$P$T6$1)
                  00018890    00000018     sfu_cmds.obj (.const:$P$T7$4)
                  000188a8    00000018     sfu_cmds.obj (.const:CMD_FUNCS)
                  000188c0    00000018     adc.obj (.const:s_adcFiFoSize)
                  000188d8    00000018     adc.obj (.const:s_adcSelect)
                  000188f0    0000000c     flash_mibspi.obj (.const:$P$T1$2)
                  000188fc    0000000c     sfu_state.obj (.const:STATE_TABLE)
                  00018908    00000006     sfu_task_radio.obj (.const:$P$T0$1)
                  0001890e    00000006     sfu_task_radio.obj (.const:$P$T1$2)
                  00018914    00000004     rtos_heap.obj (.const)

.kernelBSS 
*          0    08000800    00000128     UNINITIALIZED
                  08000800    000000e4     rtos_task.obj (.kernelBSS:uninit)
                  080008e4    0000003c     rtos_task.obj (.kernelBSS:init)
                  08000920    00000008     rtos_port.obj (.kernelBSS)

.bss       0    08001000    00003ada     UNINITIALIZED
                  08001000    000036b0     rtos_heap.obj (.bss:ucHeap)
                  080046b0    00000120     rtsv7R4_T_be_v3D16_eabi.lib : trgmsg.obj (.bss:_CIOBUF_)
                  080047d0    000000fc     (.common:buffer)
                  080048cc    000000a0     (.common:__TI_tmpnams)
                  0800496c    00000078     spi.obj (.bss:g_spiPacket_t)
                  080049e4    00000028     sci.obj (.bss:g_sciTransfer_t)
                  08004a0c    00000028     (.common:TG3_RX)
                  08004a34    00000024     sfu_cmds.obj (.bss:event$1)
                  08004a58    00000020     (.common:dummyBytes_16)
                  08004a78    0000000c     (.common:state_persistent_data)
                  08004a84    00000008     rtos_heap.obj (.bss:xStart)
                  08004a8c    00000008     (.common:parmbuf)
                  08004a94    00000004     (.common:TG0_IS_Complete)
                  08004a98    00000004     (.common:TG1_IS_Complete)
                  08004a9c    00000004     (.common:TG1_RX)
                  08004aa0    00000004     (.common:TG2_IS_Complete)
                  08004aa4    00000004     (.common:TG3_IS_Complete)
                  08004aa8    00000004     (.common:addressWritten)
                  08004aac    00000004     (.common:epochOffset)
                  08004ab0    00000004     (.common:lastRead)
                  08004ab4    00000004     (.common:rtc_spiConfig)
                  08004ab8    00000004     (.common:spiDataConfig)
                  08004abc    00000004     (.common:xFlashMutex)
                  08004ac0    00000004     (.common:xQueue)
                  08004ac4    00000004     (.common:xRTCMutex)
                  08004ac8    00000004     (.common:xRadioRXQueue)
                  08004acc    00000004     (.common:xRadioTXQueue)
                  08004ad0    00000004     (.common:xSerialRXQueue)
                  08004ad4    00000004     (.common:xSerialTXQueue)
                  08004ad8    00000001     (.common:cur_state)
                  08004ad9    00000001     (.common:startData)

.sysmem    0    08004ae0    00000800     UNINITIALIZED
                  08004ae0    00000008     rtsv7R4_T_be_v3D16_eabi.lib : memory.obj (.sysmem)
                  08004ae8    000007f8     --HOLE--

.data      0    080052e0    000005b5     UNINITIALIZED
                  080052e0    00000220     sfu_scheduler.obj (.data:schedule)
                  08005500    000000f0     sfu_cmds.obj (.data:CMD_DBG_STRINGS)
                  080055f0    000000f0     rtsv7R4_T_be_v3D16_eabi.lib : defs.obj (.data:_ftable)
                  080056e0    00000078                                 : write.obj (.data:_device)
                  08005758    00000050                                 : write.obj (.data:_stream)
                  080057a8    00000020     sfu_startup.obj (.data:STARTUP_STRING)
                  080057c8    00000020     sfu_task_main.obj (.data)
                  080057e8    00000018     sfu_cmds.obj (.data:CMD_NAMES)
                  08005800    00000018     sfu_cmds.obj (.data:testCMD)
                  08005818    00000014     sfu_cmds.obj (.data:testSCHED)
                  0800582c    00000010     rtos_heap.obj (.data)
                  0800583c    00000010     rtsv7R4_T_be_v3D16_eabi.lib : defs.obj (.data)
                  0800584c    00000010     sfu_state.obj (.data:stateNameString)
                  0800585c    0000000c     rtsv7R4_T_be_v3D16_eabi.lib : exit.obj (.data:$O1$$)
                  08005868    0000000c                                 : memory.obj (.data:$O1$$)
                  08005874    00000008                                 : _lock.obj (.data:$O1$$)
                  0800587c    00000008     sfu_rtc.obj (.data)
                  08005884    00000004     rtsv7R4_T_be_v3D16_eabi.lib : errno.obj (.data)
                  08005888    00000004                                 : fopen.obj (.data)
                  0800588c    00000004                                 : open.obj (.data)
                  08005890    00000004                                 : strtok.obj (.data)
                  08005894    00000001     sfu_uart.obj (.data)

MODULE SUMMARY

       Module                     code    ro data   rw data
       ------                     ----    -------   -------
    ./SFUsat/
       sfu_cmds.obj               2500    238       596    
       flash_mibspi.obj           2324    76        104    
       sfu_scheduler.obj          1600    24        544    
       sfu_tasks.obj              2072    32        12     
       sfu_rtc.obj                2032    48        20     
       sfu_state.obj              1104    100       29     
       sfu_task_radio.obj         1144    12        8      
       sfu_startup.obj            344     148       33     
       sfu_utils.obj              472     0         0      
       sfu_uart.obj               448     0         1      
       sfu_task_main.obj          0       0         32     
       sfu_spi.obj                0       0         4      
    +--+--------------------------+-------+---------+---------+
       Total:                     14040   678       1383   
                                                           
    ./source/
       rtos_heap.obj              1576    4         14024  
       rtos_task.obj              13660   0         288    
       sys_selftest.obj           11280   0         0      
       rtos_queue.obj             5220    0         0      
       sys_vim.obj                3364    512       0      
       spi.obj                    3032    0         120    
       mibspi.obj                 3032    0         0      
       adc.obj                    2796    48        0      
       rtos_mpu_wrappers.obj      2836    0         0      
       system.obj                 2724    0         0      
       sci.obj                    2476    0         40     
       pinmux.obj                 2236    0         0      
       rtos_event_groups.obj      2140    0         0      
       esm.obj                    1772    0         0      
       rtos_port.obj              1392    0         8      
       gio.obj                    1156    0         0      
       rtos_portasm.obj           944     0         0      
       sys_core.obj               844     0         0      
       rtos_list.obj              568     0         0      
       sys_startup.obj            448     0         0      
       sys_main.obj               300     0         0      
       notification.obj           260     0         0      
       dabort.obj                 232     0         0      
       sys_pmu.obj                224     0         0      
       sys_intvecs.obj            32      0         0      
       sys_phantom.obj            4       0         0      
    +--+--------------------------+-------+---------+---------+
       Total:                     64548   564       14480  
                                                           
    /Applications/ti/ccsv7/tools/compiler/ti-cgt-arm_16.9.4.LTS/lib/rtsv7R4_T_be_v3D16_eabi.lib
       _printfi.obj               4218    0         0      
       memory.obj                 984     0         12     
       ull_div32.obj              696     0         0      
       fopen.obj                  456     0         4      
       defs.obj                   0       0         416    
       trgmsg.obj                 108     0         288    
       fputs.obj                  312     0         0      
       strtol.obj                 304     0         0      
       ctype.obj                  0       257       0      
       s_scalbn.obj               244     0         0      
       write.obj                  40      0         200    
       s_floor.obj                224     0         0      
       setvbuf.obj                220     0         0      
       fflush.obj                 204     0         0      
       open.obj                   188     0         4      
       _io_perm.obj               174     0         0      
       memcpy_t2.obj              156     0         0      
       fclose.obj                 152     0         0      
       snprintf.obj               148     0         0      
       memset_t2.obj              122     0         0      
       getdevice.obj              116     0         0      
       s_frexp.obj                116     0         0      
       autoinit.obj               112     0         0      
       copy_decompress_lzss.obj   108     0         0      
       hostrename.obj             108     0         0      
       hostlseek.obj              104     0         0      
       fseek.obj                  100     0         0      
       hostopen.obj               92      0         8      
       sprintf.obj                100     0         0      
       exit.obj                   80      0         12     
       hostread.obj               92      0         0      
       close.obj                  88      0         0      
       hostwrite.obj              88      0         0      
       i_div32.obj                84      0         0      
       ltoa.obj                   84      0         0      
       atoi.obj                   80      0         0      
       u_div32.obj                80      0         0      
       cpy_tbl.obj                76      0         0      
       hostclose.obj              68      0         0      
       hostunlink.obj             68      0         0      
       strtok.obj                 64      0         4      
       strncpy.obj                54      0         0      
       assert.obj                 44      0         0      
       unlink.obj                 44      0         0      
       strspn.obj                 42      0         0      
       lseek.obj                  40      0         0      
       strcspn.obj                34      0         0      
       memchr.obj                 32      0         0      
       _lock.obj                  20      0         8      
       memccpy.obj                28      0         0      
       s_copysign.obj             24      0         0      
       strcmp.obj                 24      0         0      
       strchr.obj                 22      0         0      
       strlen.obj                 22      0         0      
       strcpy.obj                 20      0         0      
       copy_decompress_none.obj   14      0         0      
       copy_zero_init.obj         12      0         0      
       errno.obj                  0       0         4      
       i_div0.obj                 2       0         0      
       startup.obj                2       0         0      
    +--+--------------------------+-------+---------+---------+
       Total:                     11338   257       960    
                                                           
       Heap:                      0       0         2048   
       Linker Generated:          0       300       0      
    +--+--------------------------+-------+---------+---------+
       Grand Total:               89926   1799      18871  


LINKER GENERATED COPY TABLES

__TI_cinit_table @ 00005d50 records: 3, size/record: 8, table size: 24
	.data: load addr=00005c38, load size=000000f3 bytes, run addr=080052e0, run size=000005b5 bytes, compression=lzss
	.kernelBSS: load addr=00005d2b, load size=0000000d bytes, run addr=08000800, run size=00000128 bytes, compression=lzss
	.bss: load addr=00005d48, load size=00000008 bytes, run addr=08001000, run size=00003ada bytes, compression=zero_init


LINKER GENERATED HANDLER TABLE

__TI_handler_table @ 00005d38 records: 3, size/record: 4, table size: 12
	index: 0, handler: __TI_decompress_lzss
	index: 1, handler: __TI_decompress_none
	index: 2, handler: __TI_zero_init


GLOBAL SYMBOLS: SORTED ALPHABETICALLY BY Name 

address   name                                
-------   ----                                
00017f79  C$$EXIT                             
00017baf  C$$IO$$                             
08005500  CMD_DBG_STRINGS                     
000188a8  CMD_FUNCS                           
080057e8  CMD_NAMES                           
00018065  HOSTclose                           
00017be9  HOSTlseek                           
00017d19  HOSTopen                            
00017d75  HOSTread                            
00017b11  HOSTrename                          
000180a9  HOSTunlink                          
00017e29  HOSTwrite                           
0000cba0  MPU_pcTaskGetName                   
0000d158  MPU_pvPortMalloc                    
0000ce24  MPU_ulTaskNotifyTake                
0000cf80  MPU_uxQueueMessagesWaiting          
0000cfb4  MPU_uxQueueSpacesAvailable          
0000cb74  MPU_uxTaskGetNumberOfTasks          
0000ccac  MPU_uxTaskGetStackHighWaterMark     
0000cc60  MPU_uxTaskGetSystemState            
0000c9ec  MPU_uxTaskPriorityGet               
0000d36c  MPU_vEventGroupDelete               
0000d18c  MPU_vPortFree                       
0000d1b8  MPU_vPortInitialiseBlocks           
0000d12c  MPU_vQueueDelete                    
0000c92c  MPU_vTaskAllocateMPURegions         
0000c9c0  MPU_vTaskDelay                      
0000c98c  MPU_vTaskDelayUntil                 
0000c960  MPU_vTaskDelete                     
0000ca54  MPU_vTaskGetInfo                    
0000cc34  MPU_vTaskGetRunTimeStats            
0000cc08  MPU_vTaskList                       
0000ca20  MPU_vTaskPrioritySet                
0000cacc  MPU_vTaskResume                     
0000cd0c  MPU_vTaskSetTimeOutState            
0000caa0  MPU_vTaskSuspend                    
0000caf8  MPU_vTaskSuspendAll                 
0000d290  MPU_xEventGroupClearBits            
0000d208  MPU_xEventGroupCreate               
0000d2d4  MPU_xEventGroupSetBits              
0000d318  MPU_xEventGroupSync                 
0000d234  MPU_xEventGroupWaitBits             
0000d1dc  MPU_xPortGetFreeHeapSize            
0000d080  MPU_xQueueCreateMutex               
0000ce9c  MPU_xQueueGenericCreate             
0000cfe8  MPU_xQueueGenericReceive            
0000cee8  MPU_xQueueGenericReset              
0000cf2c  MPU_xQueueGenericSend               
0000d0f8  MPU_xQueueGiveMutexRecursive        
0000d03c  MPU_xQueuePeekFromISR               
0000d0b4  MPU_xQueueTakeMutexRecursive        
0000cd38  MPU_xTaskCheckForTimeOut            
0000c8c8  MPU_xTaskCreate                     
0000c884  MPU_xTaskCreateRestricted           
0000cd7c  MPU_xTaskGenericNotify              
0000cbd4  MPU_xTaskGetHandle                  
0000cce0  MPU_xTaskGetSchedulerState          
0000cb48  MPU_xTaskGetTickCount               
0000ce68  MPU_xTaskNotifyStateClear           
0000cdd0  MPU_xTaskNotifyWait                 
0000cb1c  MPU_xTaskResumeAll                  
UNDEFED   SHT$$INIT_ARRAY$$Base               
UNDEFED   SHT$$INIT_ARRAY$$Limit              
000188fc  STATE_TABLE                         
0000c53c  SpiRxStatus                         
0000c4b0  SpiTxStatus                         
08004a94  TG0_IS_Complete                     
08004a98  TG1_IS_Complete                     
08004a9c  TG1_RX                              
08004aa0  TG2_IS_Complete                     
08004aa4  TG3_IS_Complete                     
08004a0c  TG3_RX                              
000187dc  TRANSITION_TABLE                    
080046b0  __CIOBUF_                           
00000800  __SYSMEM_SIZE                       
00005d50  __TI_CINIT_Base                     
00005d68  __TI_CINIT_Limit                    
00005d38  __TI_Handler_Table_Base             
00005d44  __TI_Handler_Table_Limit            
00015250  __TI_PINIT_Base                     
00015254  __TI_PINIT_Limit                    
00017a35  __TI_auto_init                      
00016157  __TI_cleanup                        
0800585c  __TI_cleanup_ptr                    
000177a5  __TI_closefile                      
00017aa5  __TI_decompress_lzss                
0001831d  __TI_decompress_none                
000174d1  __TI_doflush                        
08005860  __TI_dtors_ptr                      
08005864  __TI_enable_exit_profile_output     
0800583c  __TI_ft_end                         
ffffffff  __TI_pprof_out_hndl                 
0000b3f5  __TI_printfi                        
ffffffff  __TI_prof_data_size                 
ffffffff  __TI_prof_data_start                
000176bd  __TI_rd_ok                          
00017bb3  __TI_readmsg                        
00000000  __TI_static_base__                  
080048cc  __TI_tmpnams                        
00017b7d  __TI_writemsg                       
00017659  __TI_wrt_ok                         
0001832b  __TI_zero_init                      
00017e80  __aeabi_idiv                        
0000bcab  __aeabi_idiv0                       
00017e80  __aeabi_idivmod                     
000178d1  __aeabi_memclr                      
000178d1  __aeabi_memclr4                     
000178d1  __aeabi_memclr8                     
00017707  __aeabi_memcpy                      
00017707  __aeabi_memcpy4                     
00017707  __aeabi_memcpy8                     
000178d3  __aeabi_memset                      
000178d3  __aeabi_memset4                     
000178d3  __aeabi_memset8                     
08005848  __aeabi_stderr                      
08005840  __aeabi_stdin                       
08005844  __aeabi_stdout                      
00017fc8  __aeabi_uidiv                       
00017fc8  __aeabi_uidivmod                    
00015524  __aeabi_uldivmod                    
ffffffff  __binit__                           
ffffffff  __c_args__                          
000104f4  __unused                            
00018167  _abort_msg                          
0001817d  _assert                             
00016254  _c_int00                            
00015168  _coreClearAuxiliaryDataFault_       
0001517c  _coreClearAuxiliaryInstructionFault_
00015140  _coreClearDataFaultAddress_         
00015118  _coreClearDataFault_                
00015154  _coreClearInstructionFaultAddress_  
0001512c  _coreClearInstructionFault_         
000150ac  _coreDisableEventBusExport_         
000150f0  _coreDisableFlashEcc_               
000150cc  _coreDisableRamEcc_                 
0001509c  _coreEnableEventBusExport_          
000150dc  _coreEnableFlashEcc_                
00015100  _coreEnableIrqVicOffset_            
000150bc  _coreEnableRamEcc_                  
00015084  _coreEnableVfp_                     
00015160  _coreGetAuxiliaryDataFault_         
00015174  _coreGetAuxiliaryInstructionFault_  
00015138  _coreGetDataFaultAddress_           
00015110  _coreGetDataFault_                  
0001514c  _coreGetInstructionFaultAddress_    
00015124  _coreGetInstructionFault_           
00014f0c  _coreInitRegisters_                 
00015018  _coreInitStackPointer_              
0001853c  _ctypes_                            
00017080  _dabort                             
080056e0  _device                             
00015190  _disable_FIQ_interrupt_             
00015198  _disable_IRQ_interrupt_             
00015188  _disable_interrupt_                 
000151a0  _enable_interrupt_                  
00015230  _errata_CORTEXR4_57_                
00015240  _errata_CORTEXR4_66_                
000151a8  _esmCcmErrorsClear_                 
080055f0  _ftable                             
00015064  _getCPSRValue_                      
0001506c  _gotoCPUIdle_                       
08005874  _lock                               
00018165  _nassert                            
00018303  _nop                                
000172a4  _pmuDisableCountersGlobal_          
00017294  _pmuEnableCountersGlobal_           
00017300  _pmuGetCycleCount_                  
00017308  _pmuGetEventCount_                  
00017314  _pmuGetOverflow_                    
00017248  _pmuInit_                           
000172d4  _pmuResetCounters_                  
000172b4  _pmuResetCycleCounter_              
000172c4  _pmuResetEventCounters_             
000172f4  _pmuSetCountEvent_                  
000172e4  _pmuStartCounters_                  
000172ec  _pmuStopCounters_                   
000182fb  _register_lock                      
000182f5  _register_unlock                    
08005758  _stream                             
08004ae0  _sys_memory                         
000177a3  _system_post_cinit                  
08005878  _unlock                             
00017f7d  abort                               
0000e720  adc1GetConfigValue                  
0000926c  adc1ParityCheck                     
00009358  adc2ParityCheck                     
0000e2fc  adcCalibration                      
0000e6c0  adcDisableNotification              
0000e670  adcEnableNotification               
0000e0d4  adcGetData                          
0000e708  adcGetEVTPin                        
0000dea4  adcInit                             
0000e2cc  adcIsConversionComplete             
0000e29c  adcIsFifoFull                       
0000e4d4  adcMidPointCalibration              
00016df0  adcNotification                     
0000e0ac  adcResetFiFo                        
0000e6e8  adcSetEVTPin                        
0000e000  adcStartConversion                  
0000e084  adcStopConversion                   
00013390  addEvent                            
000131d0  addEventFromScheduledCommand        
08004aa8  addressWritten                      
00017f29  atoi                                
ffffffff  binit                               
080047d0  buffer                              
00015eb4  busyWait                            
00014edb  calloc                              
00009410  can1ParityCheck                     
000094e8  can2ParityCheck                     
000095b0  can3ParityCheck                     
00008030  ccmSelfCheck                        
0000a638  ccmr4GetConfigValue                 
00010510  checkAndRunCommand                  
00010560  checkAndRunCommandStr               
00008938  checkB0RAMECC                       
00008b28  checkB1RAMECC                       
00009c18  checkClockMonitor                   
00008d18  checkFlashECC                       
00009cf4  checkFlashEEPROMECC                 
00009e8c  checkPLL1Slip                       
00009f94  checkRAMAddrParity                  
000099d0  checkRAMECC                         
0000a09c  checkRAMUERRTest                    
000087bc  checkefcSelfTest                    
00017dd1  close                               
0000fff0  cmdExec                             
0000fec0  cmdGet                              
0000fe8c  cmdHelp                             
00010254  cmdSched                            
000103e8  cmdState                            
00010020  cmdTask                             
00016bf8  configureTimerForRunTimeStats       
00010c98  construct_packet_16                 
00010974  construct_packet_6                  
0001244c  convertBCD                          
00018019  copy_in                             
00018297  copysign                            
00018297  copysignl                           
00008234  cpuSelfTest                         
00008dfc  cpuSelfTestFail                     
000187ac  cumulativeSecondsInMonth            
08004ad8  cur_state                           
08005894  currChar                            
00008df4  custom_dabort                       
0000aaa8  disableParity                       
00016e78  dmaGroupANotification               
00008eac  dmaParityCheck                      
00014778  doStateLowPower                     
00014738  doStateReady                        
000146e4  doStateSafe                         
00014808  do_LOWPOWER_to_READY                
000147f8  do_LOWPOWER_to_SAFE                 
000147e8  do_READY_to_LOWPOWER                
000147d8  do_READY_to_SAFE                    
000147c8  do_SAFE_to_LOWPOWER                 
000147b8  do_SAFE_to_READY                    
08004a58  dummyBytes_16                       
00000878  eTaskGetState                       
00008660  efcCheck                            
0000a5a0  efcGetConfigValue                   
00008794  efcSelfTest                         
000086e8  efcStuckZeroTest                    
0000aa20  enableParity                        
08004aac  epochOffset                         
0000a6b4  errata_PBIST_4                      
08005884  errno                               
0001399c  esmActivateNormalOperation          
00013a80  esmClearStatus                      
00013ac4  esmClearStatusBuffer                
00013960  esmDisableError                     
000139d8  esmDisableInterrupt                 
00013934  esmEnableError                      
000139ac  esmEnableInterrupt                  
00013bbc  esmEnterSelfTest                    
00013918  esmError                            
00013c94  esmGetConfigValue                   
00013b00  esmGetStatus                        
00013b84  esmGetStatusBuffer                  
00016d88  esmGroup1Notification               
00016d98  esmGroup2Notification               
00016c74  esmHighInterrupt                    
00013810  esmInit                             
00013c44  esmSelfTestStatus                   
00013ae0  esmSetCounterPreloadValue           
00013a04  esmSetInterruptLevel                
0001398c  esmTriggerErrorPinReset             
00017f85  exit                                
0001780b  fclose                              
0001751d  fflush                              
0001794d  finddevice                          
000108d0  flash_busy_erasing_chip             
000108b4  flash_erase_chip                    
00010eb4  flash_mibspi_init                   
00010a44  flash_read_16                       
00010ac8  flash_read_16_rtos                  
00010934  flash_set_burst_64                  
00010c70  flash_status                        
00010d74  flash_test_JEDEC                    
00010b7c  flash_write_16_rtos                 
00010964  flash_write_enable                  
00017169  floor                               
00017169  floorl                              
0000a208  fmcBus1ParityCheck                  
0000885c  fmcBus2Check                        
00008898  fmcECCcheck                         
000161ad  fopen                               
000168e1  fputs                               
00014c1d  free                                
00016183  freopen                             
000179c1  frexp                               
000179c1  frexpl                              
00017c51  fseek                               
00013568  getAction                           
00012580  getCurrentRTCTime                   
00012238  getCurrentTime                      
00010dec  getEmptySector                      
0001241c  getEpochOffset                      
00016be8  getRunTimeCounterValue              
0001797b  getdevice                           
00014048  gioDisableNotification              
00013fe0  gioEnableNotification               
00013f48  gioGetBit                           
000140b0  gioGetConfigValue                   
00013f70  gioGetPort                          
00013de8  gioInit                             
00016e04  gioNotification                     
00013ed8  gioSetBit                           
00013eb8  gioSetDirection                     
00013f28  gioSetPort                          
00013f88  gioToggleBit                        
00008f58  het1ParityCheck                     
000090c0  het2ParityCheck                     
08005880  het_epoch_time                      
00009004  htu1ParityCheck                     
000091bc  htu2ParityCheck                     
00011a20  hundredBlinky                       
0001456c  initRadio                           
00015ef8  itoa2                               
08004ab0  lastRead                            
00016f8d  ldexp                               
00016f8d  ldexpl                              
000181e9  lseek                               
00017ed5  ltoa                                
00016b6c  main                                
00014bb3  malloc                              
0000eabc  mapClocks                           
00014de9  memalign                            
0001827b  memccpy                             
0001825b  memchr                              
00017707  memcpy                              
00008174  memoryInit                          
00016da8  memoryPort0TestFailNotification     
00016dc4  memoryPort1TestFailNotification     
000178d9  memset                              
0000db28  mibspi1GetConfigValue               
00017404  mibspi1HighLevelInterrupt           
00009684  mibspi1ParityCheck                  
0000978c  mibspi3ParityCheck                  
000098b0  mibspi5ParityCheck                  
0000daf4  mibspiDisableGroupNotification      
0000da00  mibspiDisableLoopback               
0000da6c  mibspiEnableGroupNotification       
0000d9cc  mibspiEnableLoopback                
0000d7e4  mibspiGetData                       
000110a8  mibspiGroupNotification             
0000d398  mibspiInit                          
0000d960  mibspiIsTransferComplete            
00016e18  mibspiNotification                  
0000da1c  mibspiPmodeSet                      
0000d6d8  mibspiSetData                       
0000d6b8  mibspiSetFunctional                 
0000d930  mibspiTransfer                      
00010fd0  mibspi_receive                      
00010f3c  mibspi_send                         
00010850  mibspi_write_byte                   
00010888  mibspi_write_two                    
00014b35  minit                               
00011164  muxInit                             
000126b8  no_rtos_test_getCurrentRTCTime      
0001759d  open                                
08004a8c  parmbuf                             
0000a32c  pbistFail                           
0000a3ac  pbistGetConfigValue                 
000085a8  pbistIsTestCompleted                
000085d4  pbistIsTestPassed                   
00008608  pbistPortTestStatus                 
000084ac  pbistRun                            
000082cc  pbistSelfCheck                      
00008578  pbistStop                           
000012c4  pcTaskGetName                       
00011f58  periodicSenderTask                  
0000ea68  periphInit                          
00018338  phantomInterrupt                    
00011600  pinmuxGetConfigValue                
00014988  printPrevState                      
00016798  printStartupType                    
00014918  printStateInfo                      
00005880  prvMpuDisable                       
00005868  prvMpuEnable                        
00005850  prvMpuSetRegion                     
000169f1  puts                                
000058a8  pvPortMalloc                        
00002bbc  pvTaskIncrementMutexHeldCount       
080008e4  pxCurrentTCB                        
0000513c  pxPortInitialiseStack               
000145d4  radioCmd                            
00014568  readAllRegisters                    
00014348  readExtendedRegister                
000142c0  readRegister                        
00014cdf  realloc                             
00018191  remove                              
000134d8  removeEventIdx                      
00000000  resetEntry                          
00012958  rtcGetBit                           
00012264  rtcInit                             
000128b8  rtcReadRegister                     
0001231c  rtcReset                            
00012330  rtcResetTime                        
00012994  rtcSetBit                           
000128fc  rtcTransmitAndReceive               
000127c0  rtcWriteRegister                    
0800587c  rtc_epoch_time                      
0001253c  rtc_get_day                         
000124f8  rtc_get_hours                       
000124e4  rtc_get_minutes                     
0001250c  rtc_get_month                       
000124d0  rtc_get_seconds                     
0001238c  rtc_get_startup_status              
0001256c  rtc_get_year                        
08004ab4  rtc_spiConfig                       
00016de0  rtiNotification                     
00014818  runState                            
00010bcc  rw16_test                           
00016f8d  scalbn                              
00016f8d  scalbnl                             
080052e0  schedule                            
00012ef0  sciDisableLoopback                  
00012f7c  sciDisableNotification              
00012ebc  sciEnableLoopback                   
00012f14  sciEnableNotification               
00012fe4  sciEnterResetState                  
00013004  sciExitResetState                   
00013024  sciGetConfigValue                   
00015cb0  sciHighLevelInterrupt               
00012a28  sciInit                             
00012d6c  sciIsIdleDetected                   
00012d50  sciIsRxReady                        
00012bd0  sciIsTxReady                        
00016560  sciNotification                     
00012de4  sciReceive                          
00012db8  sciReceiveByte                      
00012d88  sciRxError                          
00012c1c  sciSend                             
00012bec  sciSendByte                         
00012b34  sciSetBaudrate                      
00012b14  sciSetFunctional                    
00008020  selftestFailNotification            
00016414  serialInit                          
000164e8  serialSend                          
000164bc  serialSendCh                        
00016430  serialSendQ                         
00016468  serialSendQFromISR                  
0001651c  serialSendln                        
00012428  setEpochOffset                      
000149dc  setStateManual                      
000148f8  setStateRTOS_mode                   
0000ea28  setupFlash                          
0000e990  setupPLL                            
00017329  setvbuf                             
000136a4  shift                               
000135ec  showActiveEvents                    
00016024  simpleWatchdog                      
0001783d  snprintf                            
0000c674  spi4GetConfigValue                  
08004ab8  spiDataConfig                       
0000c5fc  spiDisableLoopback                  
0000c648  spiDisableNotification              
0000c5c8  spiEnableLoopback                   
0000c618  spiEnableNotification               
00016e68  spiEndNotification                  
0000bf18  spiGetData                          
0000bcac  spiInit                             
00016e54  spiNotification                     
0000bdfc  spiReceiveData                      
0000c370  spiSendAndGetData                   
0000c13c  spiSendData                         
0000bddc  spiSetFunctional                    
0000c234  spiTransmitAndReceiveData           
0000c010  spiTransmitData                     
00017cb5  sprintf                             
0000f240  sramGetConfigValue                  
08004ad9  startData                           
000167b4  startupCheck                        
00016788  startupInit                         
00014a6c  stateCheckEnterSafe                 
00014a34  stateCheckPowerGood                 
000148ac  stateMachineInit                    
08004a78  state_persistent_data               
0000a4f8  stcGetConfigValue                   
000081b8  stcSelfCheck                        
00008df8  stcSelfCheckFail                    
000182c7  strchr                              
000182af  strcmp                              
00018309  strcpy                              
00018239  strcspn                             
000182dd  strlen                              
0001812d  strncpy                             
000143d4  strobe                              
000181bd  strspn                              
000180ed  strtok                              
00016a19  strtol                              
0000ecb8  systemGetConfigValue                
0000ebbc  systemInit                          
0000ec88  systemPowerDown                     
0000f094  tcmflashGetConfigValue              
00012250  tempAddSecondToHET                  
08005800  testCMD                             
08005818  testSCHED                           
0000e9e0  trimLPO                             
000044b4  ucQueueGetQueueType                 
08000920  ulCriticalNesting                   
0000578c  ulPortCountLeadingZeros             
08000924  ulTaskHasFPUContext                 
00002bf0  ulTaskNotifyTake                    
00018191  unlink                              
000050fc  uxEventGroupGetNumber               
00015c24  uxListRemove                        
0000447c  uxQueueGetQueueNumber               
00004398  uxQueueMessagesWaiting              
0000441c  uxQueueMessagesWaitingFromISR       
000043d0  uxQueueSpacesAvailable              
000012b8  uxTaskGetNumberOfTasks              
000023d0  uxTaskGetStackHighWaterMark         
000015a8  uxTaskGetSystemState                
00001f1c  uxTaskGetTaskNumber                 
0000097c  uxTaskPriorityGet                   
000009c0  uxTaskPriorityGetFromISR            
00002b80  uxTaskResetEventItemValue           
00016b48  vApplicationStackOverflowHook       
00011c50  vDemoADCTask                        
00005074  vEventGroupClearBitsCallback        
00004fd4  vEventGroupDelete                   
00005058  vEventGroupSetBitsCallback          
00011a50  vFlashRead                          
00011b24  vFlashRead2                         
00011bc4  vFlashWrite                         
00015a78  vListInitialise                     
00015ad0  vListInitialiseItem                 
00015b60  vListInsert                         
00015aec  vListInsertEnd                      
000120d4  vMonitorTask                        
000054c4  vPortEndScheduler                   
00005b18  vPortFree                           
00005c18  vPortInitialiseBlocks               
000056cc  vPortPreemptiveTick                 
00005794  vPortSWI                            
000054fc  vPortStartFirstTask                 
0000522c  vPortStoreTaskMPUSettings           
00005618  vPortYeildWithinAPI                 
0000556c  vPortYieldProcessor                 
0000444c  vQueueDelete                        
00004494  vQueueSetQueueNumber                
0001426c  vRadioTask                          
0001202c  vReceiverTask                       
00011fe8  vSenderTask                         
00011f4c  vSerialSenderTask                   
00011d00  vSerialTask                         
00011cd4  vStateTask                          
00001f90  vTaskAllocateMPURegions             
000007f4  vTaskDelay                          
00000688  vTaskDelayUntil                     
00000520  vTaskDelete                         
00001094  vTaskEndScheduler                   
00002120  vTaskGetInfo                        
00002a08  vTaskGetRunTimeStats                
00002850  vTaskList                           
00001f0c  vTaskMissedYield                    
000031e4  vTaskNotifyGiveFromISR              
00001b08  vTaskPlaceOnEventList               
00001b4c  vTaskPlaceOnUnorderedEventList      
00002504  vTaskPriorityInherit                
00000a08  vTaskPrioritySet                    
00000e2c  vTaskResume                         
00001f5c  vTaskSetTaskNumber                  
00001dc4  vTaskSetTimeOutState                
00000ff8  vTaskStartScheduler                 
00000c24  vTaskSuspend                        
000010b0  vTaskSuspendAll                     
0000194c  vTaskSwitchContext                  
00012098  vTickleTask                         
0000f508  vimChannelMap                       
0000f774  vimDisableInterrupt                 
0000f5ac  vimEnableInterrupt                  
0000f820  vimGetConfigValue                   
0000f434  vimInit                             
00008e00  vimParityCheck                      
00015258  vimParityErrorHandler               
00016054  watchdog_busywait                   
00018211  write                               
000144c8  writeExtendedRegister               
00014440  writeRegister                       
080057d8  xADCTaskHandle                      
080057d4  xBlinkyTaskHandle                   
00004d70  xEventGroupClearBits                
000048e0  xEventGroupCreate                   
00004df4  xEventGroupGetBitsFromISR           
00004e24  xEventGroupSetBits                  
0000491c  xEventGroupSync                     
00004b1c  xEventGroupWaitBits                 
08004abc  xFlashMutex                         
080057e0  xFlashReadHandle                    
080057e4  xFlashWriteHandle                   
000157dc  xPortGetFreeHeapSize                
000157e8  xPortGetMinimumEverFreeHeapSize     
000054a0  xPortStartScheduler                 
08004ac0  xQueue                              
00003720  xQueueCreateMutex                   
000035a4  xQueueGenericCreate                 
00003e44  xQueueGenericReceive                
0000347c  xQueueGenericReset                  
00003888  xQueueGenericSend                   
00003b48  xQueueGenericSendFromISR            
00003cd8  xQueueGiveFromISR                   
00003764  xQueueGiveMutexRecursive            
00004804  xQueueIsQueueEmptyFromISR           
00004890  xQueueIsQueueFullFromISR            
000042a4  xQueuePeekFromISR                   
0000415c  xQueueReceiveFromISR                
000037ec  xQueueTakeMutexRecursive            
08004ac4  xRTCMutex                           
08004ac8  xRadioRXQueue                       
08004acc  xRadioTXQueue                       
080057cc  xRadioTaskHandle                    
08004ad0  xSerialRXQueue                      
08004ad4  xSerialTXQueue                      
080057c8  xSerialTaskHandle                   
080057dc  xStateTaskHandle                    
00001e04  xTaskCheckForTimeOut                
000000fc  xTaskCreate                         
00000020  xTaskCreateRestricted               
00002e08  xTaskGenericNotify                  
00002fe4  xTaskGenericNotifyFromISR           
00002498  xTaskGetCurrentTaskHandle           
00001494  xTaskGetHandle                      
000024b4  xTaskGetSchedulerState              
00001278  xTaskGetTickCount                   
00001294  xTaskGetTickCountFromISR            
00001724  xTaskIncrementTick                  
00016f14  xTaskNotifyStateClear               
00002cd8  xTaskNotifyWait                     
00002664  xTaskPriorityDisinherit             
00001bd0  xTaskRemoveFromEventList            
00001cbc  xTaskRemoveFromUnorderedEventList   
000010c4  xTaskResumeAll                      
00000f10  xTaskResumeFromISR                  
080057d0  xTickleTaskHandle                   


GLOBAL SYMBOLS: SORTED BY Symbol Address 

address   name                                
-------   ----                                
00000000  __TI_static_base__                  
00000000  resetEntry                          
00000020  xTaskCreateRestricted               
000000fc  xTaskCreate                         
00000520  vTaskDelete                         
00000688  vTaskDelayUntil                     
000007f4  vTaskDelay                          
00000800  __SYSMEM_SIZE                       
00000878  eTaskGetState                       
0000097c  uxTaskPriorityGet                   
000009c0  uxTaskPriorityGetFromISR            
00000a08  vTaskPrioritySet                    
00000c24  vTaskSuspend                        
00000e2c  vTaskResume                         
00000f10  xTaskResumeFromISR                  
00000ff8  vTaskStartScheduler                 
00001094  vTaskEndScheduler                   
000010b0  vTaskSuspendAll                     
000010c4  xTaskResumeAll                      
00001278  xTaskGetTickCount                   
00001294  xTaskGetTickCountFromISR            
000012b8  uxTaskGetNumberOfTasks              
000012c4  pcTaskGetName                       
00001494  xTaskGetHandle                      
000015a8  uxTaskGetSystemState                
00001724  xTaskIncrementTick                  
0000194c  vTaskSwitchContext                  
00001b08  vTaskPlaceOnEventList               
00001b4c  vTaskPlaceOnUnorderedEventList      
00001bd0  xTaskRemoveFromEventList            
00001cbc  xTaskRemoveFromUnorderedEventList   
00001dc4  vTaskSetTimeOutState                
00001e04  xTaskCheckForTimeOut                
00001f0c  vTaskMissedYield                    
00001f1c  uxTaskGetTaskNumber                 
00001f5c  vTaskSetTaskNumber                  
00001f90  vTaskAllocateMPURegions             
00002120  vTaskGetInfo                        
000023d0  uxTaskGetStackHighWaterMark         
00002498  xTaskGetCurrentTaskHandle           
000024b4  xTaskGetSchedulerState              
00002504  vTaskPriorityInherit                
00002664  xTaskPriorityDisinherit             
00002850  vTaskList                           
00002a08  vTaskGetRunTimeStats                
00002b80  uxTaskResetEventItemValue           
00002bbc  pvTaskIncrementMutexHeldCount       
00002bf0  ulTaskNotifyTake                    
00002cd8  xTaskNotifyWait                     
00002e08  xTaskGenericNotify                  
00002fe4  xTaskGenericNotifyFromISR           
000031e4  vTaskNotifyGiveFromISR              
0000347c  xQueueGenericReset                  
000035a4  xQueueGenericCreate                 
00003720  xQueueCreateMutex                   
00003764  xQueueGiveMutexRecursive            
000037ec  xQueueTakeMutexRecursive            
00003888  xQueueGenericSend                   
00003b48  xQueueGenericSendFromISR            
00003cd8  xQueueGiveFromISR                   
00003e44  xQueueGenericReceive                
0000415c  xQueueReceiveFromISR                
000042a4  xQueuePeekFromISR                   
00004398  uxQueueMessagesWaiting              
000043d0  uxQueueSpacesAvailable              
0000441c  uxQueueMessagesWaitingFromISR       
0000444c  vQueueDelete                        
0000447c  uxQueueGetQueueNumber               
00004494  vQueueSetQueueNumber                
000044b4  ucQueueGetQueueType                 
00004804  xQueueIsQueueEmptyFromISR           
00004890  xQueueIsQueueFullFromISR            
000048e0  xEventGroupCreate                   
0000491c  xEventGroupSync                     
00004b1c  xEventGroupWaitBits                 
00004d70  xEventGroupClearBits                
00004df4  xEventGroupGetBitsFromISR           
00004e24  xEventGroupSetBits                  
00004fd4  vEventGroupDelete                   
00005058  vEventGroupSetBitsCallback          
00005074  vEventGroupClearBitsCallback        
000050fc  uxEventGroupGetNumber               
0000513c  pxPortInitialiseStack               
0000522c  vPortStoreTaskMPUSettings           
000054a0  xPortStartScheduler                 
000054c4  vPortEndScheduler                   
000054fc  vPortStartFirstTask                 
0000556c  vPortYieldProcessor                 
00005618  vPortYeildWithinAPI                 
000056cc  vPortPreemptiveTick                 
0000578c  ulPortCountLeadingZeros             
00005794  vPortSWI                            
00005850  prvMpuSetRegion                     
00005868  prvMpuEnable                        
00005880  prvMpuDisable                       
000058a8  pvPortMalloc                        
00005b18  vPortFree                           
00005c18  vPortInitialiseBlocks               
00005d38  __TI_Handler_Table_Base             
00005d44  __TI_Handler_Table_Limit            
00005d50  __TI_CINIT_Base                     
00005d68  __TI_CINIT_Limit                    
00008020  selftestFailNotification            
00008030  ccmSelfCheck                        
00008174  memoryInit                          
000081b8  stcSelfCheck                        
00008234  cpuSelfTest                         
000082cc  pbistSelfCheck                      
000084ac  pbistRun                            
00008578  pbistStop                           
000085a8  pbistIsTestCompleted                
000085d4  pbistIsTestPassed                   
00008608  pbistPortTestStatus                 
00008660  efcCheck                            
000086e8  efcStuckZeroTest                    
00008794  efcSelfTest                         
000087bc  checkefcSelfTest                    
0000885c  fmcBus2Check                        
00008898  fmcECCcheck                         
00008938  checkB0RAMECC                       
00008b28  checkB1RAMECC                       
00008d18  checkFlashECC                       
00008df4  custom_dabort                       
00008df8  stcSelfCheckFail                    
00008dfc  cpuSelfTestFail                     
00008e00  vimParityCheck                      
00008eac  dmaParityCheck                      
00008f58  het1ParityCheck                     
00009004  htu1ParityCheck                     
000090c0  het2ParityCheck                     
000091bc  htu2ParityCheck                     
0000926c  adc1ParityCheck                     
00009358  adc2ParityCheck                     
00009410  can1ParityCheck                     
000094e8  can2ParityCheck                     
000095b0  can3ParityCheck                     
00009684  mibspi1ParityCheck                  
0000978c  mibspi3ParityCheck                  
000098b0  mibspi5ParityCheck                  
000099d0  checkRAMECC                         
00009c18  checkClockMonitor                   
00009cf4  checkFlashEEPROMECC                 
00009e8c  checkPLL1Slip                       
00009f94  checkRAMAddrParity                  
0000a09c  checkRAMUERRTest                    
0000a208  fmcBus1ParityCheck                  
0000a32c  pbistFail                           
0000a3ac  pbistGetConfigValue                 
0000a4f8  stcGetConfigValue                   
0000a5a0  efcGetConfigValue                   
0000a638  ccmr4GetConfigValue                 
0000a6b4  errata_PBIST_4                      
0000aa20  enableParity                        
0000aaa8  disableParity                       
0000b3f5  __TI_printfi                        
0000bcab  __aeabi_idiv0                       
0000bcac  spiInit                             
0000bddc  spiSetFunctional                    
0000bdfc  spiReceiveData                      
0000bf18  spiGetData                          
0000c010  spiTransmitData                     
0000c13c  spiSendData                         
0000c234  spiTransmitAndReceiveData           
0000c370  spiSendAndGetData                   
0000c4b0  SpiTxStatus                         
0000c53c  SpiRxStatus                         
0000c5c8  spiEnableLoopback                   
0000c5fc  spiDisableLoopback                  
0000c618  spiEnableNotification               
0000c648  spiDisableNotification              
0000c674  spi4GetConfigValue                  
0000c884  MPU_xTaskCreateRestricted           
0000c8c8  MPU_xTaskCreate                     
0000c92c  MPU_vTaskAllocateMPURegions         
0000c960  MPU_vTaskDelete                     
0000c98c  MPU_vTaskDelayUntil                 
0000c9c0  MPU_vTaskDelay                      
0000c9ec  MPU_uxTaskPriorityGet               
0000ca20  MPU_vTaskPrioritySet                
0000ca54  MPU_vTaskGetInfo                    
0000caa0  MPU_vTaskSuspend                    
0000cacc  MPU_vTaskResume                     
0000caf8  MPU_vTaskSuspendAll                 
0000cb1c  MPU_xTaskResumeAll                  
0000cb48  MPU_xTaskGetTickCount               
0000cb74  MPU_uxTaskGetNumberOfTasks          
0000cba0  MPU_pcTaskGetName                   
0000cbd4  MPU_xTaskGetHandle                  
0000cc08  MPU_vTaskList                       
0000cc34  MPU_vTaskGetRunTimeStats            
0000cc60  MPU_uxTaskGetSystemState            
0000ccac  MPU_uxTaskGetStackHighWaterMark     
0000cce0  MPU_xTaskGetSchedulerState          
0000cd0c  MPU_vTaskSetTimeOutState            
0000cd38  MPU_xTaskCheckForTimeOut            
0000cd7c  MPU_xTaskGenericNotify              
0000cdd0  MPU_xTaskNotifyWait                 
0000ce24  MPU_ulTaskNotifyTake                
0000ce68  MPU_xTaskNotifyStateClear           
0000ce9c  MPU_xQueueGenericCreate             
0000cee8  MPU_xQueueGenericReset              
0000cf2c  MPU_xQueueGenericSend               
0000cf80  MPU_uxQueueMessagesWaiting          
0000cfb4  MPU_uxQueueSpacesAvailable          
0000cfe8  MPU_xQueueGenericReceive            
0000d03c  MPU_xQueuePeekFromISR               
0000d080  MPU_xQueueCreateMutex               
0000d0b4  MPU_xQueueTakeMutexRecursive        
0000d0f8  MPU_xQueueGiveMutexRecursive        
0000d12c  MPU_vQueueDelete                    
0000d158  MPU_pvPortMalloc                    
0000d18c  MPU_vPortFree                       
0000d1b8  MPU_vPortInitialiseBlocks           
0000d1dc  MPU_xPortGetFreeHeapSize            
0000d208  MPU_xEventGroupCreate               
0000d234  MPU_xEventGroupWaitBits             
0000d290  MPU_xEventGroupClearBits            
0000d2d4  MPU_xEventGroupSetBits              
0000d318  MPU_xEventGroupSync                 
0000d36c  MPU_vEventGroupDelete               
0000d398  mibspiInit                          
0000d6b8  mibspiSetFunctional                 
0000d6d8  mibspiSetData                       
0000d7e4  mibspiGetData                       
0000d930  mibspiTransfer                      
0000d960  mibspiIsTransferComplete            
0000d9cc  mibspiEnableLoopback                
0000da00  mibspiDisableLoopback               
0000da1c  mibspiPmodeSet                      
0000da6c  mibspiEnableGroupNotification       
0000daf4  mibspiDisableGroupNotification      
0000db28  mibspi1GetConfigValue               
0000dea4  adcInit                             
0000e000  adcStartConversion                  
0000e084  adcStopConversion                   
0000e0ac  adcResetFiFo                        
0000e0d4  adcGetData                          
0000e29c  adcIsFifoFull                       
0000e2cc  adcIsConversionComplete             
0000e2fc  adcCalibration                      
0000e4d4  adcMidPointCalibration              
0000e670  adcEnableNotification               
0000e6c0  adcDisableNotification              
0000e6e8  adcSetEVTPin                        
0000e708  adcGetEVTPin                        
0000e720  adc1GetConfigValue                  
0000e990  setupPLL                            
0000e9e0  trimLPO                             
0000ea28  setupFlash                          
0000ea68  periphInit                          
0000eabc  mapClocks                           
0000ebbc  systemInit                          
0000ec88  systemPowerDown                     
0000ecb8  systemGetConfigValue                
0000f094  tcmflashGetConfigValue              
0000f240  sramGetConfigValue                  
0000f434  vimInit                             
0000f508  vimChannelMap                       
0000f5ac  vimEnableInterrupt                  
0000f774  vimDisableInterrupt                 
0000f820  vimGetConfigValue                   
0000fe8c  cmdHelp                             
0000fec0  cmdGet                              
0000fff0  cmdExec                             
00010020  cmdTask                             
00010254  cmdSched                            
000103e8  cmdState                            
000104f4  __unused                            
00010510  checkAndRunCommand                  
00010560  checkAndRunCommandStr               
00010850  mibspi_write_byte                   
00010888  mibspi_write_two                    
000108b4  flash_erase_chip                    
000108d0  flash_busy_erasing_chip             
00010934  flash_set_burst_64                  
00010964  flash_write_enable                  
00010974  construct_packet_6                  
00010a44  flash_read_16                       
00010ac8  flash_read_16_rtos                  
00010b7c  flash_write_16_rtos                 
00010bcc  rw16_test                           
00010c70  flash_status                        
00010c98  construct_packet_16                 
00010d74  flash_test_JEDEC                    
00010dec  getEmptySector                      
00010eb4  flash_mibspi_init                   
00010f3c  mibspi_send                         
00010fd0  mibspi_receive                      
000110a8  mibspiGroupNotification             
00011164  muxInit                             
00011600  pinmuxGetConfigValue                
00011a20  hundredBlinky                       
00011a50  vFlashRead                          
00011b24  vFlashRead2                         
00011bc4  vFlashWrite                         
00011c50  vDemoADCTask                        
00011cd4  vStateTask                          
00011d00  vSerialTask                         
00011f4c  vSerialSenderTask                   
00011f58  periodicSenderTask                  
00011fe8  vSenderTask                         
0001202c  vReceiverTask                       
00012098  vTickleTask                         
000120d4  vMonitorTask                        
00012238  getCurrentTime                      
00012250  tempAddSecondToHET                  
00012264  rtcInit                             
0001231c  rtcReset                            
00012330  rtcResetTime                        
0001238c  rtc_get_startup_status              
0001241c  getEpochOffset                      
00012428  setEpochOffset                      
0001244c  convertBCD                          
000124d0  rtc_get_seconds                     
000124e4  rtc_get_minutes                     
000124f8  rtc_get_hours                       
0001250c  rtc_get_month                       
0001253c  rtc_get_day                         
0001256c  rtc_get_year                        
00012580  getCurrentRTCTime                   
000126b8  no_rtos_test_getCurrentRTCTime      
000127c0  rtcWriteRegister                    
000128b8  rtcReadRegister                     
000128fc  rtcTransmitAndReceive               
00012958  rtcGetBit                           
00012994  rtcSetBit                           
00012a28  sciInit                             
00012b14  sciSetFunctional                    
00012b34  sciSetBaudrate                      
00012bd0  sciIsTxReady                        
00012bec  sciSendByte                         
00012c1c  sciSend                             
00012d50  sciIsRxReady                        
00012d6c  sciIsIdleDetected                   
00012d88  sciRxError                          
00012db8  sciReceiveByte                      
00012de4  sciReceive                          
00012ebc  sciEnableLoopback                   
00012ef0  sciDisableLoopback                  
00012f14  sciEnableNotification               
00012f7c  sciDisableNotification              
00012fe4  sciEnterResetState                  
00013004  sciExitResetState                   
00013024  sciGetConfigValue                   
000131d0  addEventFromScheduledCommand        
00013390  addEvent                            
000134d8  removeEventIdx                      
00013568  getAction                           
000135ec  showActiveEvents                    
000136a4  shift                               
00013810  esmInit                             
00013918  esmError                            
00013934  esmEnableError                      
00013960  esmDisableError                     
0001398c  esmTriggerErrorPinReset             
0001399c  esmActivateNormalOperation          
000139ac  esmEnableInterrupt                  
000139d8  esmDisableInterrupt                 
00013a04  esmSetInterruptLevel                
00013a80  esmClearStatus                      
00013ac4  esmClearStatusBuffer                
00013ae0  esmSetCounterPreloadValue           
00013b00  esmGetStatus                        
00013b84  esmGetStatusBuffer                  
00013bbc  esmEnterSelfTest                    
00013c44  esmSelfTestStatus                   
00013c94  esmGetConfigValue                   
00013de8  gioInit                             
00013eb8  gioSetDirection                     
00013ed8  gioSetBit                           
00013f28  gioSetPort                          
00013f48  gioGetBit                           
00013f70  gioGetPort                          
00013f88  gioToggleBit                        
00013fe0  gioEnableNotification               
00014048  gioDisableNotification              
000140b0  gioGetConfigValue                   
0001426c  vRadioTask                          
000142c0  readRegister                        
00014348  readExtendedRegister                
000143d4  strobe                              
00014440  writeRegister                       
000144c8  writeExtendedRegister               
00014568  readAllRegisters                    
0001456c  initRadio                           
000145d4  radioCmd                            
000146e4  doStateSafe                         
00014738  doStateReady                        
00014778  doStateLowPower                     
000147b8  do_SAFE_to_READY                    
000147c8  do_SAFE_to_LOWPOWER                 
000147d8  do_READY_to_SAFE                    
000147e8  do_READY_to_LOWPOWER                
000147f8  do_LOWPOWER_to_SAFE                 
00014808  do_LOWPOWER_to_READY                
00014818  runState                            
000148ac  stateMachineInit                    
000148f8  setStateRTOS_mode                   
00014918  printStateInfo                      
00014988  printPrevState                      
000149dc  setStateManual                      
00014a34  stateCheckPowerGood                 
00014a6c  stateCheckEnterSafe                 
00014b35  minit                               
00014bb3  malloc                              
00014c1d  free                                
00014cdf  realloc                             
00014de9  memalign                            
00014edb  calloc                              
00014f0c  _coreInitRegisters_                 
00015018  _coreInitStackPointer_              
00015064  _getCPSRValue_                      
0001506c  _gotoCPUIdle_                       
00015084  _coreEnableVfp_                     
0001509c  _coreEnableEventBusExport_          
000150ac  _coreDisableEventBusExport_         
000150bc  _coreEnableRamEcc_                  
000150cc  _coreDisableRamEcc_                 
000150dc  _coreEnableFlashEcc_                
000150f0  _coreDisableFlashEcc_               
00015100  _coreEnableIrqVicOffset_            
00015110  _coreGetDataFault_                  
00015118  _coreClearDataFault_                
00015124  _coreGetInstructionFault_           
0001512c  _coreClearInstructionFault_         
00015138  _coreGetDataFaultAddress_           
00015140  _coreClearDataFaultAddress_         
0001514c  _coreGetInstructionFaultAddress_    
00015154  _coreClearInstructionFaultAddress_  
00015160  _coreGetAuxiliaryDataFault_         
00015168  _coreClearAuxiliaryDataFault_       
00015174  _coreGetAuxiliaryInstructionFault_  
0001517c  _coreClearAuxiliaryInstructionFault_
00015188  _disable_interrupt_                 
00015190  _disable_FIQ_interrupt_             
00015198  _disable_IRQ_interrupt_             
000151a0  _enable_interrupt_                  
000151a8  _esmCcmErrorsClear_                 
00015230  _errata_CORTEXR4_57_                
00015240  _errata_CORTEXR4_66_                
00015250  __TI_PINIT_Base                     
00015254  __TI_PINIT_Limit                    
00015258  vimParityErrorHandler               
00015524  __aeabi_uldivmod                    
000157dc  xPortGetFreeHeapSize                
000157e8  xPortGetMinimumEverFreeHeapSize     
00015a78  vListInitialise                     
00015ad0  vListInitialiseItem                 
00015aec  vListInsertEnd                      
00015b60  vListInsert                         
00015c24  uxListRemove                        
00015cb0  sciHighLevelInterrupt               
00015eb4  busyWait                            
00015ef8  itoa2                               
00016024  simpleWatchdog                      
00016054  watchdog_busywait                   
00016157  __TI_cleanup                        
00016183  freopen                             
000161ad  fopen                               
00016254  _c_int00                            
00016414  serialInit                          
00016430  serialSendQ                         
00016468  serialSendQFromISR                  
000164bc  serialSendCh                        
000164e8  serialSend                          
0001651c  serialSendln                        
00016560  sciNotification                     
00016788  startupInit                         
00016798  printStartupType                    
000167b4  startupCheck                        
000168e1  fputs                               
000169f1  puts                                
00016a19  strtol                              
00016b48  vApplicationStackOverflowHook       
00016b6c  main                                
00016be8  getRunTimeCounterValue              
00016bf8  configureTimerForRunTimeStats       
00016c74  esmHighInterrupt                    
00016d88  esmGroup1Notification               
00016d98  esmGroup2Notification               
00016da8  memoryPort0TestFailNotification     
00016dc4  memoryPort1TestFailNotification     
00016de0  rtiNotification                     
00016df0  adcNotification                     
00016e04  gioNotification                     
00016e18  mibspiNotification                  
00016e54  spiNotification                     
00016e68  spiEndNotification                  
00016e78  dmaGroupANotification               
00016f14  xTaskNotifyStateClear               
00016f8d  ldexp                               
00016f8d  ldexpl                              
00016f8d  scalbn                              
00016f8d  scalbnl                             
00017080  _dabort                             
00017169  floor                               
00017169  floorl                              
00017248  _pmuInit_                           
00017294  _pmuEnableCountersGlobal_           
000172a4  _pmuDisableCountersGlobal_          
000172b4  _pmuResetCycleCounter_              
000172c4  _pmuResetEventCounters_             
000172d4  _pmuResetCounters_                  
000172e4  _pmuStartCounters_                  
000172ec  _pmuStopCounters_                   
000172f4  _pmuSetCountEvent_                  
00017300  _pmuGetCycleCount_                  
00017308  _pmuGetEventCount_                  
00017314  _pmuGetOverflow_                    
00017329  setvbuf                             
00017404  mibspi1HighLevelInterrupt           
000174d1  __TI_doflush                        
0001751d  fflush                              
0001759d  open                                
00017659  __TI_wrt_ok                         
000176bd  __TI_rd_ok                          
00017707  __aeabi_memcpy                      
00017707  __aeabi_memcpy4                     
00017707  __aeabi_memcpy8                     
00017707  memcpy                              
000177a3  _system_post_cinit                  
000177a5  __TI_closefile                      
0001780b  fclose                              
0001783d  snprintf                            
000178d1  __aeabi_memclr                      
000178d1  __aeabi_memclr4                     
000178d1  __aeabi_memclr8                     
000178d3  __aeabi_memset                      
000178d3  __aeabi_memset4                     
000178d3  __aeabi_memset8                     
000178d9  memset                              
0001794d  finddevice                          
0001797b  getdevice                           
000179c1  frexp                               
000179c1  frexpl                              
00017a35  __TI_auto_init                      
00017aa5  __TI_decompress_lzss                
00017b11  HOSTrename                          
00017b7d  __TI_writemsg                       
00017baf  C$$IO$$                             
00017bb3  __TI_readmsg                        
00017be9  HOSTlseek                           
00017c51  fseek                               
00017cb5  sprintf                             
00017d19  HOSTopen                            
00017d75  HOSTread                            
00017dd1  close                               
00017e29  HOSTwrite                           
00017e80  __aeabi_idiv                        
00017e80  __aeabi_idivmod                     
00017ed5  ltoa                                
00017f29  atoi                                
00017f79  C$$EXIT                             
00017f7d  abort                               
00017f85  exit                                
00017fc8  __aeabi_uidiv                       
00017fc8  __aeabi_uidivmod                    
00018019  copy_in                             
00018065  HOSTclose                           
000180a9  HOSTunlink                          
000180ed  strtok                              
0001812d  strncpy                             
00018165  _nassert                            
00018167  _abort_msg                          
0001817d  _assert                             
00018191  remove                              
00018191  unlink                              
000181bd  strspn                              
000181e9  lseek                               
00018211  write                               
00018239  strcspn                             
0001825b  memchr                              
0001827b  memccpy                             
00018297  copysign                            
00018297  copysignl                           
000182af  strcmp                              
000182c7  strchr                              
000182dd  strlen                              
000182f5  _register_unlock                    
000182fb  _register_lock                      
00018303  _nop                                
00018309  strcpy                              
0001831d  __TI_decompress_none                
0001832b  __TI_zero_init                      
00018338  phantomInterrupt                    
0001853c  _ctypes_                            
000187ac  cumulativeSecondsInMonth            
000187dc  TRANSITION_TABLE                    
000188a8  CMD_FUNCS                           
000188fc  STATE_TABLE                         
080008e4  pxCurrentTCB                        
08000920  ulCriticalNesting                   
08000924  ulTaskHasFPUContext                 
080046b0  __CIOBUF_                           
080047d0  buffer                              
080048cc  __TI_tmpnams                        
08004a0c  TG3_RX                              
08004a58  dummyBytes_16                       
08004a78  state_persistent_data               
08004a8c  parmbuf                             
08004a94  TG0_IS_Complete                     
08004a98  TG1_IS_Complete                     
08004a9c  TG1_RX                              
08004aa0  TG2_IS_Complete                     
08004aa4  TG3_IS_Complete                     
08004aa8  addressWritten                      
08004aac  epochOffset                         
08004ab0  lastRead                            
08004ab4  rtc_spiConfig                       
08004ab8  spiDataConfig                       
08004abc  xFlashMutex                         
08004ac0  xQueue                              
08004ac4  xRTCMutex                           
08004ac8  xRadioRXQueue                       
08004acc  xRadioTXQueue                       
08004ad0  xSerialRXQueue                      
08004ad4  xSerialTXQueue                      
08004ad8  cur_state                           
08004ad9  startData                           
08004ae0  _sys_memory                         
080052e0  schedule                            
08005500  CMD_DBG_STRINGS                     
080055f0  _ftable                             
080056e0  _device                             
08005758  _stream                             
080057c8  xSerialTaskHandle                   
080057cc  xRadioTaskHandle                    
080057d0  xTickleTaskHandle                   
080057d4  xBlinkyTaskHandle                   
080057d8  xADCTaskHandle                      
080057dc  xStateTaskHandle                    
080057e0  xFlashReadHandle                    
080057e4  xFlashWriteHandle                   
080057e8  CMD_NAMES                           
08005800  testCMD                             
08005818  testSCHED                           
0800583c  __TI_ft_end                         
08005840  __aeabi_stdin                       
08005844  __aeabi_stdout                      
08005848  __aeabi_stderr                      
0800585c  __TI_cleanup_ptr                    
08005860  __TI_dtors_ptr                      
08005864  __TI_enable_exit_profile_output     
08005874  _lock                               
08005878  _unlock                             
0800587c  rtc_epoch_time                      
08005880  het_epoch_time                      
08005884  errno                               
08005894  currChar                            
ffffffff  __TI_pprof_out_hndl                 
ffffffff  __TI_prof_data_size                 
ffffffff  __TI_prof_data_start                
ffffffff  __binit__                           
ffffffff  __c_args__                          
ffffffff  binit                               
UNDEFED   SHT$$INIT_ARRAY$$Base               
UNDEFED   SHT$$INIT_ARRAY$$Limit              

[657 symbols]
