******************************************************************************
                  TI ARM Linker Unix v16.9.4                   
******************************************************************************
>> Linked Sun Jan 21 11:31:47 2018

OUTPUT FILE NAME:   <OBC.out>
ENTRY POINT SYMBOL: "_c_int00"  address: 000167e0


MEMORY CONFIGURATION

         name            origin    length      used     unused   attr    fill
----------------------  --------  ---------  --------  --------  ----  --------
  VECTORS               00000000   00000020  00000020  00000000     X
  KERNEL                00000020   00008000  00005d44  000022bc  R  X
  FLASH0                00008020   00057fe0  00010e48  00047198  R  X
  STACKS                08000000   00000800  00000000  00000800  RW  
  KRAM                  08000800   00000800  00000128  000006d8  RW  
  RAM                   08001000   00007000  0000488f  00002771  RW  


SEGMENT ALLOCATION MAP

run origin  load origin   length   init length attrs members
----------  ----------- ---------- ----------- ----- -------
00000000    00000000    00005d68   00005d68    r-x
  00000000    00000000    00000020   00000020    r-x .intvecs
  00000020    00000020    00005c14   00005c14    r-x .kernelTEXT
  00005c38    00005c38    00000130   00000130    r-- .cinit
00008020    00008020    00010e48   00010e48    r-x
  00008020    00008020    00010830   00010830    r-x .text
  00018850    00018850    00000618   00000618    r-- .const
08000800    08000800    00000128   00000000    rw-
  08000800    08000800    00000128   00000000    rw- .kernelBSS
08001000    08001000    00004895   00000000    rw-
  08001000    08001000    00003ada   00000000    rw- .bss
  08004ae0    08004ae0    00000800   00000000    rw- .sysmem
  080052e0    080052e0    000005b5   00000000    rw- .data


SECTION ALLOCATION MAP

 output                                  attributes/
section   page    origin      length       input sections
--------  ----  ----------  ----------   ----------------
.intvecs   0    00000000    00000020     
                  00000000    00000020     sys_intvecs.obj (.intvecs)

.kernelTEXT 
*          0    00000020    00005c14     
                  00000020    0000345c     rtos_task.obj (.kernelTEXT)
                  0000347c    00001464     rtos_queue.obj (.kernelTEXT)
                  000048e0    0000085c     rtos_event_groups.obj (.kernelTEXT)
                  0000513c    000003bc     rtos_port.obj (.kernelTEXT)
                  000054f8    000003b0     rtos_portasm.obj (.kernelTEXT)
                  000058a8    0000038c     rtos_heap.obj (.kernelTEXT)

.cinit     0    00005c38    00000130     
                  00005c38    000000f3     (.cinit..data.load) [load image, compression = lzss]
                  00005d2b    0000000d     (.cinit..kernelBSS.load) [load image, compression = lzss]
                  00005d38    0000000c     (__TI_handler_table)
                  00005d44    00000004     --HOLE-- [fill = 0]
                  00005d48    00000008     (.cinit..bss.load) [load image, compression = zero_init]
                  00005d50    00000018     (__TI_cinit_table)

.text      0    00008020    00010830     
                  00008020    00002c10     sys_selftest.obj (.text)
                  0000ac30    0000107a     rtsv7R4_T_be_v3D16_eabi.lib : _printfi.obj (.text)
                  0000bcaa    00000002                                 : i_div0.obj (.text)
                  0000bcac    00000bd8     spi.obj (.text)
                  0000c884    00000b14     rtos_mpu_wrappers.obj (.text)
                  0000d398    00000b0c     mibspi.obj (.text)
                  0000dea4    00000aec     adc.obj (.text)
                  0000e990    00000aa4     system.obj (.text)
                  0000f434    00000a58     sys_vim.obj (.text)
                  0000fe8c    00000a28     flash_mibspi.obj (.text)
                  000108b4    000009c4     sfu_cmds.obj (.text)
                  00011278    000008bc     pinmux.obj (.text)
                  00011b34    00000818     sfu_tasks.obj (.text)
                  0001234c    00000804     sfu_rtc.obj (.text)
                  00012b50    000007a8     sci.obj (.text)
                  000132f8    00000640     sfu_scheduler.obj (.text)
                  00013938    000005d8     esm.obj (.text)
                  00013f10    00000484     gio.obj (.text)
                  00014394    00000478     sfu_task_radio.obj (.text)
                  0001480c    00000450     sfu_state.obj (.text)
                  00014c5c    000003d8     rtsv7R4_T_be_v3D16_eabi.lib : memory.obj (.text)
                  00015034    0000034c     sys_core.obj (.text)
                  00015380    000002cc     sys_vim.obj (.text:retain)
                  0001564c    000002b8     rtsv7R4_T_be_v3D16_eabi.lib : ull_div32.obj (.text)
                  00015904    0000029c     rtos_heap.obj (.text)
                  00015ba0    00000248     sfu_task_main.obj (.text)
                  00015de8    00000238     rtos_list.obj (.text)
                  00016020    0000021c     sys_main.obj (.text)
                  0001623c    00000204     sci.obj (.text:retain)
                  00016440    000001d8     sfu_utils.obj (.text)
                  00016618    000001c8     rtsv7R4_T_be_v3D16_eabi.lib : fopen.obj (.text)
                  000167e0    000001c0     sys_startup.obj (.text:retain)
                  000169a0    000001c0     sfu_uart.obj (.text)
                  00016b60    000001b4     rtos_port.obj (.text)
                  00016d14    00000158     sfu_startup.obj (.text)
                  00016e6c    00000138     rtsv7R4_T_be_v3D16_eabi.lib : fputs.obj (.text)
                  00016fa4    00000130                                 : strtol.obj (.text)
                  000170d4    00000114     esm.obj (.text:retain)
                  000171e8    00000104     notification.obj (.text)
                  000172ec    00000100     rtos_task.obj (.text)
                  000173ec    000000f4     rtsv7R4_T_be_v3D16_eabi.lib : s_scalbn.obj (.text)
                  000174e0    000000e8     dabort.obj (.text)
                  000175c8    000000e0     rtsv7R4_T_be_v3D16_eabi.lib : s_floor.obj (.text)
                  000176a8    000000e0     sys_pmu.obj (.text)
                  00017788    000000dc     rtsv7R4_T_be_v3D16_eabi.lib : setvbuf.obj (.text)
                  00017864    000000cc     mibspi.obj (.text:retain)
                  00017930    000000cc     rtsv7R4_T_be_v3D16_eabi.lib : fflush.obj (.text)
                  000179fc    000000bc                                 : open.obj (.text)
                  00017ab8    000000ae                                 : _io_perm.obj (.text)
                  00017b66    0000009c                                 : memcpy_t2.obj (.text)
                  00017c02    00000002                                 : startup.obj (.text)
                  00017c04    00000098                                 : fclose.obj (.text)
                  00017c9c    00000094                                 : snprintf.obj (.text)
                  00017d30    0000007a                                 : memset_t2.obj (.text)
                  00017daa    00000002     --HOLE-- [fill = 0]
                  00017dac    00000074                                 : getdevice.obj (.text)
                  00017e20    00000074                                 : s_frexp.obj (.text)
                  00017e94    00000070                                 : autoinit.obj (.text)
                  00017f04    0000006c                                 : copy_decompress_lzss.obj (.text:decompress:lzss)
                  00017f70    0000006c                                 : hostrename.obj (.text)
                  00017fdc    0000006c                                 : trgmsg.obj (.text)
                  00018048    00000068                                 : hostlseek.obj (.text)
                  000180b0    00000064                                 : fseek.obj (.text)
                  00018114    00000064                                 : sprintf.obj (.text)
                  00018178    00000060     sfu_triumf.obj (.text)
                  000181d8    0000005c     rtsv7R4_T_be_v3D16_eabi.lib : hostopen.obj (.text)
                  00018234    0000005c                                 : hostread.obj (.text)
                  00018290    00000058                                 : close.obj (.text)
                  000182e8    00000058                                 : hostwrite.obj (.text)
                  00018340    00000054     adc.obj (.text:retain)
                  00018394    00000054     rtsv7R4_T_be_v3D16_eabi.lib : i_div32.obj (.text)
                  000183e8    00000054                                 : ltoa.obj (.text)
                  0001843c    00000050                                 : atoi.obj (.text)
                  0001848c    00000050                                 : exit.obj (.text)
                  000184dc    00000050                                 : u_div32.obj (.text)
                  0001852c    0000004c                                 : cpy_tbl.obj (.text)
                  00018578    00000044                                 : hostclose.obj (.text)
                  000185bc    00000044                                 : hostunlink.obj (.text)
                  00018600    00000040                                 : strtok.obj (.text)
                  00018640    00000036                                 : strncpy.obj (.text)
                  00018676    00000002     --HOLE-- [fill = 0]
                  00018678    0000002c                                 : assert.obj (.text)
                  000186a4    0000002c                                 : unlink.obj (.text)
                  000186d0    0000002a                                 : strspn.obj (.text)
                  000186fa    00000002     --HOLE-- [fill = 0]
                  000186fc    00000028                                 : lseek.obj (.text)
                  00018724    00000028                                 : write.obj (.text)
                  0001874c    00000022                                 : strcspn.obj (.text)
                  0001876e    00000020                                 : memchr.obj (.text)
                  0001878e    0000001c                                 : memccpy.obj (.text)
                  000187aa    00000018                                 : s_copysign.obj (.text)
                  000187c2    00000018                                 : strcmp.obj (.text)
                  000187da    00000016                                 : strchr.obj (.text)
                  000187f0    00000016                                 : strlen.obj (.text)
                  00018806    00000002     --HOLE-- [fill = 0]
                  00018808    00000014                                 : _lock.obj (.text)
                  0001881c    00000014                                 : strcpy.obj (.text)
                  00018830    0000000e                                 : copy_decompress_none.obj (.text:decompress:none)
                  0001883e    0000000c                                 : copy_zero_init.obj (.text:decompress:ZI)
                  0001884a    00000002     --HOLE-- [fill = 0]
                  0001884c    00000004     sys_phantom.obj (.text:retain)

.const     0    00018850    00000618     
                  00018850    00000200     sys_vim.obj (.const:s_vim_init)
                  00018a50    00000101     rtsv7R4_T_be_v3D16_eabi.lib : ctype.obj (.const:.string:_ctypes_)
                  00018b51    00000002     sfu_cmds.obj (.const:.string:$P$T6$3)
                  00018b53    00000001     --HOLE-- [fill = 0]
                  00018b54    000000a4     sfu_cmds.obj (.const:.string)
                  00018bf8    00000094     sfu_startup.obj (.const:.string)
                  00018c8c    00000034     sfu_state.obj (.const:.string)
                  00018cc0    00000030     sfu_rtc.obj (.const:cumulativeSecondsInMonth)
                  00018cf0    00000024     sfu_task_main.obj (.const:$P$T6$2)
                  00018d14    00000024     sfu_state.obj (.const:TRANSITION_TABLE)
                  00018d38    00000020     flash_mibspi.obj (.const:$P$T0$1)
                  00018d58    00000020     sfu_tasks.obj (.const:$P$T0$1)
                  00018d78    00000020     flash_mibspi.obj (.const:$P$T2$3)
                  00018d98    00000018     sfu_task_main.obj (.const:$P$T5$1)
                  00018db0    00000018     sfu_cmds.obj (.const:$P$T5$2)
                  00018dc8    00000018     sfu_scheduler.obj (.const:$P$T6$1)
                  00018de0    00000018     sfu_cmds.obj (.const:$P$T7$4)
                  00018df8    00000018     sfu_cmds.obj (.const:CMD_FUNCS)
                  00018e10    00000018     adc.obj (.const:s_adcFiFoSize)
                  00018e28    00000018     adc.obj (.const:s_adcSelect)
                  00018e40    0000000c     flash_mibspi.obj (.const:$P$T1$2)
                  00018e4c    0000000c     sfu_state.obj (.const:STATE_TABLE)
                  00018e58    00000006     sfu_task_radio.obj (.const:$P$T0$1)
                  00018e5e    00000006     sfu_task_radio.obj (.const:$P$T1$2)
                  00018e64    00000004     rtos_heap.obj (.const)

.kernelBSS 
*          0    08000800    00000128     UNINITIALIZED
                  08000800    000000e4     rtos_task.obj (.kernelBSS:uninit)
                  080008e4    0000003c     rtos_task.obj (.kernelBSS:init)
                  08000920    00000008     rtos_port.obj (.kernelBSS)

.bss       0    08001000    00003ada     UNINITIALIZED
                  08001000    000036b0     rtos_heap.obj (.bss:ucHeap)
                  080046b0    00000120     rtsv7R4_T_be_v3D16_eabi.lib : trgmsg.obj (.bss:_CIOBUF_)
                  080047d0    000000fc     (.common:buffer)
                  080048cc    000000a0     (.common:__TI_tmpnams)
                  0800496c    00000078     spi.obj (.bss:g_spiPacket_t)
                  080049e4    00000028     sci.obj (.bss:g_sciTransfer_t)
                  08004a0c    00000028     (.common:TG3_RX)
                  08004a34    00000024     sfu_cmds.obj (.bss:event$1)
                  08004a58    00000020     (.common:dummyBytes_16)
                  08004a78    0000000c     (.common:state_persistent_data)
                  08004a84    00000008     rtos_heap.obj (.bss:xStart)
                  08004a8c    00000008     (.common:parmbuf)
                  08004a94    00000004     (.common:TG0_IS_Complete)
                  08004a98    00000004     (.common:TG1_IS_Complete)
                  08004a9c    00000004     (.common:TG1_RX)
                  08004aa0    00000004     (.common:TG2_IS_Complete)
                  08004aa4    00000004     (.common:TG3_IS_Complete)
                  08004aa8    00000004     (.common:addressWritten)
                  08004aac    00000004     (.common:epochOffset)
                  08004ab0    00000004     (.common:lastRead)
                  08004ab4    00000004     (.common:rtc_spiConfig)
                  08004ab8    00000004     (.common:spiDataConfig)
                  08004abc    00000004     (.common:xFlashMutex)
                  08004ac0    00000004     (.common:xQueue)
                  08004ac4    00000004     (.common:xRTCMutex)
                  08004ac8    00000004     (.common:xRadioRXQueue)
                  08004acc    00000004     (.common:xRadioTXQueue)
                  08004ad0    00000004     (.common:xSerialRXQueue)
                  08004ad4    00000004     (.common:xSerialTXQueue)
                  08004ad8    00000001     (.common:cur_state)
                  08004ad9    00000001     (.common:startData)

.sysmem    0    08004ae0    00000800     UNINITIALIZED
                  08004ae0    00000008     rtsv7R4_T_be_v3D16_eabi.lib : memory.obj (.sysmem)
                  08004ae8    000007f8     --HOLE--

.data      0    080052e0    000005b5     UNINITIALIZED
                  080052e0    00000220     sfu_scheduler.obj (.data:schedule)
                  08005500    000000f0     sfu_cmds.obj (.data:CMD_DBG_STRINGS)
                  080055f0    000000f0     rtsv7R4_T_be_v3D16_eabi.lib : defs.obj (.data:_ftable)
                  080056e0    00000078                                 : write.obj (.data:_device)
                  08005758    00000050                                 : write.obj (.data:_stream)
                  080057a8    00000020     sfu_startup.obj (.data:STARTUP_STRING)
                  080057c8    00000020     sfu_task_main.obj (.data)
                  080057e8    00000018     sfu_cmds.obj (.data:CMD_NAMES)
                  08005800    00000018     sfu_cmds.obj (.data:testCMD)
                  08005818    00000014     sfu_cmds.obj (.data:testSCHED)
                  0800582c    00000010     rtos_heap.obj (.data)
                  0800583c    00000010     rtsv7R4_T_be_v3D16_eabi.lib : defs.obj (.data)
                  0800584c    00000010     sfu_state.obj (.data:stateNameString)
                  0800585c    0000000c     rtsv7R4_T_be_v3D16_eabi.lib : exit.obj (.data:$O1$$)
                  08005868    0000000c                                 : memory.obj (.data:$O1$$)
                  08005874    00000008                                 : _lock.obj (.data:$O1$$)
                  0800587c    00000008     sfu_rtc.obj (.data)
                  08005884    00000004     rtsv7R4_T_be_v3D16_eabi.lib : errno.obj (.data)
                  08005888    00000004                                 : fopen.obj (.data)
                  0800588c    00000004                                 : open.obj (.data)
                  08005890    00000004                                 : strtok.obj (.data)
                  08005894    00000001     sfu_uart.obj (.data)

MODULE SUMMARY

       Module                     code    ro data   rw data
       ------                     ----    -------   -------
    ./SFUsat/
       sfu_cmds.obj               2500    238       596    
       flash_mibspi.obj           2600    76        104    
       sfu_scheduler.obj          1600    24        544    
       sfu_rtc.obj                2052    48        20     
       sfu_tasks.obj              2072    32        12     
       sfu_state.obj              1104    100       29     
       sfu_task_radio.obj         1144    12        8      
       sfu_task_main.obj          584     60        32     
       sfu_startup.obj            344     148       33     
       sfu_utils.obj              472     0         0      
       sfu_uart.obj               448     0         1      
       sfu_triumf.obj             96      0         0      
       sfu_spi.obj                0       0         4      
    +--+--------------------------+-------+---------+---------+
       Total:                     15016   738       1383   
                                                           
    ./source/
       rtos_heap.obj              1576    4         14024  
       rtos_task.obj              13660   0         288    
       sys_selftest.obj           11280   0         0      
       rtos_queue.obj             5220    0         0      
       sys_vim.obj                3364    512       0      
       spi.obj                    3032    0         120    
       mibspi.obj                 3032    0         0      
       adc.obj                    2880    48        0      
       rtos_mpu_wrappers.obj      2836    0         0      
       system.obj                 2724    0         0      
       sci.obj                    2476    0         40     
       pinmux.obj                 2236    0         0      
       rtos_event_groups.obj      2140    0         0      
       esm.obj                    1772    0         0      
       rtos_port.obj              1392    0         8      
       gio.obj                    1156    0         0      
       rtos_portasm.obj           944     0         0      
       sys_core.obj               844     0         0      
       rtos_list.obj              568     0         0      
       sys_main.obj               540     0         0      
       sys_startup.obj            448     0         0      
       notification.obj           260     0         0      
       dabort.obj                 232     0         0      
       sys_pmu.obj                224     0         0      
       sys_intvecs.obj            32      0         0      
       sys_phantom.obj            4       0         0      
    +--+--------------------------+-------+---------+---------+
       Total:                     64872   564       14480  
                                                           
    /Applications/ti/ccsv7/tools/compiler/ti-cgt-arm_16.9.4.LTS/lib/rtsv7R4_T_be_v3D16_eabi.lib
       _printfi.obj               4218    0         0      
       memory.obj                 984     0         12     
       ull_div32.obj              696     0         0      
       fopen.obj                  456     0         4      
       defs.obj                   0       0         416    
       trgmsg.obj                 108     0         288    
       fputs.obj                  312     0         0      
       strtol.obj                 304     0         0      
       ctype.obj                  0       257       0      
       s_scalbn.obj               244     0         0      
       write.obj                  40      0         200    
       s_floor.obj                224     0         0      
       setvbuf.obj                220     0         0      
       fflush.obj                 204     0         0      
       open.obj                   188     0         4      
       _io_perm.obj               174     0         0      
       memcpy_t2.obj              156     0         0      
       fclose.obj                 152     0         0      
       snprintf.obj               148     0         0      
       memset_t2.obj              122     0         0      
       getdevice.obj              116     0         0      
       s_frexp.obj                116     0         0      
       autoinit.obj               112     0         0      
       copy_decompress_lzss.obj   108     0         0      
       hostrename.obj             108     0         0      
       hostlseek.obj              104     0         0      
       fseek.obj                  100     0         0      
       hostopen.obj               92      0         8      
       sprintf.obj                100     0         0      
       exit.obj                   80      0         12     
       hostread.obj               92      0         0      
       close.obj                  88      0         0      
       hostwrite.obj              88      0         0      
       i_div32.obj                84      0         0      
       ltoa.obj                   84      0         0      
       atoi.obj                   80      0         0      
       u_div32.obj                80      0         0      
       cpy_tbl.obj                76      0         0      
       hostclose.obj              68      0         0      
       hostunlink.obj             68      0         0      
       strtok.obj                 64      0         4      
       strncpy.obj                54      0         0      
       assert.obj                 44      0         0      
       unlink.obj                 44      0         0      
       strspn.obj                 42      0         0      
       lseek.obj                  40      0         0      
       strcspn.obj                34      0         0      
       memchr.obj                 32      0         0      
       _lock.obj                  20      0         8      
       memccpy.obj                28      0         0      
       s_copysign.obj             24      0         0      
       strcmp.obj                 24      0         0      
       strchr.obj                 22      0         0      
       strlen.obj                 22      0         0      
       strcpy.obj                 20      0         0      
       copy_decompress_none.obj   14      0         0      
       copy_zero_init.obj         12      0         0      
       errno.obj                  0       0         4      
       i_div0.obj                 2       0         0      
       startup.obj                2       0         0      
    +--+--------------------------+-------+---------+---------+
       Total:                     11338   257       960    
                                                           
       Heap:                      0       0         2048   
       Linker Generated:          0       300       0      
    +--+--------------------------+-------+---------+---------+
       Grand Total:               91226   1859      18871  


LINKER GENERATED COPY TABLES

__TI_cinit_table @ 00005d50 records: 3, size/record: 8, table size: 24
	.data: load addr=00005c38, load size=000000f3 bytes, run addr=080052e0, run size=000005b5 bytes, compression=lzss
	.kernelBSS: load addr=00005d2b, load size=0000000d bytes, run addr=08000800, run size=00000128 bytes, compression=lzss
	.bss: load addr=00005d48, load size=00000008 bytes, run addr=08001000, run size=00003ada bytes, compression=zero_init


LINKER GENERATED HANDLER TABLE

__TI_handler_table @ 00005d38 records: 3, size/record: 4, table size: 12
	index: 0, handler: __TI_decompress_lzss
	index: 1, handler: __TI_decompress_none
	index: 2, handler: __TI_zero_init


GLOBAL SYMBOLS: SORTED ALPHABETICALLY BY Name 

address   name                                
-------   ----                                
0001848d  C$$EXIT                             
0001800f  C$$IO$$                             
08005500  CMD_DBG_STRINGS                     
00018df8  CMD_FUNCS                           
080057e8  CMD_NAMES                           
00018579  HOSTclose                           
00018049  HOSTlseek                           
000181d9  HOSTopen                            
00018235  HOSTread                            
00017f71  HOSTrename                          
000185bd  HOSTunlink                          
000182e9  HOSTwrite                           
0000cba0  MPU_pcTaskGetName                   
0000d158  MPU_pvPortMalloc                    
0000ce24  MPU_ulTaskNotifyTake                
0000cf80  MPU_uxQueueMessagesWaiting          
0000cfb4  MPU_uxQueueSpacesAvailable          
0000cb74  MPU_uxTaskGetNumberOfTasks          
0000ccac  MPU_uxTaskGetStackHighWaterMark     
0000cc60  MPU_uxTaskGetSystemState            
0000c9ec  MPU_uxTaskPriorityGet               
0000d36c  MPU_vEventGroupDelete               
0000d18c  MPU_vPortFree                       
0000d1b8  MPU_vPortInitialiseBlocks           
0000d12c  MPU_vQueueDelete                    
0000c92c  MPU_vTaskAllocateMPURegions         
0000c9c0  MPU_vTaskDelay                      
0000c98c  MPU_vTaskDelayUntil                 
0000c960  MPU_vTaskDelete                     
0000ca54  MPU_vTaskGetInfo                    
0000cc34  MPU_vTaskGetRunTimeStats            
0000cc08  MPU_vTaskList                       
0000ca20  MPU_vTaskPrioritySet                
0000cacc  MPU_vTaskResume                     
0000cd0c  MPU_vTaskSetTimeOutState            
0000caa0  MPU_vTaskSuspend                    
0000caf8  MPU_vTaskSuspendAll                 
0000d290  MPU_xEventGroupClearBits            
0000d208  MPU_xEventGroupCreate               
0000d2d4  MPU_xEventGroupSetBits              
0000d318  MPU_xEventGroupSync                 
0000d234  MPU_xEventGroupWaitBits             
0000d1dc  MPU_xPortGetFreeHeapSize            
0000d080  MPU_xQueueCreateMutex               
0000ce9c  MPU_xQueueGenericCreate             
0000cfe8  MPU_xQueueGenericReceive            
0000cee8  MPU_xQueueGenericReset              
0000cf2c  MPU_xQueueGenericSend               
0000d0f8  MPU_xQueueGiveMutexRecursive        
0000d03c  MPU_xQueuePeekFromISR               
0000d0b4  MPU_xQueueTakeMutexRecursive        
0000cd38  MPU_xTaskCheckForTimeOut            
0000c8c8  MPU_xTaskCreate                     
0000c884  MPU_xTaskCreateRestricted           
0000cd7c  MPU_xTaskGenericNotify              
0000cbd4  MPU_xTaskGetHandle                  
0000cce0  MPU_xTaskGetSchedulerState          
0000cb48  MPU_xTaskGetTickCount               
0000ce68  MPU_xTaskNotifyStateClear           
0000cdd0  MPU_xTaskNotifyWait                 
0000cb1c  MPU_xTaskResumeAll                  
UNDEFED   SHT$$INIT_ARRAY$$Base               
UNDEFED   SHT$$INIT_ARRAY$$Limit              
00018e4c  STATE_TABLE                         
0000c53c  SpiRxStatus                         
0000c4b0  SpiTxStatus                         
08004a94  TG0_IS_Complete                     
08004a98  TG1_IS_Complete                     
08004a9c  TG1_RX                              
08004aa0  TG2_IS_Complete                     
08004aa4  TG3_IS_Complete                     
08004a0c  TG3_RX                              
00018d14  TRANSITION_TABLE                    
080046b0  __CIOBUF_                           
00000800  __SYSMEM_SIZE                       
00005d50  __TI_CINIT_Base                     
00005d68  __TI_CINIT_Limit                    
00005d38  __TI_Handler_Table_Base             
00005d44  __TI_Handler_Table_Limit            
00015378  __TI_PINIT_Base                     
0001537c  __TI_PINIT_Limit                    
00017e95  __TI_auto_init                      
000166e3  __TI_cleanup                        
0800585c  __TI_cleanup_ptr                    
00017c05  __TI_closefile                      
00017f05  __TI_decompress_lzss                
00018831  __TI_decompress_none                
00017931  __TI_doflush                        
08005860  __TI_dtors_ptr                      
08005864  __TI_enable_exit_profile_output     
0800583c  __TI_ft_end                         
ffffffff  __TI_pprof_out_hndl                 
0000b3f5  __TI_printfi                        
ffffffff  __TI_prof_data_size                 
ffffffff  __TI_prof_data_start                
00017b1d  __TI_rd_ok                          
00018013  __TI_readmsg                        
00000000  __TI_static_base__                  
080048cc  __TI_tmpnams                        
00017fdd  __TI_writemsg                       
00017ab9  __TI_wrt_ok                         
0001883f  __TI_zero_init                      
00018394  __aeabi_idiv                        
0000bcab  __aeabi_idiv0                       
00018394  __aeabi_idivmod                     
00017d31  __aeabi_memclr                      
00017d31  __aeabi_memclr4                     
00017d31  __aeabi_memclr8                     
00017b67  __aeabi_memcpy                      
00017b67  __aeabi_memcpy4                     
00017b67  __aeabi_memcpy8                     
00017d33  __aeabi_memset                      
00017d33  __aeabi_memset4                     
00017d33  __aeabi_memset8                     
08005848  __aeabi_stderr                      
08005840  __aeabi_stdin                       
08005844  __aeabi_stdout                      
000184dc  __aeabi_uidiv                       
000184dc  __aeabi_uidivmod                    
0001564c  __aeabi_uldivmod                    
ffffffff  __binit__                           
ffffffff  __c_args__                          
00010f1c  __unused                            
0001867b  _abort_msg                          
00018691  _assert                             
000167e0  _c_int00                            
00015290  _coreClearAuxiliaryDataFault_       
000152a4  _coreClearAuxiliaryInstructionFault_
00015268  _coreClearDataFaultAddress_         
00015240  _coreClearDataFault_                
0001527c  _coreClearInstructionFaultAddress_  
00015254  _coreClearInstructionFault_         
000151d4  _coreDisableEventBusExport_         
00015218  _coreDisableFlashEcc_               
000151f4  _coreDisableRamEcc_                 
000151c4  _coreEnableEventBusExport_          
00015204  _coreEnableFlashEcc_                
00015228  _coreEnableIrqVicOffset_            
000151e4  _coreEnableRamEcc_                  
000151ac  _coreEnableVfp_                     
00015288  _coreGetAuxiliaryDataFault_         
0001529c  _coreGetAuxiliaryInstructionFault_  
00015260  _coreGetDataFaultAddress_           
00015238  _coreGetDataFault_                  
00015274  _coreGetInstructionFaultAddress_    
0001524c  _coreGetInstructionFault_           
00015034  _coreInitRegisters_                 
00015140  _coreInitStackPointer_              
00018a50  _ctypes_                            
000174e0  _dabort                             
080056e0  _device                             
000152b8  _disable_FIQ_interrupt_             
000152c0  _disable_IRQ_interrupt_             
000152b0  _disable_interrupt_                 
000152c8  _enable_interrupt_                  
00015358  _errata_CORTEXR4_57_                
00015368  _errata_CORTEXR4_66_                
000152d0  _esmCcmErrorsClear_                 
080055f0  _ftable                             
0001518c  _getCPSRValue_                      
00015194  _gotoCPUIdle_                       
08005874  _lock                               
00018679  _nassert                            
00018817  _nop                                
00017704  _pmuDisableCountersGlobal_          
000176f4  _pmuEnableCountersGlobal_           
00017760  _pmuGetCycleCount_                  
00017768  _pmuGetEventCount_                  
00017774  _pmuGetOverflow_                    
000176a8  _pmuInit_                           
00017734  _pmuResetCounters_                  
00017714  _pmuResetCycleCounter_              
00017724  _pmuResetEventCounters_             
00017754  _pmuSetCountEvent_                  
00017744  _pmuStartCounters_                  
0001774c  _pmuStopCounters_                   
0001880f  _register_lock                      
00018809  _register_unlock                    
08005758  _stream                             
08004ae0  _sys_memory                         
00017c03  _system_post_cinit                  
08005878  _unlock                             
00018491  abort                               
0000e720  adc1GetConfigValue                  
00018340  adc1Group1Interrupt                 
0000926c  adc1ParityCheck                     
00009358  adc2ParityCheck                     
0000e2fc  adcCalibration                      
0000e6c0  adcDisableNotification              
0000e670  adcEnableNotification               
0000e0d4  adcGetData                          
0000e708  adcGetEVTPin                        
0000dea4  adcInit                             
0000e2cc  adcIsConversionComplete             
0000e29c  adcIsFifoFull                       
0000e4d4  adcMidPointCalibration              
00017250  adcNotification                     
0000e0ac  adcResetFiFo                        
0000e6e8  adcSetEVTPin                        
0000e000  adcStartConversion                  
0000e084  adcStopConversion                   
000134b8  addEvent                            
000132f8  addEventFromScheduledCommand        
08004aa8  addressWritten                      
0001843d  atoi                                
ffffffff  binit                               
080047d0  buffer                              
00016440  busyWait                            
00015003  calloc                              
00009410  can1ParityCheck                     
000094e8  can2ParityCheck                     
000095b0  can3ParityCheck                     
00008030  ccmSelfCheck                        
0000a638  ccmr4GetConfigValue                 
00010f38  checkAndRunCommand                  
00010f88  checkAndRunCommandStr               
00008938  checkB0RAMECC                       
00008b28  checkB1RAMECC                       
00009c18  checkClockMonitor                   
00008d18  checkFlashECC                       
00009cf4  checkFlashEEPROMECC                 
00009e8c  checkPLL1Slip                       
00009f94  checkRAMAddrParity                  
000099d0  checkRAMECC                         
0000a09c  checkRAMUERRTest                    
000087bc  checkefcSelfTest                    
00018291  close                               
00010a18  cmdExec                             
000108e8  cmdGet                              
000108b4  cmdHelp                             
00010c7c  cmdSched                            
00010e10  cmdState                            
00010a48  cmdTask                             
000161a0  configureTimerForRunTimeStats       
000102d4  construct_send_packet_16            
0000ffb0  construct_send_packet_6             
00012560  convertBCD                          
0001852d  copy_in                             
000187ab  copysign                            
000187ab  copysignl                           
00008234  cpuSelfTest                         
00008dfc  cpuSelfTestFail                     
00018cc0  cumulativeSecondsInMonth            
08004ad8  cur_state                           
08005894  currChar                            
00008df4  custom_dabort                       
0000aaa8  disableParity                       
000172d8  dmaGroupANotification               
00008eac  dmaParityCheck                      
000148a0  doStateLowPower                     
00014860  doStateReady                        
0001480c  doStateSafe                         
00014930  do_LOWPOWER_to_READY                
00014920  do_LOWPOWER_to_SAFE                 
00014910  do_READY_to_LOWPOWER                
00014900  do_READY_to_SAFE                    
000148f0  do_SAFE_to_LOWPOWER                 
000148e0  do_SAFE_to_READY                    
08004a58  dummyBytes_16                       
00000878  eTaskGetState                       
00008660  efcCheck                            
0000a5a0  efcGetConfigValue                   
00008794  efcSelfTest                         
000086e8  efcStuckZeroTest                    
0000aa20  enableParity                        
08004aac  epochOffset                         
0000a6b4  errata_PBIST_4                      
08005884  errno                               
00013ac4  esmActivateNormalOperation          
00013ba8  esmClearStatus                      
00013bec  esmClearStatusBuffer                
00013a88  esmDisableError                     
00013b00  esmDisableInterrupt                 
00013a5c  esmEnableError                      
00013ad4  esmEnableInterrupt                  
00013ce4  esmEnterSelfTest                    
00013a40  esmError                            
00013dbc  esmGetConfigValue                   
00013c28  esmGetStatus                        
00013cac  esmGetStatusBuffer                  
000171e8  esmGroup1Notification               
000171f8  esmGroup2Notification               
000170d4  esmHighInterrupt                    
00013938  esmInit                             
00013d6c  esmSelfTestStatus                   
00013c08  esmSetCounterPreloadValue           
00013b2c  esmSetInterruptLevel                
00013ab4  esmTriggerErrorPinReset             
00018499  exit                                
00017c6b  fclose                              
0001797d  fflush                              
00017dad  finddevice                          
0000ff0c  flash_busy_erasing_chip             
0000fef0  flash_erase_chip                    
00010604  flash_mibspi_init                   
00010080  flash_read_16                       
00010104  flash_read_16_rtos                  
0000ff70  flash_set_burst_64                  
000102ac  flash_status                        
000104c4  flash_test_JEDEC                    
000101b8  flash_write_16_rtos                 
000103a0  flash_write_arbitrary               
0000ffa0  flash_write_enable                  
000175c9  floor                               
000175c9  floorl                              
0000a208  fmcBus1ParityCheck                  
0000885c  fmcBus2Check                        
00008898  fmcECCcheck                         
00016739  fopen                               
00016e6d  fputs                               
00014d45  free                                
0001670f  freopen                             
00017e21  frexp                               
00017e21  frexpl                              
000180b1  fseek                               
00013690  getAction                           
00012694  getCurrentRTCTime                   
0001234c  getCurrentTime                      
0001053c  getEmptySector                      
00012530  getEpochOffset                      
00016190  getRunTimeCounterValue              
00017ddb  getdevice                           
00014170  gioDisableNotification              
00014108  gioEnableNotification               
00014070  gioGetBit                           
000141d8  gioGetConfigValue                   
00014098  gioGetPort                          
00013f10  gioInit                             
00017264  gioNotification                     
00014000  gioSetBit                           
00013fe0  gioSetDirection                     
00014050  gioSetPort                          
000140b0  gioToggleBit                        
00008f58  het1ParityCheck                     
000090c0  het2ParityCheck                     
08005880  het_epoch_time                      
00009004  htu1ParityCheck                     
000091bc  htu2ParityCheck                     
00011b34  hundredBlinky                       
00014694  initRadio                           
00016484  itoa2                               
08004ab0  lastRead                            
000173ed  ldexp                               
000173ed  ldexpl                              
000186fd  lseek                               
000183e9  ltoa                                
00016044  main                                
00014cdb  malloc                              
0000eabc  mapClocks                           
00014f11  memalign                            
0001878f  memccpy                             
0001876f  memchr                              
00017b67  memcpy                              
00008174  memoryInit                          
00017208  memoryPort0TestFailNotification     
00017224  memoryPort1TestFailNotification     
00017d39  memset                              
0000db28  mibspi1GetConfigValue               
00017864  mibspi1HighLevelInterrupt           
00009684  mibspi1ParityCheck                  
0000978c  mibspi3ParityCheck                  
000098b0  mibspi5ParityCheck                  
0000daf4  mibspiDisableGroupNotification      
0000da00  mibspiDisableLoopback               
0000da6c  mibspiEnableGroupNotification       
0000d9cc  mibspiEnableLoopback                
0000d7e4  mibspiGetData                       
000107f8  mibspiGroupNotification             
0000d398  mibspiInit                          
0000d960  mibspiIsTransferComplete            
00017278  mibspiNotification                  
0000da1c  mibspiPmodeSet                      
0000d6d8  mibspiSetData                       
0000d6b8  mibspiSetFunctional                 
0000d930  mibspiTransfer                      
00010720  mibspi_receive                      
0001068c  mibspi_send                         
0000fe8c  mibspi_write_byte                   
0000fec4  mibspi_write_two                    
00014c5d  minit                               
00011278  muxInit                             
000127cc  no_rtos_test_getCurrentRTCTime      
000179fd  open                                
08004a8c  parmbuf                             
0000a32c  pbistFail                           
0000a3ac  pbistGetConfigValue                 
000085a8  pbistIsTestCompleted                
000085d4  pbistIsTestPassed                   
00008608  pbistPortTestStatus                 
000084ac  pbistRun                            
000082cc  pbistSelfCheck                      
00008578  pbistStop                           
000012c4  pcTaskGetName                       
0001206c  periodicSenderTask                  
0000ea68  periphInit                          
0001884c  phantomInterrupt                    
00011714  pinmuxGetConfigValue                
00014ab0  printPrevState                      
00016d24  printStartupType                    
00014a40  printStateInfo                      
00005880  prvMpuDisable                       
00005868  prvMpuEnable                        
00005850  prvMpuSetRegion                     
00016f7d  puts                                
000058a8  pvPortMalloc                        
00002bbc  pvTaskIncrementMutexHeldCount       
080008e4  pxCurrentTCB                        
0000513c  pxPortInitialiseStack               
000146fc  radioCmd                            
00014690  readAllRegisters                    
00014470  readExtendedRegister                
000143e8  readRegister                        
00014e07  realloc                             
000186a5  remove                              
00013600  removeEventIdx                      
00000000  resetEntry                          
00012a6c  rtcGetBit                           
00012378  rtcInit                             
000129cc  rtcReadRegister                     
00012430  rtcReset                            
00012444  rtcResetTime                        
00012aa8  rtcSetBit                           
00012a10  rtcTransmitAndReceive               
000128d4  rtcWriteRegister                    
0800587c  rtc_epoch_time                      
00012650  rtc_get_day                         
0001260c  rtc_get_hours                       
000125f8  rtc_get_minutes                     
00012620  rtc_get_month                       
000125e4  rtc_get_seconds                     
000124a0  rtc_get_startup_status              
00012680  rtc_get_year                        
08004ab4  rtc_spiConfig                       
00017240  rtiNotification                     
00014940  runState                            
00010208  rw16_test                           
000173ed  scalbn                              
000173ed  scalbnl                             
080052e0  schedule                            
00013018  sciDisableLoopback                  
000130a4  sciDisableNotification              
00012fe4  sciEnableLoopback                   
0001303c  sciEnableNotification               
0001310c  sciEnterResetState                  
0001312c  sciExitResetState                   
0001314c  sciGetConfigValue                   
0001623c  sciHighLevelInterrupt               
00012b50  sciInit                             
00012e94  sciIsIdleDetected                   
00012e78  sciIsRxReady                        
00012cf8  sciIsTxReady                        
00016aec  sciNotification                     
00012f0c  sciReceive                          
00012ee0  sciReceiveByte                      
00012eb0  sciRxError                          
00012d44  sciSend                             
00012d14  sciSendByte                         
00012c5c  sciSetBaudrate                      
00012c3c  sciSetFunctional                    
00008020  selftestFailNotification            
000169a0  serialInit                          
00016a74  serialSend                          
00016a48  serialSendCh                        
000169bc  serialSendQ                         
000169f4  serialSendQFromISR                  
00016aa8  serialSendln                        
0001253c  setEpochOffset                      
00014b04  setStateManual                      
00014a20  setStateRTOS_mode                   
0000ea28  setupFlash                          
0000e990  setupPLL                            
00017789  setvbuf                             
000137cc  shift                               
00013714  showActiveEvents                    
000165b0  simpleWatchdog                      
00017c9d  snprintf                            
0000c674  spi4GetConfigValue                  
08004ab8  spiDataConfig                       
0000c5fc  spiDisableLoopback                  
0000c648  spiDisableNotification              
0000c5c8  spiEnableLoopback                   
0000c618  spiEnableNotification               
000172c8  spiEndNotification                  
0000bf18  spiGetData                          
0000bcac  spiInit                             
000172b4  spiNotification                     
0000bdfc  spiReceiveData                      
0000c370  spiSendAndGetData                   
0000c13c  spiSendData                         
0000bddc  spiSetFunctional                    
0000c234  spiTransmitAndReceiveData           
0000c010  spiTransmitData                     
00018115  sprintf                             
0000f240  sramGetConfigValue                  
08004ad9  startData                           
00016d40  startupCheck                        
00016d14  startupInit                         
00014b94  stateCheckEnterSafe                 
00014b5c  stateCheckPowerGood                 
000149d4  stateMachineInit                    
08004a78  state_persistent_data               
0000a4f8  stcGetConfigValue                   
000081b8  stcSelfCheck                        
00008df8  stcSelfCheckFail                    
000187db  strchr                              
000187c3  strcmp                              
0001881d  strcpy                              
0001874d  strcspn                             
000187f1  strlen                              
00018641  strncpy                             
000144fc  strobe                              
000186d1  strspn                              
00018601  strtok                              
00016fa5  strtol                              
0000ecb8  systemGetConfigValue                
0000ebbc  systemInit                          
0000ec88  systemPowerDown                     
0000f094  tcmflashGetConfigValue              
00012364  tempAddSecondToHET                  
08005800  testCMD                             
08005818  testSCHED                           
0000e9e0  trimLPO                             
00018178  triumf_init                         
000044b4  ucQueueGetQueueType                 
08000920  ulCriticalNesting                   
0000578c  ulPortCountLeadingZeros             
08000924  ulTaskHasFPUContext                 
00002bf0  ulTaskNotifyTake                    
000186a5  unlink                              
000050fc  uxEventGroupGetNumber               
00015f94  uxListRemove                        
0000447c  uxQueueGetQueueNumber               
00004398  uxQueueMessagesWaiting              
0000441c  uxQueueMessagesWaitingFromISR       
000043d0  uxQueueSpacesAvailable              
000012b8  uxTaskGetNumberOfTasks              
000023d0  uxTaskGetStackHighWaterMark         
000015a8  uxTaskGetSystemState                
00001f1c  uxTaskGetTaskNumber                 
0000097c  uxTaskPriorityGet                   
000009c0  uxTaskPriorityGetFromISR            
00002b80  uxTaskResetEventItemValue           
00016020  vApplicationStackOverflowHook       
00011d64  vDemoADCTask                        
00005074  vEventGroupClearBitsCallback        
00004fd4  vEventGroupDelete                   
00005058  vEventGroupSetBitsCallback          
00011b64  vFlashRead                          
00011c38  vFlashRead2                         
00011cd8  vFlashWrite                         
00015de8  vListInitialise                     
00015e40  vListInitialiseItem                 
00015ed0  vListInsert                         
00015e5c  vListInsertEnd                      
00015ba0  vMainTask                           
000121e8  vMonitorTask                        
000054c4  vPortEndScheduler                   
00005b18  vPortFree                           
00005c18  vPortInitialiseBlocks               
000056cc  vPortPreemptiveTick                 
00005794  vPortSWI                            
000054fc  vPortStartFirstTask                 
0000522c  vPortStoreTaskMPUSettings           
00005618  vPortYeildWithinAPI                 
0000556c  vPortYieldProcessor                 
0000444c  vQueueDelete                        
00004494  vQueueSetQueueNumber                
00014394  vRadioTask                          
00012140  vReceiverTask                       
000120fc  vSenderTask                         
00012060  vSerialSenderTask                   
00011e14  vSerialTask                         
00011de8  vStateTask                          
00001f90  vTaskAllocateMPURegions             
000007f4  vTaskDelay                          
00000688  vTaskDelayUntil                     
00000520  vTaskDelete                         
00001094  vTaskEndScheduler                   
00002120  vTaskGetInfo                        
00002a08  vTaskGetRunTimeStats                
00002850  vTaskList                           
00001f0c  vTaskMissedYield                    
000031e4  vTaskNotifyGiveFromISR              
00001b08  vTaskPlaceOnEventList               
00001b4c  vTaskPlaceOnUnorderedEventList      
00002504  vTaskPriorityInherit                
00000a08  vTaskPrioritySet                    
00000e2c  vTaskResume                         
00001f5c  vTaskSetTaskNumber                  
00001dc4  vTaskSetTimeOutState                
00000ff8  vTaskStartScheduler                 
00000c24  vTaskSuspend                        
000010b0  vTaskSuspendAll                     
0000194c  vTaskSwitchContext                  
000121ac  vTickleTask                         
0000f508  vimChannelMap                       
0000f774  vimDisableInterrupt                 
0000f5ac  vimEnableInterrupt                  
0000f820  vimGetConfigValue                   
0000f434  vimInit                             
00008e00  vimParityCheck                      
00015380  vimParityErrorHandler               
000165e0  watchdog_busywait                   
00018725  write                               
000145f0  writeExtendedRegister               
00014568  writeRegister                       
080057d8  xADCTaskHandle                      
080057d4  xBlinkyTaskHandle                   
00004d70  xEventGroupClearBits                
000048e0  xEventGroupCreate                   
00004df4  xEventGroupGetBitsFromISR           
00004e24  xEventGroupSetBits                  
0000491c  xEventGroupSync                     
00004b1c  xEventGroupWaitBits                 
08004abc  xFlashMutex                         
080057e0  xFlashReadHandle                    
080057e4  xFlashWriteHandle                   
00015904  xPortGetFreeHeapSize                
00015910  xPortGetMinimumEverFreeHeapSize     
000054a0  xPortStartScheduler                 
08004ac0  xQueue                              
00003720  xQueueCreateMutex                   
000035a4  xQueueGenericCreate                 
00003e44  xQueueGenericReceive                
0000347c  xQueueGenericReset                  
00003888  xQueueGenericSend                   
00003b48  xQueueGenericSendFromISR            
00003cd8  xQueueGiveFromISR                   
00003764  xQueueGiveMutexRecursive            
00004804  xQueueIsQueueEmptyFromISR           
00004890  xQueueIsQueueFullFromISR            
000042a4  xQueuePeekFromISR                   
0000415c  xQueueReceiveFromISR                
000037ec  xQueueTakeMutexRecursive            
08004ac4  xRTCMutex                           
08004ac8  xRadioRXQueue                       
08004acc  xRadioTXQueue                       
080057cc  xRadioTaskHandle                    
08004ad0  xSerialRXQueue                      
08004ad4  xSerialTXQueue                      
080057c8  xSerialTaskHandle                   
080057dc  xStateTaskHandle                    
00001e04  xTaskCheckForTimeOut                
000000fc  xTaskCreate                         
00000020  xTaskCreateRestricted               
00002e08  xTaskGenericNotify                  
00002fe4  xTaskGenericNotifyFromISR           
00002498  xTaskGetCurrentTaskHandle           
00001494  xTaskGetHandle                      
000024b4  xTaskGetSchedulerState              
00001278  xTaskGetTickCount                   
00001294  xTaskGetTickCountFromISR            
00001724  xTaskIncrementTick                  
00017374  xTaskNotifyStateClear               
00002cd8  xTaskNotifyWait                     
00002664  xTaskPriorityDisinherit             
00001bd0  xTaskRemoveFromEventList            
00001cbc  xTaskRemoveFromUnorderedEventList   
000010c4  xTaskResumeAll                      
00000f10  xTaskResumeFromISR                  
080057d0  xTickleTaskHandle                   


GLOBAL SYMBOLS: SORTED BY Symbol Address 

address   name                                
-------   ----                                
00000000  __TI_static_base__                  
00000000  resetEntry                          
00000020  xTaskCreateRestricted               
000000fc  xTaskCreate                         
00000520  vTaskDelete                         
00000688  vTaskDelayUntil                     
000007f4  vTaskDelay                          
00000800  __SYSMEM_SIZE                       
00000878  eTaskGetState                       
0000097c  uxTaskPriorityGet                   
000009c0  uxTaskPriorityGetFromISR            
00000a08  vTaskPrioritySet                    
00000c24  vTaskSuspend                        
00000e2c  vTaskResume                         
00000f10  xTaskResumeFromISR                  
00000ff8  vTaskStartScheduler                 
00001094  vTaskEndScheduler                   
000010b0  vTaskSuspendAll                     
000010c4  xTaskResumeAll                      
00001278  xTaskGetTickCount                   
00001294  xTaskGetTickCountFromISR            
000012b8  uxTaskGetNumberOfTasks              
000012c4  pcTaskGetName                       
00001494  xTaskGetHandle                      
000015a8  uxTaskGetSystemState                
00001724  xTaskIncrementTick                  
0000194c  vTaskSwitchContext                  
00001b08  vTaskPlaceOnEventList               
00001b4c  vTaskPlaceOnUnorderedEventList      
00001bd0  xTaskRemoveFromEventList            
00001cbc  xTaskRemoveFromUnorderedEventList   
00001dc4  vTaskSetTimeOutState                
00001e04  xTaskCheckForTimeOut                
00001f0c  vTaskMissedYield                    
00001f1c  uxTaskGetTaskNumber                 
00001f5c  vTaskSetTaskNumber                  
00001f90  vTaskAllocateMPURegions             
00002120  vTaskGetInfo                        
000023d0  uxTaskGetStackHighWaterMark         
00002498  xTaskGetCurrentTaskHandle           
000024b4  xTaskGetSchedulerState              
00002504  vTaskPriorityInherit                
00002664  xTaskPriorityDisinherit             
00002850  vTaskList                           
00002a08  vTaskGetRunTimeStats                
00002b80  uxTaskResetEventItemValue           
00002bbc  pvTaskIncrementMutexHeldCount       
00002bf0  ulTaskNotifyTake                    
00002cd8  xTaskNotifyWait                     
00002e08  xTaskGenericNotify                  
00002fe4  xTaskGenericNotifyFromISR           
000031e4  vTaskNotifyGiveFromISR              
0000347c  xQueueGenericReset                  
000035a4  xQueueGenericCreate                 
00003720  xQueueCreateMutex                   
00003764  xQueueGiveMutexRecursive            
000037ec  xQueueTakeMutexRecursive            
00003888  xQueueGenericSend                   
00003b48  xQueueGenericSendFromISR            
00003cd8  xQueueGiveFromISR                   
00003e44  xQueueGenericReceive                
0000415c  xQueueReceiveFromISR                
000042a4  xQueuePeekFromISR                   
00004398  uxQueueMessagesWaiting              
000043d0  uxQueueSpacesAvailable              
0000441c  uxQueueMessagesWaitingFromISR       
0000444c  vQueueDelete                        
0000447c  uxQueueGetQueueNumber               
00004494  vQueueSetQueueNumber                
000044b4  ucQueueGetQueueType                 
00004804  xQueueIsQueueEmptyFromISR           
00004890  xQueueIsQueueFullFromISR            
000048e0  xEventGroupCreate                   
0000491c  xEventGroupSync                     
00004b1c  xEventGroupWaitBits                 
00004d70  xEventGroupClearBits                
00004df4  xEventGroupGetBitsFromISR           
00004e24  xEventGroupSetBits                  
00004fd4  vEventGroupDelete                   
00005058  vEventGroupSetBitsCallback          
00005074  vEventGroupClearBitsCallback        
000050fc  uxEventGroupGetNumber               
0000513c  pxPortInitialiseStack               
0000522c  vPortStoreTaskMPUSettings           
000054a0  xPortStartScheduler                 
000054c4  vPortEndScheduler                   
000054fc  vPortStartFirstTask                 
0000556c  vPortYieldProcessor                 
00005618  vPortYeildWithinAPI                 
000056cc  vPortPreemptiveTick                 
0000578c  ulPortCountLeadingZeros             
00005794  vPortSWI                            
00005850  prvMpuSetRegion                     
00005868  prvMpuEnable                        
00005880  prvMpuDisable                       
000058a8  pvPortMalloc                        
00005b18  vPortFree                           
00005c18  vPortInitialiseBlocks               
00005d38  __TI_Handler_Table_Base             
00005d44  __TI_Handler_Table_Limit            
00005d50  __TI_CINIT_Base                     
00005d68  __TI_CINIT_Limit                    
00008020  selftestFailNotification            
00008030  ccmSelfCheck                        
00008174  memoryInit                          
000081b8  stcSelfCheck                        
00008234  cpuSelfTest                         
000082cc  pbistSelfCheck                      
000084ac  pbistRun                            
00008578  pbistStop                           
000085a8  pbistIsTestCompleted                
000085d4  pbistIsTestPassed                   
00008608  pbistPortTestStatus                 
00008660  efcCheck                            
000086e8  efcStuckZeroTest                    
00008794  efcSelfTest                         
000087bc  checkefcSelfTest                    
0000885c  fmcBus2Check                        
00008898  fmcECCcheck                         
00008938  checkB0RAMECC                       
00008b28  checkB1RAMECC                       
00008d18  checkFlashECC                       
00008df4  custom_dabort                       
00008df8  stcSelfCheckFail                    
00008dfc  cpuSelfTestFail                     
00008e00  vimParityCheck                      
00008eac  dmaParityCheck                      
00008f58  het1ParityCheck                     
00009004  htu1ParityCheck                     
000090c0  het2ParityCheck                     
000091bc  htu2ParityCheck                     
0000926c  adc1ParityCheck                     
00009358  adc2ParityCheck                     
00009410  can1ParityCheck                     
000094e8  can2ParityCheck                     
000095b0  can3ParityCheck                     
00009684  mibspi1ParityCheck                  
0000978c  mibspi3ParityCheck                  
000098b0  mibspi5ParityCheck                  
000099d0  checkRAMECC                         
00009c18  checkClockMonitor                   
00009cf4  checkFlashEEPROMECC                 
00009e8c  checkPLL1Slip                       
00009f94  checkRAMAddrParity                  
0000a09c  checkRAMUERRTest                    
0000a208  fmcBus1ParityCheck                  
0000a32c  pbistFail                           
0000a3ac  pbistGetConfigValue                 
0000a4f8  stcGetConfigValue                   
0000a5a0  efcGetConfigValue                   
0000a638  ccmr4GetConfigValue                 
0000a6b4  errata_PBIST_4                      
0000aa20  enableParity                        
0000aaa8  disableParity                       
0000b3f5  __TI_printfi                        
0000bcab  __aeabi_idiv0                       
0000bcac  spiInit                             
0000bddc  spiSetFunctional                    
0000bdfc  spiReceiveData                      
0000bf18  spiGetData                          
0000c010  spiTransmitData                     
0000c13c  spiSendData                         
0000c234  spiTransmitAndReceiveData           
0000c370  spiSendAndGetData                   
0000c4b0  SpiTxStatus                         
0000c53c  SpiRxStatus                         
0000c5c8  spiEnableLoopback                   
0000c5fc  spiDisableLoopback                  
0000c618  spiEnableNotification               
0000c648  spiDisableNotification              
0000c674  spi4GetConfigValue                  
0000c884  MPU_xTaskCreateRestricted           
0000c8c8  MPU_xTaskCreate                     
0000c92c  MPU_vTaskAllocateMPURegions         
0000c960  MPU_vTaskDelete                     
0000c98c  MPU_vTaskDelayUntil                 
0000c9c0  MPU_vTaskDelay                      
0000c9ec  MPU_uxTaskPriorityGet               
0000ca20  MPU_vTaskPrioritySet                
0000ca54  MPU_vTaskGetInfo                    
0000caa0  MPU_vTaskSuspend                    
0000cacc  MPU_vTaskResume                     
0000caf8  MPU_vTaskSuspendAll                 
0000cb1c  MPU_xTaskResumeAll                  
0000cb48  MPU_xTaskGetTickCount               
0000cb74  MPU_uxTaskGetNumberOfTasks          
0000cba0  MPU_pcTaskGetName                   
0000cbd4  MPU_xTaskGetHandle                  
0000cc08  MPU_vTaskList                       
0000cc34  MPU_vTaskGetRunTimeStats            
0000cc60  MPU_uxTaskGetSystemState            
0000ccac  MPU_uxTaskGetStackHighWaterMark     
0000cce0  MPU_xTaskGetSchedulerState          
0000cd0c  MPU_vTaskSetTimeOutState            
0000cd38  MPU_xTaskCheckForTimeOut            
0000cd7c  MPU_xTaskGenericNotify              
0000cdd0  MPU_xTaskNotifyWait                 
0000ce24  MPU_ulTaskNotifyTake                
0000ce68  MPU_xTaskNotifyStateClear           
0000ce9c  MPU_xQueueGenericCreate             
0000cee8  MPU_xQueueGenericReset              
0000cf2c  MPU_xQueueGenericSend               
0000cf80  MPU_uxQueueMessagesWaiting          
0000cfb4  MPU_uxQueueSpacesAvailable          
0000cfe8  MPU_xQueueGenericReceive            
0000d03c  MPU_xQueuePeekFromISR               
0000d080  MPU_xQueueCreateMutex               
0000d0b4  MPU_xQueueTakeMutexRecursive        
0000d0f8  MPU_xQueueGiveMutexRecursive        
0000d12c  MPU_vQueueDelete                    
0000d158  MPU_pvPortMalloc                    
0000d18c  MPU_vPortFree                       
0000d1b8  MPU_vPortInitialiseBlocks           
0000d1dc  MPU_xPortGetFreeHeapSize            
0000d208  MPU_xEventGroupCreate               
0000d234  MPU_xEventGroupWaitBits             
0000d290  MPU_xEventGroupClearBits            
0000d2d4  MPU_xEventGroupSetBits              
0000d318  MPU_xEventGroupSync                 
0000d36c  MPU_vEventGroupDelete               
0000d398  mibspiInit                          
0000d6b8  mibspiSetFunctional                 
0000d6d8  mibspiSetData                       
0000d7e4  mibspiGetData                       
0000d930  mibspiTransfer                      
0000d960  mibspiIsTransferComplete            
0000d9cc  mibspiEnableLoopback                
0000da00  mibspiDisableLoopback               
0000da1c  mibspiPmodeSet                      
0000da6c  mibspiEnableGroupNotification       
0000daf4  mibspiDisableGroupNotification      
0000db28  mibspi1GetConfigValue               
0000dea4  adcInit                             
0000e000  adcStartConversion                  
0000e084  adcStopConversion                   
0000e0ac  adcResetFiFo                        
0000e0d4  adcGetData                          
0000e29c  adcIsFifoFull                       
0000e2cc  adcIsConversionComplete             
0000e2fc  adcCalibration                      
0000e4d4  adcMidPointCalibration              
0000e670  adcEnableNotification               
0000e6c0  adcDisableNotification              
0000e6e8  adcSetEVTPin                        
0000e708  adcGetEVTPin                        
0000e720  adc1GetConfigValue                  
0000e990  setupPLL                            
0000e9e0  trimLPO                             
0000ea28  setupFlash                          
0000ea68  periphInit                          
0000eabc  mapClocks                           
0000ebbc  systemInit                          
0000ec88  systemPowerDown                     
0000ecb8  systemGetConfigValue                
0000f094  tcmflashGetConfigValue              
0000f240  sramGetConfigValue                  
0000f434  vimInit                             
0000f508  vimChannelMap                       
0000f5ac  vimEnableInterrupt                  
0000f774  vimDisableInterrupt                 
0000f820  vimGetConfigValue                   
0000fe8c  mibspi_write_byte                   
0000fec4  mibspi_write_two                    
0000fef0  flash_erase_chip                    
0000ff0c  flash_busy_erasing_chip             
0000ff70  flash_set_burst_64                  
0000ffa0  flash_write_enable                  
0000ffb0  construct_send_packet_6             
00010080  flash_read_16                       
00010104  flash_read_16_rtos                  
000101b8  flash_write_16_rtos                 
00010208  rw16_test                           
000102ac  flash_status                        
000102d4  construct_send_packet_16            
000103a0  flash_write_arbitrary               
000104c4  flash_test_JEDEC                    
0001053c  getEmptySector                      
00010604  flash_mibspi_init                   
0001068c  mibspi_send                         
00010720  mibspi_receive                      
000107f8  mibspiGroupNotification             
000108b4  cmdHelp                             
000108e8  cmdGet                              
00010a18  cmdExec                             
00010a48  cmdTask                             
00010c7c  cmdSched                            
00010e10  cmdState                            
00010f1c  __unused                            
00010f38  checkAndRunCommand                  
00010f88  checkAndRunCommandStr               
00011278  muxInit                             
00011714  pinmuxGetConfigValue                
00011b34  hundredBlinky                       
00011b64  vFlashRead                          
00011c38  vFlashRead2                         
00011cd8  vFlashWrite                         
00011d64  vDemoADCTask                        
00011de8  vStateTask                          
00011e14  vSerialTask                         
00012060  vSerialSenderTask                   
0001206c  periodicSenderTask                  
000120fc  vSenderTask                         
00012140  vReceiverTask                       
000121ac  vTickleTask                         
000121e8  vMonitorTask                        
0001234c  getCurrentTime                      
00012364  tempAddSecondToHET                  
00012378  rtcInit                             
00012430  rtcReset                            
00012444  rtcResetTime                        
000124a0  rtc_get_startup_status              
00012530  getEpochOffset                      
0001253c  setEpochOffset                      
00012560  convertBCD                          
000125e4  rtc_get_seconds                     
000125f8  rtc_get_minutes                     
0001260c  rtc_get_hours                       
00012620  rtc_get_month                       
00012650  rtc_get_day                         
00012680  rtc_get_year                        
00012694  getCurrentRTCTime                   
000127cc  no_rtos_test_getCurrentRTCTime      
000128d4  rtcWriteRegister                    
000129cc  rtcReadRegister                     
00012a10  rtcTransmitAndReceive               
00012a6c  rtcGetBit                           
00012aa8  rtcSetBit                           
00012b50  sciInit                             
00012c3c  sciSetFunctional                    
00012c5c  sciSetBaudrate                      
00012cf8  sciIsTxReady                        
00012d14  sciSendByte                         
00012d44  sciSend                             
00012e78  sciIsRxReady                        
00012e94  sciIsIdleDetected                   
00012eb0  sciRxError                          
00012ee0  sciReceiveByte                      
00012f0c  sciReceive                          
00012fe4  sciEnableLoopback                   
00013018  sciDisableLoopback                  
0001303c  sciEnableNotification               
000130a4  sciDisableNotification              
0001310c  sciEnterResetState                  
0001312c  sciExitResetState                   
0001314c  sciGetConfigValue                   
000132f8  addEventFromScheduledCommand        
000134b8  addEvent                            
00013600  removeEventIdx                      
00013690  getAction                           
00013714  showActiveEvents                    
000137cc  shift                               
00013938  esmInit                             
00013a40  esmError                            
00013a5c  esmEnableError                      
00013a88  esmDisableError                     
00013ab4  esmTriggerErrorPinReset             
00013ac4  esmActivateNormalOperation          
00013ad4  esmEnableInterrupt                  
00013b00  esmDisableInterrupt                 
00013b2c  esmSetInterruptLevel                
00013ba8  esmClearStatus                      
00013bec  esmClearStatusBuffer                
00013c08  esmSetCounterPreloadValue           
00013c28  esmGetStatus                        
00013cac  esmGetStatusBuffer                  
00013ce4  esmEnterSelfTest                    
00013d6c  esmSelfTestStatus                   
00013dbc  esmGetConfigValue                   
00013f10  gioInit                             
00013fe0  gioSetDirection                     
00014000  gioSetBit                           
00014050  gioSetPort                          
00014070  gioGetBit                           
00014098  gioGetPort                          
000140b0  gioToggleBit                        
00014108  gioEnableNotification               
00014170  gioDisableNotification              
000141d8  gioGetConfigValue                   
00014394  vRadioTask                          
000143e8  readRegister                        
00014470  readExtendedRegister                
000144fc  strobe                              
00014568  writeRegister                       
000145f0  writeExtendedRegister               
00014690  readAllRegisters                    
00014694  initRadio                           
000146fc  radioCmd                            
0001480c  doStateSafe                         
00014860  doStateReady                        
000148a0  doStateLowPower                     
000148e0  do_SAFE_to_READY                    
000148f0  do_SAFE_to_LOWPOWER                 
00014900  do_READY_to_SAFE                    
00014910  do_READY_to_LOWPOWER                
00014920  do_LOWPOWER_to_SAFE                 
00014930  do_LOWPOWER_to_READY                
00014940  runState                            
000149d4  stateMachineInit                    
00014a20  setStateRTOS_mode                   
00014a40  printStateInfo                      
00014ab0  printPrevState                      
00014b04  setStateManual                      
00014b5c  stateCheckPowerGood                 
00014b94  stateCheckEnterSafe                 
00014c5d  minit                               
00014cdb  malloc                              
00014d45  free                                
00014e07  realloc                             
00014f11  memalign                            
00015003  calloc                              
00015034  _coreInitRegisters_                 
00015140  _coreInitStackPointer_              
0001518c  _getCPSRValue_                      
00015194  _gotoCPUIdle_                       
000151ac  _coreEnableVfp_                     
000151c4  _coreEnableEventBusExport_          
000151d4  _coreDisableEventBusExport_         
000151e4  _coreEnableRamEcc_                  
000151f4  _coreDisableRamEcc_                 
00015204  _coreEnableFlashEcc_                
00015218  _coreDisableFlashEcc_               
00015228  _coreEnableIrqVicOffset_            
00015238  _coreGetDataFault_                  
00015240  _coreClearDataFault_                
0001524c  _coreGetInstructionFault_           
00015254  _coreClearInstructionFault_         
00015260  _coreGetDataFaultAddress_           
00015268  _coreClearDataFaultAddress_         
00015274  _coreGetInstructionFaultAddress_    
0001527c  _coreClearInstructionFaultAddress_  
00015288  _coreGetAuxiliaryDataFault_         
00015290  _coreClearAuxiliaryDataFault_       
0001529c  _coreGetAuxiliaryInstructionFault_  
000152a4  _coreClearAuxiliaryInstructionFault_
000152b0  _disable_interrupt_                 
000152b8  _disable_FIQ_interrupt_             
000152c0  _disable_IRQ_interrupt_             
000152c8  _enable_interrupt_                  
000152d0  _esmCcmErrorsClear_                 
00015358  _errata_CORTEXR4_57_                
00015368  _errata_CORTEXR4_66_                
00015378  __TI_PINIT_Base                     
0001537c  __TI_PINIT_Limit                    
00015380  vimParityErrorHandler               
0001564c  __aeabi_uldivmod                    
00015904  xPortGetFreeHeapSize                
00015910  xPortGetMinimumEverFreeHeapSize     
00015ba0  vMainTask                           
00015de8  vListInitialise                     
00015e40  vListInitialiseItem                 
00015e5c  vListInsertEnd                      
00015ed0  vListInsert                         
00015f94  uxListRemove                        
00016020  vApplicationStackOverflowHook       
00016044  main                                
00016190  getRunTimeCounterValue              
000161a0  configureTimerForRunTimeStats       
0001623c  sciHighLevelInterrupt               
00016440  busyWait                            
00016484  itoa2                               
000165b0  simpleWatchdog                      
000165e0  watchdog_busywait                   
000166e3  __TI_cleanup                        
0001670f  freopen                             
00016739  fopen                               
000167e0  _c_int00                            
000169a0  serialInit                          
000169bc  serialSendQ                         
000169f4  serialSendQFromISR                  
00016a48  serialSendCh                        
00016a74  serialSend                          
00016aa8  serialSendln                        
00016aec  sciNotification                     
00016d14  startupInit                         
00016d24  printStartupType                    
00016d40  startupCheck                        
00016e6d  fputs                               
00016f7d  puts                                
00016fa5  strtol                              
000170d4  esmHighInterrupt                    
000171e8  esmGroup1Notification               
000171f8  esmGroup2Notification               
00017208  memoryPort0TestFailNotification     
00017224  memoryPort1TestFailNotification     
00017240  rtiNotification                     
00017250  adcNotification                     
00017264  gioNotification                     
00017278  mibspiNotification                  
000172b4  spiNotification                     
000172c8  spiEndNotification                  
000172d8  dmaGroupANotification               
00017374  xTaskNotifyStateClear               
000173ed  ldexp                               
000173ed  ldexpl                              
000173ed  scalbn                              
000173ed  scalbnl                             
000174e0  _dabort                             
000175c9  floor                               
000175c9  floorl                              
000176a8  _pmuInit_                           
000176f4  _pmuEnableCountersGlobal_           
00017704  _pmuDisableCountersGlobal_          
00017714  _pmuResetCycleCounter_              
00017724  _pmuResetEventCounters_             
00017734  _pmuResetCounters_                  
00017744  _pmuStartCounters_                  
0001774c  _pmuStopCounters_                   
00017754  _pmuSetCountEvent_                  
00017760  _pmuGetCycleCount_                  
00017768  _pmuGetEventCount_                  
00017774  _pmuGetOverflow_                    
00017789  setvbuf                             
00017864  mibspi1HighLevelInterrupt           
00017931  __TI_doflush                        
0001797d  fflush                              
000179fd  open                                
00017ab9  __TI_wrt_ok                         
00017b1d  __TI_rd_ok                          
00017b67  __aeabi_memcpy                      
00017b67  __aeabi_memcpy4                     
00017b67  __aeabi_memcpy8                     
00017b67  memcpy                              
00017c03  _system_post_cinit                  
00017c05  __TI_closefile                      
00017c6b  fclose                              
00017c9d  snprintf                            
00017d31  __aeabi_memclr                      
00017d31  __aeabi_memclr4                     
00017d31  __aeabi_memclr8                     
00017d33  __aeabi_memset                      
00017d33  __aeabi_memset4                     
00017d33  __aeabi_memset8                     
00017d39  memset                              
00017dad  finddevice                          
00017ddb  getdevice                           
00017e21  frexp                               
00017e21  frexpl                              
00017e95  __TI_auto_init                      
00017f05  __TI_decompress_lzss                
00017f71  HOSTrename                          
00017fdd  __TI_writemsg                       
0001800f  C$$IO$$                             
00018013  __TI_readmsg                        
00018049  HOSTlseek                           
000180b1  fseek                               
00018115  sprintf                             
00018178  triumf_init                         
000181d9  HOSTopen                            
00018235  HOSTread                            
00018291  close                               
000182e9  HOSTwrite                           
00018340  adc1Group1Interrupt                 
00018394  __aeabi_idiv                        
00018394  __aeabi_idivmod                     
000183e9  ltoa                                
0001843d  atoi                                
0001848d  C$$EXIT                             
00018491  abort                               
00018499  exit                                
000184dc  __aeabi_uidiv                       
000184dc  __aeabi_uidivmod                    
0001852d  copy_in                             
00018579  HOSTclose                           
000185bd  HOSTunlink                          
00018601  strtok                              
00018641  strncpy                             
00018679  _nassert                            
0001867b  _abort_msg                          
00018691  _assert                             
000186a5  remove                              
000186a5  unlink                              
000186d1  strspn                              
000186fd  lseek                               
00018725  write                               
0001874d  strcspn                             
0001876f  memchr                              
0001878f  memccpy                             
000187ab  copysign                            
000187ab  copysignl                           
000187c3  strcmp                              
000187db  strchr                              
000187f1  strlen                              
00018809  _register_unlock                    
0001880f  _register_lock                      
00018817  _nop                                
0001881d  strcpy                              
00018831  __TI_decompress_none                
0001883f  __TI_zero_init                      
0001884c  phantomInterrupt                    
00018a50  _ctypes_                            
00018cc0  cumulativeSecondsInMonth            
00018d14  TRANSITION_TABLE                    
00018df8  CMD_FUNCS                           
00018e4c  STATE_TABLE                         
080008e4  pxCurrentTCB                        
08000920  ulCriticalNesting                   
08000924  ulTaskHasFPUContext                 
080046b0  __CIOBUF_                           
080047d0  buffer                              
080048cc  __TI_tmpnams                        
08004a0c  TG3_RX                              
08004a58  dummyBytes_16                       
08004a78  state_persistent_data               
08004a8c  parmbuf                             
08004a94  TG0_IS_Complete                     
08004a98  TG1_IS_Complete                     
08004a9c  TG1_RX                              
08004aa0  TG2_IS_Complete                     
08004aa4  TG3_IS_Complete                     
08004aa8  addressWritten                      
08004aac  epochOffset                         
08004ab0  lastRead                            
08004ab4  rtc_spiConfig                       
08004ab8  spiDataConfig                       
08004abc  xFlashMutex                         
08004ac0  xQueue                              
08004ac4  xRTCMutex                           
08004ac8  xRadioRXQueue                       
08004acc  xRadioTXQueue                       
08004ad0  xSerialRXQueue                      
08004ad4  xSerialTXQueue                      
08004ad8  cur_state                           
08004ad9  startData                           
08004ae0  _sys_memory                         
080052e0  schedule                            
08005500  CMD_DBG_STRINGS                     
080055f0  _ftable                             
080056e0  _device                             
08005758  _stream                             
080057c8  xSerialTaskHandle                   
080057cc  xRadioTaskHandle                    
080057d0  xTickleTaskHandle                   
080057d4  xBlinkyTaskHandle                   
080057d8  xADCTaskHandle                      
080057dc  xStateTaskHandle                    
080057e0  xFlashReadHandle                    
080057e4  xFlashWriteHandle                   
080057e8  CMD_NAMES                           
08005800  testCMD                             
08005818  testSCHED                           
0800583c  __TI_ft_end                         
08005840  __aeabi_stdin                       
08005844  __aeabi_stdout                      
08005848  __aeabi_stderr                      
0800585c  __TI_cleanup_ptr                    
08005860  __TI_dtors_ptr                      
08005864  __TI_enable_exit_profile_output     
08005874  _lock                               
08005878  _unlock                             
0800587c  rtc_epoch_time                      
08005880  het_epoch_time                      
08005884  errno                               
08005894  currChar                            
ffffffff  __TI_pprof_out_hndl                 
ffffffff  __TI_prof_data_size                 
ffffffff  __TI_prof_data_start                
ffffffff  __binit__                           
ffffffff  __c_args__                          
ffffffff  binit                               
UNDEFED   SHT$$INIT_ARRAY$$Base               
UNDEFED   SHT$$INIT_ARRAY$$Limit              

[661 symbols]
