******************************************************************************
                  TI ARM Linker Unix v16.9.4                   
******************************************************************************
>> Linked Mon Nov  6 19:39:46 2017

OUTPUT FILE NAME:   <OBC.out>
ENTRY POINT SYMBOL: "_c_int00"  address: 00016170


MEMORY CONFIGURATION

         name            origin    length      used     unused   attr    fill
----------------------  --------  ---------  --------  --------  ----  --------
  VECTORS               00000000   00000020  00000020  00000000     X
  KERNEL                00000020   00008000  00005d44  000022bc  R  X
  FLASH0                00008020   00057fe0  00010708  000478d8  R  X
  STACKS                08000000   00000800  00000000  00000800  RW  
  KRAM                  08000800   00000800  00000128  000006d8  RW  
  RAM                   08001000   00007000  0000488f  00002771  RW  


SEGMENT ALLOCATION MAP

run origin  load origin   length   init length attrs members
----------  ----------- ---------- ----------- ----- -------
00000000    00000000    00005d68   00005d68    r-x
  00000000    00000000    00000020   00000020    r-x .intvecs
  00000020    00000020    00005c14   00005c14    r-x .kernelTEXT
  00005c38    00005c38    00000130   00000130    r-- .cinit
00008020    00008020    00010708   00010708    r-x
  00008020    00008020    0001012c   0001012c    r-x .text
  0001814c    0001814c    000005dc   000005dc    r-- .const
08000800    08000800    00000128   00000000    rw-
  08000800    08000800    00000128   00000000    rw- .kernelBSS
08001000    08001000    00004895   00000000    rw-
  08001000    08001000    00003ada   00000000    rw- .bss
  08004ae0    08004ae0    00000800   00000000    rw- .sysmem
  080052e0    080052e0    000005b5   00000000    rw- .data


SECTION ALLOCATION MAP

 output                                  attributes/
section   page    origin      length       input sections
--------  ----  ----------  ----------   ----------------
.intvecs   0    00000000    00000020     
                  00000000    00000020     sys_intvecs.obj (.intvecs)

.kernelTEXT 
*          0    00000020    00005c14     
                  00000020    0000345c     rtos_task.obj (.kernelTEXT)
                  0000347c    00001464     rtos_queue.obj (.kernelTEXT)
                  000048e0    0000085c     rtos_event_groups.obj (.kernelTEXT)
                  0000513c    000003bc     rtos_port.obj (.kernelTEXT)
                  000054f8    000003b0     rtos_portasm.obj (.kernelTEXT)
                  000058a8    0000038c     rtos_heap.obj (.kernelTEXT)

.cinit     0    00005c38    00000130     
                  00005c38    000000f1     (.cinit..data.load) [load image, compression = lzss]
                  00005d29    0000000d     (.cinit..kernelBSS.load) [load image, compression = lzss]
                  00005d36    00000002     --HOLE-- [fill = 0]
                  00005d38    0000000c     (__TI_handler_table)
                  00005d44    00000004     --HOLE-- [fill = 0]
                  00005d48    00000008     (.cinit..bss.load) [load image, compression = zero_init]
                  00005d50    00000018     (__TI_cinit_table)

.text      0    00008020    0001012c     
                  00008020    00002c10     sys_selftest.obj (.text)
                  0000ac30    0000107a     rtsv7R4_T_be_v3D16_eabi.lib : _printfi.obj (.text)
                  0000bcaa    00000002                                 : i_div0.obj (.text)
                  0000bcac    00000bd8     spi.obj (.text)
                  0000c884    00000b14     rtos_mpu_wrappers.obj (.text)
                  0000d398    00000aec     adc.obj (.text)
                  0000de84    00000aa4     system.obj (.text)
                  0000e928    00000a58     sys_vim.obj (.text)
                  0000f380    00000a28     mibspi.obj (.text)
                  0000fda8    000009c4     sfu_cmds.obj (.text)
                  0001076c    00000914     flash_mibspi.obj (.text)
                  00011080    000008bc     pinmux.obj (.text)
                  0001193c    00000818     sfu_tasks.obj (.text)
                  00012154    000007f0     sfu_rtc.obj (.text)
                  00012944    000007a8     sci.obj (.text)
                  000130ec    00000640     sfu_scheduler.obj (.text)
                  0001372c    000005d8     esm.obj (.text)
                  00013d04    00000484     gio.obj (.text)
                  00014188    00000478     sfu_task_radio.obj (.text)
                  00014600    00000450     sfu_state.obj (.text)
                  00014a50    000003d8     rtsv7R4_T_be_v3D16_eabi.lib : memory.obj (.text)
                  00014e28    0000034c     sys_core.obj (.text)
                  00015174    000002cc     sys_vim.obj (.text:retain)
                  00015440    000002b8     rtsv7R4_T_be_v3D16_eabi.lib : ull_div32.obj (.text)
                  000156f8    0000029c     rtos_heap.obj (.text)
                  00015994    00000238     rtos_list.obj (.text)
                  00015bcc    00000204     sci.obj (.text:retain)
                  00015dd0    000001d8     sfu_utils.obj (.text)
                  00015fa8    000001c8     rtsv7R4_T_be_v3D16_eabi.lib : fopen.obj (.text)
                  00016170    000001c0     sys_startup.obj (.text:retain)
                  00016330    000001c0     sfu_uart.obj (.text)
                  000164f0    000001b4     rtos_port.obj (.text)
                  000166a4    00000158     sfu_startup.obj (.text)
                  000167fc    00000138     rtsv7R4_T_be_v3D16_eabi.lib : fputs.obj (.text)
                  00016934    00000130                                 : strtol.obj (.text)
                  00016a64    00000114     esm.obj (.text:retain)
                  00016b78    00000104     notification.obj (.text)
                  00016c7c    00000100     rtos_task.obj (.text)
                  00016d7c    000000f4     rtsv7R4_T_be_v3D16_eabi.lib : s_scalbn.obj (.text)
                  00016e70    000000ec     sys_main.obj (.text)
                  00016f5c    000000e8     dabort.obj (.text)
                  00017044    000000e0     rtsv7R4_T_be_v3D16_eabi.lib : s_floor.obj (.text)
                  00017124    000000e0     sys_pmu.obj (.text)
                  00017204    000000dc     rtsv7R4_T_be_v3D16_eabi.lib : setvbuf.obj (.text)
                  000172e0    000000cc                                 : fflush.obj (.text)
                  000173ac    000000bc                                 : open.obj (.text)
                  00017468    000000ae                                 : _io_perm.obj (.text)
                  00017516    0000009c                                 : memcpy_t2.obj (.text)
                  000175b2    00000002                                 : startup.obj (.text)
                  000175b4    00000098                                 : fclose.obj (.text)
                  0001764c    00000094                                 : snprintf.obj (.text)
                  000176e0    0000007a                                 : memset_t2.obj (.text)
                  0001775a    00000002     --HOLE-- [fill = 0]
                  0001775c    00000074                                 : getdevice.obj (.text)
                  000177d0    00000074                                 : s_frexp.obj (.text)
                  00017844    00000070                                 : autoinit.obj (.text)
                  000178b4    0000006c                                 : copy_decompress_lzss.obj (.text:decompress:lzss)
                  00017920    0000006c                                 : hostrename.obj (.text)
                  0001798c    0000006c                                 : trgmsg.obj (.text)
                  000179f8    00000068                                 : hostlseek.obj (.text)
                  00017a60    00000064                                 : fseek.obj (.text)
                  00017ac4    00000064                                 : sprintf.obj (.text)
                  00017b28    0000005c                                 : hostopen.obj (.text)
                  00017b84    0000005c                                 : hostread.obj (.text)
                  00017be0    00000058                                 : close.obj (.text)
                  00017c38    00000058                                 : hostwrite.obj (.text)
                  00017c90    00000054                                 : i_div32.obj (.text)
                  00017ce4    00000054                                 : ltoa.obj (.text)
                  00017d38    00000050                                 : atoi.obj (.text)
                  00017d88    00000050                                 : exit.obj (.text)
                  00017dd8    00000050                                 : u_div32.obj (.text)
                  00017e28    0000004c                                 : cpy_tbl.obj (.text)
                  00017e74    00000044                                 : hostclose.obj (.text)
                  00017eb8    00000044                                 : hostunlink.obj (.text)
                  00017efc    00000040                                 : strtok.obj (.text)
                  00017f3c    00000036                                 : strncpy.obj (.text)
                  00017f72    00000002     --HOLE-- [fill = 0]
                  00017f74    0000002c                                 : assert.obj (.text)
                  00017fa0    0000002c                                 : unlink.obj (.text)
                  00017fcc    0000002a                                 : strspn.obj (.text)
                  00017ff6    00000002     --HOLE-- [fill = 0]
                  00017ff8    00000028                                 : lseek.obj (.text)
                  00018020    00000028                                 : write.obj (.text)
                  00018048    00000022                                 : strcspn.obj (.text)
                  0001806a    00000020                                 : memchr.obj (.text)
                  0001808a    0000001c                                 : memccpy.obj (.text)
                  000180a6    00000018                                 : s_copysign.obj (.text)
                  000180be    00000018                                 : strcmp.obj (.text)
                  000180d6    00000016                                 : strchr.obj (.text)
                  000180ec    00000016                                 : strlen.obj (.text)
                  00018102    00000002     --HOLE-- [fill = 0]
                  00018104    00000014                                 : _lock.obj (.text)
                  00018118    00000014                                 : strcpy.obj (.text)
                  0001812c    0000000e                                 : copy_decompress_none.obj (.text:decompress:none)
                  0001813a    0000000c                                 : copy_zero_init.obj (.text:decompress:ZI)
                  00018146    00000002     --HOLE-- [fill = 0]
                  00018148    00000004     sys_phantom.obj (.text:retain)

.const     0    0001814c    000005dc     
                  0001814c    00000200     sys_vim.obj (.const:s_vim_init)
                  0001834c    00000101     rtsv7R4_T_be_v3D16_eabi.lib : ctype.obj (.const:.string:_ctypes_)
                  0001844d    00000002     sfu_cmds.obj (.const:.string:$P$T6$3)
                  0001844f    00000001     --HOLE-- [fill = 0]
                  00018450    000000a4     sfu_cmds.obj (.const:.string)
                  000184f4    00000094     sfu_startup.obj (.const:.string)
                  00018588    00000034     sfu_state.obj (.const:.string)
                  000185bc    00000030     sfu_rtc.obj (.const:cumulativeSecondsInMonth)
                  000185ec    00000024     sfu_state.obj (.const:TRANSITION_TABLE)
                  00018610    00000020     flash_mibspi.obj (.const:$P$T0$1)
                  00018630    00000020     sfu_tasks.obj (.const:$P$T0$1)
                  00018650    00000020     flash_mibspi.obj (.const:$P$T2$3)
                  00018670    00000018     sfu_cmds.obj (.const:$P$T5$2)
                  00018688    00000018     sfu_scheduler.obj (.const:$P$T6$1)
                  000186a0    00000018     sfu_cmds.obj (.const:$P$T7$4)
                  000186b8    00000018     sfu_cmds.obj (.const:CMD_FUNCS)
                  000186d0    00000018     adc.obj (.const:s_adcFiFoSize)
                  000186e8    00000018     adc.obj (.const:s_adcSelect)
                  00018700    0000000c     flash_mibspi.obj (.const:$P$T1$2)
                  0001870c    0000000c     sfu_state.obj (.const:STATE_TABLE)
                  00018718    00000006     sfu_task_radio.obj (.const:$P$T0$1)
                  0001871e    00000006     sfu_task_radio.obj (.const:$P$T1$2)
                  00018724    00000004     rtos_heap.obj (.const)

.kernelBSS 
*          0    08000800    00000128     UNINITIALIZED
                  08000800    000000e4     rtos_task.obj (.kernelBSS:uninit)
                  080008e4    0000003c     rtos_task.obj (.kernelBSS:init)
                  08000920    00000008     rtos_port.obj (.kernelBSS)

.bss       0    08001000    00003ada     UNINITIALIZED
                  08001000    000036b0     rtos_heap.obj (.bss:ucHeap)
                  080046b0    00000120     rtsv7R4_T_be_v3D16_eabi.lib : trgmsg.obj (.bss:_CIOBUF_)
                  080047d0    000000fc     (.common:buffer)
                  080048cc    000000a0     (.common:__TI_tmpnams)
                  0800496c    00000078     spi.obj (.bss:g_spiPacket_t)
                  080049e4    00000028     sci.obj (.bss:g_sciTransfer_t)
                  08004a0c    00000028     (.common:TG3_RX)
                  08004a34    00000024     sfu_cmds.obj (.bss:event$1)
                  08004a58    00000020     (.common:dummyBytes_16)
                  08004a78    0000000c     (.common:state_persistent_data)
                  08004a84    00000008     rtos_heap.obj (.bss:xStart)
                  08004a8c    00000008     (.common:parmbuf)
                  08004a94    00000004     (.common:TG0_IS_Complete)
                  08004a98    00000004     (.common:TG1_IS_Complete)
                  08004a9c    00000004     (.common:TG1_RX)
                  08004aa0    00000004     (.common:TG2_IS_Complete)
                  08004aa4    00000004     (.common:TG3_IS_Complete)
                  08004aa8    00000004     (.common:addressWritten)
                  08004aac    00000004     (.common:epochOffset)
                  08004ab0    00000004     (.common:lastRead)
                  08004ab4    00000004     (.common:rtc_spiConfig)
                  08004ab8    00000004     (.common:spiDataConfig)
                  08004abc    00000004     (.common:xFlashMutex)
                  08004ac0    00000004     (.common:xQueue)
                  08004ac4    00000004     (.common:xRTCMutex)
                  08004ac8    00000004     (.common:xRadioRXQueue)
                  08004acc    00000004     (.common:xRadioTXQueue)
                  08004ad0    00000004     (.common:xSerialRXQueue)
                  08004ad4    00000004     (.common:xSerialTXQueue)
                  08004ad8    00000001     (.common:cur_state)
                  08004ad9    00000001     (.common:startData)

.sysmem    0    08004ae0    00000800     UNINITIALIZED
                  08004ae0    00000008     rtsv7R4_T_be_v3D16_eabi.lib : memory.obj (.sysmem)
                  08004ae8    000007f8     --HOLE--

.data      0    080052e0    000005b5     UNINITIALIZED
                  080052e0    00000220     sfu_scheduler.obj (.data:schedule)
                  08005500    000000f0     sfu_cmds.obj (.data:CMD_DBG_STRINGS)
                  080055f0    000000f0     rtsv7R4_T_be_v3D16_eabi.lib : defs.obj (.data:_ftable)
                  080056e0    00000078                                 : write.obj (.data:_device)
                  08005758    00000050                                 : write.obj (.data:_stream)
                  080057a8    00000020     sfu_startup.obj (.data:STARTUP_STRING)
                  080057c8    00000020     sfu_task_main.obj (.data)
                  080057e8    00000018     sfu_cmds.obj (.data:CMD_NAMES)
                  08005800    00000018     sfu_cmds.obj (.data:testCMD)
                  08005818    00000014     sfu_cmds.obj (.data:testSCHED)
                  0800582c    00000010     rtos_heap.obj (.data)
                  0800583c    00000010     rtsv7R4_T_be_v3D16_eabi.lib : defs.obj (.data)
                  0800584c    00000010     sfu_state.obj (.data:stateNameString)
                  0800585c    0000000c     rtsv7R4_T_be_v3D16_eabi.lib : exit.obj (.data:$O1$$)
                  08005868    0000000c                                 : memory.obj (.data:$O1$$)
                  08005874    00000008                                 : _lock.obj (.data:$O1$$)
                  0800587c    00000008     sfu_rtc.obj (.data)
                  08005884    00000004     rtsv7R4_T_be_v3D16_eabi.lib : errno.obj (.data)
                  08005888    00000004                                 : fopen.obj (.data)
                  0800588c    00000004                                 : open.obj (.data)
                  08005890    00000004                                 : strtok.obj (.data)
                  08005894    00000001     sfu_uart.obj (.data)

MODULE SUMMARY

       Module                     code    ro data   rw data
       ------                     ----    -------   -------
    ./SFUsat/
       sfu_cmds.obj               2500    238       596    
       flash_mibspi.obj           2324    76        104    
       sfu_scheduler.obj          1600    24        544    
       sfu_tasks.obj              2072    32        12     
       sfu_rtc.obj                2032    48        20     
       sfu_state.obj              1104    100       29     
       sfu_task_radio.obj         1144    12        8      
       sfu_startup.obj            344     148       33     
       sfu_utils.obj              472     0         0      
       sfu_uart.obj               448     0         1      
       sfu_task_main.obj          0       0         32     
       sfu_spi.obj                0       0         4      
    +--+--------------------------+-------+---------+---------+
       Total:                     14040   678       1383   
                                                           
    ./source/
       rtos_heap.obj              1576    4         14024  
       rtos_task.obj              13660   0         288    
       sys_selftest.obj           11280   0         0      
       rtos_queue.obj             5220    0         0      
       sys_vim.obj                3364    512       0      
       spi.obj                    3032    0         120    
       adc.obj                    2796    48        0      
       rtos_mpu_wrappers.obj      2836    0         0      
       system.obj                 2724    0         0      
       mibspi.obj                 2600    0         0      
       sci.obj                    2476    0         40     
       pinmux.obj                 2236    0         0      
       rtos_event_groups.obj      2140    0         0      
       esm.obj                    1772    0         0      
       rtos_port.obj              1392    0         8      
       gio.obj                    1156    0         0      
       rtos_portasm.obj           944     0         0      
       sys_core.obj               844     0         0      
       rtos_list.obj              568     0         0      
       sys_startup.obj            448     0         0      
       notification.obj           260     0         0      
       sys_main.obj               236     0         0      
       dabort.obj                 232     0         0      
       sys_pmu.obj                224     0         0      
       sys_intvecs.obj            32      0         0      
       sys_phantom.obj            4       0         0      
    +--+--------------------------+-------+---------+---------+
       Total:                     64052   564       14480  
                                                           
    /Applications/ti/ccsv7/tools/compiler/ti-cgt-arm_16.9.4.LTS/lib/rtsv7R4_T_be_v3D16_eabi.lib
       _printfi.obj               4218    0         0      
       memory.obj                 984     0         12     
       ull_div32.obj              696     0         0      
       fopen.obj                  456     0         4      
       defs.obj                   0       0         416    
       trgmsg.obj                 108     0         288    
       fputs.obj                  312     0         0      
       strtol.obj                 304     0         0      
       ctype.obj                  0       257       0      
       s_scalbn.obj               244     0         0      
       write.obj                  40      0         200    
       s_floor.obj                224     0         0      
       setvbuf.obj                220     0         0      
       fflush.obj                 204     0         0      
       open.obj                   188     0         4      
       _io_perm.obj               174     0         0      
       memcpy_t2.obj              156     0         0      
       fclose.obj                 152     0         0      
       snprintf.obj               148     0         0      
       memset_t2.obj              122     0         0      
       getdevice.obj              116     0         0      
       s_frexp.obj                116     0         0      
       autoinit.obj               112     0         0      
       copy_decompress_lzss.obj   108     0         0      
       hostrename.obj             108     0         0      
       hostlseek.obj              104     0         0      
       fseek.obj                  100     0         0      
       hostopen.obj               92      0         8      
       sprintf.obj                100     0         0      
       exit.obj                   80      0         12     
       hostread.obj               92      0         0      
       close.obj                  88      0         0      
       hostwrite.obj              88      0         0      
       i_div32.obj                84      0         0      
       ltoa.obj                   84      0         0      
       atoi.obj                   80      0         0      
       u_div32.obj                80      0         0      
       cpy_tbl.obj                76      0         0      
       hostclose.obj              68      0         0      
       hostunlink.obj             68      0         0      
       strtok.obj                 64      0         4      
       strncpy.obj                54      0         0      
       assert.obj                 44      0         0      
       unlink.obj                 44      0         0      
       strspn.obj                 42      0         0      
       lseek.obj                  40      0         0      
       strcspn.obj                34      0         0      
       memchr.obj                 32      0         0      
       _lock.obj                  20      0         8      
       memccpy.obj                28      0         0      
       s_copysign.obj             24      0         0      
       strcmp.obj                 24      0         0      
       strchr.obj                 22      0         0      
       strlen.obj                 22      0         0      
       strcpy.obj                 20      0         0      
       copy_decompress_none.obj   14      0         0      
       copy_zero_init.obj         12      0         0      
       errno.obj                  0       0         4      
       i_div0.obj                 2       0         0      
       startup.obj                2       0         0      
    +--+--------------------------+-------+---------+---------+
       Total:                     11338   257       960    
                                                           
       Heap:                      0       0         2048   
       Linker Generated:          0       298       0      
    +--+--------------------------+-------+---------+---------+
       Grand Total:               89430   1797      18871  


LINKER GENERATED COPY TABLES

__TI_cinit_table @ 00005d50 records: 3, size/record: 8, table size: 24
	.data: load addr=00005c38, load size=000000f1 bytes, run addr=080052e0, run size=000005b5 bytes, compression=lzss
	.kernelBSS: load addr=00005d29, load size=0000000d bytes, run addr=08000800, run size=00000128 bytes, compression=lzss
	.bss: load addr=00005d48, load size=00000008 bytes, run addr=08001000, run size=00003ada bytes, compression=zero_init


LINKER GENERATED HANDLER TABLE

__TI_handler_table @ 00005d38 records: 3, size/record: 4, table size: 12
	index: 0, handler: __TI_decompress_lzss
	index: 1, handler: __TI_decompress_none
	index: 2, handler: __TI_zero_init


GLOBAL SYMBOLS: SORTED ALPHABETICALLY BY Name 

address   name                                
-------   ----                                
00017d89  C$$EXIT                             
000179bf  C$$IO$$                             
08005500  CMD_DBG_STRINGS                     
000186b8  CMD_FUNCS                           
080057e8  CMD_NAMES                           
00017e75  HOSTclose                           
000179f9  HOSTlseek                           
00017b29  HOSTopen                            
00017b85  HOSTread                            
00017921  HOSTrename                          
00017eb9  HOSTunlink                          
00017c39  HOSTwrite                           
0000cba0  MPU_pcTaskGetName                   
0000d158  MPU_pvPortMalloc                    
0000ce24  MPU_ulTaskNotifyTake                
0000cf80  MPU_uxQueueMessagesWaiting          
0000cfb4  MPU_uxQueueSpacesAvailable          
0000cb74  MPU_uxTaskGetNumberOfTasks          
0000ccac  MPU_uxTaskGetStackHighWaterMark     
0000cc60  MPU_uxTaskGetSystemState            
0000c9ec  MPU_uxTaskPriorityGet               
0000d36c  MPU_vEventGroupDelete               
0000d18c  MPU_vPortFree                       
0000d1b8  MPU_vPortInitialiseBlocks           
0000d12c  MPU_vQueueDelete                    
0000c92c  MPU_vTaskAllocateMPURegions         
0000c9c0  MPU_vTaskDelay                      
0000c98c  MPU_vTaskDelayUntil                 
0000c960  MPU_vTaskDelete                     
0000ca54  MPU_vTaskGetInfo                    
0000cc34  MPU_vTaskGetRunTimeStats            
0000cc08  MPU_vTaskList                       
0000ca20  MPU_vTaskPrioritySet                
0000cacc  MPU_vTaskResume                     
0000cd0c  MPU_vTaskSetTimeOutState            
0000caa0  MPU_vTaskSuspend                    
0000caf8  MPU_vTaskSuspendAll                 
0000d290  MPU_xEventGroupClearBits            
0000d208  MPU_xEventGroupCreate               
0000d2d4  MPU_xEventGroupSetBits              
0000d318  MPU_xEventGroupSync                 
0000d234  MPU_xEventGroupWaitBits             
0000d1dc  MPU_xPortGetFreeHeapSize            
0000d080  MPU_xQueueCreateMutex               
0000ce9c  MPU_xQueueGenericCreate             
0000cfe8  MPU_xQueueGenericReceive            
0000cee8  MPU_xQueueGenericReset              
0000cf2c  MPU_xQueueGenericSend               
0000d0f8  MPU_xQueueGiveMutexRecursive        
0000d03c  MPU_xQueuePeekFromISR               
0000d0b4  MPU_xQueueTakeMutexRecursive        
0000cd38  MPU_xTaskCheckForTimeOut            
0000c8c8  MPU_xTaskCreate                     
0000c884  MPU_xTaskCreateRestricted           
0000cd7c  MPU_xTaskGenericNotify              
0000cbd4  MPU_xTaskGetHandle                  
0000cce0  MPU_xTaskGetSchedulerState          
0000cb48  MPU_xTaskGetTickCount               
0000ce68  MPU_xTaskNotifyStateClear           
0000cdd0  MPU_xTaskNotifyWait                 
0000cb1c  MPU_xTaskResumeAll                  
UNDEFED   SHT$$INIT_ARRAY$$Base               
UNDEFED   SHT$$INIT_ARRAY$$Limit              
0001870c  STATE_TABLE                         
0000c53c  SpiRxStatus                         
0000c4b0  SpiTxStatus                         
08004a94  TG0_IS_Complete                     
08004a98  TG1_IS_Complete                     
08004a9c  TG1_RX                              
08004aa0  TG2_IS_Complete                     
08004aa4  TG3_IS_Complete                     
08004a0c  TG3_RX                              
000185ec  TRANSITION_TABLE                    
080046b0  __CIOBUF_                           
00000800  __SYSMEM_SIZE                       
00005d50  __TI_CINIT_Base                     
00005d68  __TI_CINIT_Limit                    
00005d38  __TI_Handler_Table_Base             
00005d44  __TI_Handler_Table_Limit            
0001516c  __TI_PINIT_Base                     
00015170  __TI_PINIT_Limit                    
00017845  __TI_auto_init                      
00016073  __TI_cleanup                        
0800585c  __TI_cleanup_ptr                    
000175b5  __TI_closefile                      
000178b5  __TI_decompress_lzss                
0001812d  __TI_decompress_none                
000172e1  __TI_doflush                        
08005860  __TI_dtors_ptr                      
08005864  __TI_enable_exit_profile_output     
0800583c  __TI_ft_end                         
ffffffff  __TI_pprof_out_hndl                 
0000b3f5  __TI_printfi                        
ffffffff  __TI_prof_data_size                 
ffffffff  __TI_prof_data_start                
000174cd  __TI_rd_ok                          
000179c3  __TI_readmsg                        
00000000  __TI_static_base__                  
080048cc  __TI_tmpnams                        
0001798d  __TI_writemsg                       
00017469  __TI_wrt_ok                         
0001813b  __TI_zero_init                      
00017c90  __aeabi_idiv                        
0000bcab  __aeabi_idiv0                       
00017c90  __aeabi_idivmod                     
000176e1  __aeabi_memclr                      
000176e1  __aeabi_memclr4                     
000176e1  __aeabi_memclr8                     
00017517  __aeabi_memcpy                      
00017517  __aeabi_memcpy4                     
00017517  __aeabi_memcpy8                     
000176e3  __aeabi_memset                      
000176e3  __aeabi_memset4                     
000176e3  __aeabi_memset8                     
08005848  __aeabi_stderr                      
08005840  __aeabi_stdin                       
08005844  __aeabi_stdout                      
00017dd8  __aeabi_uidiv                       
00017dd8  __aeabi_uidivmod                    
00015440  __aeabi_uldivmod                    
ffffffff  __binit__                           
ffffffff  __c_args__                          
00010410  __unused                            
00017f77  _abort_msg                          
00017f8d  _assert                             
00016170  _c_int00                            
00015084  _coreClearAuxiliaryDataFault_       
00015098  _coreClearAuxiliaryInstructionFault_
0001505c  _coreClearDataFaultAddress_         
00015034  _coreClearDataFault_                
00015070  _coreClearInstructionFaultAddress_  
00015048  _coreClearInstructionFault_         
00014fc8  _coreDisableEventBusExport_         
0001500c  _coreDisableFlashEcc_               
00014fe8  _coreDisableRamEcc_                 
00014fb8  _coreEnableEventBusExport_          
00014ff8  _coreEnableFlashEcc_                
0001501c  _coreEnableIrqVicOffset_            
00014fd8  _coreEnableRamEcc_                  
00014fa0  _coreEnableVfp_                     
0001507c  _coreGetAuxiliaryDataFault_         
00015090  _coreGetAuxiliaryInstructionFault_  
00015054  _coreGetDataFaultAddress_           
0001502c  _coreGetDataFault_                  
00015068  _coreGetInstructionFaultAddress_    
00015040  _coreGetInstructionFault_           
00014e28  _coreInitRegisters_                 
00014f34  _coreInitStackPointer_              
0001834c  _ctypes_                            
00016f5c  _dabort                             
080056e0  _device                             
000150ac  _disable_FIQ_interrupt_             
000150b4  _disable_IRQ_interrupt_             
000150a4  _disable_interrupt_                 
000150bc  _enable_interrupt_                  
0001514c  _errata_CORTEXR4_57_                
0001515c  _errata_CORTEXR4_66_                
000150c4  _esmCcmErrorsClear_                 
080055f0  _ftable                             
00014f80  _getCPSRValue_                      
00014f88  _gotoCPUIdle_                       
08005874  _lock                               
00017f75  _nassert                            
00018113  _nop                                
00017180  _pmuDisableCountersGlobal_          
00017170  _pmuEnableCountersGlobal_           
000171dc  _pmuGetCycleCount_                  
000171e4  _pmuGetEventCount_                  
000171f0  _pmuGetOverflow_                    
00017124  _pmuInit_                           
000171b0  _pmuResetCounters_                  
00017190  _pmuResetCycleCounter_              
000171a0  _pmuResetEventCounters_             
000171d0  _pmuSetCountEvent_                  
000171c0  _pmuStartCounters_                  
000171c8  _pmuStopCounters_                   
0001810b  _register_lock                      
00018105  _register_unlock                    
08005758  _stream                             
08004ae0  _sys_memory                         
000175b3  _system_post_cinit                  
08005878  _unlock                             
00017d8d  abort                               
0000dc14  adc1GetConfigValue                  
0000926c  adc1ParityCheck                     
00009358  adc2ParityCheck                     
0000d7f0  adcCalibration                      
0000dbb4  adcDisableNotification              
0000db64  adcEnableNotification               
0000d5c8  adcGetData                          
0000dbfc  adcGetEVTPin                        
0000d398  adcInit                             
0000d7c0  adcIsConversionComplete             
0000d790  adcIsFifoFull                       
0000d9c8  adcMidPointCalibration              
00016be0  adcNotification                     
0000d5a0  adcResetFiFo                        
0000dbdc  adcSetEVTPin                        
0000d4f4  adcStartConversion                  
0000d578  adcStopConversion                   
000132ac  addEvent                            
000130ec  addEventFromScheduledCommand        
08004aa8  addressWritten                      
00017d39  atoi                                
ffffffff  binit                               
080047d0  buffer                              
00015dd0  busyWait                            
00014df7  calloc                              
00009410  can1ParityCheck                     
000094e8  can2ParityCheck                     
000095b0  can3ParityCheck                     
00008030  ccmSelfCheck                        
0000a638  ccmr4GetConfigValue                 
0001042c  checkAndRunCommand                  
0001047c  checkAndRunCommandStr               
00008938  checkB0RAMECC                       
00008b28  checkB1RAMECC                       
00009c18  checkClockMonitor                   
00008d18  checkFlashECC                       
00009cf4  checkFlashEEPROMECC                 
00009e8c  checkPLL1Slip                       
00009f94  checkRAMAddrParity                  
000099d0  checkRAMECC                         
0000a09c  checkRAMUERRTest                    
000087bc  checkefcSelfTest                    
00017be1  close                               
0000ff0c  cmdExec                             
0000fddc  cmdGet                              
0000fda8  cmdHelp                             
00010170  cmdSched                            
00010304  cmdState                            
0000ff3c  cmdTask                             
00016f08  configureTimerForRunTimeStats       
00010bb4  construct_packet_16                 
00010890  construct_packet_6                  
00012368  convertBCD                          
00017e29  copy_in                             
000180a7  copysign                            
000180a7  copysignl                           
00008234  cpuSelfTest                         
00008dfc  cpuSelfTestFail                     
000185bc  cumulativeSecondsInMonth            
08004ad8  cur_state                           
08005894  currChar                            
00008df4  custom_dabort                       
0000aaa8  disableParity                       
00016c68  dmaGroupANotification               
00008eac  dmaParityCheck                      
00014694  doStateLowPower                     
00014654  doStateReady                        
00014600  doStateSafe                         
00014724  do_LOWPOWER_to_READY                
00014714  do_LOWPOWER_to_SAFE                 
00014704  do_READY_to_LOWPOWER                
000146f4  do_READY_to_SAFE                    
000146e4  do_SAFE_to_LOWPOWER                 
000146d4  do_SAFE_to_READY                    
08004a58  dummyBytes_16                       
00000878  eTaskGetState                       
00008660  efcCheck                            
0000a5a0  efcGetConfigValue                   
00008794  efcSelfTest                         
000086e8  efcStuckZeroTest                    
0000aa20  enableParity                        
08004aac  epochOffset                         
0000a6b4  errata_PBIST_4                      
08005884  errno                               
000138b8  esmActivateNormalOperation          
0001399c  esmClearStatus                      
000139e0  esmClearStatusBuffer                
0001387c  esmDisableError                     
000138f4  esmDisableInterrupt                 
00013850  esmEnableError                      
000138c8  esmEnableInterrupt                  
00013ad8  esmEnterSelfTest                    
00013834  esmError                            
00013bb0  esmGetConfigValue                   
00013a1c  esmGetStatus                        
00013aa0  esmGetStatusBuffer                  
00016b78  esmGroup1Notification               
00016b88  esmGroup2Notification               
00016a64  esmHighInterrupt                    
0001372c  esmInit                             
00013b60  esmSelfTestStatus                   
000139fc  esmSetCounterPreloadValue           
00013920  esmSetInterruptLevel                
000138a8  esmTriggerErrorPinReset             
00017d95  exit                                
0001761b  fclose                              
0001732d  fflush                              
0001775d  finddevice                          
000107ec  flash_busy_erasing_chip             
000107d0  flash_erase_chip                    
00010dd0  flash_mibspi_init                   
00010960  flash_read_16                       
000109e4  flash_read_16_rtos                  
00010850  flash_set_burst_64                  
00010b8c  flash_status                        
00010c90  flash_test_JEDEC                    
00010a98  flash_write_16_rtos                 
00010880  flash_write_enable                  
00017045  floor                               
00017045  floorl                              
0000a208  fmcBus1ParityCheck                  
0000885c  fmcBus2Check                        
00008898  fmcECCcheck                         
000160c9  fopen                               
000167fd  fputs                               
00014b39  free                                
0001609f  freopen                             
000177d1  frexp                               
000177d1  frexpl                              
00017a61  fseek                               
00013484  getAction                           
0001249c  getCurrentRTCTime                   
00012154  getCurrentTime                      
00010d08  getEmptySector                      
00012338  getEpochOffset                      
00016ef8  getRunTimeCounterValue              
0001778b  getdevice                           
00013f64  gioDisableNotification              
00013efc  gioEnableNotification               
00013e64  gioGetBit                           
00013fcc  gioGetConfigValue                   
00013e8c  gioGetPort                          
00013d04  gioInit                             
00016bf4  gioNotification                     
00013df4  gioSetBit                           
00013dd4  gioSetDirection                     
00013e44  gioSetPort                          
00013ea4  gioToggleBit                        
00008f58  het1ParityCheck                     
000090c0  het2ParityCheck                     
08005880  het_epoch_time                      
00009004  htu1ParityCheck                     
000091bc  htu2ParityCheck                     
0001193c  hundredBlinky                       
00014488  initRadio                           
00015e14  itoa2                               
08004ab0  lastRead                            
00016d7d  ldexp                               
00016d7d  ldexpl                              
00017ff9  lseek                               
00017ce5  ltoa                                
00016e94  main                                
00014acf  malloc                              
0000dfb0  mapClocks                           
00014d05  memalign                            
0001808b  memccpy                             
0001806b  memchr                              
00017517  memcpy                              
00008174  memoryInit                          
00016b98  memoryPort0TestFailNotification     
00016bb4  memoryPort1TestFailNotification     
000176e9  memset                              
0000fa40  mibspi1GetConfigValue               
00009684  mibspi1ParityCheck                  
0000978c  mibspi3ParityCheck                  
000098b0  mibspi5ParityCheck                  
0000fa0c  mibspiDisableGroupNotification      
0000f918  mibspiDisableLoopback               
0000f984  mibspiEnableGroupNotification       
0000f8e4  mibspiEnableLoopback                
0000f6fc  mibspiGetData                       
00010fc4  mibspiGroupNotification             
0000f380  mibspiInit                          
0000f878  mibspiIsTransferComplete            
00016c08  mibspiNotification                  
0000f934  mibspiPmodeSet                      
0000f5f0  mibspiSetData                       
0000f5d0  mibspiSetFunctional                 
0000f848  mibspiTransfer                      
00010eec  mibspi_receive                      
00010e58  mibspi_send                         
0001076c  mibspi_write_byte                   
000107a4  mibspi_write_two                    
00014a51  minit                               
00011080  muxInit                             
000125d4  no_rtos_test_getCurrentRTCTime      
000173ad  open                                
08004a8c  parmbuf                             
0000a32c  pbistFail                           
0000a3ac  pbistGetConfigValue                 
000085a8  pbistIsTestCompleted                
000085d4  pbistIsTestPassed                   
00008608  pbistPortTestStatus                 
000084ac  pbistRun                            
000082cc  pbistSelfCheck                      
00008578  pbistStop                           
000012c4  pcTaskGetName                       
00011e74  periodicSenderTask                  
0000df5c  periphInit                          
00018148  phantomInterrupt                    
0001151c  pinmuxGetConfigValue                
000148a4  printPrevState                      
000166b4  printStartupType                    
00014834  printStateInfo                      
00005880  prvMpuDisable                       
00005868  prvMpuEnable                        
00005850  prvMpuSetRegion                     
0001690d  puts                                
000058a8  pvPortMalloc                        
00002bbc  pvTaskIncrementMutexHeldCount       
080008e4  pxCurrentTCB                        
0000513c  pxPortInitialiseStack               
000144f0  radioCmd                            
00014484  readAllRegisters                    
00014264  readExtendedRegister                
000141dc  readRegister                        
00014bfb  realloc                             
00017fa1  remove                              
000133f4  removeEventIdx                      
00000000  resetEntry                          
00012874  rtcGetBit                           
00012180  rtcInit                             
000127d4  rtcReadRegister                     
00012238  rtcReset                            
0001224c  rtcResetTime                        
000128b0  rtcSetBit                           
00012818  rtcTransmitAndReceive               
000126dc  rtcWriteRegister                    
0800587c  rtc_epoch_time                      
00012458  rtc_get_day                         
00012414  rtc_get_hours                       
00012400  rtc_get_minutes                     
00012428  rtc_get_month                       
000123ec  rtc_get_seconds                     
000122a8  rtc_get_startup_status              
00012488  rtc_get_year                        
08004ab4  rtc_spiConfig                       
00016bd0  rtiNotification                     
00014734  runState                            
00010ae8  rw16_test                           
00016d7d  scalbn                              
00016d7d  scalbnl                             
080052e0  schedule                            
00012e0c  sciDisableLoopback                  
00012e98  sciDisableNotification              
00012dd8  sciEnableLoopback                   
00012e30  sciEnableNotification               
00012f00  sciEnterResetState                  
00012f20  sciExitResetState                   
00012f40  sciGetConfigValue                   
00015bcc  sciHighLevelInterrupt               
00012944  sciInit                             
00012c88  sciIsIdleDetected                   
00012c6c  sciIsRxReady                        
00012aec  sciIsTxReady                        
0001647c  sciNotification                     
00012d00  sciReceive                          
00012cd4  sciReceiveByte                      
00012ca4  sciRxError                          
00012b38  sciSend                             
00012b08  sciSendByte                         
00012a50  sciSetBaudrate                      
00012a30  sciSetFunctional                    
00008020  selftestFailNotification            
00016330  serialInit                          
00016404  serialSend                          
000163d8  serialSendCh                        
0001634c  serialSendQ                         
00016384  serialSendQFromISR                  
00016438  serialSendln                        
00012344  setEpochOffset                      
000148f8  setStateManual                      
00014814  setStateRTOS_mode                   
0000df1c  setupFlash                          
0000de84  setupPLL                            
00017205  setvbuf                             
000135c0  shift                               
00013508  showActiveEvents                    
00015f40  simpleWatchdog                      
0001764d  snprintf                            
0000c674  spi4GetConfigValue                  
08004ab8  spiDataConfig                       
0000c5fc  spiDisableLoopback                  
0000c648  spiDisableNotification              
0000c5c8  spiEnableLoopback                   
0000c618  spiEnableNotification               
00016c58  spiEndNotification                  
0000bf18  spiGetData                          
0000bcac  spiInit                             
00016c44  spiNotification                     
0000bdfc  spiReceiveData                      
0000c370  spiSendAndGetData                   
0000c13c  spiSendData                         
0000bddc  spiSetFunctional                    
0000c234  spiTransmitAndReceiveData           
0000c010  spiTransmitData                     
00017ac5  sprintf                             
0000e734  sramGetConfigValue                  
08004ad9  startData                           
000166d0  startupCheck                        
000166a4  startupInit                         
00014988  stateCheckEnterSafe                 
00014950  stateCheckPowerGood                 
000147c8  stateMachineInit                    
08004a78  state_persistent_data               
0000a4f8  stcGetConfigValue                   
000081b8  stcSelfCheck                        
00008df8  stcSelfCheckFail                    
000180d7  strchr                              
000180bf  strcmp                              
00018119  strcpy                              
00018049  strcspn                             
000180ed  strlen                              
00017f3d  strncpy                             
000142f0  strobe                              
00017fcd  strspn                              
00017efd  strtok                              
00016935  strtol                              
0000e1ac  systemGetConfigValue                
0000e0b0  systemInit                          
0000e17c  systemPowerDown                     
0000e588  tcmflashGetConfigValue              
0001216c  tempAddSecondToHET                  
08005800  testCMD                             
08005818  testSCHED                           
0000ded4  trimLPO                             
000044b4  ucQueueGetQueueType                 
08000920  ulCriticalNesting                   
0000578c  ulPortCountLeadingZeros             
08000924  ulTaskHasFPUContext                 
00002bf0  ulTaskNotifyTake                    
00017fa1  unlink                              
000050fc  uxEventGroupGetNumber               
00015b40  uxListRemove                        
0000447c  uxQueueGetQueueNumber               
00004398  uxQueueMessagesWaiting              
0000441c  uxQueueMessagesWaitingFromISR       
000043d0  uxQueueSpacesAvailable              
000012b8  uxTaskGetNumberOfTasks              
000023d0  uxTaskGetStackHighWaterMark         
000015a8  uxTaskGetSystemState                
00001f1c  uxTaskGetTaskNumber                 
0000097c  uxTaskPriorityGet                   
000009c0  uxTaskPriorityGetFromISR            
00002b80  uxTaskResetEventItemValue           
00016e70  vApplicationStackOverflowHook       
00011b6c  vDemoADCTask                        
00005074  vEventGroupClearBitsCallback        
00004fd4  vEventGroupDelete                   
00005058  vEventGroupSetBitsCallback          
0001196c  vFlashRead                          
00011a40  vFlashRead2                         
00011ae0  vFlashWrite                         
00015994  vListInitialise                     
000159ec  vListInitialiseItem                 
00015a7c  vListInsert                         
00015a08  vListInsertEnd                      
00011ff0  vMonitorTask                        
000054c4  vPortEndScheduler                   
00005b18  vPortFree                           
00005c18  vPortInitialiseBlocks               
000056cc  vPortPreemptiveTick                 
00005794  vPortSWI                            
000054fc  vPortStartFirstTask                 
0000522c  vPortStoreTaskMPUSettings           
00005618  vPortYeildWithinAPI                 
0000556c  vPortYieldProcessor                 
0000444c  vQueueDelete                        
00004494  vQueueSetQueueNumber                
00014188  vRadioTask                          
00011f48  vReceiverTask                       
00011f04  vSenderTask                         
00011e68  vSerialSenderTask                   
00011c1c  vSerialTask                         
00011bf0  vStateTask                          
00001f90  vTaskAllocateMPURegions             
000007f4  vTaskDelay                          
00000688  vTaskDelayUntil                     
00000520  vTaskDelete                         
00001094  vTaskEndScheduler                   
00002120  vTaskGetInfo                        
00002a08  vTaskGetRunTimeStats                
00002850  vTaskList                           
00001f0c  vTaskMissedYield                    
000031e4  vTaskNotifyGiveFromISR              
00001b08  vTaskPlaceOnEventList               
00001b4c  vTaskPlaceOnUnorderedEventList      
00002504  vTaskPriorityInherit                
00000a08  vTaskPrioritySet                    
00000e2c  vTaskResume                         
00001f5c  vTaskSetTaskNumber                  
00001dc4  vTaskSetTimeOutState                
00000ff8  vTaskStartScheduler                 
00000c24  vTaskSuspend                        
000010b0  vTaskSuspendAll                     
0000194c  vTaskSwitchContext                  
00011fb4  vTickleTask                         
0000e9fc  vimChannelMap                       
0000ec68  vimDisableInterrupt                 
0000eaa0  vimEnableInterrupt                  
0000ed14  vimGetConfigValue                   
0000e928  vimInit                             
00008e00  vimParityCheck                      
00015174  vimParityErrorHandler               
00015f70  watchdog_busywait                   
00018021  write                               
000143e4  writeExtendedRegister               
0001435c  writeRegister                       
080057d8  xADCTaskHandle                      
080057d4  xBlinkyTaskHandle                   
00004d70  xEventGroupClearBits                
000048e0  xEventGroupCreate                   
00004df4  xEventGroupGetBitsFromISR           
00004e24  xEventGroupSetBits                  
0000491c  xEventGroupSync                     
00004b1c  xEventGroupWaitBits                 
08004abc  xFlashMutex                         
080057e0  xFlashReadHandle                    
080057e4  xFlashWriteHandle                   
000156f8  xPortGetFreeHeapSize                
00015704  xPortGetMinimumEverFreeHeapSize     
000054a0  xPortStartScheduler                 
08004ac0  xQueue                              
00003720  xQueueCreateMutex                   
000035a4  xQueueGenericCreate                 
00003e44  xQueueGenericReceive                
0000347c  xQueueGenericReset                  
00003888  xQueueGenericSend                   
00003b48  xQueueGenericSendFromISR            
00003cd8  xQueueGiveFromISR                   
00003764  xQueueGiveMutexRecursive            
00004804  xQueueIsQueueEmptyFromISR           
00004890  xQueueIsQueueFullFromISR            
000042a4  xQueuePeekFromISR                   
0000415c  xQueueReceiveFromISR                
000037ec  xQueueTakeMutexRecursive            
08004ac4  xRTCMutex                           
08004ac8  xRadioRXQueue                       
08004acc  xRadioTXQueue                       
080057cc  xRadioTaskHandle                    
08004ad0  xSerialRXQueue                      
08004ad4  xSerialTXQueue                      
080057c8  xSerialTaskHandle                   
080057dc  xStateTaskHandle                    
00001e04  xTaskCheckForTimeOut                
000000fc  xTaskCreate                         
00000020  xTaskCreateRestricted               
00002e08  xTaskGenericNotify                  
00002fe4  xTaskGenericNotifyFromISR           
00002498  xTaskGetCurrentTaskHandle           
00001494  xTaskGetHandle                      
000024b4  xTaskGetSchedulerState              
00001278  xTaskGetTickCount                   
00001294  xTaskGetTickCountFromISR            
00001724  xTaskIncrementTick                  
00016d04  xTaskNotifyStateClear               
00002cd8  xTaskNotifyWait                     
00002664  xTaskPriorityDisinherit             
00001bd0  xTaskRemoveFromEventList            
00001cbc  xTaskRemoveFromUnorderedEventList   
000010c4  xTaskResumeAll                      
00000f10  xTaskResumeFromISR                  
080057d0  xTickleTaskHandle                   


GLOBAL SYMBOLS: SORTED BY Symbol Address 

address   name                                
-------   ----                                
00000000  __TI_static_base__                  
00000000  resetEntry                          
00000020  xTaskCreateRestricted               
000000fc  xTaskCreate                         
00000520  vTaskDelete                         
00000688  vTaskDelayUntil                     
000007f4  vTaskDelay                          
00000800  __SYSMEM_SIZE                       
00000878  eTaskGetState                       
0000097c  uxTaskPriorityGet                   
000009c0  uxTaskPriorityGetFromISR            
00000a08  vTaskPrioritySet                    
00000c24  vTaskSuspend                        
00000e2c  vTaskResume                         
00000f10  xTaskResumeFromISR                  
00000ff8  vTaskStartScheduler                 
00001094  vTaskEndScheduler                   
000010b0  vTaskSuspendAll                     
000010c4  xTaskResumeAll                      
00001278  xTaskGetTickCount                   
00001294  xTaskGetTickCountFromISR            
000012b8  uxTaskGetNumberOfTasks              
000012c4  pcTaskGetName                       
00001494  xTaskGetHandle                      
000015a8  uxTaskGetSystemState                
00001724  xTaskIncrementTick                  
0000194c  vTaskSwitchContext                  
00001b08  vTaskPlaceOnEventList               
00001b4c  vTaskPlaceOnUnorderedEventList      
00001bd0  xTaskRemoveFromEventList            
00001cbc  xTaskRemoveFromUnorderedEventList   
00001dc4  vTaskSetTimeOutState                
00001e04  xTaskCheckForTimeOut                
00001f0c  vTaskMissedYield                    
00001f1c  uxTaskGetTaskNumber                 
00001f5c  vTaskSetTaskNumber                  
00001f90  vTaskAllocateMPURegions             
00002120  vTaskGetInfo                        
000023d0  uxTaskGetStackHighWaterMark         
00002498  xTaskGetCurrentTaskHandle           
000024b4  xTaskGetSchedulerState              
00002504  vTaskPriorityInherit                
00002664  xTaskPriorityDisinherit             
00002850  vTaskList                           
00002a08  vTaskGetRunTimeStats                
00002b80  uxTaskResetEventItemValue           
00002bbc  pvTaskIncrementMutexHeldCount       
00002bf0  ulTaskNotifyTake                    
00002cd8  xTaskNotifyWait                     
00002e08  xTaskGenericNotify                  
00002fe4  xTaskGenericNotifyFromISR           
000031e4  vTaskNotifyGiveFromISR              
0000347c  xQueueGenericReset                  
000035a4  xQueueGenericCreate                 
00003720  xQueueCreateMutex                   
00003764  xQueueGiveMutexRecursive            
000037ec  xQueueTakeMutexRecursive            
00003888  xQueueGenericSend                   
00003b48  xQueueGenericSendFromISR            
00003cd8  xQueueGiveFromISR                   
00003e44  xQueueGenericReceive                
0000415c  xQueueReceiveFromISR                
000042a4  xQueuePeekFromISR                   
00004398  uxQueueMessagesWaiting              
000043d0  uxQueueSpacesAvailable              
0000441c  uxQueueMessagesWaitingFromISR       
0000444c  vQueueDelete                        
0000447c  uxQueueGetQueueNumber               
00004494  vQueueSetQueueNumber                
000044b4  ucQueueGetQueueType                 
00004804  xQueueIsQueueEmptyFromISR           
00004890  xQueueIsQueueFullFromISR            
000048e0  xEventGroupCreate                   
0000491c  xEventGroupSync                     
00004b1c  xEventGroupWaitBits                 
00004d70  xEventGroupClearBits                
00004df4  xEventGroupGetBitsFromISR           
00004e24  xEventGroupSetBits                  
00004fd4  vEventGroupDelete                   
00005058  vEventGroupSetBitsCallback          
00005074  vEventGroupClearBitsCallback        
000050fc  uxEventGroupGetNumber               
0000513c  pxPortInitialiseStack               
0000522c  vPortStoreTaskMPUSettings           
000054a0  xPortStartScheduler                 
000054c4  vPortEndScheduler                   
000054fc  vPortStartFirstTask                 
0000556c  vPortYieldProcessor                 
00005618  vPortYeildWithinAPI                 
000056cc  vPortPreemptiveTick                 
0000578c  ulPortCountLeadingZeros             
00005794  vPortSWI                            
00005850  prvMpuSetRegion                     
00005868  prvMpuEnable                        
00005880  prvMpuDisable                       
000058a8  pvPortMalloc                        
00005b18  vPortFree                           
00005c18  vPortInitialiseBlocks               
00005d38  __TI_Handler_Table_Base             
00005d44  __TI_Handler_Table_Limit            
00005d50  __TI_CINIT_Base                     
00005d68  __TI_CINIT_Limit                    
00008020  selftestFailNotification            
00008030  ccmSelfCheck                        
00008174  memoryInit                          
000081b8  stcSelfCheck                        
00008234  cpuSelfTest                         
000082cc  pbistSelfCheck                      
000084ac  pbistRun                            
00008578  pbistStop                           
000085a8  pbistIsTestCompleted                
000085d4  pbistIsTestPassed                   
00008608  pbistPortTestStatus                 
00008660  efcCheck                            
000086e8  efcStuckZeroTest                    
00008794  efcSelfTest                         
000087bc  checkefcSelfTest                    
0000885c  fmcBus2Check                        
00008898  fmcECCcheck                         
00008938  checkB0RAMECC                       
00008b28  checkB1RAMECC                       
00008d18  checkFlashECC                       
00008df4  custom_dabort                       
00008df8  stcSelfCheckFail                    
00008dfc  cpuSelfTestFail                     
00008e00  vimParityCheck                      
00008eac  dmaParityCheck                      
00008f58  het1ParityCheck                     
00009004  htu1ParityCheck                     
000090c0  het2ParityCheck                     
000091bc  htu2ParityCheck                     
0000926c  adc1ParityCheck                     
00009358  adc2ParityCheck                     
00009410  can1ParityCheck                     
000094e8  can2ParityCheck                     
000095b0  can3ParityCheck                     
00009684  mibspi1ParityCheck                  
0000978c  mibspi3ParityCheck                  
000098b0  mibspi5ParityCheck                  
000099d0  checkRAMECC                         
00009c18  checkClockMonitor                   
00009cf4  checkFlashEEPROMECC                 
00009e8c  checkPLL1Slip                       
00009f94  checkRAMAddrParity                  
0000a09c  checkRAMUERRTest                    
0000a208  fmcBus1ParityCheck                  
0000a32c  pbistFail                           
0000a3ac  pbistGetConfigValue                 
0000a4f8  stcGetConfigValue                   
0000a5a0  efcGetConfigValue                   
0000a638  ccmr4GetConfigValue                 
0000a6b4  errata_PBIST_4                      
0000aa20  enableParity                        
0000aaa8  disableParity                       
0000b3f5  __TI_printfi                        
0000bcab  __aeabi_idiv0                       
0000bcac  spiInit                             
0000bddc  spiSetFunctional                    
0000bdfc  spiReceiveData                      
0000bf18  spiGetData                          
0000c010  spiTransmitData                     
0000c13c  spiSendData                         
0000c234  spiTransmitAndReceiveData           
0000c370  spiSendAndGetData                   
0000c4b0  SpiTxStatus                         
0000c53c  SpiRxStatus                         
0000c5c8  spiEnableLoopback                   
0000c5fc  spiDisableLoopback                  
0000c618  spiEnableNotification               
0000c648  spiDisableNotification              
0000c674  spi4GetConfigValue                  
0000c884  MPU_xTaskCreateRestricted           
0000c8c8  MPU_xTaskCreate                     
0000c92c  MPU_vTaskAllocateMPURegions         
0000c960  MPU_vTaskDelete                     
0000c98c  MPU_vTaskDelayUntil                 
0000c9c0  MPU_vTaskDelay                      
0000c9ec  MPU_uxTaskPriorityGet               
0000ca20  MPU_vTaskPrioritySet                
0000ca54  MPU_vTaskGetInfo                    
0000caa0  MPU_vTaskSuspend                    
0000cacc  MPU_vTaskResume                     
0000caf8  MPU_vTaskSuspendAll                 
0000cb1c  MPU_xTaskResumeAll                  
0000cb48  MPU_xTaskGetTickCount               
0000cb74  MPU_uxTaskGetNumberOfTasks          
0000cba0  MPU_pcTaskGetName                   
0000cbd4  MPU_xTaskGetHandle                  
0000cc08  MPU_vTaskList                       
0000cc34  MPU_vTaskGetRunTimeStats            
0000cc60  MPU_uxTaskGetSystemState            
0000ccac  MPU_uxTaskGetStackHighWaterMark     
0000cce0  MPU_xTaskGetSchedulerState          
0000cd0c  MPU_vTaskSetTimeOutState            
0000cd38  MPU_xTaskCheckForTimeOut            
0000cd7c  MPU_xTaskGenericNotify              
0000cdd0  MPU_xTaskNotifyWait                 
0000ce24  MPU_ulTaskNotifyTake                
0000ce68  MPU_xTaskNotifyStateClear           
0000ce9c  MPU_xQueueGenericCreate             
0000cee8  MPU_xQueueGenericReset              
0000cf2c  MPU_xQueueGenericSend               
0000cf80  MPU_uxQueueMessagesWaiting          
0000cfb4  MPU_uxQueueSpacesAvailable          
0000cfe8  MPU_xQueueGenericReceive            
0000d03c  MPU_xQueuePeekFromISR               
0000d080  MPU_xQueueCreateMutex               
0000d0b4  MPU_xQueueTakeMutexRecursive        
0000d0f8  MPU_xQueueGiveMutexRecursive        
0000d12c  MPU_vQueueDelete                    
0000d158  MPU_pvPortMalloc                    
0000d18c  MPU_vPortFree                       
0000d1b8  MPU_vPortInitialiseBlocks           
0000d1dc  MPU_xPortGetFreeHeapSize            
0000d208  MPU_xEventGroupCreate               
0000d234  MPU_xEventGroupWaitBits             
0000d290  MPU_xEventGroupClearBits            
0000d2d4  MPU_xEventGroupSetBits              
0000d318  MPU_xEventGroupSync                 
0000d36c  MPU_vEventGroupDelete               
0000d398  adcInit                             
0000d4f4  adcStartConversion                  
0000d578  adcStopConversion                   
0000d5a0  adcResetFiFo                        
0000d5c8  adcGetData                          
0000d790  adcIsFifoFull                       
0000d7c0  adcIsConversionComplete             
0000d7f0  adcCalibration                      
0000d9c8  adcMidPointCalibration              
0000db64  adcEnableNotification               
0000dbb4  adcDisableNotification              
0000dbdc  adcSetEVTPin                        
0000dbfc  adcGetEVTPin                        
0000dc14  adc1GetConfigValue                  
0000de84  setupPLL                            
0000ded4  trimLPO                             
0000df1c  setupFlash                          
0000df5c  periphInit                          
0000dfb0  mapClocks                           
0000e0b0  systemInit                          
0000e17c  systemPowerDown                     
0000e1ac  systemGetConfigValue                
0000e588  tcmflashGetConfigValue              
0000e734  sramGetConfigValue                  
0000e928  vimInit                             
0000e9fc  vimChannelMap                       
0000eaa0  vimEnableInterrupt                  
0000ec68  vimDisableInterrupt                 
0000ed14  vimGetConfigValue                   
0000f380  mibspiInit                          
0000f5d0  mibspiSetFunctional                 
0000f5f0  mibspiSetData                       
0000f6fc  mibspiGetData                       
0000f848  mibspiTransfer                      
0000f878  mibspiIsTransferComplete            
0000f8e4  mibspiEnableLoopback                
0000f918  mibspiDisableLoopback               
0000f934  mibspiPmodeSet                      
0000f984  mibspiEnableGroupNotification       
0000fa0c  mibspiDisableGroupNotification      
0000fa40  mibspi1GetConfigValue               
0000fda8  cmdHelp                             
0000fddc  cmdGet                              
0000ff0c  cmdExec                             
0000ff3c  cmdTask                             
00010170  cmdSched                            
00010304  cmdState                            
00010410  __unused                            
0001042c  checkAndRunCommand                  
0001047c  checkAndRunCommandStr               
0001076c  mibspi_write_byte                   
000107a4  mibspi_write_two                    
000107d0  flash_erase_chip                    
000107ec  flash_busy_erasing_chip             
00010850  flash_set_burst_64                  
00010880  flash_write_enable                  
00010890  construct_packet_6                  
00010960  flash_read_16                       
000109e4  flash_read_16_rtos                  
00010a98  flash_write_16_rtos                 
00010ae8  rw16_test                           
00010b8c  flash_status                        
00010bb4  construct_packet_16                 
00010c90  flash_test_JEDEC                    
00010d08  getEmptySector                      
00010dd0  flash_mibspi_init                   
00010e58  mibspi_send                         
00010eec  mibspi_receive                      
00010fc4  mibspiGroupNotification             
00011080  muxInit                             
0001151c  pinmuxGetConfigValue                
0001193c  hundredBlinky                       
0001196c  vFlashRead                          
00011a40  vFlashRead2                         
00011ae0  vFlashWrite                         
00011b6c  vDemoADCTask                        
00011bf0  vStateTask                          
00011c1c  vSerialTask                         
00011e68  vSerialSenderTask                   
00011e74  periodicSenderTask                  
00011f04  vSenderTask                         
00011f48  vReceiverTask                       
00011fb4  vTickleTask                         
00011ff0  vMonitorTask                        
00012154  getCurrentTime                      
0001216c  tempAddSecondToHET                  
00012180  rtcInit                             
00012238  rtcReset                            
0001224c  rtcResetTime                        
000122a8  rtc_get_startup_status              
00012338  getEpochOffset                      
00012344  setEpochOffset                      
00012368  convertBCD                          
000123ec  rtc_get_seconds                     
00012400  rtc_get_minutes                     
00012414  rtc_get_hours                       
00012428  rtc_get_month                       
00012458  rtc_get_day                         
00012488  rtc_get_year                        
0001249c  getCurrentRTCTime                   
000125d4  no_rtos_test_getCurrentRTCTime      
000126dc  rtcWriteRegister                    
000127d4  rtcReadRegister                     
00012818  rtcTransmitAndReceive               
00012874  rtcGetBit                           
000128b0  rtcSetBit                           
00012944  sciInit                             
00012a30  sciSetFunctional                    
00012a50  sciSetBaudrate                      
00012aec  sciIsTxReady                        
00012b08  sciSendByte                         
00012b38  sciSend                             
00012c6c  sciIsRxReady                        
00012c88  sciIsIdleDetected                   
00012ca4  sciRxError                          
00012cd4  sciReceiveByte                      
00012d00  sciReceive                          
00012dd8  sciEnableLoopback                   
00012e0c  sciDisableLoopback                  
00012e30  sciEnableNotification               
00012e98  sciDisableNotification              
00012f00  sciEnterResetState                  
00012f20  sciExitResetState                   
00012f40  sciGetConfigValue                   
000130ec  addEventFromScheduledCommand        
000132ac  addEvent                            
000133f4  removeEventIdx                      
00013484  getAction                           
00013508  showActiveEvents                    
000135c0  shift                               
0001372c  esmInit                             
00013834  esmError                            
00013850  esmEnableError                      
0001387c  esmDisableError                     
000138a8  esmTriggerErrorPinReset             
000138b8  esmActivateNormalOperation          
000138c8  esmEnableInterrupt                  
000138f4  esmDisableInterrupt                 
00013920  esmSetInterruptLevel                
0001399c  esmClearStatus                      
000139e0  esmClearStatusBuffer                
000139fc  esmSetCounterPreloadValue           
00013a1c  esmGetStatus                        
00013aa0  esmGetStatusBuffer                  
00013ad8  esmEnterSelfTest                    
00013b60  esmSelfTestStatus                   
00013bb0  esmGetConfigValue                   
00013d04  gioInit                             
00013dd4  gioSetDirection                     
00013df4  gioSetBit                           
00013e44  gioSetPort                          
00013e64  gioGetBit                           
00013e8c  gioGetPort                          
00013ea4  gioToggleBit                        
00013efc  gioEnableNotification               
00013f64  gioDisableNotification              
00013fcc  gioGetConfigValue                   
00014188  vRadioTask                          
000141dc  readRegister                        
00014264  readExtendedRegister                
000142f0  strobe                              
0001435c  writeRegister                       
000143e4  writeExtendedRegister               
00014484  readAllRegisters                    
00014488  initRadio                           
000144f0  radioCmd                            
00014600  doStateSafe                         
00014654  doStateReady                        
00014694  doStateLowPower                     
000146d4  do_SAFE_to_READY                    
000146e4  do_SAFE_to_LOWPOWER                 
000146f4  do_READY_to_SAFE                    
00014704  do_READY_to_LOWPOWER                
00014714  do_LOWPOWER_to_SAFE                 
00014724  do_LOWPOWER_to_READY                
00014734  runState                            
000147c8  stateMachineInit                    
00014814  setStateRTOS_mode                   
00014834  printStateInfo                      
000148a4  printPrevState                      
000148f8  setStateManual                      
00014950  stateCheckPowerGood                 
00014988  stateCheckEnterSafe                 
00014a51  minit                               
00014acf  malloc                              
00014b39  free                                
00014bfb  realloc                             
00014d05  memalign                            
00014df7  calloc                              
00014e28  _coreInitRegisters_                 
00014f34  _coreInitStackPointer_              
00014f80  _getCPSRValue_                      
00014f88  _gotoCPUIdle_                       
00014fa0  _coreEnableVfp_                     
00014fb8  _coreEnableEventBusExport_          
00014fc8  _coreDisableEventBusExport_         
00014fd8  _coreEnableRamEcc_                  
00014fe8  _coreDisableRamEcc_                 
00014ff8  _coreEnableFlashEcc_                
0001500c  _coreDisableFlashEcc_               
0001501c  _coreEnableIrqVicOffset_            
0001502c  _coreGetDataFault_                  
00015034  _coreClearDataFault_                
00015040  _coreGetInstructionFault_           
00015048  _coreClearInstructionFault_         
00015054  _coreGetDataFaultAddress_           
0001505c  _coreClearDataFaultAddress_         
00015068  _coreGetInstructionFaultAddress_    
00015070  _coreClearInstructionFaultAddress_  
0001507c  _coreGetAuxiliaryDataFault_         
00015084  _coreClearAuxiliaryDataFault_       
00015090  _coreGetAuxiliaryInstructionFault_  
00015098  _coreClearAuxiliaryInstructionFault_
000150a4  _disable_interrupt_                 
000150ac  _disable_FIQ_interrupt_             
000150b4  _disable_IRQ_interrupt_             
000150bc  _enable_interrupt_                  
000150c4  _esmCcmErrorsClear_                 
0001514c  _errata_CORTEXR4_57_                
0001515c  _errata_CORTEXR4_66_                
0001516c  __TI_PINIT_Base                     
00015170  __TI_PINIT_Limit                    
00015174  vimParityErrorHandler               
00015440  __aeabi_uldivmod                    
000156f8  xPortGetFreeHeapSize                
00015704  xPortGetMinimumEverFreeHeapSize     
00015994  vListInitialise                     
000159ec  vListInitialiseItem                 
00015a08  vListInsertEnd                      
00015a7c  vListInsert                         
00015b40  uxListRemove                        
00015bcc  sciHighLevelInterrupt               
00015dd0  busyWait                            
00015e14  itoa2                               
00015f40  simpleWatchdog                      
00015f70  watchdog_busywait                   
00016073  __TI_cleanup                        
0001609f  freopen                             
000160c9  fopen                               
00016170  _c_int00                            
00016330  serialInit                          
0001634c  serialSendQ                         
00016384  serialSendQFromISR                  
000163d8  serialSendCh                        
00016404  serialSend                          
00016438  serialSendln                        
0001647c  sciNotification                     
000166a4  startupInit                         
000166b4  printStartupType                    
000166d0  startupCheck                        
000167fd  fputs                               
0001690d  puts                                
00016935  strtol                              
00016a64  esmHighInterrupt                    
00016b78  esmGroup1Notification               
00016b88  esmGroup2Notification               
00016b98  memoryPort0TestFailNotification     
00016bb4  memoryPort1TestFailNotification     
00016bd0  rtiNotification                     
00016be0  adcNotification                     
00016bf4  gioNotification                     
00016c08  mibspiNotification                  
00016c44  spiNotification                     
00016c58  spiEndNotification                  
00016c68  dmaGroupANotification               
00016d04  xTaskNotifyStateClear               
00016d7d  ldexp                               
00016d7d  ldexpl                              
00016d7d  scalbn                              
00016d7d  scalbnl                             
00016e70  vApplicationStackOverflowHook       
00016e94  main                                
00016ef8  getRunTimeCounterValue              
00016f08  configureTimerForRunTimeStats       
00016f5c  _dabort                             
00017045  floor                               
00017045  floorl                              
00017124  _pmuInit_                           
00017170  _pmuEnableCountersGlobal_           
00017180  _pmuDisableCountersGlobal_          
00017190  _pmuResetCycleCounter_              
000171a0  _pmuResetEventCounters_             
000171b0  _pmuResetCounters_                  
000171c0  _pmuStartCounters_                  
000171c8  _pmuStopCounters_                   
000171d0  _pmuSetCountEvent_                  
000171dc  _pmuGetCycleCount_                  
000171e4  _pmuGetEventCount_                  
000171f0  _pmuGetOverflow_                    
00017205  setvbuf                             
000172e1  __TI_doflush                        
0001732d  fflush                              
000173ad  open                                
00017469  __TI_wrt_ok                         
000174cd  __TI_rd_ok                          
00017517  __aeabi_memcpy                      
00017517  __aeabi_memcpy4                     
00017517  __aeabi_memcpy8                     
00017517  memcpy                              
000175b3  _system_post_cinit                  
000175b5  __TI_closefile                      
0001761b  fclose                              
0001764d  snprintf                            
000176e1  __aeabi_memclr                      
000176e1  __aeabi_memclr4                     
000176e1  __aeabi_memclr8                     
000176e3  __aeabi_memset                      
000176e3  __aeabi_memset4                     
000176e3  __aeabi_memset8                     
000176e9  memset                              
0001775d  finddevice                          
0001778b  getdevice                           
000177d1  frexp                               
000177d1  frexpl                              
00017845  __TI_auto_init                      
000178b5  __TI_decompress_lzss                
00017921  HOSTrename                          
0001798d  __TI_writemsg                       
000179bf  C$$IO$$                             
000179c3  __TI_readmsg                        
000179f9  HOSTlseek                           
00017a61  fseek                               
00017ac5  sprintf                             
00017b29  HOSTopen                            
00017b85  HOSTread                            
00017be1  close                               
00017c39  HOSTwrite                           
00017c90  __aeabi_idiv                        
00017c90  __aeabi_idivmod                     
00017ce5  ltoa                                
00017d39  atoi                                
00017d89  C$$EXIT                             
00017d8d  abort                               
00017d95  exit                                
00017dd8  __aeabi_uidiv                       
00017dd8  __aeabi_uidivmod                    
00017e29  copy_in                             
00017e75  HOSTclose                           
00017eb9  HOSTunlink                          
00017efd  strtok                              
00017f3d  strncpy                             
00017f75  _nassert                            
00017f77  _abort_msg                          
00017f8d  _assert                             
00017fa1  remove                              
00017fa1  unlink                              
00017fcd  strspn                              
00017ff9  lseek                               
00018021  write                               
00018049  strcspn                             
0001806b  memchr                              
0001808b  memccpy                             
000180a7  copysign                            
000180a7  copysignl                           
000180bf  strcmp                              
000180d7  strchr                              
000180ed  strlen                              
00018105  _register_unlock                    
0001810b  _register_lock                      
00018113  _nop                                
00018119  strcpy                              
0001812d  __TI_decompress_none                
0001813b  __TI_zero_init                      
00018148  phantomInterrupt                    
0001834c  _ctypes_                            
000185bc  cumulativeSecondsInMonth            
000185ec  TRANSITION_TABLE                    
000186b8  CMD_FUNCS                           
0001870c  STATE_TABLE                         
080008e4  pxCurrentTCB                        
08000920  ulCriticalNesting                   
08000924  ulTaskHasFPUContext                 
080046b0  __CIOBUF_                           
080047d0  buffer                              
080048cc  __TI_tmpnams                        
08004a0c  TG3_RX                              
08004a58  dummyBytes_16                       
08004a78  state_persistent_data               
08004a8c  parmbuf                             
08004a94  TG0_IS_Complete                     
08004a98  TG1_IS_Complete                     
08004a9c  TG1_RX                              
08004aa0  TG2_IS_Complete                     
08004aa4  TG3_IS_Complete                     
08004aa8  addressWritten                      
08004aac  epochOffset                         
08004ab0  lastRead                            
08004ab4  rtc_spiConfig                       
08004ab8  spiDataConfig                       
08004abc  xFlashMutex                         
08004ac0  xQueue                              
08004ac4  xRTCMutex                           
08004ac8  xRadioRXQueue                       
08004acc  xRadioTXQueue                       
08004ad0  xSerialRXQueue                      
08004ad4  xSerialTXQueue                      
08004ad8  cur_state                           
08004ad9  startData                           
08004ae0  _sys_memory                         
080052e0  schedule                            
08005500  CMD_DBG_STRINGS                     
080055f0  _ftable                             
080056e0  _device                             
08005758  _stream                             
080057c8  xSerialTaskHandle                   
080057cc  xRadioTaskHandle                    
080057d0  xTickleTaskHandle                   
080057d4  xBlinkyTaskHandle                   
080057d8  xADCTaskHandle                      
080057dc  xStateTaskHandle                    
080057e0  xFlashReadHandle                    
080057e4  xFlashWriteHandle                   
080057e8  CMD_NAMES                           
08005800  testCMD                             
08005818  testSCHED                           
0800583c  __TI_ft_end                         
08005840  __aeabi_stdin                       
08005844  __aeabi_stdout                      
08005848  __aeabi_stderr                      
0800585c  __TI_cleanup_ptr                    
08005860  __TI_dtors_ptr                      
08005864  __TI_enable_exit_profile_output     
08005874  _lock                               
08005878  _unlock                             
0800587c  rtc_epoch_time                      
08005880  het_epoch_time                      
08005884  errno                               
08005894  currChar                            
ffffffff  __TI_pprof_out_hndl                 
ffffffff  __TI_prof_data_size                 
ffffffff  __TI_prof_data_start                
ffffffff  __binit__                           
ffffffff  __c_args__                          
ffffffff  binit                               
UNDEFED   SHT$$INIT_ARRAY$$Base               
UNDEFED   SHT$$INIT_ARRAY$$Limit              

[656 symbols]
