******************************************************************************
                  TI ARM Linker Unix v16.9.4                   
******************************************************************************
>> Linked Wed Nov  1 00:22:53 2017

OUTPUT FILE NAME:   <OBC.out>
ENTRY POINT SYMBOL: "_c_int00"  address: 000162d0


MEMORY CONFIGURATION

         name            origin    length      used     unused   attr    fill
----------------------  --------  ---------  --------  --------  ----  --------
  VECTORS               00000000   00000020  00000020  00000000     X
  KERNEL                00000020   00008000  00005d4c  000022b4  R  X
  FLASH0                00008020   00057fe0  00010ad4  0004750c  R  X
  STACKS                08000000   00000800  00000000  00000800  RW  
  KRAM                  08000800   00000800  00000128  000006d8  RW  
  RAM                   08001000   00007000  0000488f  00002771  RW  


SEGMENT ALLOCATION MAP

run origin  load origin   length   init length attrs members
----------  ----------- ---------- ----------- ----- -------
00000000    00000000    00005d70   00005d70    r-x
  00000000    00000000    00000020   00000020    r-x .intvecs
  00000020    00000020    00005c14   00005c14    r-x .kernelTEXT
  00005c38    00005c38    00000138   00000138    r-- .cinit
00008020    00008020    00010ad4   00010ad4    r-x
  00008020    00008020    000104bc   000104bc    r-x .text
  000184dc    000184dc    00000618   00000618    r-- .const
08000800    08000800    00000128   00000000    rw-
  08000800    08000800    00000128   00000000    rw- .kernelBSS
08001000    08001000    00004895   00000000    rw-
  08001000    08001000    00003ada   00000000    rw- .bss
  08004ae0    08004ae0    00000800   00000000    rw- .sysmem
  080052e0    080052e0    000005b5   00000000    rw- .data


SECTION ALLOCATION MAP

 output                                  attributes/
section   page    origin      length       input sections
--------  ----  ----------  ----------   ----------------
.intvecs   0    00000000    00000020     
                  00000000    00000020     sys_intvecs.obj (.intvecs)

.kernelTEXT 
*          0    00000020    00005c14     
                  00000020    0000345c     rtos_task.obj (.kernelTEXT)
                  0000347c    00001464     rtos_queue.obj (.kernelTEXT)
                  000048e0    0000085c     rtos_event_groups.obj (.kernelTEXT)
                  0000513c    000003bc     rtos_port.obj (.kernelTEXT)
                  000054f8    000003b0     rtos_portasm.obj (.kernelTEXT)
                  000058a8    0000038c     rtos_heap.obj (.kernelTEXT)

.cinit     0    00005c38    00000138     
                  00005c38    000000f8     (.cinit..data.load) [load image, compression = lzss]
                  00005d30    0000000d     (.cinit..kernelBSS.load) [load image, compression = lzss]
                  00005d3d    00000003     --HOLE-- [fill = 0]
                  00005d40    0000000c     (__TI_handler_table)
                  00005d4c    00000004     --HOLE-- [fill = 0]
                  00005d50    00000008     (.cinit..bss.load) [load image, compression = zero_init]
                  00005d58    00000018     (__TI_cinit_table)

.text      0    00008020    000104bc     
                  00008020    00002c10     sys_selftest.obj (.text)
                  0000ac30    0000107a     rtsv7R4_T_be_v3D16_eabi.lib : _printfi.obj (.text)
                  0000bcaa    00000002                                 : i_div0.obj (.text)
                  0000bcac    00000bd4     spi.obj (.text)
                  0000c880    00000b14     rtos_mpu_wrappers.obj (.text)
                  0000d394    00000aec     adc.obj (.text)
                  0000de80    00000aa4     system.obj (.text)
                  0000e924    00000a58     sys_vim.obj (.text)
                  0000f37c    00000a28     mibspi.obj (.text)
                  0000fda4    000009c4     sfu_cmds.obj (.text)
                  00010768    00000914     flash_mibspi.obj (.text)
                  0001107c    000008b4     pinmux.obj (.text)
                  00011930    00000818     sfu_tasks.obj (.text)
                  00012148    000007a8     sci.obj (.text)
                  000128f0    000006e8     sfu_rtc.obj (.text)
                  00012fd8    00000640     sfu_scheduler.obj (.text)
                  00013618    000005d8     esm.obj (.text)
                  00013bf0    00000484     gio.obj (.text)
                  00014074    00000478     sfu_task_radio.obj (.text)
                  000144ec    00000450     sfu_state.obj (.text)
                  0001493c    000003d8     rtsv7R4_T_be_v3D16_eabi.lib : memory.obj (.text)
                  00014d14    0000034c     sys_core.obj (.text)
                  00015060    000002cc     sys_vim.obj (.text:retain)
                  0001532c    000002b8     rtsv7R4_T_be_v3D16_eabi.lib : ull_div32.obj (.text)
                  000155e4    0000029c     rtos_heap.obj (.text)
                  00015880    00000274     sfu_task_main.obj (.text)
                  00015af4    00000238     rtos_list.obj (.text)
                  00015d2c    00000204     sci.obj (.text:retain)
                  00015f30    000001d8     sfu_utils.obj (.text)
                  00016108    000001c8     rtsv7R4_T_be_v3D16_eabi.lib : fopen.obj (.text)
                  000162d0    000001c0     sys_startup.obj (.text:retain)
                  00016490    000001c0     sfu_uart.obj (.text)
                  00016650    000001b4     rtos_port.obj (.text)
                  00016804    00000188     sys_main.obj (.text)
                  0001698c    00000158     sfu_startup.obj (.text)
                  00016ae4    00000138     rtsv7R4_T_be_v3D16_eabi.lib : fputs.obj (.text)
                  00016c1c    00000134     sfu_spi.obj (.text)
                  00016d50    00000130     rtsv7R4_T_be_v3D16_eabi.lib : strtol.obj (.text)
                  00016e80    00000114     esm.obj (.text:retain)
                  00016f94    00000104     notification.obj (.text)
                  00017098    00000100     rtos_task.obj (.text)
                  00017198    000000f4     rtsv7R4_T_be_v3D16_eabi.lib : s_scalbn.obj (.text)
                  0001728c    000000e8     dabort.obj (.text)
                  00017374    000000e0     rtsv7R4_T_be_v3D16_eabi.lib : s_floor.obj (.text)
                  00017454    000000e0     sys_pmu.obj (.text)
                  00017534    000000dc     rtsv7R4_T_be_v3D16_eabi.lib : setvbuf.obj (.text)
                  00017610    000000cc                                 : fflush.obj (.text)
                  000176dc    000000bc                                 : open.obj (.text)
                  00017798    000000ae                                 : _io_perm.obj (.text)
                  00017846    0000009c                                 : memcpy_t2.obj (.text)
                  000178e2    00000002                                 : startup.obj (.text)
                  000178e4    00000098                                 : fclose.obj (.text)
                  0001797c    00000094                                 : snprintf.obj (.text)
                  00017a10    0000007a                                 : memset_t2.obj (.text)
                  00017a8a    00000002     --HOLE-- [fill = 0]
                  00017a8c    00000074                                 : getdevice.obj (.text)
                  00017b00    00000074                                 : s_frexp.obj (.text)
                  00017b74    00000070                                 : autoinit.obj (.text)
                  00017be4    0000006c                                 : copy_decompress_lzss.obj (.text:decompress:lzss)
                  00017c50    0000006c                                 : hostrename.obj (.text)
                  00017cbc    0000006c                                 : trgmsg.obj (.text)
                  00017d28    00000068                                 : hostlseek.obj (.text)
                  00017d90    00000064                                 : fseek.obj (.text)
                  00017df4    00000064                                 : sprintf.obj (.text)
                  00017e58    00000060     sfu_triumf.obj (.text)
                  00017eb8    0000005c     rtsv7R4_T_be_v3D16_eabi.lib : hostopen.obj (.text)
                  00017f14    0000005c                                 : hostread.obj (.text)
                  00017f70    00000058                                 : close.obj (.text)
                  00017fc8    00000058                                 : hostwrite.obj (.text)
                  00018020    00000054                                 : i_div32.obj (.text)
                  00018074    00000054                                 : ltoa.obj (.text)
                  000180c8    00000050                                 : atoi.obj (.text)
                  00018118    00000050                                 : exit.obj (.text)
                  00018168    00000050                                 : u_div32.obj (.text)
                  000181b8    0000004c                                 : cpy_tbl.obj (.text)
                  00018204    00000044                                 : hostclose.obj (.text)
                  00018248    00000044                                 : hostunlink.obj (.text)
                  0001828c    00000040                                 : strtok.obj (.text)
                  000182cc    00000036                                 : strncpy.obj (.text)
                  00018302    00000002     --HOLE-- [fill = 0]
                  00018304    0000002c                                 : assert.obj (.text)
                  00018330    0000002c                                 : unlink.obj (.text)
                  0001835c    0000002a                                 : strspn.obj (.text)
                  00018386    00000002     --HOLE-- [fill = 0]
                  00018388    00000028                                 : lseek.obj (.text)
                  000183b0    00000028                                 : write.obj (.text)
                  000183d8    00000022                                 : strcspn.obj (.text)
                  000183fa    00000020                                 : memchr.obj (.text)
                  0001841a    0000001c                                 : memccpy.obj (.text)
                  00018436    00000018                                 : s_copysign.obj (.text)
                  0001844e    00000018                                 : strcmp.obj (.text)
                  00018466    00000016                                 : strchr.obj (.text)
                  0001847c    00000016                                 : strlen.obj (.text)
                  00018492    00000002     --HOLE-- [fill = 0]
                  00018494    00000014                                 : _lock.obj (.text)
                  000184a8    00000014                                 : strcpy.obj (.text)
                  000184bc    0000000e                                 : copy_decompress_none.obj (.text:decompress:none)
                  000184ca    0000000c                                 : copy_zero_init.obj (.text:decompress:ZI)
                  000184d6    00000002     --HOLE-- [fill = 0]
                  000184d8    00000004     sys_phantom.obj (.text:retain)

.const     0    000184dc    00000618     
                  000184dc    00000200     sys_vim.obj (.const:s_vim_init)
                  000186dc    00000101     rtsv7R4_T_be_v3D16_eabi.lib : ctype.obj (.const:.string:_ctypes_)
                  000187dd    00000002     sfu_cmds.obj (.const:.string:$P$T6$3)
                  000187df    00000001     --HOLE-- [fill = 0]
                  000187e0    000000a4     sfu_cmds.obj (.const:.string)
                  00018884    00000094     sfu_startup.obj (.const:.string)
                  00018918    00000034     sfu_state.obj (.const:.string)
                  0001894c    00000030     sfu_rtc.obj (.const:cumulativeSecondsInMonth)
                  0001897c    00000024     sfu_task_main.obj (.const:$P$T6$2)
                  000189a0    00000024     sfu_state.obj (.const:TRANSITION_TABLE)
                  000189c4    00000020     flash_mibspi.obj (.const:$P$T0$1)
                  000189e4    00000020     sfu_tasks.obj (.const:$P$T0$1)
                  00018a04    00000020     flash_mibspi.obj (.const:$P$T2$3)
                  00018a24    00000018     sfu_task_main.obj (.const:$P$T5$1)
                  00018a3c    00000018     sfu_cmds.obj (.const:$P$T5$2)
                  00018a54    00000018     sfu_scheduler.obj (.const:$P$T6$1)
                  00018a6c    00000018     sfu_cmds.obj (.const:$P$T7$4)
                  00018a84    00000018     sfu_cmds.obj (.const:CMD_FUNCS)
                  00018a9c    00000018     adc.obj (.const:s_adcFiFoSize)
                  00018ab4    00000018     adc.obj (.const:s_adcSelect)
                  00018acc    0000000c     flash_mibspi.obj (.const:$P$T1$2)
                  00018ad8    0000000c     sfu_state.obj (.const:STATE_TABLE)
                  00018ae4    00000006     sfu_task_radio.obj (.const:$P$T0$1)
                  00018aea    00000006     sfu_task_radio.obj (.const:$P$T1$2)
                  00018af0    00000004     rtos_heap.obj (.const)

.kernelBSS 
*          0    08000800    00000128     UNINITIALIZED
                  08000800    000000e4     rtos_task.obj (.kernelBSS:uninit)
                  080008e4    0000003c     rtos_task.obj (.kernelBSS:init)
                  08000920    00000008     rtos_port.obj (.kernelBSS)

.bss       0    08001000    00003ada     UNINITIALIZED
                  08001000    000036b0     rtos_heap.obj (.bss:ucHeap)
                  080046b0    00000120     rtsv7R4_T_be_v3D16_eabi.lib : trgmsg.obj (.bss:_CIOBUF_)
                  080047d0    000000fc     (.common:buffer)
                  080048cc    000000a0     (.common:__TI_tmpnams)
                  0800496c    00000078     spi.obj (.bss:g_spiPacket_t)
                  080049e4    00000028     sci.obj (.bss:g_sciTransfer_t)
                  08004a0c    00000028     (.common:TG3_RX)
                  08004a34    00000024     sfu_cmds.obj (.bss:event$1)
                  08004a58    00000020     (.common:dummyBytes_16)
                  08004a78    0000000c     (.common:state_persistent_data)
                  08004a84    00000008     rtos_heap.obj (.bss:xStart)
                  08004a8c    00000008     (.common:parmbuf)
                  08004a94    00000004     (.common:TG0_IS_Complete)
                  08004a98    00000004     (.common:TG1_IS_Complete)
                  08004a9c    00000004     (.common:TG1_RX)
                  08004aa0    00000004     (.common:TG2_IS_Complete)
                  08004aa4    00000004     (.common:TG3_IS_Complete)
                  08004aa8    00000004     (.common:addressWritten)
                  08004aac    00000004     (.common:epochOffset)
                  08004ab0    00000004     (.common:flash_spiConfig)
                  08004ab4    00000004     (.common:lastRead)
                  08004ab8    00000004     (.common:spiDataConfig)
                  08004abc    00000004     (.common:xFlashMutex)
                  08004ac0    00000004     (.common:xQueue)
                  08004ac4    00000004     (.common:xRTCMutex)
                  08004ac8    00000004     (.common:xRadioRXQueue)
                  08004acc    00000004     (.common:xRadioTXQueue)
                  08004ad0    00000004     (.common:xSerialRXQueue)
                  08004ad4    00000004     (.common:xSerialTXQueue)
                  08004ad8    00000001     (.common:cur_state)
                  08004ad9    00000001     (.common:startData)

.sysmem    0    08004ae0    00000800     UNINITIALIZED
                  08004ae0    00000008     rtsv7R4_T_be_v3D16_eabi.lib : memory.obj (.sysmem)
                  08004ae8    000007f8     --HOLE--

.data      0    080052e0    000005b5     UNINITIALIZED
                  080052e0    00000220     sfu_scheduler.obj (.data:schedule)
                  08005500    000000f0     sfu_cmds.obj (.data:CMD_DBG_STRINGS)
                  080055f0    000000f0     rtsv7R4_T_be_v3D16_eabi.lib : defs.obj (.data:_ftable)
                  080056e0    00000078                                 : write.obj (.data:_device)
                  08005758    00000050                                 : write.obj (.data:_stream)
                  080057a8    00000020     sfu_startup.obj (.data:STARTUP_STRING)
                  080057c8    00000020     sfu_task_main.obj (.data)
                  080057e8    00000018     sfu_cmds.obj (.data:CMD_NAMES)
                  08005800    00000018     sfu_cmds.obj (.data:testCMD)
                  08005818    00000014     sfu_cmds.obj (.data:testSCHED)
                  0800582c    00000010     rtos_heap.obj (.data)
                  0800583c    00000010     rtsv7R4_T_be_v3D16_eabi.lib : defs.obj (.data)
                  0800584c    00000010     sfu_state.obj (.data:stateNameString)
                  0800585c    0000000c     rtsv7R4_T_be_v3D16_eabi.lib : exit.obj (.data:$O1$$)
                  08005868    0000000c                                 : memory.obj (.data:$O1$$)
                  08005874    00000008                                 : _lock.obj (.data:$O1$$)
                  0800587c    00000008     sfu_rtc.obj (.data)
                  08005884    00000004     rtsv7R4_T_be_v3D16_eabi.lib : errno.obj (.data)
                  08005888    00000004                                 : fopen.obj (.data)
                  0800588c    00000004                                 : open.obj (.data)
                  08005890    00000004                                 : strtok.obj (.data)
                  08005894    00000001     sfu_uart.obj (.data)

MODULE SUMMARY

       Module                     code    ro data   rw data
       ------                     ----    -------   -------
    ./SFUsat/
       sfu_cmds.obj               2500    238       596    
       flash_mibspi.obj           2324    76        104    
       sfu_scheduler.obj          1600    24        544    
       sfu_tasks.obj              2072    32        12     
       sfu_rtc.obj                1768    48        20     
       sfu_state.obj              1104    100       29     
       sfu_task_radio.obj         1144    12        8      
       sfu_task_main.obj          628     60        32     
       sfu_startup.obj            344     148       33     
       sfu_utils.obj              472     0         0      
       sfu_uart.obj               448     0         1      
       sfu_spi.obj                308     0         4      
       sfu_triumf.obj             96      0         0      
    +--+--------------------------+-------+---------+---------+
       Total:                     14808   738       1383   
                                                           
    ./source/
       rtos_heap.obj              1576    4         14024  
       rtos_task.obj              13660   0         288    
       sys_selftest.obj           11280   0         0      
       rtos_queue.obj             5220    0         0      
       sys_vim.obj                3364    512       0      
       spi.obj                    3028    0         120    
       adc.obj                    2796    48        0      
       rtos_mpu_wrappers.obj      2836    0         0      
       system.obj                 2724    0         0      
       mibspi.obj                 2600    0         0      
       sci.obj                    2476    0         40     
       pinmux.obj                 2228    0         0      
       rtos_event_groups.obj      2140    0         0      
       esm.obj                    1772    0         0      
       rtos_port.obj              1392    0         8      
       gio.obj                    1156    0         0      
       rtos_portasm.obj           944     0         0      
       sys_core.obj               844     0         0      
       rtos_list.obj              568     0         0      
       sys_startup.obj            448     0         0      
       sys_main.obj               392     0         0      
       notification.obj           260     0         0      
       dabort.obj                 232     0         0      
       sys_pmu.obj                224     0         0      
       sys_intvecs.obj            32      0         0      
       sys_phantom.obj            4       0         0      
    +--+--------------------------+-------+---------+---------+
       Total:                     64196   564       14480  
                                                           
    /Applications/ti/ccsv7/tools/compiler/ti-cgt-arm_16.9.4.LTS/lib/rtsv7R4_T_be_v3D16_eabi.lib
       _printfi.obj               4218    0         0      
       memory.obj                 984     0         12     
       ull_div32.obj              696     0         0      
       fopen.obj                  456     0         4      
       defs.obj                   0       0         416    
       trgmsg.obj                 108     0         288    
       fputs.obj                  312     0         0      
       strtol.obj                 304     0         0      
       ctype.obj                  0       257       0      
       s_scalbn.obj               244     0         0      
       write.obj                  40      0         200    
       s_floor.obj                224     0         0      
       setvbuf.obj                220     0         0      
       fflush.obj                 204     0         0      
       open.obj                   188     0         4      
       _io_perm.obj               174     0         0      
       memcpy_t2.obj              156     0         0      
       fclose.obj                 152     0         0      
       snprintf.obj               148     0         0      
       memset_t2.obj              122     0         0      
       getdevice.obj              116     0         0      
       s_frexp.obj                116     0         0      
       autoinit.obj               112     0         0      
       copy_decompress_lzss.obj   108     0         0      
       hostrename.obj             108     0         0      
       hostlseek.obj              104     0         0      
       fseek.obj                  100     0         0      
       hostopen.obj               92      0         8      
       sprintf.obj                100     0         0      
       exit.obj                   80      0         12     
       hostread.obj               92      0         0      
       close.obj                  88      0         0      
       hostwrite.obj              88      0         0      
       i_div32.obj                84      0         0      
       ltoa.obj                   84      0         0      
       atoi.obj                   80      0         0      
       u_div32.obj                80      0         0      
       cpy_tbl.obj                76      0         0      
       hostclose.obj              68      0         0      
       hostunlink.obj             68      0         0      
       strtok.obj                 64      0         4      
       strncpy.obj                54      0         0      
       assert.obj                 44      0         0      
       unlink.obj                 44      0         0      
       strspn.obj                 42      0         0      
       lseek.obj                  40      0         0      
       strcspn.obj                34      0         0      
       memchr.obj                 32      0         0      
       _lock.obj                  20      0         8      
       memccpy.obj                28      0         0      
       s_copysign.obj             24      0         0      
       strcmp.obj                 24      0         0      
       strchr.obj                 22      0         0      
       strlen.obj                 22      0         0      
       strcpy.obj                 20      0         0      
       copy_decompress_none.obj   14      0         0      
       copy_zero_init.obj         12      0         0      
       errno.obj                  0       0         4      
       i_div0.obj                 2       0         0      
       startup.obj                2       0         0      
    +--+--------------------------+-------+---------+---------+
       Total:                     11338   257       960    
                                                           
       Heap:                      0       0         2048   
       Linker Generated:          0       305       0      
    +--+--------------------------+-------+---------+---------+
       Grand Total:               90342   1864      18871  


LINKER GENERATED COPY TABLES

__TI_cinit_table @ 00005d58 records: 3, size/record: 8, table size: 24
	.data: load addr=00005c38, load size=000000f8 bytes, run addr=080052e0, run size=000005b5 bytes, compression=lzss
	.kernelBSS: load addr=00005d30, load size=0000000d bytes, run addr=08000800, run size=00000128 bytes, compression=lzss
	.bss: load addr=00005d50, load size=00000008 bytes, run addr=08001000, run size=00003ada bytes, compression=zero_init


LINKER GENERATED HANDLER TABLE

__TI_handler_table @ 00005d40 records: 3, size/record: 4, table size: 12
	index: 0, handler: __TI_decompress_lzss
	index: 1, handler: __TI_decompress_none
	index: 2, handler: __TI_zero_init


GLOBAL SYMBOLS: SORTED ALPHABETICALLY BY Name 

address   name                                
-------   ----                                
00018119  C$$EXIT                             
00017cef  C$$IO$$                             
08005500  CMD_DBG_STRINGS                     
00018a84  CMD_FUNCS                           
080057e8  CMD_NAMES                           
00018205  HOSTclose                           
00017d29  HOSTlseek                           
00017eb9  HOSTopen                            
00017f15  HOSTread                            
00017c51  HOSTrename                          
00018249  HOSTunlink                          
00017fc9  HOSTwrite                           
0000cb9c  MPU_pcTaskGetName                   
0000d154  MPU_pvPortMalloc                    
0000ce20  MPU_ulTaskNotifyTake                
0000cf7c  MPU_uxQueueMessagesWaiting          
0000cfb0  MPU_uxQueueSpacesAvailable          
0000cb70  MPU_uxTaskGetNumberOfTasks          
0000cca8  MPU_uxTaskGetStackHighWaterMark     
0000cc5c  MPU_uxTaskGetSystemState            
0000c9e8  MPU_uxTaskPriorityGet               
0000d368  MPU_vEventGroupDelete               
0000d188  MPU_vPortFree                       
0000d1b4  MPU_vPortInitialiseBlocks           
0000d128  MPU_vQueueDelete                    
0000c928  MPU_vTaskAllocateMPURegions         
0000c9bc  MPU_vTaskDelay                      
0000c988  MPU_vTaskDelayUntil                 
0000c95c  MPU_vTaskDelete                     
0000ca50  MPU_vTaskGetInfo                    
0000cc30  MPU_vTaskGetRunTimeStats            
0000cc04  MPU_vTaskList                       
0000ca1c  MPU_vTaskPrioritySet                
0000cac8  MPU_vTaskResume                     
0000cd08  MPU_vTaskSetTimeOutState            
0000ca9c  MPU_vTaskSuspend                    
0000caf4  MPU_vTaskSuspendAll                 
0000d28c  MPU_xEventGroupClearBits            
0000d204  MPU_xEventGroupCreate               
0000d2d0  MPU_xEventGroupSetBits              
0000d314  MPU_xEventGroupSync                 
0000d230  MPU_xEventGroupWaitBits             
0000d1d8  MPU_xPortGetFreeHeapSize            
0000d07c  MPU_xQueueCreateMutex               
0000ce98  MPU_xQueueGenericCreate             
0000cfe4  MPU_xQueueGenericReceive            
0000cee4  MPU_xQueueGenericReset              
0000cf28  MPU_xQueueGenericSend               
0000d0f4  MPU_xQueueGiveMutexRecursive        
0000d038  MPU_xQueuePeekFromISR               
0000d0b0  MPU_xQueueTakeMutexRecursive        
0000cd34  MPU_xTaskCheckForTimeOut            
0000c8c4  MPU_xTaskCreate                     
0000c880  MPU_xTaskCreateRestricted           
0000cd78  MPU_xTaskGenericNotify              
0000cbd0  MPU_xTaskGetHandle                  
0000ccdc  MPU_xTaskGetSchedulerState          
0000cb44  MPU_xTaskGetTickCount               
0000ce64  MPU_xTaskNotifyStateClear           
0000cdcc  MPU_xTaskNotifyWait                 
0000cb18  MPU_xTaskResumeAll                  
UNDEFED   SHT$$INIT_ARRAY$$Base               
UNDEFED   SHT$$INIT_ARRAY$$Limit              
00018ad8  STATE_TABLE                         
0000c53c  SpiRxStatus                         
0000c4b0  SpiTxStatus                         
08004a94  TG0_IS_Complete                     
08004a98  TG1_IS_Complete                     
08004a9c  TG1_RX                              
08004aa0  TG2_IS_Complete                     
08004aa4  TG3_IS_Complete                     
08004a0c  TG3_RX                              
000189a0  TRANSITION_TABLE                    
080046b0  __CIOBUF_                           
00000800  __SYSMEM_SIZE                       
00005d58  __TI_CINIT_Base                     
00005d70  __TI_CINIT_Limit                    
00005d40  __TI_Handler_Table_Base             
00005d4c  __TI_Handler_Table_Limit            
00015058  __TI_PINIT_Base                     
0001505c  __TI_PINIT_Limit                    
00017b75  __TI_auto_init                      
000161d3  __TI_cleanup                        
0800585c  __TI_cleanup_ptr                    
000178e5  __TI_closefile                      
00017be5  __TI_decompress_lzss                
000184bd  __TI_decompress_none                
00017611  __TI_doflush                        
08005860  __TI_dtors_ptr                      
08005864  __TI_enable_exit_profile_output     
0800583c  __TI_ft_end                         
ffffffff  __TI_pprof_out_hndl                 
0000b3f5  __TI_printfi                        
ffffffff  __TI_prof_data_size                 
ffffffff  __TI_prof_data_start                
000177fd  __TI_rd_ok                          
00017cf3  __TI_readmsg                        
00000000  __TI_static_base__                  
080048cc  __TI_tmpnams                        
00017cbd  __TI_writemsg                       
00017799  __TI_wrt_ok                         
000184cb  __TI_zero_init                      
00018020  __aeabi_idiv                        
0000bcab  __aeabi_idiv0                       
00018020  __aeabi_idivmod                     
00017a11  __aeabi_memclr                      
00017a11  __aeabi_memclr4                     
00017a11  __aeabi_memclr8                     
00017847  __aeabi_memcpy                      
00017847  __aeabi_memcpy4                     
00017847  __aeabi_memcpy8                     
00017a13  __aeabi_memset                      
00017a13  __aeabi_memset4                     
00017a13  __aeabi_memset8                     
08005848  __aeabi_stderr                      
08005840  __aeabi_stdin                       
08005844  __aeabi_stdout                      
00018168  __aeabi_uidiv                       
00018168  __aeabi_uidivmod                    
0001532c  __aeabi_uldivmod                    
ffffffff  __binit__                           
ffffffff  __c_args__                          
0001040c  __unused                            
00018307  _abort_msg                          
0001831d  _assert                             
000162d0  _c_int00                            
00014f70  _coreClearAuxiliaryDataFault_       
00014f84  _coreClearAuxiliaryInstructionFault_
00014f48  _coreClearDataFaultAddress_         
00014f20  _coreClearDataFault_                
00014f5c  _coreClearInstructionFaultAddress_  
00014f34  _coreClearInstructionFault_         
00014eb4  _coreDisableEventBusExport_         
00014ef8  _coreDisableFlashEcc_               
00014ed4  _coreDisableRamEcc_                 
00014ea4  _coreEnableEventBusExport_          
00014ee4  _coreEnableFlashEcc_                
00014f08  _coreEnableIrqVicOffset_            
00014ec4  _coreEnableRamEcc_                  
00014e8c  _coreEnableVfp_                     
00014f68  _coreGetAuxiliaryDataFault_         
00014f7c  _coreGetAuxiliaryInstructionFault_  
00014f40  _coreGetDataFaultAddress_           
00014f18  _coreGetDataFault_                  
00014f54  _coreGetInstructionFaultAddress_    
00014f2c  _coreGetInstructionFault_           
00014d14  _coreInitRegisters_                 
00014e20  _coreInitStackPointer_              
000186dc  _ctypes_                            
0001728c  _dabort                             
080056e0  _device                             
00014f98  _disable_FIQ_interrupt_             
00014fa0  _disable_IRQ_interrupt_             
00014f90  _disable_interrupt_                 
00014fa8  _enable_interrupt_                  
00015038  _errata_CORTEXR4_57_                
00015048  _errata_CORTEXR4_66_                
00014fb0  _esmCcmErrorsClear_                 
080055f0  _ftable                             
00014e6c  _getCPSRValue_                      
00014e74  _gotoCPUIdle_                       
08005874  _lock                               
00018305  _nassert                            
000184a3  _nop                                
000174b0  _pmuDisableCountersGlobal_          
000174a0  _pmuEnableCountersGlobal_           
0001750c  _pmuGetCycleCount_                  
00017514  _pmuGetEventCount_                  
00017520  _pmuGetOverflow_                    
00017454  _pmuInit_                           
000174e0  _pmuResetCounters_                  
000174c0  _pmuResetCycleCounter_              
000174d0  _pmuResetEventCounters_             
00017500  _pmuSetCountEvent_                  
000174f0  _pmuStartCounters_                  
000174f8  _pmuStopCounters_                   
0001849b  _register_lock                      
00018495  _register_unlock                    
08005758  _stream                             
08004ae0  _sys_memory                         
000178e3  _system_post_cinit                  
08005878  _unlock                             
0001811d  abort                               
0000dc10  adc1GetConfigValue                  
0000926c  adc1ParityCheck                     
00009358  adc2ParityCheck                     
0000d7ec  adcCalibration                      
0000dbb0  adcDisableNotification              
0000db60  adcEnableNotification               
0000d5c4  adcGetData                          
0000dbf8  adcGetEVTPin                        
0000d394  adcInit                             
0000d7bc  adcIsConversionComplete             
0000d78c  adcIsFifoFull                       
0000d9c4  adcMidPointCalibration              
00016ffc  adcNotification                     
0000d59c  adcResetFiFo                        
0000dbd8  adcSetEVTPin                        
0000d4f0  adcStartConversion                  
0000d574  adcStopConversion                   
00013198  addEvent                            
00012fd8  addEventFromScheduledCommand        
08004aa8  addressWritten                      
000180c9  atoi                                
ffffffff  binit                               
080047d0  buffer                              
00015f30  busyWait                            
00014ce3  calloc                              
00009410  can1ParityCheck                     
000094e8  can2ParityCheck                     
000095b0  can3ParityCheck                     
00008030  ccmSelfCheck                        
0000a638  ccmr4GetConfigValue                 
00010428  checkAndRunCommand                  
00010478  checkAndRunCommandStr               
00008938  checkB0RAMECC                       
00008b28  checkB1RAMECC                       
00009c18  checkClockMonitor                   
00008d18  checkFlashECC                       
00009cf4  checkFlashEEPROMECC                 
00009e8c  checkPLL1Slip                       
00009f94  checkRAMAddrParity                  
000099d0  checkRAMECC                         
0000a09c  checkRAMUERRTest                    
000087bc  checkefcSelfTest                    
00017f71  close                               
0000ff08  cmdExec                             
0000fdd8  cmdGet                              
0000fda4  cmdHelp                             
0001016c  cmdSched                            
00010300  cmdState                            
0000ff38  cmdTask                             
00016910  configureTimerForRunTimeStats       
00010bb0  construct_packet_16                 
0001088c  construct_packet_6                  
00012b04  convertBCD                          
000181b9  copy_in                             
00018437  copysign                            
00018437  copysignl                           
00008234  cpuSelfTest                         
00008dfc  cpuSelfTestFail                     
0001894c  cumulativeSecondsInMonth            
08004ad8  cur_state                           
08005894  currChar                            
00008df4  custom_dabort                       
0000aaa8  disableParity                       
00017084  dmaGroupANotification               
00008eac  dmaParityCheck                      
00014580  doStateLowPower                     
00014540  doStateReady                        
000144ec  doStateSafe                         
00014610  do_LOWPOWER_to_READY                
00014600  do_LOWPOWER_to_SAFE                 
000145f0  do_READY_to_LOWPOWER                
000145e0  do_READY_to_SAFE                    
000145d0  do_SAFE_to_LOWPOWER                 
000145c0  do_SAFE_to_READY                    
08004a58  dummyBytes_16                       
00000878  eTaskGetState                       
00008660  efcCheck                            
0000a5a0  efcGetConfigValue                   
00008794  efcSelfTest                         
000086e8  efcStuckZeroTest                    
0000aa20  enableParity                        
08004aac  epochOffset                         
0000a6b4  errata_PBIST_4                      
08005884  errno                               
000137a4  esmActivateNormalOperation          
00013888  esmClearStatus                      
000138cc  esmClearStatusBuffer                
00013768  esmDisableError                     
000137e0  esmDisableInterrupt                 
0001373c  esmEnableError                      
000137b4  esmEnableInterrupt                  
000139c4  esmEnterSelfTest                    
00013720  esmError                            
00013a9c  esmGetConfigValue                   
00013908  esmGetStatus                        
0001398c  esmGetStatusBuffer                  
00016f94  esmGroup1Notification               
00016fa4  esmGroup2Notification               
00016e80  esmHighInterrupt                    
00013618  esmInit                             
00013a4c  esmSelfTestStatus                   
000138e8  esmSetCounterPreloadValue           
0001380c  esmSetInterruptLevel                
00013794  esmTriggerErrorPinReset             
00018125  exit                                
0001794b  fclose                              
0001765d  fflush                              
00017a8d  finddevice                          
000107e8  flash_busy_erasing_chip             
000107cc  flash_erase_chip                    
00010dcc  flash_mibspi_init                   
0001095c  flash_read_16                       
000109e0  flash_read_16_rtos                  
0001084c  flash_set_burst_64                  
08004ab0  flash_spiConfig                     
00010b88  flash_status                        
00010c8c  flash_test_JEDEC                    
00010a94  flash_write_16_rtos                 
0001087c  flash_write_enable                  
00017375  floor                               
00017375  floorl                              
0000a208  fmcBus1ParityCheck                  
0000885c  fmcBus2Check                        
00008898  fmcECCcheck                         
00016229  fopen                               
00016ae5  fputs                               
00014a25  free                                
000161ff  freopen                             
00017b01  frexp                               
00017b01  frexpl                              
00017d91  fseek                               
00013370  getAction                           
00012c38  getCurrentRTCTime                   
000128f0  getCurrentTime                      
00010d04  getEmptySector                      
00012ad4  getEpochOffset                      
00016900  getRunTimeCounterValue              
00017abb  getdevice                           
00013e50  gioDisableNotification              
00013de8  gioEnableNotification               
00013d50  gioGetBit                           
00013eb8  gioGetConfigValue                   
00013d78  gioGetPort                          
00013bf0  gioInit                             
00017010  gioNotification                     
00013ce0  gioSetBit                           
00013cc0  gioSetDirection                     
00013d30  gioSetPort                          
00013d90  gioToggleBit                        
00008f58  het1ParityCheck                     
000090c0  het2ParityCheck                     
08005880  het_epoch_time                      
00009004  htu1ParityCheck                     
000091bc  htu2ParityCheck                     
00011930  hundredBlinky                       
00014374  initRadio                           
00015f74  itoa2                               
08004ab4  lastRead                            
00017199  ldexp                               
00017199  ldexpl                              
00018389  lseek                               
00018075  ltoa                                
00016828  main                                
000149bb  malloc                              
0000dfac  mapClocks                           
00014bf1  memalign                            
0001841b  memccpy                             
000183fb  memchr                              
00017847  memcpy                              
00008174  memoryInit                          
00016fb4  memoryPort0TestFailNotification     
00016fd0  memoryPort1TestFailNotification     
00017a19  memset                              
0000fa3c  mibspi1GetConfigValue               
00009684  mibspi1ParityCheck                  
0000978c  mibspi3ParityCheck                  
000098b0  mibspi5ParityCheck                  
0000fa08  mibspiDisableGroupNotification      
0000f914  mibspiDisableLoopback               
0000f980  mibspiEnableGroupNotification       
0000f8e0  mibspiEnableLoopback                
0000f6f8  mibspiGetData                       
00010fc0  mibspiGroupNotification             
0000f37c  mibspiInit                          
0000f874  mibspiIsTransferComplete            
00017024  mibspiNotification                  
0000f930  mibspiPmodeSet                      
0000f5ec  mibspiSetData                       
0000f5cc  mibspiSetFunctional                 
0000f844  mibspiTransfer                      
00010ee8  mibspi_receive                      
00010e54  mibspi_send                         
00010768  mibspi_write_byte                   
000107a0  mibspi_write_two                    
0001493d  minit                               
0001107c  muxInit                             
000176dd  open                                
08004a8c  parmbuf                             
0000a32c  pbistFail                           
0000a3ac  pbistGetConfigValue                 
000085a8  pbistIsTestCompleted                
000085d4  pbistIsTestPassed                   
00008608  pbistPortTestStatus                 
000084ac  pbistRun                            
000082cc  pbistSelfCheck                      
00008578  pbistStop                           
000012c4  pcTaskGetName                       
00011e68  periodicSenderTask                  
0000df58  periphInit                          
000184d8  phantomInterrupt                    
00011518  pinmuxGetConfigValue                
00014790  printPrevState                      
0001699c  printStartupType                    
00014720  printStateInfo                      
00005880  prvMpuDisable                       
00005868  prvMpuEnable                        
00005850  prvMpuSetRegion                     
00016bf5  puts                                
000058a8  pvPortMalloc                        
00002bbc  pvTaskIncrementMutexHeldCount       
080008e4  pxCurrentTCB                        
0000513c  pxPortInitialiseStack               
000143dc  radioCmd                            
00014370  readAllRegisters                    
00014150  readExtendedRegister                
000140c8  readRegister                        
00014ae7  realloc                             
00018331  remove                              
000132e0  removeEventIdx                      
00000000  resetEntry                          
00012e64  rtcGetBit                           
0001291c  rtcInit                             
00012dc4  rtcReadRegister                     
000129d4  rtcReset                            
000129e8  rtcResetTime                        
00012ea0  rtcSetBit                           
00012e08  rtcTransmitAndReceive               
00012d70  rtcWriteRegister                    
0800587c  rtc_epoch_time                      
00012bf4  rtc_get_day                         
00012bb0  rtc_get_hours                       
00012b9c  rtc_get_minutes                     
00012bc4  rtc_get_month                       
00012b88  rtc_get_seconds                     
00012a44  rtc_get_startup_status              
00012c24  rtc_get_year                        
00016fec  rtiNotification                     
00014620  runState                            
00010ae4  rw16_test                           
00017199  scalbn                              
00017199  scalbnl                             
080052e0  schedule                            
00012610  sciDisableLoopback                  
0001269c  sciDisableNotification              
000125dc  sciEnableLoopback                   
00012634  sciEnableNotification               
00012704  sciEnterResetState                  
00012724  sciExitResetState                   
00012744  sciGetConfigValue                   
00015d2c  sciHighLevelInterrupt               
00012148  sciInit                             
0001248c  sciIsIdleDetected                   
00012470  sciIsRxReady                        
000122f0  sciIsTxReady                        
000165dc  sciNotification                     
00012504  sciReceive                          
000124d8  sciReceiveByte                      
000124a8  sciRxError                          
0001233c  sciSend                             
0001230c  sciSendByte                         
00012254  sciSetBaudrate                      
00012234  sciSetFunctional                    
00008020  selftestFailNotification            
00016490  serialInit                          
00016564  serialSend                          
00016538  serialSendCh                        
000164ac  serialSendQ                         
000164e4  serialSendQFromISR                  
00016598  serialSendln                        
00012ae0  setEpochOffset                      
000147e4  setStateManual                      
00014700  setStateRTOS_mode                   
0000df18  setupFlash                          
0000de80  setupPLL                            
00017535  setvbuf                             
000134ac  shift                               
000133f4  showActiveEvents                    
000160a0  simpleWatchdog                      
0001797d  snprintf                            
0000c674  spi4GetConfigValue                  
08004ab8  spiDataConfig                       
0000c5fc  spiDisableLoopback                  
0000c648  spiDisableNotification              
0000c5c8  spiEnableLoopback                   
0000c618  spiEnableNotification               
00017074  spiEndNotification                  
0000bf18  spiGetData                          
0000bcac  spiInit                             
00017060  spiNotification                     
0000bdfc  spiReceiveData                      
0000c370  spiSendAndGetData                   
0000c13c  spiSendData                         
0000bddc  spiSetFunctional                    
0000c234  spiTransmitAndReceiveData           
0000c010  spiTransmitData                     
00016c1c  spi_init                            
00016c60  spi_transmit                        
00016c84  spi_transmit_text                   
00017df5  sprintf                             
0000e730  sramGetConfigValue                  
08004ad9  startData                           
000169b8  startupCheck                        
0001698c  startupInit                         
00014874  stateCheckEnterSafe                 
0001483c  stateCheckPowerGood                 
000146b4  stateMachineInit                    
08004a78  state_persistent_data               
0000a4f8  stcGetConfigValue                   
000081b8  stcSelfCheck                        
00008df8  stcSelfCheckFail                    
00018467  strchr                              
0001844f  strcmp                              
000184a9  strcpy                              
000183d9  strcspn                             
0001847d  strlen                              
000182cd  strncpy                             
000141dc  strobe                              
0001835d  strspn                              
0001828d  strtok                              
00016d51  strtol                              
0000e1a8  systemGetConfigValue                
0000e0ac  systemInit                          
0000e178  systemPowerDown                     
0000e584  tcmflashGetConfigValue              
00012908  tempAddSecondToHET                  
08005800  testCMD                             
08005818  testSCHED                           
0000ded0  trimLPO                             
00017e58  triumf_init                         
000044b4  ucQueueGetQueueType                 
08000920  ulCriticalNesting                   
0000578c  ulPortCountLeadingZeros             
08000924  ulTaskHasFPUContext                 
00002bf0  ulTaskNotifyTake                    
00018331  unlink                              
000050fc  uxEventGroupGetNumber               
00015ca0  uxListRemove                        
0000447c  uxQueueGetQueueNumber               
00004398  uxQueueMessagesWaiting              
0000441c  uxQueueMessagesWaitingFromISR       
000043d0  uxQueueSpacesAvailable              
000012b8  uxTaskGetNumberOfTasks              
000023d0  uxTaskGetStackHighWaterMark         
000015a8  uxTaskGetSystemState                
00001f1c  uxTaskGetTaskNumber                 
0000097c  uxTaskPriorityGet                   
000009c0  uxTaskPriorityGetFromISR            
00002b80  uxTaskResetEventItemValue           
00016804  vApplicationStackOverflowHook       
00011b60  vDemoADCTask                        
00005074  vEventGroupClearBitsCallback        
00004fd4  vEventGroupDelete                   
00005058  vEventGroupSetBitsCallback          
00011960  vFlashRead                          
00011a34  vFlashRead2                         
00011ad4  vFlashWrite                         
00015af4  vListInitialise                     
00015b4c  vListInitialiseItem                 
00015bdc  vListInsert                         
00015b68  vListInsertEnd                      
00015880  vMainTask                           
00011fe4  vMonitorTask                        
000054c4  vPortEndScheduler                   
00005b18  vPortFree                           
00005c18  vPortInitialiseBlocks               
000056cc  vPortPreemptiveTick                 
00005794  vPortSWI                            
000054fc  vPortStartFirstTask                 
0000522c  vPortStoreTaskMPUSettings           
00005618  vPortYeildWithinAPI                 
0000556c  vPortYieldProcessor                 
0000444c  vQueueDelete                        
00004494  vQueueSetQueueNumber                
00014074  vRadioTask                          
00011f3c  vReceiverTask                       
00011ef8  vSenderTask                         
00011e5c  vSerialSenderTask                   
00011c10  vSerialTask                         
00011be4  vStateTask                          
00001f90  vTaskAllocateMPURegions             
000007f4  vTaskDelay                          
00000688  vTaskDelayUntil                     
00000520  vTaskDelete                         
00001094  vTaskEndScheduler                   
00002120  vTaskGetInfo                        
00002a08  vTaskGetRunTimeStats                
00002850  vTaskList                           
00001f0c  vTaskMissedYield                    
000031e4  vTaskNotifyGiveFromISR              
00001b08  vTaskPlaceOnEventList               
00001b4c  vTaskPlaceOnUnorderedEventList      
00002504  vTaskPriorityInherit                
00000a08  vTaskPrioritySet                    
00000e2c  vTaskResume                         
00001f5c  vTaskSetTaskNumber                  
00001dc4  vTaskSetTimeOutState                
00000ff8  vTaskStartScheduler                 
00000c24  vTaskSuspend                        
000010b0  vTaskSuspendAll                     
0000194c  vTaskSwitchContext                  
00011fa8  vTickleTask                         
0000e9f8  vimChannelMap                       
0000ec64  vimDisableInterrupt                 
0000ea9c  vimEnableInterrupt                  
0000ed10  vimGetConfigValue                   
0000e924  vimInit                             
00008e00  vimParityCheck                      
00015060  vimParityErrorHandler               
000160d0  watchdog_busywait                   
000183b1  write                               
000142d0  writeExtendedRegister               
00014248  writeRegister                       
080057d8  xADCTaskHandle                      
080057d4  xBlinkyTaskHandle                   
00004d70  xEventGroupClearBits                
000048e0  xEventGroupCreate                   
00004df4  xEventGroupGetBitsFromISR           
00004e24  xEventGroupSetBits                  
0000491c  xEventGroupSync                     
00004b1c  xEventGroupWaitBits                 
08004abc  xFlashMutex                         
080057e0  xFlashReadHandle                    
080057e4  xFlashWriteHandle                   
000155e4  xPortGetFreeHeapSize                
000155f0  xPortGetMinimumEverFreeHeapSize     
000054a0  xPortStartScheduler                 
08004ac0  xQueue                              
00003720  xQueueCreateMutex                   
000035a4  xQueueGenericCreate                 
00003e44  xQueueGenericReceive                
0000347c  xQueueGenericReset                  
00003888  xQueueGenericSend                   
00003b48  xQueueGenericSendFromISR            
00003cd8  xQueueGiveFromISR                   
00003764  xQueueGiveMutexRecursive            
00004804  xQueueIsQueueEmptyFromISR           
00004890  xQueueIsQueueFullFromISR            
000042a4  xQueuePeekFromISR                   
0000415c  xQueueReceiveFromISR                
000037ec  xQueueTakeMutexRecursive            
08004ac4  xRTCMutex                           
08004ac8  xRadioRXQueue                       
08004acc  xRadioTXQueue                       
080057cc  xRadioTaskHandle                    
08004ad0  xSerialRXQueue                      
08004ad4  xSerialTXQueue                      
080057c8  xSerialTaskHandle                   
080057dc  xStateTaskHandle                    
00001e04  xTaskCheckForTimeOut                
000000fc  xTaskCreate                         
00000020  xTaskCreateRestricted               
00002e08  xTaskGenericNotify                  
00002fe4  xTaskGenericNotifyFromISR           
00002498  xTaskGetCurrentTaskHandle           
00001494  xTaskGetHandle                      
000024b4  xTaskGetSchedulerState              
00001278  xTaskGetTickCount                   
00001294  xTaskGetTickCountFromISR            
00001724  xTaskIncrementTick                  
00017120  xTaskNotifyStateClear               
00002cd8  xTaskNotifyWait                     
00002664  xTaskPriorityDisinherit             
00001bd0  xTaskRemoveFromEventList            
00001cbc  xTaskRemoveFromUnorderedEventList   
000010c4  xTaskResumeAll                      
00000f10  xTaskResumeFromISR                  
080057d0  xTickleTaskHandle                   


GLOBAL SYMBOLS: SORTED BY Symbol Address 

address   name                                
-------   ----                                
00000000  __TI_static_base__                  
00000000  resetEntry                          
00000020  xTaskCreateRestricted               
000000fc  xTaskCreate                         
00000520  vTaskDelete                         
00000688  vTaskDelayUntil                     
000007f4  vTaskDelay                          
00000800  __SYSMEM_SIZE                       
00000878  eTaskGetState                       
0000097c  uxTaskPriorityGet                   
000009c0  uxTaskPriorityGetFromISR            
00000a08  vTaskPrioritySet                    
00000c24  vTaskSuspend                        
00000e2c  vTaskResume                         
00000f10  xTaskResumeFromISR                  
00000ff8  vTaskStartScheduler                 
00001094  vTaskEndScheduler                   
000010b0  vTaskSuspendAll                     
000010c4  xTaskResumeAll                      
00001278  xTaskGetTickCount                   
00001294  xTaskGetTickCountFromISR            
000012b8  uxTaskGetNumberOfTasks              
000012c4  pcTaskGetName                       
00001494  xTaskGetHandle                      
000015a8  uxTaskGetSystemState                
00001724  xTaskIncrementTick                  
0000194c  vTaskSwitchContext                  
00001b08  vTaskPlaceOnEventList               
00001b4c  vTaskPlaceOnUnorderedEventList      
00001bd0  xTaskRemoveFromEventList            
00001cbc  xTaskRemoveFromUnorderedEventList   
00001dc4  vTaskSetTimeOutState                
00001e04  xTaskCheckForTimeOut                
00001f0c  vTaskMissedYield                    
00001f1c  uxTaskGetTaskNumber                 
00001f5c  vTaskSetTaskNumber                  
00001f90  vTaskAllocateMPURegions             
00002120  vTaskGetInfo                        
000023d0  uxTaskGetStackHighWaterMark         
00002498  xTaskGetCurrentTaskHandle           
000024b4  xTaskGetSchedulerState              
00002504  vTaskPriorityInherit                
00002664  xTaskPriorityDisinherit             
00002850  vTaskList                           
00002a08  vTaskGetRunTimeStats                
00002b80  uxTaskResetEventItemValue           
00002bbc  pvTaskIncrementMutexHeldCount       
00002bf0  ulTaskNotifyTake                    
00002cd8  xTaskNotifyWait                     
00002e08  xTaskGenericNotify                  
00002fe4  xTaskGenericNotifyFromISR           
000031e4  vTaskNotifyGiveFromISR              
0000347c  xQueueGenericReset                  
000035a4  xQueueGenericCreate                 
00003720  xQueueCreateMutex                   
00003764  xQueueGiveMutexRecursive            
000037ec  xQueueTakeMutexRecursive            
00003888  xQueueGenericSend                   
00003b48  xQueueGenericSendFromISR            
00003cd8  xQueueGiveFromISR                   
00003e44  xQueueGenericReceive                
0000415c  xQueueReceiveFromISR                
000042a4  xQueuePeekFromISR                   
00004398  uxQueueMessagesWaiting              
000043d0  uxQueueSpacesAvailable              
0000441c  uxQueueMessagesWaitingFromISR       
0000444c  vQueueDelete                        
0000447c  uxQueueGetQueueNumber               
00004494  vQueueSetQueueNumber                
000044b4  ucQueueGetQueueType                 
00004804  xQueueIsQueueEmptyFromISR           
00004890  xQueueIsQueueFullFromISR            
000048e0  xEventGroupCreate                   
0000491c  xEventGroupSync                     
00004b1c  xEventGroupWaitBits                 
00004d70  xEventGroupClearBits                
00004df4  xEventGroupGetBitsFromISR           
00004e24  xEventGroupSetBits                  
00004fd4  vEventGroupDelete                   
00005058  vEventGroupSetBitsCallback          
00005074  vEventGroupClearBitsCallback        
000050fc  uxEventGroupGetNumber               
0000513c  pxPortInitialiseStack               
0000522c  vPortStoreTaskMPUSettings           
000054a0  xPortStartScheduler                 
000054c4  vPortEndScheduler                   
000054fc  vPortStartFirstTask                 
0000556c  vPortYieldProcessor                 
00005618  vPortYeildWithinAPI                 
000056cc  vPortPreemptiveTick                 
0000578c  ulPortCountLeadingZeros             
00005794  vPortSWI                            
00005850  prvMpuSetRegion                     
00005868  prvMpuEnable                        
00005880  prvMpuDisable                       
000058a8  pvPortMalloc                        
00005b18  vPortFree                           
00005c18  vPortInitialiseBlocks               
00005d40  __TI_Handler_Table_Base             
00005d4c  __TI_Handler_Table_Limit            
00005d58  __TI_CINIT_Base                     
00005d70  __TI_CINIT_Limit                    
00008020  selftestFailNotification            
00008030  ccmSelfCheck                        
00008174  memoryInit                          
000081b8  stcSelfCheck                        
00008234  cpuSelfTest                         
000082cc  pbistSelfCheck                      
000084ac  pbistRun                            
00008578  pbistStop                           
000085a8  pbistIsTestCompleted                
000085d4  pbistIsTestPassed                   
00008608  pbistPortTestStatus                 
00008660  efcCheck                            
000086e8  efcStuckZeroTest                    
00008794  efcSelfTest                         
000087bc  checkefcSelfTest                    
0000885c  fmcBus2Check                        
00008898  fmcECCcheck                         
00008938  checkB0RAMECC                       
00008b28  checkB1RAMECC                       
00008d18  checkFlashECC                       
00008df4  custom_dabort                       
00008df8  stcSelfCheckFail                    
00008dfc  cpuSelfTestFail                     
00008e00  vimParityCheck                      
00008eac  dmaParityCheck                      
00008f58  het1ParityCheck                     
00009004  htu1ParityCheck                     
000090c0  het2ParityCheck                     
000091bc  htu2ParityCheck                     
0000926c  adc1ParityCheck                     
00009358  adc2ParityCheck                     
00009410  can1ParityCheck                     
000094e8  can2ParityCheck                     
000095b0  can3ParityCheck                     
00009684  mibspi1ParityCheck                  
0000978c  mibspi3ParityCheck                  
000098b0  mibspi5ParityCheck                  
000099d0  checkRAMECC                         
00009c18  checkClockMonitor                   
00009cf4  checkFlashEEPROMECC                 
00009e8c  checkPLL1Slip                       
00009f94  checkRAMAddrParity                  
0000a09c  checkRAMUERRTest                    
0000a208  fmcBus1ParityCheck                  
0000a32c  pbistFail                           
0000a3ac  pbistGetConfigValue                 
0000a4f8  stcGetConfigValue                   
0000a5a0  efcGetConfigValue                   
0000a638  ccmr4GetConfigValue                 
0000a6b4  errata_PBIST_4                      
0000aa20  enableParity                        
0000aaa8  disableParity                       
0000b3f5  __TI_printfi                        
0000bcab  __aeabi_idiv0                       
0000bcac  spiInit                             
0000bddc  spiSetFunctional                    
0000bdfc  spiReceiveData                      
0000bf18  spiGetData                          
0000c010  spiTransmitData                     
0000c13c  spiSendData                         
0000c234  spiTransmitAndReceiveData           
0000c370  spiSendAndGetData                   
0000c4b0  SpiTxStatus                         
0000c53c  SpiRxStatus                         
0000c5c8  spiEnableLoopback                   
0000c5fc  spiDisableLoopback                  
0000c618  spiEnableNotification               
0000c648  spiDisableNotification              
0000c674  spi4GetConfigValue                  
0000c880  MPU_xTaskCreateRestricted           
0000c8c4  MPU_xTaskCreate                     
0000c928  MPU_vTaskAllocateMPURegions         
0000c95c  MPU_vTaskDelete                     
0000c988  MPU_vTaskDelayUntil                 
0000c9bc  MPU_vTaskDelay                      
0000c9e8  MPU_uxTaskPriorityGet               
0000ca1c  MPU_vTaskPrioritySet                
0000ca50  MPU_vTaskGetInfo                    
0000ca9c  MPU_vTaskSuspend                    
0000cac8  MPU_vTaskResume                     
0000caf4  MPU_vTaskSuspendAll                 
0000cb18  MPU_xTaskResumeAll                  
0000cb44  MPU_xTaskGetTickCount               
0000cb70  MPU_uxTaskGetNumberOfTasks          
0000cb9c  MPU_pcTaskGetName                   
0000cbd0  MPU_xTaskGetHandle                  
0000cc04  MPU_vTaskList                       
0000cc30  MPU_vTaskGetRunTimeStats            
0000cc5c  MPU_uxTaskGetSystemState            
0000cca8  MPU_uxTaskGetStackHighWaterMark     
0000ccdc  MPU_xTaskGetSchedulerState          
0000cd08  MPU_vTaskSetTimeOutState            
0000cd34  MPU_xTaskCheckForTimeOut            
0000cd78  MPU_xTaskGenericNotify              
0000cdcc  MPU_xTaskNotifyWait                 
0000ce20  MPU_ulTaskNotifyTake                
0000ce64  MPU_xTaskNotifyStateClear           
0000ce98  MPU_xQueueGenericCreate             
0000cee4  MPU_xQueueGenericReset              
0000cf28  MPU_xQueueGenericSend               
0000cf7c  MPU_uxQueueMessagesWaiting          
0000cfb0  MPU_uxQueueSpacesAvailable          
0000cfe4  MPU_xQueueGenericReceive            
0000d038  MPU_xQueuePeekFromISR               
0000d07c  MPU_xQueueCreateMutex               
0000d0b0  MPU_xQueueTakeMutexRecursive        
0000d0f4  MPU_xQueueGiveMutexRecursive        
0000d128  MPU_vQueueDelete                    
0000d154  MPU_pvPortMalloc                    
0000d188  MPU_vPortFree                       
0000d1b4  MPU_vPortInitialiseBlocks           
0000d1d8  MPU_xPortGetFreeHeapSize            
0000d204  MPU_xEventGroupCreate               
0000d230  MPU_xEventGroupWaitBits             
0000d28c  MPU_xEventGroupClearBits            
0000d2d0  MPU_xEventGroupSetBits              
0000d314  MPU_xEventGroupSync                 
0000d368  MPU_vEventGroupDelete               
0000d394  adcInit                             
0000d4f0  adcStartConversion                  
0000d574  adcStopConversion                   
0000d59c  adcResetFiFo                        
0000d5c4  adcGetData                          
0000d78c  adcIsFifoFull                       
0000d7bc  adcIsConversionComplete             
0000d7ec  adcCalibration                      
0000d9c4  adcMidPointCalibration              
0000db60  adcEnableNotification               
0000dbb0  adcDisableNotification              
0000dbd8  adcSetEVTPin                        
0000dbf8  adcGetEVTPin                        
0000dc10  adc1GetConfigValue                  
0000de80  setupPLL                            
0000ded0  trimLPO                             
0000df18  setupFlash                          
0000df58  periphInit                          
0000dfac  mapClocks                           
0000e0ac  systemInit                          
0000e178  systemPowerDown                     
0000e1a8  systemGetConfigValue                
0000e584  tcmflashGetConfigValue              
0000e730  sramGetConfigValue                  
0000e924  vimInit                             
0000e9f8  vimChannelMap                       
0000ea9c  vimEnableInterrupt                  
0000ec64  vimDisableInterrupt                 
0000ed10  vimGetConfigValue                   
0000f37c  mibspiInit                          
0000f5cc  mibspiSetFunctional                 
0000f5ec  mibspiSetData                       
0000f6f8  mibspiGetData                       
0000f844  mibspiTransfer                      
0000f874  mibspiIsTransferComplete            
0000f8e0  mibspiEnableLoopback                
0000f914  mibspiDisableLoopback               
0000f930  mibspiPmodeSet                      
0000f980  mibspiEnableGroupNotification       
0000fa08  mibspiDisableGroupNotification      
0000fa3c  mibspi1GetConfigValue               
0000fda4  cmdHelp                             
0000fdd8  cmdGet                              
0000ff08  cmdExec                             
0000ff38  cmdTask                             
0001016c  cmdSched                            
00010300  cmdState                            
0001040c  __unused                            
00010428  checkAndRunCommand                  
00010478  checkAndRunCommandStr               
00010768  mibspi_write_byte                   
000107a0  mibspi_write_two                    
000107cc  flash_erase_chip                    
000107e8  flash_busy_erasing_chip             
0001084c  flash_set_burst_64                  
0001087c  flash_write_enable                  
0001088c  construct_packet_6                  
0001095c  flash_read_16                       
000109e0  flash_read_16_rtos                  
00010a94  flash_write_16_rtos                 
00010ae4  rw16_test                           
00010b88  flash_status                        
00010bb0  construct_packet_16                 
00010c8c  flash_test_JEDEC                    
00010d04  getEmptySector                      
00010dcc  flash_mibspi_init                   
00010e54  mibspi_send                         
00010ee8  mibspi_receive                      
00010fc0  mibspiGroupNotification             
0001107c  muxInit                             
00011518  pinmuxGetConfigValue                
00011930  hundredBlinky                       
00011960  vFlashRead                          
00011a34  vFlashRead2                         
00011ad4  vFlashWrite                         
00011b60  vDemoADCTask                        
00011be4  vStateTask                          
00011c10  vSerialTask                         
00011e5c  vSerialSenderTask                   
00011e68  periodicSenderTask                  
00011ef8  vSenderTask                         
00011f3c  vReceiverTask                       
00011fa8  vTickleTask                         
00011fe4  vMonitorTask                        
00012148  sciInit                             
00012234  sciSetFunctional                    
00012254  sciSetBaudrate                      
000122f0  sciIsTxReady                        
0001230c  sciSendByte                         
0001233c  sciSend                             
00012470  sciIsRxReady                        
0001248c  sciIsIdleDetected                   
000124a8  sciRxError                          
000124d8  sciReceiveByte                      
00012504  sciReceive                          
000125dc  sciEnableLoopback                   
00012610  sciDisableLoopback                  
00012634  sciEnableNotification               
0001269c  sciDisableNotification              
00012704  sciEnterResetState                  
00012724  sciExitResetState                   
00012744  sciGetConfigValue                   
000128f0  getCurrentTime                      
00012908  tempAddSecondToHET                  
0001291c  rtcInit                             
000129d4  rtcReset                            
000129e8  rtcResetTime                        
00012a44  rtc_get_startup_status              
00012ad4  getEpochOffset                      
00012ae0  setEpochOffset                      
00012b04  convertBCD                          
00012b88  rtc_get_seconds                     
00012b9c  rtc_get_minutes                     
00012bb0  rtc_get_hours                       
00012bc4  rtc_get_month                       
00012bf4  rtc_get_day                         
00012c24  rtc_get_year                        
00012c38  getCurrentRTCTime                   
00012d70  rtcWriteRegister                    
00012dc4  rtcReadRegister                     
00012e08  rtcTransmitAndReceive               
00012e64  rtcGetBit                           
00012ea0  rtcSetBit                           
00012fd8  addEventFromScheduledCommand        
00013198  addEvent                            
000132e0  removeEventIdx                      
00013370  getAction                           
000133f4  showActiveEvents                    
000134ac  shift                               
00013618  esmInit                             
00013720  esmError                            
0001373c  esmEnableError                      
00013768  esmDisableError                     
00013794  esmTriggerErrorPinReset             
000137a4  esmActivateNormalOperation          
000137b4  esmEnableInterrupt                  
000137e0  esmDisableInterrupt                 
0001380c  esmSetInterruptLevel                
00013888  esmClearStatus                      
000138cc  esmClearStatusBuffer                
000138e8  esmSetCounterPreloadValue           
00013908  esmGetStatus                        
0001398c  esmGetStatusBuffer                  
000139c4  esmEnterSelfTest                    
00013a4c  esmSelfTestStatus                   
00013a9c  esmGetConfigValue                   
00013bf0  gioInit                             
00013cc0  gioSetDirection                     
00013ce0  gioSetBit                           
00013d30  gioSetPort                          
00013d50  gioGetBit                           
00013d78  gioGetPort                          
00013d90  gioToggleBit                        
00013de8  gioEnableNotification               
00013e50  gioDisableNotification              
00013eb8  gioGetConfigValue                   
00014074  vRadioTask                          
000140c8  readRegister                        
00014150  readExtendedRegister                
000141dc  strobe                              
00014248  writeRegister                       
000142d0  writeExtendedRegister               
00014370  readAllRegisters                    
00014374  initRadio                           
000143dc  radioCmd                            
000144ec  doStateSafe                         
00014540  doStateReady                        
00014580  doStateLowPower                     
000145c0  do_SAFE_to_READY                    
000145d0  do_SAFE_to_LOWPOWER                 
000145e0  do_READY_to_SAFE                    
000145f0  do_READY_to_LOWPOWER                
00014600  do_LOWPOWER_to_SAFE                 
00014610  do_LOWPOWER_to_READY                
00014620  runState                            
000146b4  stateMachineInit                    
00014700  setStateRTOS_mode                   
00014720  printStateInfo                      
00014790  printPrevState                      
000147e4  setStateManual                      
0001483c  stateCheckPowerGood                 
00014874  stateCheckEnterSafe                 
0001493d  minit                               
000149bb  malloc                              
00014a25  free                                
00014ae7  realloc                             
00014bf1  memalign                            
00014ce3  calloc                              
00014d14  _coreInitRegisters_                 
00014e20  _coreInitStackPointer_              
00014e6c  _getCPSRValue_                      
00014e74  _gotoCPUIdle_                       
00014e8c  _coreEnableVfp_                     
00014ea4  _coreEnableEventBusExport_          
00014eb4  _coreDisableEventBusExport_         
00014ec4  _coreEnableRamEcc_                  
00014ed4  _coreDisableRamEcc_                 
00014ee4  _coreEnableFlashEcc_                
00014ef8  _coreDisableFlashEcc_               
00014f08  _coreEnableIrqVicOffset_            
00014f18  _coreGetDataFault_                  
00014f20  _coreClearDataFault_                
00014f2c  _coreGetInstructionFault_           
00014f34  _coreClearInstructionFault_         
00014f40  _coreGetDataFaultAddress_           
00014f48  _coreClearDataFaultAddress_         
00014f54  _coreGetInstructionFaultAddress_    
00014f5c  _coreClearInstructionFaultAddress_  
00014f68  _coreGetAuxiliaryDataFault_         
00014f70  _coreClearAuxiliaryDataFault_       
00014f7c  _coreGetAuxiliaryInstructionFault_  
00014f84  _coreClearAuxiliaryInstructionFault_
00014f90  _disable_interrupt_                 
00014f98  _disable_FIQ_interrupt_             
00014fa0  _disable_IRQ_interrupt_             
00014fa8  _enable_interrupt_                  
00014fb0  _esmCcmErrorsClear_                 
00015038  _errata_CORTEXR4_57_                
00015048  _errata_CORTEXR4_66_                
00015058  __TI_PINIT_Base                     
0001505c  __TI_PINIT_Limit                    
00015060  vimParityErrorHandler               
0001532c  __aeabi_uldivmod                    
000155e4  xPortGetFreeHeapSize                
000155f0  xPortGetMinimumEverFreeHeapSize     
00015880  vMainTask                           
00015af4  vListInitialise                     
00015b4c  vListInitialiseItem                 
00015b68  vListInsertEnd                      
00015bdc  vListInsert                         
00015ca0  uxListRemove                        
00015d2c  sciHighLevelInterrupt               
00015f30  busyWait                            
00015f74  itoa2                               
000160a0  simpleWatchdog                      
000160d0  watchdog_busywait                   
000161d3  __TI_cleanup                        
000161ff  freopen                             
00016229  fopen                               
000162d0  _c_int00                            
00016490  serialInit                          
000164ac  serialSendQ                         
000164e4  serialSendQFromISR                  
00016538  serialSendCh                        
00016564  serialSend                          
00016598  serialSendln                        
000165dc  sciNotification                     
00016804  vApplicationStackOverflowHook       
00016828  main                                
00016900  getRunTimeCounterValue              
00016910  configureTimerForRunTimeStats       
0001698c  startupInit                         
0001699c  printStartupType                    
000169b8  startupCheck                        
00016ae5  fputs                               
00016bf5  puts                                
00016c1c  spi_init                            
00016c60  spi_transmit                        
00016c84  spi_transmit_text                   
00016d51  strtol                              
00016e80  esmHighInterrupt                    
00016f94  esmGroup1Notification               
00016fa4  esmGroup2Notification               
00016fb4  memoryPort0TestFailNotification     
00016fd0  memoryPort1TestFailNotification     
00016fec  rtiNotification                     
00016ffc  adcNotification                     
00017010  gioNotification                     
00017024  mibspiNotification                  
00017060  spiNotification                     
00017074  spiEndNotification                  
00017084  dmaGroupANotification               
00017120  xTaskNotifyStateClear               
00017199  ldexp                               
00017199  ldexpl                              
00017199  scalbn                              
00017199  scalbnl                             
0001728c  _dabort                             
00017375  floor                               
00017375  floorl                              
00017454  _pmuInit_                           
000174a0  _pmuEnableCountersGlobal_           
000174b0  _pmuDisableCountersGlobal_          
000174c0  _pmuResetCycleCounter_              
000174d0  _pmuResetEventCounters_             
000174e0  _pmuResetCounters_                  
000174f0  _pmuStartCounters_                  
000174f8  _pmuStopCounters_                   
00017500  _pmuSetCountEvent_                  
0001750c  _pmuGetCycleCount_                  
00017514  _pmuGetEventCount_                  
00017520  _pmuGetOverflow_                    
00017535  setvbuf                             
00017611  __TI_doflush                        
0001765d  fflush                              
000176dd  open                                
00017799  __TI_wrt_ok                         
000177fd  __TI_rd_ok                          
00017847  __aeabi_memcpy                      
00017847  __aeabi_memcpy4                     
00017847  __aeabi_memcpy8                     
00017847  memcpy                              
000178e3  _system_post_cinit                  
000178e5  __TI_closefile                      
0001794b  fclose                              
0001797d  snprintf                            
00017a11  __aeabi_memclr                      
00017a11  __aeabi_memclr4                     
00017a11  __aeabi_memclr8                     
00017a13  __aeabi_memset                      
00017a13  __aeabi_memset4                     
00017a13  __aeabi_memset8                     
00017a19  memset                              
00017a8d  finddevice                          
00017abb  getdevice                           
00017b01  frexp                               
00017b01  frexpl                              
00017b75  __TI_auto_init                      
00017be5  __TI_decompress_lzss                
00017c51  HOSTrename                          
00017cbd  __TI_writemsg                       
00017cef  C$$IO$$                             
00017cf3  __TI_readmsg                        
00017d29  HOSTlseek                           
00017d91  fseek                               
00017df5  sprintf                             
00017e58  triumf_init                         
00017eb9  HOSTopen                            
00017f15  HOSTread                            
00017f71  close                               
00017fc9  HOSTwrite                           
00018020  __aeabi_idiv                        
00018020  __aeabi_idivmod                     
00018075  ltoa                                
000180c9  atoi                                
00018119  C$$EXIT                             
0001811d  abort                               
00018125  exit                                
00018168  __aeabi_uidiv                       
00018168  __aeabi_uidivmod                    
000181b9  copy_in                             
00018205  HOSTclose                           
00018249  HOSTunlink                          
0001828d  strtok                              
000182cd  strncpy                             
00018305  _nassert                            
00018307  _abort_msg                          
0001831d  _assert                             
00018331  remove                              
00018331  unlink                              
0001835d  strspn                              
00018389  lseek                               
000183b1  write                               
000183d9  strcspn                             
000183fb  memchr                              
0001841b  memccpy                             
00018437  copysign                            
00018437  copysignl                           
0001844f  strcmp                              
00018467  strchr                              
0001847d  strlen                              
00018495  _register_unlock                    
0001849b  _register_lock                      
000184a3  _nop                                
000184a9  strcpy                              
000184bd  __TI_decompress_none                
000184cb  __TI_zero_init                      
000184d8  phantomInterrupt                    
000186dc  _ctypes_                            
0001894c  cumulativeSecondsInMonth            
000189a0  TRANSITION_TABLE                    
00018a84  CMD_FUNCS                           
00018ad8  STATE_TABLE                         
080008e4  pxCurrentTCB                        
08000920  ulCriticalNesting                   
08000924  ulTaskHasFPUContext                 
080046b0  __CIOBUF_                           
080047d0  buffer                              
080048cc  __TI_tmpnams                        
08004a0c  TG3_RX                              
08004a58  dummyBytes_16                       
08004a78  state_persistent_data               
08004a8c  parmbuf                             
08004a94  TG0_IS_Complete                     
08004a98  TG1_IS_Complete                     
08004a9c  TG1_RX                              
08004aa0  TG2_IS_Complete                     
08004aa4  TG3_IS_Complete                     
08004aa8  addressWritten                      
08004aac  epochOffset                         
08004ab0  flash_spiConfig                     
08004ab4  lastRead                            
08004ab8  spiDataConfig                       
08004abc  xFlashMutex                         
08004ac0  xQueue                              
08004ac4  xRTCMutex                           
08004ac8  xRadioRXQueue                       
08004acc  xRadioTXQueue                       
08004ad0  xSerialRXQueue                      
08004ad4  xSerialTXQueue                      
08004ad8  cur_state                           
08004ad9  startData                           
08004ae0  _sys_memory                         
080052e0  schedule                            
08005500  CMD_DBG_STRINGS                     
080055f0  _ftable                             
080056e0  _device                             
08005758  _stream                             
080057c8  xSerialTaskHandle                   
080057cc  xRadioTaskHandle                    
080057d0  xTickleTaskHandle                   
080057d4  xBlinkyTaskHandle                   
080057d8  xADCTaskHandle                      
080057dc  xStateTaskHandle                    
080057e0  xFlashReadHandle                    
080057e4  xFlashWriteHandle                   
080057e8  CMD_NAMES                           
08005800  testCMD                             
08005818  testSCHED                           
0800583c  __TI_ft_end                         
08005840  __aeabi_stdin                       
08005844  __aeabi_stdout                      
08005848  __aeabi_stderr                      
0800585c  __TI_cleanup_ptr                    
08005860  __TI_dtors_ptr                      
08005864  __TI_enable_exit_profile_output     
08005874  _lock                               
08005878  _unlock                             
0800587c  rtc_epoch_time                      
08005880  het_epoch_time                      
08005884  errno                               
08005894  currChar                            
ffffffff  __TI_pprof_out_hndl                 
ffffffff  __TI_prof_data_size                 
ffffffff  __TI_prof_data_start                
ffffffff  __binit__                           
ffffffff  __c_args__                          
ffffffff  binit                               
UNDEFED   SHT$$INIT_ARRAY$$Base               
UNDEFED   SHT$$INIT_ARRAY$$Limit              

[660 symbols]
