<?xml version="1.0"?>
<link_info>
   <banner>TI ARM Linker Unix v16.9.4.LTS</banner>
   <copyright>Copyright (c) 1996-2017 Texas Instruments Incorporated</copyright>
   <link_time>0x5a029d2e</link_time>
   <link_errors>0x0</link_errors>
   <output_file>OBC.out</output_file>
   <entry_point>
      <name>_c_int00</name>
      <address>0x164f4</address>
   </entry_point>
   <input_file_list>
      <input_file id="fl-2">
         <path>./SFUsat/</path>
         <kind>object</kind>
         <file>flash_mibspi.obj</file>
         <name>flash_mibspi.obj</name>
      </input_file>
      <input_file id="fl-3">
         <path>./SFUsat/</path>
         <kind>object</kind>
         <file>sfu_cmds.obj</file>
         <name>sfu_cmds.obj</name>
      </input_file>
      <input_file id="fl-4">
         <path>./SFUsat/</path>
         <kind>object</kind>
         <file>sfu_rtc.obj</file>
         <name>sfu_rtc.obj</name>
      </input_file>
      <input_file id="fl-5">
         <path>./SFUsat/</path>
         <kind>object</kind>
         <file>sfu_scheduler.obj</file>
         <name>sfu_scheduler.obj</name>
      </input_file>
      <input_file id="fl-6">
         <path>./SFUsat/</path>
         <kind>object</kind>
         <file>sfu_spi.obj</file>
         <name>sfu_spi.obj</name>
      </input_file>
      <input_file id="fl-7">
         <path>./SFUsat/</path>
         <kind>object</kind>
         <file>sfu_startup.obj</file>
         <name>sfu_startup.obj</name>
      </input_file>
      <input_file id="fl-8">
         <path>./SFUsat/</path>
         <kind>object</kind>
         <file>sfu_state.obj</file>
         <name>sfu_state.obj</name>
      </input_file>
      <input_file id="fl-9">
         <path>./SFUsat/</path>
         <kind>object</kind>
         <file>sfu_task_main.obj</file>
         <name>sfu_task_main.obj</name>
      </input_file>
      <input_file id="fl-a">
         <path>./SFUsat/</path>
         <kind>object</kind>
         <file>sfu_task_radio.obj</file>
         <name>sfu_task_radio.obj</name>
      </input_file>
      <input_file id="fl-b">
         <path>./SFUsat/</path>
         <kind>object</kind>
         <file>sfu_tasks.obj</file>
         <name>sfu_tasks.obj</name>
      </input_file>
      <input_file id="fl-c">
         <path>./SFUsat/</path>
         <kind>object</kind>
         <file>sfu_triumf.obj</file>
         <name>sfu_triumf.obj</name>
      </input_file>
      <input_file id="fl-d">
         <path>./SFUsat/</path>
         <kind>object</kind>
         <file>sfu_uart.obj</file>
         <name>sfu_uart.obj</name>
      </input_file>
      <input_file id="fl-e">
         <path>./SFUsat/</path>
         <kind>object</kind>
         <file>sfu_utils.obj</file>
         <name>sfu_utils.obj</name>
      </input_file>
      <input_file id="fl-f">
         <path>./source/</path>
         <kind>object</kind>
         <file>adc.obj</file>
         <name>adc.obj</name>
      </input_file>
      <input_file id="fl-10">
         <path>./source/</path>
         <kind>object</kind>
         <file>dabort.obj</file>
         <name>dabort.obj</name>
      </input_file>
      <input_file id="fl-11">
         <path>./source/</path>
         <kind>object</kind>
         <file>esm.obj</file>
         <name>esm.obj</name>
      </input_file>
      <input_file id="fl-12">
         <path>./source/</path>
         <kind>object</kind>
         <file>gio.obj</file>
         <name>gio.obj</name>
      </input_file>
      <input_file id="fl-13">
         <path>./source/</path>
         <kind>object</kind>
         <file>mibspi.obj</file>
         <name>mibspi.obj</name>
      </input_file>
      <input_file id="fl-14">
         <path>./source/</path>
         <kind>object</kind>
         <file>notification.obj</file>
         <name>notification.obj</name>
      </input_file>
      <input_file id="fl-15">
         <path>./source/</path>
         <kind>object</kind>
         <file>pinmux.obj</file>
         <name>pinmux.obj</name>
      </input_file>
      <input_file id="fl-16">
         <path>./source/</path>
         <kind>object</kind>
         <file>rti.obj</file>
         <name>rti.obj</name>
      </input_file>
      <input_file id="fl-17">
         <path>./source/</path>
         <kind>object</kind>
         <file>rtos_croutine.obj</file>
         <name>rtos_croutine.obj</name>
      </input_file>
      <input_file id="fl-18">
         <path>./source/</path>
         <kind>object</kind>
         <file>rtos_event_groups.obj</file>
         <name>rtos_event_groups.obj</name>
      </input_file>
      <input_file id="fl-19">
         <path>./source/</path>
         <kind>object</kind>
         <file>rtos_heap.obj</file>
         <name>rtos_heap.obj</name>
      </input_file>
      <input_file id="fl-1a">
         <path>./source/</path>
         <kind>object</kind>
         <file>rtos_list.obj</file>
         <name>rtos_list.obj</name>
      </input_file>
      <input_file id="fl-1b">
         <path>./source/</path>
         <kind>object</kind>
         <file>rtos_mpu_wrappers.obj</file>
         <name>rtos_mpu_wrappers.obj</name>
      </input_file>
      <input_file id="fl-1c">
         <path>./source/</path>
         <kind>object</kind>
         <file>rtos_port.obj</file>
         <name>rtos_port.obj</name>
      </input_file>
      <input_file id="fl-1d">
         <path>./source/</path>
         <kind>object</kind>
         <file>rtos_portasm.obj</file>
         <name>rtos_portasm.obj</name>
      </input_file>
      <input_file id="fl-1e">
         <path>./source/</path>
         <kind>object</kind>
         <file>rtos_queue.obj</file>
         <name>rtos_queue.obj</name>
      </input_file>
      <input_file id="fl-1f">
         <path>./source/</path>
         <kind>object</kind>
         <file>rtos_task.obj</file>
         <name>rtos_task.obj</name>
      </input_file>
      <input_file id="fl-20">
         <path>./source/</path>
         <kind>object</kind>
         <file>rtos_timer.obj</file>
         <name>rtos_timer.obj</name>
      </input_file>
      <input_file id="fl-21">
         <path>./source/</path>
         <kind>object</kind>
         <file>sci.obj</file>
         <name>sci.obj</name>
      </input_file>
      <input_file id="fl-22">
         <path>./source/</path>
         <kind>object</kind>
         <file>spi.obj</file>
         <name>spi.obj</name>
      </input_file>
      <input_file id="fl-23">
         <path>./source/</path>
         <kind>object</kind>
         <file>sys_core.obj</file>
         <name>sys_core.obj</name>
      </input_file>
      <input_file id="fl-24">
         <path>./source/</path>
         <kind>object</kind>
         <file>sys_dma.obj</file>
         <name>sys_dma.obj</name>
      </input_file>
      <input_file id="fl-25">
         <path>./source/</path>
         <kind>object</kind>
         <file>sys_intvecs.obj</file>
         <name>sys_intvecs.obj</name>
      </input_file>
      <input_file id="fl-26">
         <path>./source/</path>
         <kind>object</kind>
         <file>sys_main.obj</file>
         <name>sys_main.obj</name>
      </input_file>
      <input_file id="fl-27">
         <path>./source/</path>
         <kind>object</kind>
         <file>sys_mpu.obj</file>
         <name>sys_mpu.obj</name>
      </input_file>
      <input_file id="fl-28">
         <path>./source/</path>
         <kind>object</kind>
         <file>sys_pcr.obj</file>
         <name>sys_pcr.obj</name>
      </input_file>
      <input_file id="fl-29">
         <path>./source/</path>
         <kind>object</kind>
         <file>sys_phantom.obj</file>
         <name>sys_phantom.obj</name>
      </input_file>
      <input_file id="fl-2a">
         <path>./source/</path>
         <kind>object</kind>
         <file>sys_pmm.obj</file>
         <name>sys_pmm.obj</name>
      </input_file>
      <input_file id="fl-2b">
         <path>./source/</path>
         <kind>object</kind>
         <file>sys_pmu.obj</file>
         <name>sys_pmu.obj</name>
      </input_file>
      <input_file id="fl-2c">
         <path>./source/</path>
         <kind>object</kind>
         <file>sys_selftest.obj</file>
         <name>sys_selftest.obj</name>
      </input_file>
      <input_file id="fl-2d">
         <path>./source/</path>
         <kind>object</kind>
         <file>sys_startup.obj</file>
         <name>sys_startup.obj</name>
      </input_file>
      <input_file id="fl-2e">
         <path>./source/</path>
         <kind>object</kind>
         <file>sys_vim.obj</file>
         <name>sys_vim.obj</name>
      </input_file>
      <input_file id="fl-2f">
         <path>./source/</path>
         <kind>object</kind>
         <file>system.obj</file>
         <name>system.obj</name>
      </input_file>
      <input_file id="fl-33">
         <kind>object</kind>
         <file>&lt;internal&gt;</file>
         <name>&lt;internal&gt;</name>
      </input_file>
      <input_file id="fl-34">
         <path>/Applications/ti/ccsv7/tools/compiler/ti-cgt-arm_16.9.4.LTS/lib/</path>
         <kind>archive</kind>
         <file>rtsv7R4_T_be_v3D16_eabi.lib</file>
         <name>assert.obj</name>
      </input_file>
      <input_file id="fl-35">
         <path>/Applications/ti/ccsv7/tools/compiler/ti-cgt-arm_16.9.4.LTS/lib/</path>
         <kind>archive</kind>
         <file>rtsv7R4_T_be_v3D16_eabi.lib</file>
         <name>autoinit.obj</name>
      </input_file>
      <input_file id="fl-36">
         <path>/Applications/ti/ccsv7/tools/compiler/ti-cgt-arm_16.9.4.LTS/lib/</path>
         <kind>archive</kind>
         <file>rtsv7R4_T_be_v3D16_eabi.lib</file>
         <name>copy_decompress_lzss.obj</name>
      </input_file>
      <input_file id="fl-37">
         <path>/Applications/ti/ccsv7/tools/compiler/ti-cgt-arm_16.9.4.LTS/lib/</path>
         <kind>archive</kind>
         <file>rtsv7R4_T_be_v3D16_eabi.lib</file>
         <name>copy_decompress_none.obj</name>
      </input_file>
      <input_file id="fl-38">
         <path>/Applications/ti/ccsv7/tools/compiler/ti-cgt-arm_16.9.4.LTS/lib/</path>
         <kind>archive</kind>
         <file>rtsv7R4_T_be_v3D16_eabi.lib</file>
         <name>copy_zero_init.obj</name>
      </input_file>
      <input_file id="fl-39">
         <path>/Applications/ti/ccsv7/tools/compiler/ti-cgt-arm_16.9.4.LTS/lib/</path>
         <kind>archive</kind>
         <file>rtsv7R4_T_be_v3D16_eabi.lib</file>
         <name>cpy_tbl.obj</name>
      </input_file>
      <input_file id="fl-3a">
         <path>/Applications/ti/ccsv7/tools/compiler/ti-cgt-arm_16.9.4.LTS/lib/</path>
         <kind>archive</kind>
         <file>rtsv7R4_T_be_v3D16_eabi.lib</file>
         <name>defs.obj</name>
      </input_file>
      <input_file id="fl-3b">
         <path>/Applications/ti/ccsv7/tools/compiler/ti-cgt-arm_16.9.4.LTS/lib/</path>
         <kind>archive</kind>
         <file>rtsv7R4_T_be_v3D16_eabi.lib</file>
         <name>exit.obj</name>
      </input_file>
      <input_file id="fl-3c">
         <path>/Applications/ti/ccsv7/tools/compiler/ti-cgt-arm_16.9.4.LTS/lib/</path>
         <kind>archive</kind>
         <file>rtsv7R4_T_be_v3D16_eabi.lib</file>
         <name>fflush.obj</name>
      </input_file>
      <input_file id="fl-3d">
         <path>/Applications/ti/ccsv7/tools/compiler/ti-cgt-arm_16.9.4.LTS/lib/</path>
         <kind>archive</kind>
         <file>rtsv7R4_T_be_v3D16_eabi.lib</file>
         <name>fputs.obj</name>
      </input_file>
      <input_file id="fl-3e">
         <path>/Applications/ti/ccsv7/tools/compiler/ti-cgt-arm_16.9.4.LTS/lib/</path>
         <kind>archive</kind>
         <file>rtsv7R4_T_be_v3D16_eabi.lib</file>
         <name>i_div32.obj</name>
      </input_file>
      <input_file id="fl-3f">
         <path>/Applications/ti/ccsv7/tools/compiler/ti-cgt-arm_16.9.4.LTS/lib/</path>
         <kind>archive</kind>
         <file>rtsv7R4_T_be_v3D16_eabi.lib</file>
         <name>ltoa.obj</name>
      </input_file>
      <input_file id="fl-40">
         <path>/Applications/ti/ccsv7/tools/compiler/ti-cgt-arm_16.9.4.LTS/lib/</path>
         <kind>archive</kind>
         <file>rtsv7R4_T_be_v3D16_eabi.lib</file>
         <name>memchr.obj</name>
      </input_file>
      <input_file id="fl-41">
         <path>/Applications/ti/ccsv7/tools/compiler/ti-cgt-arm_16.9.4.LTS/lib/</path>
         <kind>archive</kind>
         <file>rtsv7R4_T_be_v3D16_eabi.lib</file>
         <name>memcpy_t2.obj</name>
      </input_file>
      <input_file id="fl-42">
         <path>/Applications/ti/ccsv7/tools/compiler/ti-cgt-arm_16.9.4.LTS/lib/</path>
         <kind>archive</kind>
         <file>rtsv7R4_T_be_v3D16_eabi.lib</file>
         <name>memory.obj</name>
      </input_file>
      <input_file id="fl-43">
         <path>/Applications/ti/ccsv7/tools/compiler/ti-cgt-arm_16.9.4.LTS/lib/</path>
         <kind>archive</kind>
         <file>rtsv7R4_T_be_v3D16_eabi.lib</file>
         <name>memset_t2.obj</name>
      </input_file>
      <input_file id="fl-44">
         <path>/Applications/ti/ccsv7/tools/compiler/ti-cgt-arm_16.9.4.LTS/lib/</path>
         <kind>archive</kind>
         <file>rtsv7R4_T_be_v3D16_eabi.lib</file>
         <name>s_floor.obj</name>
      </input_file>
      <input_file id="fl-45">
         <path>/Applications/ti/ccsv7/tools/compiler/ti-cgt-arm_16.9.4.LTS/lib/</path>
         <kind>archive</kind>
         <file>rtsv7R4_T_be_v3D16_eabi.lib</file>
         <name>snprintf.obj</name>
      </input_file>
      <input_file id="fl-46">
         <path>/Applications/ti/ccsv7/tools/compiler/ti-cgt-arm_16.9.4.LTS/lib/</path>
         <kind>archive</kind>
         <file>rtsv7R4_T_be_v3D16_eabi.lib</file>
         <name>sprintf.obj</name>
      </input_file>
      <input_file id="fl-47">
         <path>/Applications/ti/ccsv7/tools/compiler/ti-cgt-arm_16.9.4.LTS/lib/</path>
         <kind>archive</kind>
         <file>rtsv7R4_T_be_v3D16_eabi.lib</file>
         <name>startup.obj</name>
      </input_file>
      <input_file id="fl-48">
         <path>/Applications/ti/ccsv7/tools/compiler/ti-cgt-arm_16.9.4.LTS/lib/</path>
         <kind>archive</kind>
         <file>rtsv7R4_T_be_v3D16_eabi.lib</file>
         <name>strcmp.obj</name>
      </input_file>
      <input_file id="fl-49">
         <path>/Applications/ti/ccsv7/tools/compiler/ti-cgt-arm_16.9.4.LTS/lib/</path>
         <kind>archive</kind>
         <file>rtsv7R4_T_be_v3D16_eabi.lib</file>
         <name>strcpy.obj</name>
      </input_file>
      <input_file id="fl-4a">
         <path>/Applications/ti/ccsv7/tools/compiler/ti-cgt-arm_16.9.4.LTS/lib/</path>
         <kind>archive</kind>
         <file>rtsv7R4_T_be_v3D16_eabi.lib</file>
         <name>strlen.obj</name>
      </input_file>
      <input_file id="fl-4b">
         <path>/Applications/ti/ccsv7/tools/compiler/ti-cgt-arm_16.9.4.LTS/lib/</path>
         <kind>archive</kind>
         <file>rtsv7R4_T_be_v3D16_eabi.lib</file>
         <name>strtok.obj</name>
      </input_file>
      <input_file id="fl-4c">
         <path>/Applications/ti/ccsv7/tools/compiler/ti-cgt-arm_16.9.4.LTS/lib/</path>
         <kind>archive</kind>
         <file>rtsv7R4_T_be_v3D16_eabi.lib</file>
         <name>strtol.obj</name>
      </input_file>
      <input_file id="fl-4d">
         <path>/Applications/ti/ccsv7/tools/compiler/ti-cgt-arm_16.9.4.LTS/lib/</path>
         <kind>archive</kind>
         <file>rtsv7R4_T_be_v3D16_eabi.lib</file>
         <name>u_div32.obj</name>
      </input_file>
      <input_file id="fl-4e">
         <path>/Applications/ti/ccsv7/tools/compiler/ti-cgt-arm_16.9.4.LTS/lib/</path>
         <kind>archive</kind>
         <file>rtsv7R4_T_be_v3D16_eabi.lib</file>
         <name>write.obj</name>
      </input_file>
      <input_file id="fl-4f">
         <path>/Applications/ti/ccsv7/tools/compiler/ti-cgt-arm_16.9.4.LTS/lib/</path>
         <kind>archive</kind>
         <file>rtsv7R4_T_be_v3D16_eabi.lib</file>
         <name>_io_perm.obj</name>
      </input_file>
      <input_file id="fl-50">
         <path>/Applications/ti/ccsv7/tools/compiler/ti-cgt-arm_16.9.4.LTS/lib/</path>
         <kind>archive</kind>
         <file>rtsv7R4_T_be_v3D16_eabi.lib</file>
         <name>_lock.obj</name>
      </input_file>
      <input_file id="fl-51">
         <path>/Applications/ti/ccsv7/tools/compiler/ti-cgt-arm_16.9.4.LTS/lib/</path>
         <kind>archive</kind>
         <file>rtsv7R4_T_be_v3D16_eabi.lib</file>
         <name>_printfi.obj</name>
      </input_file>
      <input_file id="fl-52">
         <path>/Applications/ti/ccsv7/tools/compiler/ti-cgt-arm_16.9.4.LTS/lib/</path>
         <kind>archive</kind>
         <file>rtsv7R4_T_be_v3D16_eabi.lib</file>
         <name>atoi.obj</name>
      </input_file>
      <input_file id="fl-53">
         <path>/Applications/ti/ccsv7/tools/compiler/ti-cgt-arm_16.9.4.LTS/lib/</path>
         <kind>archive</kind>
         <file>rtsv7R4_T_be_v3D16_eabi.lib</file>
         <name>ctype.obj</name>
      </input_file>
      <input_file id="fl-54">
         <path>/Applications/ti/ccsv7/tools/compiler/ti-cgt-arm_16.9.4.LTS/lib/</path>
         <kind>archive</kind>
         <file>rtsv7R4_T_be_v3D16_eabi.lib</file>
         <name>errno.obj</name>
      </input_file>
      <input_file id="fl-55">
         <path>/Applications/ti/ccsv7/tools/compiler/ti-cgt-arm_16.9.4.LTS/lib/</path>
         <kind>archive</kind>
         <file>rtsv7R4_T_be_v3D16_eabi.lib</file>
         <name>fseek.obj</name>
      </input_file>
      <input_file id="fl-56">
         <path>/Applications/ti/ccsv7/tools/compiler/ti-cgt-arm_16.9.4.LTS/lib/</path>
         <kind>archive</kind>
         <file>rtsv7R4_T_be_v3D16_eabi.lib</file>
         <name>hostclose.obj</name>
      </input_file>
      <input_file id="fl-57">
         <path>/Applications/ti/ccsv7/tools/compiler/ti-cgt-arm_16.9.4.LTS/lib/</path>
         <kind>archive</kind>
         <file>rtsv7R4_T_be_v3D16_eabi.lib</file>
         <name>hostlseek.obj</name>
      </input_file>
      <input_file id="fl-58">
         <path>/Applications/ti/ccsv7/tools/compiler/ti-cgt-arm_16.9.4.LTS/lib/</path>
         <kind>archive</kind>
         <file>rtsv7R4_T_be_v3D16_eabi.lib</file>
         <name>hostopen.obj</name>
      </input_file>
      <input_file id="fl-59">
         <path>/Applications/ti/ccsv7/tools/compiler/ti-cgt-arm_16.9.4.LTS/lib/</path>
         <kind>archive</kind>
         <file>rtsv7R4_T_be_v3D16_eabi.lib</file>
         <name>hostread.obj</name>
      </input_file>
      <input_file id="fl-5a">
         <path>/Applications/ti/ccsv7/tools/compiler/ti-cgt-arm_16.9.4.LTS/lib/</path>
         <kind>archive</kind>
         <file>rtsv7R4_T_be_v3D16_eabi.lib</file>
         <name>hostrename.obj</name>
      </input_file>
      <input_file id="fl-5b">
         <path>/Applications/ti/ccsv7/tools/compiler/ti-cgt-arm_16.9.4.LTS/lib/</path>
         <kind>archive</kind>
         <file>rtsv7R4_T_be_v3D16_eabi.lib</file>
         <name>hostunlink.obj</name>
      </input_file>
      <input_file id="fl-5c">
         <path>/Applications/ti/ccsv7/tools/compiler/ti-cgt-arm_16.9.4.LTS/lib/</path>
         <kind>archive</kind>
         <file>rtsv7R4_T_be_v3D16_eabi.lib</file>
         <name>hostwrite.obj</name>
      </input_file>
      <input_file id="fl-5d">
         <path>/Applications/ti/ccsv7/tools/compiler/ti-cgt-arm_16.9.4.LTS/lib/</path>
         <kind>archive</kind>
         <file>rtsv7R4_T_be_v3D16_eabi.lib</file>
         <name>i_div0.obj</name>
      </input_file>
      <input_file id="fl-5e">
         <path>/Applications/ti/ccsv7/tools/compiler/ti-cgt-arm_16.9.4.LTS/lib/</path>
         <kind>archive</kind>
         <file>rtsv7R4_T_be_v3D16_eabi.lib</file>
         <name>lseek.obj</name>
      </input_file>
      <input_file id="fl-5f">
         <path>/Applications/ti/ccsv7/tools/compiler/ti-cgt-arm_16.9.4.LTS/lib/</path>
         <kind>archive</kind>
         <file>rtsv7R4_T_be_v3D16_eabi.lib</file>
         <name>memccpy.obj</name>
      </input_file>
      <input_file id="fl-60">
         <path>/Applications/ti/ccsv7/tools/compiler/ti-cgt-arm_16.9.4.LTS/lib/</path>
         <kind>archive</kind>
         <file>rtsv7R4_T_be_v3D16_eabi.lib</file>
         <name>s_frexp.obj</name>
      </input_file>
      <input_file id="fl-61">
         <path>/Applications/ti/ccsv7/tools/compiler/ti-cgt-arm_16.9.4.LTS/lib/</path>
         <kind>archive</kind>
         <file>rtsv7R4_T_be_v3D16_eabi.lib</file>
         <name>s_scalbn.obj</name>
      </input_file>
      <input_file id="fl-62">
         <path>/Applications/ti/ccsv7/tools/compiler/ti-cgt-arm_16.9.4.LTS/lib/</path>
         <kind>archive</kind>
         <file>rtsv7R4_T_be_v3D16_eabi.lib</file>
         <name>setvbuf.obj</name>
      </input_file>
      <input_file id="fl-63">
         <path>/Applications/ti/ccsv7/tools/compiler/ti-cgt-arm_16.9.4.LTS/lib/</path>
         <kind>archive</kind>
         <file>rtsv7R4_T_be_v3D16_eabi.lib</file>
         <name>strchr.obj</name>
      </input_file>
      <input_file id="fl-64">
         <path>/Applications/ti/ccsv7/tools/compiler/ti-cgt-arm_16.9.4.LTS/lib/</path>
         <kind>archive</kind>
         <file>rtsv7R4_T_be_v3D16_eabi.lib</file>
         <name>strcspn.obj</name>
      </input_file>
      <input_file id="fl-65">
         <path>/Applications/ti/ccsv7/tools/compiler/ti-cgt-arm_16.9.4.LTS/lib/</path>
         <kind>archive</kind>
         <file>rtsv7R4_T_be_v3D16_eabi.lib</file>
         <name>strspn.obj</name>
      </input_file>
      <input_file id="fl-66">
         <path>/Applications/ti/ccsv7/tools/compiler/ti-cgt-arm_16.9.4.LTS/lib/</path>
         <kind>archive</kind>
         <file>rtsv7R4_T_be_v3D16_eabi.lib</file>
         <name>trgmsg.obj</name>
      </input_file>
      <input_file id="fl-67">
         <path>/Applications/ti/ccsv7/tools/compiler/ti-cgt-arm_16.9.4.LTS/lib/</path>
         <kind>archive</kind>
         <file>rtsv7R4_T_be_v3D16_eabi.lib</file>
         <name>ull_div32.obj</name>
      </input_file>
      <input_file id="fl-68">
         <path>/Applications/ti/ccsv7/tools/compiler/ti-cgt-arm_16.9.4.LTS/lib/</path>
         <kind>archive</kind>
         <file>rtsv7R4_T_be_v3D16_eabi.lib</file>
         <name>fopen.obj</name>
      </input_file>
      <input_file id="fl-69">
         <path>/Applications/ti/ccsv7/tools/compiler/ti-cgt-arm_16.9.4.LTS/lib/</path>
         <kind>archive</kind>
         <file>rtsv7R4_T_be_v3D16_eabi.lib</file>
         <name>open.obj</name>
      </input_file>
      <input_file id="fl-6a">
         <path>/Applications/ti/ccsv7/tools/compiler/ti-cgt-arm_16.9.4.LTS/lib/</path>
         <kind>archive</kind>
         <file>rtsv7R4_T_be_v3D16_eabi.lib</file>
         <name>s_copysign.obj</name>
      </input_file>
      <input_file id="fl-6b">
         <path>/Applications/ti/ccsv7/tools/compiler/ti-cgt-arm_16.9.4.LTS/lib/</path>
         <kind>archive</kind>
         <file>rtsv7R4_T_be_v3D16_eabi.lib</file>
         <name>fclose.obj</name>
      </input_file>
      <input_file id="fl-6c">
         <path>/Applications/ti/ccsv7/tools/compiler/ti-cgt-arm_16.9.4.LTS/lib/</path>
         <kind>archive</kind>
         <file>rtsv7R4_T_be_v3D16_eabi.lib</file>
         <name>getdevice.obj</name>
      </input_file>
      <input_file id="fl-6d">
         <path>/Applications/ti/ccsv7/tools/compiler/ti-cgt-arm_16.9.4.LTS/lib/</path>
         <kind>archive</kind>
         <file>rtsv7R4_T_be_v3D16_eabi.lib</file>
         <name>remove.obj</name>
      </input_file>
      <input_file id="fl-6e">
         <path>/Applications/ti/ccsv7/tools/compiler/ti-cgt-arm_16.9.4.LTS/lib/</path>
         <kind>archive</kind>
         <file>rtsv7R4_T_be_v3D16_eabi.lib</file>
         <name>strncpy.obj</name>
      </input_file>
      <input_file id="fl-6f">
         <path>/Applications/ti/ccsv7/tools/compiler/ti-cgt-arm_16.9.4.LTS/lib/</path>
         <kind>archive</kind>
         <file>rtsv7R4_T_be_v3D16_eabi.lib</file>
         <name>unlink.obj</name>
      </input_file>
      <input_file id="fl-70">
         <path>/Applications/ti/ccsv7/tools/compiler/ti-cgt-arm_16.9.4.LTS/lib/</path>
         <kind>archive</kind>
         <file>rtsv7R4_T_be_v3D16_eabi.lib</file>
         <name>close.obj</name>
      </input_file>
   </input_file_list>
   <object_component_list>
      <object_component id="oc-3c">
         <name>.intvecs</name>
         <load_address>0x0</load_address>
         <run_address>0x0</run_address>
         <size>0x20</size>
         <input_file_ref idref="fl-25"/>
      </object_component>
      <object_component id="oc-151">
         <name>.kernelTEXT</name>
         <load_address>0x20</load_address>
         <run_address>0x20</run_address>
         <size>0x345c</size>
         <input_file_ref idref="fl-1f"/>
      </object_component>
      <object_component id="oc-1dd">
         <name>.kernelTEXT</name>
         <load_address>0x347c</load_address>
         <run_address>0x347c</run_address>
         <size>0x1464</size>
         <input_file_ref idref="fl-1e"/>
      </object_component>
      <object_component id="oc-2bc">
         <name>.kernelTEXT</name>
         <load_address>0x48e0</load_address>
         <run_address>0x48e0</run_address>
         <size>0x85c</size>
         <input_file_ref idref="fl-18"/>
      </object_component>
      <object_component id="oc-2de">
         <name>.kernelTEXT</name>
         <load_address>0x513c</load_address>
         <run_address>0x513c</run_address>
         <size>0x3bc</size>
         <input_file_ref idref="fl-1c"/>
      </object_component>
      <object_component id="oc-b5">
         <name>.kernelTEXT</name>
         <load_address>0x54f8</load_address>
         <run_address>0x54f8</run_address>
         <size>0x3b0</size>
         <input_file_ref idref="fl-1d"/>
      </object_component>
      <object_component id="oc-2b0">
         <name>.kernelTEXT</name>
         <load_address>0x58a8</load_address>
         <run_address>0x58a8</run_address>
         <size>0x38c</size>
         <input_file_ref idref="fl-19"/>
      </object_component>
      <object_component id="oc-6c6">
         <name>.cinit..data.load</name>
         <load_address>0x5c38</load_address>
         <run_address>0x5c38</run_address>
         <size>0xf7</size>
      </object_component>
      <object_component id="oc-6c4">
         <name>.cinit..kernelBSS.load</name>
         <load_address>0x5d2f</load_address>
         <run_address>0x5d2f</run_address>
         <size>0xd</size>
      </object_component>
      <object_component id="oc-6c2">
         <name>__TI_handler_table</name>
         <load_address>0x5d3c</load_address>
         <run_address>0x5d3c</run_address>
         <size>0xc</size>
      </object_component>
      <object_component id="oc-6c5">
         <name>.cinit..bss.load</name>
         <load_address>0x5d48</load_address>
         <run_address>0x5d48</run_address>
         <size>0x8</size>
      </object_component>
      <object_component id="oc-6c3">
         <name>__TI_cinit_table</name>
         <load_address>0x5d50</load_address>
         <run_address>0x5d50</run_address>
         <size>0x18</size>
      </object_component>
      <object_component id="oc-84">
         <name>.text</name>
         <load_address>0x8020</load_address>
         <run_address>0x8020</run_address>
         <size>0x2c10</size>
         <input_file_ref idref="fl-2c"/>
      </object_component>
      <object_component id="oc-3fd">
         <name>.text</name>
         <load_address>0xac30</load_address>
         <run_address>0xac30</run_address>
         <size>0x107a</size>
         <input_file_ref idref="fl-51"/>
      </object_component>
      <object_component id="oc-3af">
         <name>.text</name>
         <load_address>0xbcaa</load_address>
         <run_address>0xbcaa</run_address>
         <size>0x2</size>
         <input_file_ref idref="fl-5d"/>
      </object_component>
      <object_component id="oc-12d">
         <name>.text</name>
         <load_address>0xbcac</load_address>
         <run_address>0xbcac</run_address>
         <size>0xbd8</size>
         <input_file_ref idref="fl-22"/>
      </object_component>
      <object_component id="oc-14b">
         <name>.text</name>
         <load_address>0xc884</load_address>
         <run_address>0xc884</run_address>
         <size>0xb14</size>
         <input_file_ref idref="fl-1b"/>
      </object_component>
      <object_component id="oc-1c0">
         <name>.text</name>
         <load_address>0xd398</load_address>
         <run_address>0xd398</run_address>
         <size>0xb0c</size>
         <input_file_ref idref="fl-13"/>
      </object_component>
      <object_component id="oc-464">
         <name>.text</name>
         <load_address>0xdea4</load_address>
         <run_address>0xdea4</run_address>
         <size>0xaec</size>
         <input_file_ref idref="fl-f"/>
      </object_component>
      <object_component id="oc-7e">
         <name>.text</name>
         <load_address>0xe990</load_address>
         <run_address>0xe990</run_address>
         <size>0xaa4</size>
         <input_file_ref idref="fl-2f"/>
      </object_component>
      <object_component id="oc-48">
         <name>.text</name>
         <load_address>0xf434</load_address>
         <run_address>0xf434</run_address>
         <size>0xa58</size>
         <input_file_ref idref="fl-2e"/>
      </object_component>
      <object_component id="oc-32d">
         <name>.text</name>
         <load_address>0xfe8c</load_address>
         <run_address>0xfe8c</run_address>
         <size>0x9c4</size>
         <input_file_ref idref="fl-3"/>
      </object_component>
      <object_component id="oc-bd">
         <name>.text</name>
         <load_address>0x10850</load_address>
         <run_address>0x10850</run_address>
         <size>0x914</size>
         <input_file_ref idref="fl-2"/>
      </object_component>
      <object_component id="oc-fc">
         <name>.text</name>
         <load_address>0x11164</load_address>
         <run_address>0x11164</run_address>
         <size>0x8bc</size>
         <input_file_ref idref="fl-15"/>
      </object_component>
      <object_component id="oc-336">
         <name>.text</name>
         <load_address>0x11a20</load_address>
         <run_address>0x11a20</run_address>
         <size>0x818</size>
         <input_file_ref idref="fl-b"/>
      </object_component>
      <object_component id="oc-139">
         <name>.text</name>
         <load_address>0x12238</load_address>
         <run_address>0x12238</run_address>
         <size>0x7f0</size>
         <input_file_ref idref="fl-4"/>
      </object_component>
      <object_component id="oc-1d7">
         <name>.text</name>
         <load_address>0x12a28</load_address>
         <run_address>0x12a28</run_address>
         <size>0x7a8</size>
         <input_file_ref idref="fl-21"/>
      </object_component>
      <object_component id="oc-321">
         <name>.text</name>
         <load_address>0x131d0</load_address>
         <run_address>0x131d0</run_address>
         <size>0x640</size>
         <input_file_ref idref="fl-5"/>
      </object_component>
      <object_component id="oc-8a">
         <name>.text</name>
         <load_address>0x13810</load_address>
         <run_address>0x13810</run_address>
         <size>0x5d8</size>
         <input_file_ref idref="fl-11"/>
      </object_component>
      <object_component id="oc-127">
         <name>.text</name>
         <load_address>0x13de8</load_address>
         <run_address>0x13de8</run_address>
         <size>0x484</size>
         <input_file_ref idref="fl-12"/>
      </object_component>
      <object_component id="oc-425">
         <name>.text</name>
         <load_address>0x1426c</load_address>
         <run_address>0x1426c</run_address>
         <size>0x478</size>
         <input_file_ref idref="fl-a"/>
      </object_component>
      <object_component id="oc-145">
         <name>.text</name>
         <load_address>0x146e4</load_address>
         <run_address>0x146e4</run_address>
         <size>0x450</size>
         <input_file_ref idref="fl-8"/>
      </object_component>
      <object_component id="oc-470">
         <name>.text</name>
         <load_address>0x14b34</load_address>
         <run_address>0x14b34</run_address>
         <size>0x3d8</size>
         <input_file_ref idref="fl-42"/>
      </object_component>
      <object_component id="oc-79">
         <name>.text</name>
         <load_address>0x14f0c</load_address>
         <run_address>0x14f0c</run_address>
         <size>0x34c</size>
         <input_file_ref idref="fl-23"/>
      </object_component>
      <object_component id="oc-47">
         <name>.text:retain</name>
         <load_address>0x15258</load_address>
         <run_address>0x15258</run_address>
         <size>0x2cc</size>
         <input_file_ref idref="fl-2e"/>
      </object_component>
      <object_component id="oc-4df">
         <name>.text</name>
         <load_address>0x15524</load_address>
         <run_address>0x15524</run_address>
         <size>0x2b8</size>
         <input_file_ref idref="fl-67"/>
      </object_component>
      <object_component id="oc-169">
         <name>.text</name>
         <load_address>0x157dc</load_address>
         <run_address>0x157dc</run_address>
         <size>0x2a0</size>
         <input_file_ref idref="fl-9"/>
      </object_component>
      <object_component id="oc-2b6">
         <name>.text</name>
         <load_address>0x15a7c</load_address>
         <run_address>0x15a7c</run_address>
         <size>0x29c</size>
         <input_file_ref idref="fl-19"/>
      </object_component>
      <object_component id="oc-2d8">
         <name>.text</name>
         <load_address>0x15d18</load_address>
         <run_address>0x15d18</run_address>
         <size>0x238</size>
         <input_file_ref idref="fl-1a"/>
      </object_component>
      <object_component id="oc-36">
         <name>.text:retain</name>
         <load_address>0x15f50</load_address>
         <run_address>0x15f50</run_address>
         <size>0x204</size>
         <input_file_ref idref="fl-21"/>
      </object_component>
      <object_component id="oc-133">
         <name>.text</name>
         <load_address>0x16154</load_address>
         <run_address>0x16154</run_address>
         <size>0x1d8</size>
         <input_file_ref idref="fl-e"/>
      </object_component>
      <object_component id="oc-5c7">
         <name>.text</name>
         <load_address>0x1632c</load_address>
         <run_address>0x1632c</run_address>
         <size>0x1c8</size>
         <input_file_ref idref="fl-68"/>
      </object_component>
      <object_component id="oc-21">
         <name>.text:retain</name>
         <load_address>0x164f4</load_address>
         <run_address>0x164f4</run_address>
         <size>0x1c0</size>
         <input_file_ref idref="fl-2d"/>
      </object_component>
      <object_component id="oc-c4">
         <name>.text</name>
         <load_address>0x166b4</load_address>
         <run_address>0x166b4</run_address>
         <size>0x1c0</size>
         <input_file_ref idref="fl-d"/>
      </object_component>
      <object_component id="oc-3f1">
         <name>.text</name>
         <load_address>0x16874</load_address>
         <run_address>0x16874</run_address>
         <size>0x1b4</size>
         <input_file_ref idref="fl-1c"/>
      </object_component>
      <object_component id="oc-9c">
         <name>.text</name>
         <load_address>0x16a28</load_address>
         <run_address>0x16a28</run_address>
         <size>0x1a4</size>
         <input_file_ref idref="fl-26"/>
      </object_component>
      <object_component id="oc-96">
         <name>.text</name>
         <load_address>0x16bcc</load_address>
         <run_address>0x16bcc</run_address>
         <size>0x158</size>
         <input_file_ref idref="fl-7"/>
      </object_component>
      <object_component id="oc-3b8">
         <name>.text</name>
         <load_address>0x16d24</load_address>
         <run_address>0x16d24</run_address>
         <size>0x138</size>
         <input_file_ref idref="fl-3d"/>
      </object_component>
      <object_component id="oc-437">
         <name>.text</name>
         <load_address>0x16e5c</load_address>
         <run_address>0x16e5c</run_address>
         <size>0x130</size>
         <input_file_ref idref="fl-4c"/>
      </object_component>
      <object_component id="oc-27">
         <name>.text:retain</name>
         <load_address>0x16f8c</load_address>
         <run_address>0x16f8c</run_address>
         <size>0x114</size>
         <input_file_ref idref="fl-11"/>
      </object_component>
      <object_component id="oc-a9">
         <name>.text</name>
         <load_address>0x170a0</load_address>
         <run_address>0x170a0</run_address>
         <size>0x104</size>
         <input_file_ref idref="fl-14"/>
      </object_component>
      <object_component id="oc-2aa">
         <name>.text</name>
         <load_address>0x171a4</load_address>
         <run_address>0x171a4</run_address>
         <size>0x100</size>
         <input_file_ref idref="fl-1f"/>
      </object_component>
      <object_component id="oc-4ea">
         <name>.text</name>
         <load_address>0x172a4</load_address>
         <run_address>0x172a4</run_address>
         <size>0xf4</size>
         <input_file_ref idref="fl-61"/>
      </object_component>
      <object_component id="oc-ce">
         <name>.text</name>
         <load_address>0x17398</load_address>
         <run_address>0x17398</run_address>
         <size>0xe8</size>
         <input_file_ref idref="fl-10"/>
      </object_component>
      <object_component id="oc-370">
         <name>.text</name>
         <load_address>0x17480</load_address>
         <run_address>0x17480</run_address>
         <size>0xe0</size>
         <input_file_ref idref="fl-44"/>
      </object_component>
      <object_component id="oc-104">
         <name>.text</name>
         <load_address>0x17560</load_address>
         <run_address>0x17560</run_address>
         <size>0xe0</size>
         <input_file_ref idref="fl-2b"/>
      </object_component>
      <object_component id="oc-568">
         <name>.text</name>
         <load_address>0x17640</load_address>
         <run_address>0x17640</run_address>
         <size>0xdc</size>
         <input_file_ref idref="fl-62"/>
      </object_component>
      <object_component id="oc-30">
         <name>.text:retain</name>
         <load_address>0x1771c</load_address>
         <run_address>0x1771c</run_address>
         <size>0xcc</size>
         <input_file_ref idref="fl-13"/>
      </object_component>
      <object_component id="oc-3be">
         <name>.text</name>
         <load_address>0x177e8</load_address>
         <run_address>0x177e8</run_address>
         <size>0xcc</size>
         <input_file_ref idref="fl-3c"/>
      </object_component>
      <object_component id="oc-5fe">
         <name>.text</name>
         <load_address>0x178b4</load_address>
         <run_address>0x178b4</run_address>
         <size>0xbc</size>
         <input_file_ref idref="fl-69"/>
      </object_component>
      <object_component id="oc-49e">
         <name>.text</name>
         <load_address>0x17970</load_address>
         <run_address>0x17970</run_address>
         <size>0xae</size>
         <input_file_ref idref="fl-4f"/>
      </object_component>
      <object_component id="oc-61">
         <name>.text</name>
         <load_address>0x17a1e</load_address>
         <run_address>0x17a1e</run_address>
         <size>0x9c</size>
         <input_file_ref idref="fl-41"/>
      </object_component>
      <object_component id="oc-118">
         <name>.text</name>
         <load_address>0x17aba</load_address>
         <run_address>0x17aba</run_address>
         <size>0x2</size>
         <input_file_ref idref="fl-47"/>
      </object_component>
      <object_component id="oc-604">
         <name>.text</name>
         <load_address>0x17abc</load_address>
         <run_address>0x17abc</run_address>
         <size>0x98</size>
         <input_file_ref idref="fl-6b"/>
      </object_component>
      <object_component id="oc-327">
         <name>.text</name>
         <load_address>0x17b54</load_address>
         <run_address>0x17b54</run_address>
         <size>0x94</size>
         <input_file_ref idref="fl-45"/>
      </object_component>
      <object_component id="oc-6d">
         <name>.text</name>
         <load_address>0x17be8</load_address>
         <run_address>0x17be8</run_address>
         <size>0x7a</size>
         <input_file_ref idref="fl-43"/>
      </object_component>
      <object_component id="oc-63d">
         <name>.text</name>
         <load_address>0x17c64</load_address>
         <run_address>0x17c64</run_address>
         <size>0x74</size>
         <input_file_ref idref="fl-6c"/>
      </object_component>
      <object_component id="oc-4e4">
         <name>.text</name>
         <load_address>0x17cd8</load_address>
         <run_address>0x17cd8</run_address>
         <size>0x74</size>
         <input_file_ref idref="fl-60"/>
      </object_component>
      <object_component id="oc-90">
         <name>.text</name>
         <load_address>0x17d4c</load_address>
         <run_address>0x17d4c</run_address>
         <size>0x70</size>
         <input_file_ref idref="fl-35"/>
      </object_component>
      <object_component id="oc-f">
         <name>.text:decompress:lzss</name>
         <load_address>0x17dbc</load_address>
         <run_address>0x17dbc</run_address>
         <size>0x6c</size>
         <input_file_ref idref="fl-36"/>
      </object_component>
      <object_component id="oc-633">
         <name>.text</name>
         <load_address>0x17e28</load_address>
         <run_address>0x17e28</run_address>
         <size>0x6c</size>
         <input_file_ref idref="fl-5a"/>
      </object_component>
      <object_component id="oc-657">
         <name>.text</name>
         <load_address>0x17e94</load_address>
         <run_address>0x17e94</run_address>
         <size>0x6c</size>
         <input_file_ref idref="fl-66"/>
      </object_component>
      <object_component id="oc-627">
         <name>.text</name>
         <load_address>0x17f00</load_address>
         <run_address>0x17f00</run_address>
         <size>0x68</size>
         <input_file_ref idref="fl-57"/>
      </object_component>
      <object_component id="oc-562">
         <name>.text</name>
         <load_address>0x17f68</load_address>
         <run_address>0x17f68</run_address>
         <size>0x64</size>
         <input_file_ref idref="fl-55"/>
      </object_component>
      <object_component id="oc-2ed">
         <name>.text</name>
         <load_address>0x17fcc</load_address>
         <run_address>0x17fcc</run_address>
         <size>0x64</size>
         <input_file_ref idref="fl-46"/>
      </object_component>
      <object_component id="oc-13f">
         <name>.text</name>
         <load_address>0x18030</load_address>
         <run_address>0x18030</run_address>
         <size>0x60</size>
         <input_file_ref idref="fl-c"/>
      </object_component>
      <object_component id="oc-60f">
         <name>.text</name>
         <load_address>0x18090</load_address>
         <run_address>0x18090</run_address>
         <size>0x5c</size>
         <input_file_ref idref="fl-58"/>
      </object_component>
      <object_component id="oc-61b">
         <name>.text</name>
         <load_address>0x180ec</load_address>
         <run_address>0x180ec</run_address>
         <size>0x5c</size>
         <input_file_ref idref="fl-59"/>
      </object_component>
      <object_component id="oc-646">
         <name>.text</name>
         <load_address>0x18148</load_address>
         <run_address>0x18148</run_address>
         <size>0x58</size>
         <input_file_ref idref="fl-70"/>
      </object_component>
      <object_component id="oc-621">
         <name>.text</name>
         <load_address>0x181a0</load_address>
         <run_address>0x181a0</run_address>
         <size>0x58</size>
         <input_file_ref idref="fl-5c"/>
      </object_component>
      <object_component id="oc-283">
         <name>.text</name>
         <load_address>0x181f8</load_address>
         <run_address>0x181f8</run_address>
         <size>0x54</size>
         <input_file_ref idref="fl-3e"/>
      </object_component>
      <object_component id="oc-46a">
         <name>.text</name>
         <load_address>0x1824c</load_address>
         <run_address>0x1824c</run_address>
         <size>0x54</size>
         <input_file_ref idref="fl-3f"/>
      </object_component>
      <object_component id="oc-4f6">
         <name>.text</name>
         <load_address>0x182a0</load_address>
         <run_address>0x182a0</run_address>
         <size>0x50</size>
         <input_file_ref idref="fl-52"/>
      </object_component>
      <object_component id="oc-a2">
         <name>.text</name>
         <load_address>0x182f0</load_address>
         <run_address>0x182f0</run_address>
         <size>0x50</size>
         <input_file_ref idref="fl-3b"/>
      </object_component>
      <object_component id="oc-2f3">
         <name>.text</name>
         <load_address>0x18340</load_address>
         <run_address>0x18340</run_address>
         <size>0x50</size>
         <input_file_ref idref="fl-4d"/>
      </object_component>
      <object_component id="oc-112">
         <name>.text</name>
         <load_address>0x18390</load_address>
         <run_address>0x18390</run_address>
         <size>0x4c</size>
         <input_file_ref idref="fl-39"/>
      </object_component>
      <object_component id="oc-615">
         <name>.text</name>
         <load_address>0x183dc</load_address>
         <run_address>0x183dc</run_address>
         <size>0x44</size>
         <input_file_ref idref="fl-56"/>
      </object_component>
      <object_component id="oc-62d">
         <name>.text</name>
         <load_address>0x18420</load_address>
         <run_address>0x18420</run_address>
         <size>0x44</size>
         <input_file_ref idref="fl-5b"/>
      </object_component>
      <object_component id="oc-42b">
         <name>.text</name>
         <load_address>0x18464</load_address>
         <run_address>0x18464</run_address>
         <size>0x40</size>
         <input_file_ref idref="fl-4b"/>
      </object_component>
      <object_component id="oc-66d">
         <name>.text</name>
         <load_address>0x184a4</load_address>
         <run_address>0x184a4</run_address>
         <size>0x36</size>
         <input_file_ref idref="fl-6e"/>
      </object_component>
      <object_component id="oc-28a">
         <name>.text</name>
         <load_address>0x184dc</load_address>
         <run_address>0x184dc</run_address>
         <size>0x2c</size>
         <input_file_ref idref="fl-34"/>
      </object_component>
      <object_component id="oc-64c">
         <name>.text</name>
         <load_address>0x18508</load_address>
         <run_address>0x18508</run_address>
         <size>0x2c</size>
         <input_file_ref idref="fl-6f"/>
      </object_component>
      <object_component id="oc-524">
         <name>.text</name>
         <load_address>0x18534</load_address>
         <run_address>0x18534</run_address>
         <size>0x2a</size>
         <input_file_ref idref="fl-65"/>
      </object_component>
      <object_component id="oc-5bf">
         <name>.text</name>
         <load_address>0x18560</load_address>
         <run_address>0x18560</run_address>
         <size>0x28</size>
         <input_file_ref idref="fl-5e"/>
      </object_component>
      <object_component id="oc-4aa">
         <name>.text</name>
         <load_address>0x18588</load_address>
         <run_address>0x18588</run_address>
         <size>0x28</size>
         <input_file_ref idref="fl-4e"/>
      </object_component>
      <object_component id="oc-52a">
         <name>.text</name>
         <load_address>0x185b0</load_address>
         <run_address>0x185b0</run_address>
         <size>0x22</size>
         <input_file_ref idref="fl-64"/>
      </object_component>
      <object_component id="oc-4a4">
         <name>.text</name>
         <load_address>0x185d2</load_address>
         <run_address>0x185d2</run_address>
         <size>0x20</size>
         <input_file_ref idref="fl-40"/>
      </object_component>
      <object_component id="oc-4fc">
         <name>.text</name>
         <load_address>0x185f2</load_address>
         <run_address>0x185f2</run_address>
         <size>0x1c</size>
         <input_file_ref idref="fl-5f"/>
      </object_component>
      <object_component id="oc-587">
         <name>.text</name>
         <load_address>0x1860e</load_address>
         <run_address>0x1860e</run_address>
         <size>0x18</size>
         <input_file_ref idref="fl-6a"/>
      </object_component>
      <object_component id="oc-431">
         <name>.text</name>
         <load_address>0x18626</load_address>
         <run_address>0x18626</run_address>
         <size>0x18</size>
         <input_file_ref idref="fl-48"/>
      </object_component>
      <object_component id="oc-4f0">
         <name>.text</name>
         <load_address>0x1863e</load_address>
         <run_address>0x1863e</run_address>
         <size>0x16</size>
         <input_file_ref idref="fl-63"/>
      </object_component>
      <object_component id="oc-1e3">
         <name>.text</name>
         <load_address>0x18654</load_address>
         <run_address>0x18654</run_address>
         <size>0x16</size>
         <input_file_ref idref="fl-4a"/>
      </object_component>
      <object_component id="oc-347">
         <name>.text</name>
         <load_address>0x1866c</load_address>
         <run_address>0x1866c</run_address>
         <size>0x14</size>
         <input_file_ref idref="fl-50"/>
      </object_component>
      <object_component id="oc-2e7">
         <name>.text</name>
         <load_address>0x18680</load_address>
         <run_address>0x18680</run_address>
         <size>0x14</size>
         <input_file_ref idref="fl-49"/>
      </object_component>
      <object_component id="oc-15">
         <name>.text:decompress:none</name>
         <load_address>0x18694</load_address>
         <run_address>0x18694</run_address>
         <size>0xe</size>
         <input_file_ref idref="fl-37"/>
      </object_component>
      <object_component id="oc-1b">
         <name>.text:decompress:ZI</name>
         <load_address>0x186a2</load_address>
         <run_address>0x186a2</run_address>
         <size>0xc</size>
         <input_file_ref idref="fl-38"/>
      </object_component>
      <object_component id="oc-41">
         <name>.text:retain</name>
         <load_address>0x186b0</load_address>
         <run_address>0x186b0</run_address>
         <size>0x4</size>
         <input_file_ref idref="fl-29"/>
      </object_component>
      <object_component id="oc-2d">
         <name>.const:s_vim_init</name>
         <load_address>0x186b4</load_address>
         <run_address>0x186b4</run_address>
         <size>0x200</size>
         <input_file_ref idref="fl-2e"/>
      </object_component>
      <object_component id="oc-537">
         <name>.const:.string:_ctypes_</name>
         <load_address>0x188b4</load_address>
         <run_address>0x188b4</run_address>
         <size>0x101</size>
         <input_file_ref idref="fl-53"/>
      </object_component>
      <object_component id="oc-44b">
         <name>.const:.string:$P$T6$3</name>
         <load_address>0x189b5</load_address>
         <run_address>0x189b5</run_address>
         <size>0x2</size>
         <input_file_ref idref="fl-3"/>
      </object_component>
      <object_component id="oc-549">
         <name>.const:.string</name>
         <load_address>0x189b8</load_address>
         <run_address>0x189b8</run_address>
         <size>0xa4</size>
         <input_file_ref idref="fl-3"/>
      </object_component>
      <object_component id="oc-274">
         <name>.const:.string</name>
         <load_address>0x18a5c</load_address>
         <run_address>0x18a5c</run_address>
         <size>0x94</size>
         <input_file_ref idref="fl-7"/>
      </object_component>
      <object_component id="oc-3d3">
         <name>.const:.string</name>
         <load_address>0x18af0</load_address>
         <run_address>0x18af0</run_address>
         <size>0x34</size>
         <input_file_ref idref="fl-8"/>
      </object_component>
      <object_component id="oc-295">
         <name>.const:cumulativeSecondsInMonth</name>
         <load_address>0x18b24</load_address>
         <run_address>0x18b24</run_address>
         <size>0x30</size>
         <input_file_ref idref="fl-4"/>
      </object_component>
      <object_component id="oc-33f">
         <name>.const:$P$T6$2</name>
         <load_address>0x18b54</load_address>
         <run_address>0x18b54</run_address>
         <size>0x24</size>
         <input_file_ref idref="fl-9"/>
      </object_component>
      <object_component id="oc-29f">
         <name>.const:TRANSITION_TABLE</name>
         <load_address>0x18b78</load_address>
         <run_address>0x18b78</run_address>
         <size>0x24</size>
         <input_file_ref idref="fl-8"/>
      </object_component>
      <object_component id="oc-1ca">
         <name>.const:$P$T0$1</name>
         <load_address>0x18b9c</load_address>
         <run_address>0x18b9c</run_address>
         <size>0x20</size>
         <input_file_ref idref="fl-2"/>
      </object_component>
      <object_component id="oc-476">
         <name>.const:$P$T0$1</name>
         <load_address>0x18bbc</load_address>
         <run_address>0x18bbc</run_address>
         <size>0x20</size>
         <input_file_ref idref="fl-b"/>
      </object_component>
      <object_component id="oc-1d0">
         <name>.const:$P$T2$3</name>
         <load_address>0x18bdc</load_address>
         <run_address>0x18bdc</run_address>
         <size>0x20</size>
         <input_file_ref idref="fl-2"/>
      </object_component>
      <object_component id="oc-33c">
         <name>.const:$P$T5$1</name>
         <load_address>0x18bfc</load_address>
         <run_address>0x18bfc</run_address>
         <size>0x18</size>
         <input_file_ref idref="fl-9"/>
      </object_component>
      <object_component id="oc-43e">
         <name>.const:$P$T5$2</name>
         <load_address>0x18c14</load_address>
         <run_address>0x18c14</run_address>
         <size>0x18</size>
         <input_file_ref idref="fl-3"/>
      </object_component>
      <object_component id="oc-415">
         <name>.const:$P$T6$1</name>
         <load_address>0x18c2c</load_address>
         <run_address>0x18c2c</run_address>
         <size>0x18</size>
         <input_file_ref idref="fl-5"/>
      </object_component>
      <object_component id="oc-454">
         <name>.const:$P$T7$4</name>
         <load_address>0x18c44</load_address>
         <run_address>0x18c44</run_address>
         <size>0x18</size>
         <input_file_ref idref="fl-3"/>
      </object_component>
      <object_component id="oc-448">
         <name>.const:CMD_FUNCS</name>
         <load_address>0x18c5c</load_address>
         <run_address>0x18c5c</run_address>
         <size>0x18</size>
         <input_file_ref idref="fl-3"/>
      </object_component>
      <object_component id="oc-550">
         <name>.const:s_adcFiFoSize</name>
         <load_address>0x18c74</load_address>
         <run_address>0x18c74</run_address>
         <size>0x18</size>
         <input_file_ref idref="fl-f"/>
      </object_component>
      <object_component id="oc-553">
         <name>.const:s_adcSelect</name>
         <load_address>0x18c8c</load_address>
         <run_address>0x18c8c</run_address>
         <size>0x18</size>
         <input_file_ref idref="fl-f"/>
      </object_component>
      <object_component id="oc-1cd">
         <name>.const:$P$T1$2</name>
         <load_address>0x18ca4</load_address>
         <run_address>0x18ca4</run_address>
         <size>0xc</size>
         <input_file_ref idref="fl-2"/>
      </object_component>
      <object_component id="oc-29c">
         <name>.const:STATE_TABLE</name>
         <load_address>0x18cb0</load_address>
         <run_address>0x18cb0</run_address>
         <size>0xc</size>
         <input_file_ref idref="fl-8"/>
      </object_component>
      <object_component id="oc-51d">
         <name>.const:$P$T0$1</name>
         <load_address>0x18cbc</load_address>
         <run_address>0x18cbc</run_address>
         <size>0x6</size>
         <input_file_ref idref="fl-a"/>
      </object_component>
      <object_component id="oc-520">
         <name>.const:$P$T1$2</name>
         <load_address>0x18cc2</load_address>
         <run_address>0x18cc2</run_address>
         <size>0x6</size>
         <input_file_ref idref="fl-a"/>
      </object_component>
      <object_component id="oc-3da">
         <name>.const</name>
         <load_address>0x18cc8</load_address>
         <run_address>0x18cc8</run_address>
         <size>0x4</size>
         <input_file_ref idref="fl-19"/>
      </object_component>
      <object_component id="oc-197">
         <name>.kernelBSS</name>
         <load_address>0x8000920</load_address>
         <run_address>0x8000920</run_address>
         <size>0x8</size>
         <input_file_ref idref="fl-1c"/>
      </object_component>
      <object_component id="oc-194">
         <name>.kernelBSS:init</name>
         <load_address>0x80008e4</load_address>
         <run_address>0x80008e4</run_address>
         <size>0x3c</size>
         <input_file_ref idref="fl-1f"/>
      </object_component>
      <object_component id="oc-2e4">
         <name>.kernelBSS:uninit</name>
         <load_address>0x8000800</load_address>
         <run_address>0x8000800</run_address>
         <size>0xe4</size>
         <input_file_ref idref="fl-1f"/>
      </object_component>
      <object_component id="oc-441">
         <name>.bss:event$1</name>
         <uninitialized>true</uninitialized>
         <run_address>0x8004a34</run_address>
         <size>0x24</size>
         <input_file_ref idref="fl-3"/>
      </object_component>
      <object_component id="oc-3e2">
         <name>.bss:ucHeap</name>
         <uninitialized>true</uninitialized>
         <run_address>0x8001000</run_address>
         <size>0x36b0</size>
         <input_file_ref idref="fl-19"/>
      </object_component>
      <object_component id="oc-3dd">
         <name>.bss:xStart</name>
         <uninitialized>true</uninitialized>
         <run_address>0x8004a84</run_address>
         <size>0x8</size>
         <input_file_ref idref="fl-19"/>
      </object_component>
      <object_component id="oc-ca">
         <name>.bss:g_sciTransfer_t</name>
         <uninitialized>true</uninitialized>
         <run_address>0x80049e4</run_address>
         <size>0x28</size>
         <input_file_ref idref="fl-21"/>
      </object_component>
      <object_component id="oc-279">
         <name>.bss:g_spiPacket_t</name>
         <uninitialized>true</uninitialized>
         <run_address>0x800496c</run_address>
         <size>0x78</size>
         <input_file_ref idref="fl-22"/>
      </object_component>
      <object_component id="oc-67d">
         <name>.bss:_CIOBUF_</name>
         <uninitialized>true</uninitialized>
         <run_address>0x80046b0</run_address>
         <size>0x120</size>
         <input_file_ref idref="fl-66"/>
      </object_component>
      <object_component id="oc-1d3">
         <name>.common:TG0_IS_Complete</name>
         <uninitialized>true</uninitialized>
         <run_address>0x8004a94</run_address>
         <size>0x4</size>
      </object_component>
      <object_component id="oc-1c6">
         <name>.common:TG1_IS_Complete</name>
         <uninitialized>true</uninitialized>
         <run_address>0x8004a98</run_address>
         <size>0x4</size>
      </object_component>
      <object_component id="oc-1d4">
         <name>.common:TG2_IS_Complete</name>
         <uninitialized>true</uninitialized>
         <run_address>0x8004aa0</run_address>
         <size>0x4</size>
      </object_component>
      <object_component id="oc-1d5">
         <name>.common:TG3_IS_Complete</name>
         <uninitialized>true</uninitialized>
         <run_address>0x8004aa4</run_address>
         <size>0x4</size>
      </object_component>
      <object_component id="oc-1c9">
         <name>.common:TG3_RX</name>
         <uninitialized>true</uninitialized>
         <run_address>0x8004a0c</run_address>
         <size>0x28</size>
      </object_component>
      <object_component id="oc-1c7">
         <name>.common:TG1_RX</name>
         <uninitialized>true</uninitialized>
         <run_address>0x8004a9c</run_address>
         <size>0x4</size>
      </object_component>
      <object_component id="oc-1c8">
         <name>.common:dummyBytes_16</name>
         <uninitialized>true</uninitialized>
         <run_address>0x8004a58</run_address>
         <size>0x20</size>
      </object_component>
      <object_component id="oc-299">
         <name>.common:addressWritten</name>
         <uninitialized>true</uninitialized>
         <run_address>0x8004aa8</run_address>
         <size>0x4</size>
      </object_component>
      <object_component id="oc-29a">
         <name>.common:lastRead</name>
         <uninitialized>true</uninitialized>
         <run_address>0x8004ab0</run_address>
         <size>0x4</size>
      </object_component>
      <object_component id="oc-15b">
         <name>.common:xFlashMutex</name>
         <uninitialized>true</uninitialized>
         <run_address>0x8004abc</run_address>
         <size>0x4</size>
      </object_component>
      <object_component id="oc-43d">
         <name>.common:buffer</name>
         <uninitialized>true</uninitialized>
         <run_address>0x80047d0</run_address>
         <size>0xfc</size>
      </object_component>
      <object_component id="oc-162">
         <name>.common:xRTCMutex</name>
         <uninitialized>true</uninitialized>
         <run_address>0x8004ac4</run_address>
         <size>0x4</size>
      </object_component>
      <object_component id="oc-293">
         <name>.common:rtc_spiConfig</name>
         <uninitialized>true</uninitialized>
         <run_address>0x8004ab4</run_address>
         <size>0x4</size>
      </object_component>
      <object_component id="oc-294">
         <name>.common:epochOffset</name>
         <uninitialized>true</uninitialized>
         <run_address>0x8004aac</run_address>
         <size>0x4</size>
      </object_component>
      <object_component id="oc-51a">
         <name>.common:spiDataConfig</name>
         <uninitialized>true</uninitialized>
         <run_address>0x8004ab8</run_address>
         <size>0x4</size>
      </object_component>
      <object_component id="oc-120">
         <name>.common:startData</name>
         <uninitialized>true</uninitialized>
         <run_address>0x8004ad9</run_address>
         <size>0x1</size>
      </object_component>
      <object_component id="oc-2a2">
         <name>.common:cur_state</name>
         <uninitialized>true</uninitialized>
         <run_address>0x8004ad8</run_address>
         <size>0x1</size>
      </object_component>
      <object_component id="oc-2a5">
         <name>.common:state_persistent_data</name>
         <uninitialized>true</uninitialized>
         <run_address>0x8004a78</run_address>
         <size>0xc</size>
      </object_component>
      <object_component id="oc-516">
         <name>.common:xRadioTXQueue</name>
         <uninitialized>true</uninitialized>
         <run_address>0x8004acc</run_address>
         <size>0x4</size>
      </object_component>
      <object_component id="oc-519">
         <name>.common:xRadioRXQueue</name>
         <uninitialized>true</uninitialized>
         <run_address>0x8004ac8</run_address>
         <size>0x4</size>
      </object_component>
      <object_component id="oc-479">
         <name>.common:xQueue</name>
         <uninitialized>true</uninitialized>
         <run_address>0x8004ac0</run_address>
         <size>0x4</size>
      </object_component>
      <object_component id="oc-157">
         <name>.common:xSerialTXQueue</name>
         <uninitialized>true</uninitialized>
         <run_address>0x8004ad4</run_address>
         <size>0x4</size>
      </object_component>
      <object_component id="oc-15a">
         <name>.common:xSerialRXQueue</name>
         <uninitialized>true</uninitialized>
         <run_address>0x8004ad0</run_address>
         <size>0x4</size>
      </object_component>
      <object_component id="oc-652">
         <name>.common:__TI_tmpnams</name>
         <uninitialized>true</uninitialized>
         <run_address>0x80048cc</run_address>
         <size>0xa0</size>
      </object_component>
      <object_component id="oc-65d">
         <name>.common:parmbuf</name>
         <uninitialized>true</uninitialized>
         <run_address>0x8004a8c</run_address>
         <size>0x8</size>
      </object_component>
      <object_component id="oc-451">
         <name>.data:CMD_DBG_STRINGS</name>
         <load_address>0x8005500</load_address>
         <run_address>0x8005500</run_address>
         <size>0xf0</size>
         <input_file_ref idref="fl-3"/>
      </object_component>
      <object_component id="oc-44e">
         <name>.data:CMD_NAMES</name>
         <load_address>0x80057e8</load_address>
         <run_address>0x80057e8</run_address>
         <size>0x18</size>
         <input_file_ref idref="fl-3"/>
      </object_component>
      <object_component id="oc-442">
         <name>.data:testCMD</name>
         <load_address>0x8005800</load_address>
         <run_address>0x8005800</run_address>
         <size>0x18</size>
         <input_file_ref idref="fl-3"/>
      </object_component>
      <object_component id="oc-445">
         <name>.data:testSCHED</name>
         <load_address>0x8005818</load_address>
         <run_address>0x8005818</run_address>
         <size>0x14</size>
         <input_file_ref idref="fl-3"/>
      </object_component>
      <object_component id="oc-290">
         <name>.data</name>
         <load_address>0x800587c</load_address>
         <run_address>0x800587c</run_address>
         <size>0x8</size>
         <input_file_ref idref="fl-4"/>
      </object_component>
      <object_component id="oc-412">
         <name>.data:schedule</name>
         <load_address>0x80052e0</load_address>
         <run_address>0x80052e0</run_address>
         <size>0x220</size>
         <input_file_ref idref="fl-5"/>
      </object_component>
      <object_component id="oc-123">
         <name>.data:STARTUP_STRING</name>
         <load_address>0x80057a8</load_address>
         <run_address>0x80057a8</run_address>
         <size>0x20</size>
         <input_file_ref idref="fl-7"/>
      </object_component>
      <object_component id="oc-2a6">
         <name>.data:stateNameString</name>
         <load_address>0x800584c</load_address>
         <run_address>0x800584c</run_address>
         <size>0x10</size>
         <input_file_ref idref="fl-8"/>
      </object_component>
      <object_component id="oc-333">
         <name>.data</name>
         <load_address>0x80057c8</load_address>
         <run_address>0x80057c8</run_address>
         <size>0x20</size>
         <input_file_ref idref="fl-9"/>
      </object_component>
      <object_component id="oc-1e9">
         <name>.data</name>
         <load_address>0x8005894</load_address>
         <run_address>0x8005894</run_address>
         <size>0x1</size>
         <input_file_ref idref="fl-d"/>
      </object_component>
      <object_component id="oc-3d7">
         <name>.data</name>
         <load_address>0x800582c</load_address>
         <run_address>0x800582c</run_address>
         <size>0x10</size>
         <input_file_ref idref="fl-19"/>
      </object_component>
      <object_component id="oc-3c4">
         <name>.data:_ftable</name>
         <load_address>0x80055f0</load_address>
         <run_address>0x80055f0</run_address>
         <size>0xf0</size>
         <input_file_ref idref="fl-3a"/>
      </object_component>
      <object_component id="oc-4b2">
         <name>.data</name>
         <load_address>0x800583c</load_address>
         <run_address>0x800583c</run_address>
         <size>0x10</size>
         <input_file_ref idref="fl-3a"/>
      </object_component>
      <object_component id="oc-17f">
         <name>.data:$O1$$</name>
         <load_address>0x800585c</load_address>
         <run_address>0x800585c</run_address>
         <size>0xc</size>
         <input_file_ref idref="fl-3b"/>
      </object_component>
      <object_component id="oc-55a">
         <name>.data:$O1$$</name>
         <load_address>0x8005868</load_address>
         <run_address>0x8005868</run_address>
         <size>0xc</size>
         <input_file_ref idref="fl-42"/>
      </object_component>
      <object_component id="oc-530">
         <name>.data</name>
         <load_address>0x8005890</load_address>
         <run_address>0x8005890</run_address>
         <size>0x4</size>
         <input_file_ref idref="fl-4b"/>
      </object_component>
      <object_component id="oc-5d8">
         <name>.data:_device</name>
         <load_address>0x80056e0</load_address>
         <run_address>0x80056e0</run_address>
         <size>0x78</size>
         <input_file_ref idref="fl-4e"/>
      </object_component>
      <object_component id="oc-572">
         <name>.data:_stream</name>
         <load_address>0x8005758</load_address>
         <run_address>0x8005758</run_address>
         <size>0x50</size>
         <input_file_ref idref="fl-4e"/>
      </object_component>
      <object_component id="oc-182">
         <name>.data:$O1$$</name>
         <load_address>0x8005874</load_address>
         <run_address>0x8005874</run_address>
         <size>0x8</size>
         <input_file_ref idref="fl-50"/>
      </object_component>
      <object_component id="oc-53a">
         <name>.data</name>
         <load_address>0x8005884</load_address>
         <run_address>0x8005884</run_address>
         <size>0x4</size>
         <input_file_ref idref="fl-54"/>
      </object_component>
      <object_component id="oc-60a">
         <name>.data</name>
         <load_address>0x8005888</load_address>
         <run_address>0x8005888</run_address>
         <size>0x4</size>
         <input_file_ref idref="fl-68"/>
      </object_component>
      <object_component id="oc-643">
         <name>.data</name>
         <load_address>0x800588c</load_address>
         <run_address>0x800588c</run_address>
         <size>0x4</size>
         <input_file_ref idref="fl-69"/>
      </object_component>
      <object_component id="oc-53">
         <name>.sysmem</name>
         <uninitialized>true</uninitialized>
         <run_address>0x8004ae0</run_address>
         <size>0x8</size>
         <input_file_ref idref="fl-42"/>
      </object_component>
      <object_component id="oc-6c7">
         <name>.sysmem</name>
         <uninitialized>true</uninitialized>
         <run_address>0x8004ae0</run_address>
         <size>0x0</size>
      </object_component>
      <object_component id="oc-15e">
         <name>.debug_info</name>
         <load_address>0x0</load_address>
         <run_address>0x0</run_address>
         <size>0x7e4</size>
         <input_file_ref idref="fl-2"/>
      </object_component>
      <object_component id="oc-1cb">
         <name>.debug_info</name>
         <load_address>0x7e4</load_address>
         <run_address>0x7e4</run_address>
         <size>0xdd</size>
         <input_file_ref idref="fl-2"/>
      </object_component>
      <object_component id="oc-1ce">
         <name>.debug_info</name>
         <load_address>0x8c1</load_address>
         <run_address>0x8c1</run_address>
         <size>0xdd</size>
         <input_file_ref idref="fl-2"/>
      </object_component>
      <object_component id="oc-1d1">
         <name>.debug_info</name>
         <load_address>0x99e</load_address>
         <run_address>0x99e</run_address>
         <size>0xdd</size>
         <input_file_ref idref="fl-2"/>
      </object_component>
      <object_component id="oc-be">
         <name>.debug_info</name>
         <load_address>0xa7b</load_address>
         <run_address>0xa7b</run_address>
         <size>0x13c9</size>
         <input_file_ref idref="fl-2"/>
      </object_component>
      <object_component id="oc-b0">
         <name>.debug_info</name>
         <load_address>0x1e44</load_address>
         <run_address>0x1e44</run_address>
         <size>0x157</size>
         <input_file_ref idref="fl-2"/>
      </object_component>
      <object_component id="oc-209">
         <name>.debug_info</name>
         <load_address>0x1f9b</load_address>
         <run_address>0x1f9b</run_address>
         <size>0x4de</size>
         <input_file_ref idref="fl-2"/>
      </object_component>
      <object_component id="oc-26a">
         <name>.debug_info</name>
         <load_address>0x2479</load_address>
         <run_address>0x2479</run_address>
         <size>0x3f8</size>
         <input_file_ref idref="fl-2"/>
      </object_component>
      <object_component id="oc-17a">
         <name>.debug_info</name>
         <load_address>0x2871</load_address>
         <run_address>0x2871</run_address>
         <size>0xe1</size>
         <input_file_ref idref="fl-2"/>
      </object_component>
      <object_component id="oc-27e">
         <name>.debug_info</name>
         <load_address>0x2952</load_address>
         <run_address>0x2952</run_address>
         <size>0x375</size>
         <input_file_ref idref="fl-2"/>
      </object_component>
      <object_component id="oc-175">
         <name>.debug_info</name>
         <load_address>0x2cc7</load_address>
         <run_address>0x2cc7</run_address>
         <size>0x8b</size>
         <input_file_ref idref="fl-2"/>
      </object_component>
      <object_component id="oc-2c9">
         <name>.debug_info</name>
         <load_address>0x2d52</load_address>
         <run_address>0x2d52</run_address>
         <size>0x46</size>
         <input_file_ref idref="fl-2"/>
      </object_component>
      <object_component id="oc-301">
         <name>.debug_info</name>
         <load_address>0x2d98</load_address>
         <run_address>0x2d98</run_address>
         <size>0x2c</size>
         <input_file_ref idref="fl-2"/>
      </object_component>
      <object_component id="oc-2c4">
         <name>.debug_info</name>
         <load_address>0x2dc4</load_address>
         <run_address>0x2dc4</run_address>
         <size>0x2c</size>
         <input_file_ref idref="fl-2"/>
      </object_component>
      <object_component id="oc-18f">
         <name>.debug_info</name>
         <load_address>0x2df0</load_address>
         <run_address>0x2df0</run_address>
         <size>0x18b</size>
         <input_file_ref idref="fl-2"/>
      </object_component>
      <object_component id="oc-2ce">
         <name>.debug_info</name>
         <load_address>0x2f7b</load_address>
         <run_address>0x2f7b</run_address>
         <size>0x46</size>
         <input_file_ref idref="fl-2"/>
      </object_component>
      <object_component id="oc-db">
         <name>.debug_info</name>
         <load_address>0x2fc1</load_address>
         <run_address>0x2fc1</run_address>
         <size>0x86</size>
         <input_file_ref idref="fl-2"/>
      </object_component>
      <object_component id="oc-365">
         <name>.debug_info</name>
         <load_address>0x3047</load_address>
         <run_address>0x3047</run_address>
         <size>0x44e</size>
         <input_file_ref idref="fl-2"/>
      </object_component>
      <object_component id="oc-1a7">
         <name>.debug_info</name>
         <load_address>0x3495</load_address>
         <run_address>0x3495</run_address>
         <size>0x1f9</size>
         <input_file_ref idref="fl-2"/>
      </object_component>
      <object_component id="oc-3a1">
         <name>.debug_info</name>
         <load_address>0x368e</load_address>
         <run_address>0x368e</run_address>
         <size>0x12a</size>
         <input_file_ref idref="fl-2"/>
      </object_component>
      <object_component id="oc-260">
         <name>.debug_info</name>
         <load_address>0x37b8</load_address>
         <run_address>0x37b8</run_address>
         <size>0x26c</size>
         <input_file_ref idref="fl-2"/>
      </object_component>
      <object_component id="oc-343">
         <name>.debug_info</name>
         <load_address>0x3a24</load_address>
         <run_address>0x3a24</run_address>
         <size>0xa39</size>
         <input_file_ref idref="fl-3"/>
      </object_component>
      <object_component id="oc-452">
         <name>.debug_info</name>
         <load_address>0x445d</load_address>
         <run_address>0x445d</run_address>
         <size>0xeb</size>
         <input_file_ref idref="fl-3"/>
      </object_component>
      <object_component id="oc-44f">
         <name>.debug_info</name>
         <load_address>0x4548</load_address>
         <run_address>0x4548</run_address>
         <size>0xdf</size>
         <input_file_ref idref="fl-3"/>
      </object_component>
      <object_component id="oc-449">
         <name>.debug_info</name>
         <load_address>0x4627</load_address>
         <run_address>0x4627</run_address>
         <size>0xdf</size>
         <input_file_ref idref="fl-3"/>
      </object_component>
      <object_component id="oc-443">
         <name>.debug_info</name>
         <load_address>0x4706</load_address>
         <run_address>0x4706</run_address>
         <size>0xdb</size>
         <input_file_ref idref="fl-3"/>
      </object_component>
      <object_component id="oc-446">
         <name>.debug_info</name>
         <load_address>0x47e1</load_address>
         <run_address>0x47e1</run_address>
         <size>0xdf</size>
         <input_file_ref idref="fl-3"/>
      </object_component>
      <object_component id="oc-43f">
         <name>.debug_info</name>
         <load_address>0x48c0</load_address>
         <run_address>0x48c0</run_address>
         <size>0xd9</size>
         <input_file_ref idref="fl-3"/>
      </object_component>
      <object_component id="oc-44c">
         <name>.debug_info</name>
         <load_address>0x4999</load_address>
         <run_address>0x4999</run_address>
         <size>0xda</size>
         <input_file_ref idref="fl-3"/>
      </object_component>
      <object_component id="oc-455">
         <name>.debug_info</name>
         <load_address>0x4a73</load_address>
         <run_address>0x4a73</run_address>
         <size>0xda</size>
         <input_file_ref idref="fl-3"/>
      </object_component>
      <object_component id="oc-32e">
         <name>.debug_info</name>
         <load_address>0x4b4d</load_address>
         <run_address>0x4b4d</run_address>
         <size>0xb15</size>
         <input_file_ref idref="fl-3"/>
      </object_component>
      <object_component id="oc-256">
         <name>.debug_info</name>
         <load_address>0x5662</load_address>
         <run_address>0x5662</run_address>
         <size>0xdf</size>
         <input_file_ref idref="fl-3"/>
      </object_component>
      <object_component id="oc-170">
         <name>.debug_info</name>
         <load_address>0x5741</load_address>
         <run_address>0x5741</run_address>
         <size>0x30c</size>
         <input_file_ref idref="fl-3"/>
      </object_component>
      <object_component id="oc-458">
         <name>.debug_info</name>
         <load_address>0x5a4d</load_address>
         <run_address>0x5a4d</run_address>
         <size>0x147</size>
         <input_file_ref idref="fl-3"/>
      </object_component>
      <object_component id="oc-45d">
         <name>.debug_info</name>
         <load_address>0x5b94</load_address>
         <run_address>0x5b94</run_address>
         <size>0x5d7</size>
         <input_file_ref idref="fl-3"/>
      </object_component>
      <object_component id="oc-f4">
[...]
         <name>vimDisableInterrupt</name>
         <value>0xf774</value>
         <object_component_ref idref="oc-48"/>
      </symbol>
      <symbol id="sm-110e">
         <name>vimGetConfigValue</name>
         <value>0xf820</value>
         <object_component_ref idref="oc-48"/>
      </symbol>
      <symbol id="sm-110f">
         <name>vimParityErrorHandler</name>
         <value>0x15258</value>
         <object_component_ref idref="oc-47"/>
      </symbol>
      <symbol id="sm-1164">
         <name>systemGetConfigValue</name>
         <value>0xecb8</value>
         <object_component_ref idref="oc-7e"/>
      </symbol>
      <symbol id="sm-1165">
         <name>trimLPO</name>
         <value>0xe9e0</value>
         <object_component_ref idref="oc-7e"/>
      </symbol>
      <symbol id="sm-1166">
         <name>systemInit</name>
         <value>0xebbc</value>
         <object_component_ref idref="oc-7e"/>
      </symbol>
      <symbol id="sm-1167">
         <name>tcmflashGetConfigValue</name>
         <value>0xf094</value>
         <object_component_ref idref="oc-7e"/>
      </symbol>
      <symbol id="sm-1168">
         <name>sramGetConfigValue</name>
         <value>0xf240</value>
         <object_component_ref idref="oc-7e"/>
      </symbol>
      <symbol id="sm-1169">
         <name>periphInit</name>
         <value>0xea68</value>
         <object_component_ref idref="oc-7e"/>
      </symbol>
      <symbol id="sm-116a">
         <name>setupFlash</name>
         <value>0xea28</value>
         <object_component_ref idref="oc-7e"/>
      </symbol>
      <symbol id="sm-116b">
         <name>setupPLL</name>
         <value>0xe990</value>
         <object_component_ref idref="oc-7e"/>
      </symbol>
      <symbol id="sm-116c">
         <name>mapClocks</name>
         <value>0xeabc</value>
         <object_component_ref idref="oc-7e"/>
      </symbol>
      <symbol id="sm-116d">
         <name>systemPowerDown</name>
         <value>0xec88</value>
         <object_component_ref idref="oc-7e"/>
      </symbol>
      <symbol id="sm-1184">
         <name>_nassert</name>
         <value>0x184dd</value>
         <object_component_ref idref="oc-28a"/>
      </symbol>
      <symbol id="sm-1185">
         <name>_assert</name>
         <value>0x184f5</value>
         <object_component_ref idref="oc-28a"/>
      </symbol>
      <symbol id="sm-1186">
         <name>_abort_msg</name>
         <value>0x184df</value>
         <object_component_ref idref="oc-28a"/>
      </symbol>
      <symbol id="sm-11b0">
         <name>__TI_auto_init</name>
         <value>0x17d4d</value>
         <object_component_ref idref="oc-90"/>
      </symbol>
      <symbol id="sm-11ce">
         <name>__TI_decompress_lzss</name>
         <value>0x17dbd</value>
         <object_component_ref idref="oc-f"/>
      </symbol>
      <symbol id="sm-11e5">
         <name>__TI_decompress_none</name>
         <value>0x18695</value>
         <object_component_ref idref="oc-15"/>
      </symbol>
      <symbol id="sm-11f7">
         <name>__TI_zero_init</name>
         <value>0x186a3</value>
         <object_component_ref idref="oc-1b"/>
      </symbol>
      <symbol id="sm-1211">
         <name>copy_in</name>
         <value>0x18391</value>
         <object_component_ref idref="oc-112"/>
      </symbol>
      <symbol id="sm-1226">
         <name>__TI_tmpnams</name>
         <value>0x80048cc</value>
      </symbol>
      <symbol id="sm-1227">
         <name>__aeabi_stdout</name>
         <value>0x8005844</value>
         <object_component_ref idref="oc-4b2"/>
      </symbol>
      <symbol id="sm-1228">
         <name>__aeabi_stderr</name>
         <value>0x8005848</value>
         <object_component_ref idref="oc-4b2"/>
      </symbol>
      <symbol id="sm-1229">
         <name>__aeabi_stdin</name>
         <value>0x8005840</value>
         <object_component_ref idref="oc-4b2"/>
      </symbol>
      <symbol id="sm-122a">
         <name>_ftable</name>
         <value>0x80055f0</value>
         <object_component_ref idref="oc-3c4"/>
      </symbol>
      <symbol id="sm-122b">
         <name>__TI_ft_end</name>
         <value>0x800583c</value>
         <object_component_ref idref="oc-4b2"/>
      </symbol>
      <symbol id="sm-124c">
         <name>C$$EXIT</name>
         <value>0x182f1</value>
         <object_component_ref idref="oc-a2"/>
      </symbol>
      <symbol id="sm-124d">
         <name>abort</name>
         <value>0x182f5</value>
         <object_component_ref idref="oc-a2"/>
      </symbol>
      <symbol id="sm-124e">
         <name>exit</name>
         <value>0x182fd</value>
         <object_component_ref idref="oc-a2"/>
      </symbol>
      <symbol id="sm-124f">
         <name>__TI_dtors_ptr</name>
         <value>0x8005860</value>
         <object_component_ref idref="oc-17f"/>
      </symbol>
      <symbol id="sm-1250">
         <name>__TI_cleanup_ptr</name>
         <value>0x800585c</value>
         <object_component_ref idref="oc-17f"/>
      </symbol>
      <symbol id="sm-1251">
         <name>__TI_enable_exit_profile_output</name>
         <value>0x8005864</value>
         <object_component_ref idref="oc-17f"/>
      </symbol>
      <symbol id="sm-126c">
         <name>__TI_doflush</name>
         <value>0x177e9</value>
         <object_component_ref idref="oc-3be"/>
      </symbol>
      <symbol id="sm-126d">
         <name>fflush</name>
         <value>0x17835</value>
         <object_component_ref idref="oc-3be"/>
      </symbol>
      <symbol id="sm-128f">
         <name>puts</name>
         <value>0x16e35</value>
         <object_component_ref idref="oc-3b8"/>
      </symbol>
      <symbol id="sm-1290">
         <name>fputs</name>
         <value>0x16d25</value>
         <object_component_ref idref="oc-3b8"/>
      </symbol>
      <symbol id="sm-129c">
         <name>__aeabi_idivmod</name>
         <value>0x181f8</value>
         <object_component_ref idref="oc-283"/>
      </symbol>
      <symbol id="sm-129d">
         <name>__aeabi_idiv</name>
         <value>0x181f8</value>
         <object_component_ref idref="oc-283"/>
      </symbol>
      <symbol id="sm-12ac">
         <name>ltoa</name>
         <value>0x1824d</value>
         <object_component_ref idref="oc-46a"/>
      </symbol>
      <symbol id="sm-12bc">
         <name>memchr</name>
         <value>0x185d3</value>
         <object_component_ref idref="oc-4a4"/>
      </symbol>
      <symbol id="sm-12d7">
         <name>memcpy</name>
         <value>0x17a1f</value>
         <object_component_ref idref="oc-61"/>
      </symbol>
      <symbol id="sm-12d8">
         <name>__aeabi_memcpy</name>
         <value>0x17a1f</value>
         <object_component_ref idref="oc-61"/>
      </symbol>
      <symbol id="sm-12d9">
         <name>__aeabi_memcpy8</name>
         <value>0x17a1f</value>
         <object_component_ref idref="oc-61"/>
      </symbol>
      <symbol id="sm-12da">
         <name>__aeabi_memcpy4</name>
         <value>0x17a1f</value>
         <object_component_ref idref="oc-61"/>
      </symbol>
      <symbol id="sm-134b">
         <name>_sys_memory</name>
         <value>0x8004ae0</value>
         <object_component_ref idref="oc-53"/>
      </symbol>
      <symbol id="sm-134c">
         <name>free</name>
         <value>0x14c1d</value>
         <object_component_ref idref="oc-470"/>
      </symbol>
      <symbol id="sm-134d">
         <name>realloc</name>
         <value>0x14cdf</value>
         <object_component_ref idref="oc-470"/>
      </symbol>
      <symbol id="sm-134e">
         <name>memalign</name>
         <value>0x14de9</value>
         <object_component_ref idref="oc-470"/>
      </symbol>
      <symbol id="sm-134f">
         <name>calloc</name>
         <value>0x14edb</value>
         <object_component_ref idref="oc-470"/>
      </symbol>
      <symbol id="sm-1350">
         <name>malloc</name>
         <value>0x14bb3</value>
         <object_component_ref idref="oc-470"/>
      </symbol>
      <symbol id="sm-1351">
         <name>minit</name>
         <value>0x14b35</value>
         <object_component_ref idref="oc-470"/>
      </symbol>
      <symbol id="sm-1360">
         <name>__aeabi_memset</name>
         <value>0x17beb</value>
         <object_component_ref idref="oc-6d"/>
      </symbol>
      <symbol id="sm-1361">
         <name>memset</name>
         <value>0x17bf1</value>
         <object_component_ref idref="oc-6d"/>
      </symbol>
      <symbol id="sm-1362">
         <name>__aeabi_memset8</name>
         <value>0x17beb</value>
         <object_component_ref idref="oc-6d"/>
      </symbol>
      <symbol id="sm-1363">
         <name>__aeabi_memset4</name>
         <value>0x17beb</value>
         <object_component_ref idref="oc-6d"/>
      </symbol>
      <symbol id="sm-1364">
         <name>__aeabi_memclr8</name>
         <value>0x17be9</value>
         <object_component_ref idref="oc-6d"/>
      </symbol>
      <symbol id="sm-1365">
         <name>__aeabi_memclr4</name>
         <value>0x17be9</value>
         <object_component_ref idref="oc-6d"/>
      </symbol>
      <symbol id="sm-1366">
         <name>__aeabi_memclr</name>
         <value>0x17be9</value>
         <object_component_ref idref="oc-6d"/>
      </symbol>
      <symbol id="sm-1387">
         <name>floorl</name>
         <value>0x17481</value>
         <object_component_ref idref="oc-370"/>
      </symbol>
      <symbol id="sm-1388">
         <name>floor</name>
         <value>0x17481</value>
         <object_component_ref idref="oc-370"/>
      </symbol>
      <symbol id="sm-13a9">
         <name>snprintf</name>
         <value>0x17b55</value>
         <object_component_ref idref="oc-327"/>
      </symbol>
      <symbol id="sm-13bd">
         <name>sprintf</name>
         <value>0x17fcd</value>
         <object_component_ref idref="oc-2ed"/>
      </symbol>
      <symbol id="sm-13c7">
         <name>_system_post_cinit</name>
         <value>0x17abb</value>
         <object_component_ref idref="oc-118"/>
      </symbol>
      <symbol id="sm-13d6">
         <name>strcmp</name>
         <value>0x18627</value>
         <object_component_ref idref="oc-431"/>
      </symbol>
      <symbol id="sm-13e4">
         <name>strcpy</name>
         <value>0x18681</value>
         <object_component_ref idref="oc-2e7"/>
      </symbol>
      <symbol id="sm-13f2">
         <name>strlen</name>
         <value>0x18655</value>
         <object_component_ref idref="oc-1e3"/>
      </symbol>
      <symbol id="sm-140a">
         <name>strtok</name>
         <value>0x18465</value>
         <object_component_ref idref="oc-42b"/>
      </symbol>
      <symbol id="sm-142d">
         <name>strtol</name>
         <value>0x16e5d</value>
         <object_component_ref idref="oc-437"/>
      </symbol>
      <symbol id="sm-1439">
         <name>__aeabi_uidivmod</name>
         <value>0x18340</value>
         <object_component_ref idref="oc-2f3"/>
      </symbol>
      <symbol id="sm-143a">
         <name>__aeabi_uidiv</name>
         <value>0x18340</value>
         <object_component_ref idref="oc-2f3"/>
      </symbol>
      <symbol id="sm-1460">
         <name>_stream</name>
         <value>0x8005758</value>
         <object_component_ref idref="oc-572"/>
      </symbol>
      <symbol id="sm-1461">
         <name>_device</name>
         <value>0x80056e0</value>
         <object_component_ref idref="oc-5d8"/>
      </symbol>
      <symbol id="sm-1462">
         <name>write</name>
         <value>0x18589</value>
         <object_component_ref idref="oc-4aa"/>
      </symbol>
      <symbol id="sm-1480">
         <name>__TI_wrt_ok</name>
         <value>0x17971</value>
         <object_component_ref idref="oc-49e"/>
      </symbol>
      <symbol id="sm-1481">
         <name>__TI_rd_ok</name>
         <value>0x179d5</value>
         <object_component_ref idref="oc-49e"/>
      </symbol>
      <symbol id="sm-149a">
         <name>_nop</name>
         <value>0x1867b</value>
         <object_component_ref idref="oc-347"/>
      </symbol>
      <symbol id="sm-149b">
         <name>_lock</name>
         <value>0x8005874</value>
         <object_component_ref idref="oc-182"/>
      </symbol>
      <symbol id="sm-149c">
         <name>_unlock</name>
         <value>0x8005878</value>
         <object_component_ref idref="oc-182"/>
      </symbol>
      <symbol id="sm-149d">
         <name>_register_lock</name>
         <value>0x18673</value>
         <object_component_ref idref="oc-347"/>
      </symbol>
      <symbol id="sm-149e">
         <name>_register_unlock</name>
         <value>0x1866d</value>
         <object_component_ref idref="oc-347"/>
      </symbol>
      <symbol id="sm-1592">
         <name>__TI_printfi</name>
         <value>0xb3f5</value>
         <object_component_ref idref="oc-3fd"/>
      </symbol>
      <symbol id="sm-15a7">
         <name>atoi</name>
         <value>0x182a1</value>
         <object_component_ref idref="oc-4f6"/>
      </symbol>
      <symbol id="sm-15b2">
         <name>_ctypes_</name>
         <value>0x188b4</value>
         <object_component_ref idref="oc-537"/>
      </symbol>
      <symbol id="sm-15ba">
         <name>errno</name>
         <value>0x8005884</value>
         <object_component_ref idref="oc-53a"/>
      </symbol>
      <symbol id="sm-15cc">
         <name>fseek</name>
         <value>0x17f69</value>
         <object_component_ref idref="oc-562"/>
      </symbol>
      <symbol id="sm-15dd">
         <name>HOSTclose</name>
         <value>0x183dd</value>
         <object_component_ref idref="oc-615"/>
      </symbol>
      <symbol id="sm-15ee">
         <name>HOSTlseek</name>
         <value>0x17f01</value>
         <object_component_ref idref="oc-627"/>
      </symbol>
      <symbol id="sm-1600">
         <name>parmbuf</name>
         <value>0x8004a8c</value>
      </symbol>
      <symbol id="sm-1601">
         <name>HOSTopen</name>
         <value>0x18091</value>
         <object_component_ref idref="oc-60f"/>
      </symbol>
      <symbol id="sm-1612">
         <name>HOSTread</name>
         <value>0x180ed</value>
         <object_component_ref idref="oc-61b"/>
      </symbol>
      <symbol id="sm-1623">
         <name>HOSTrename</name>
         <value>0x17e29</value>
         <object_component_ref idref="oc-633"/>
      </symbol>
      <symbol id="sm-1634">
         <name>HOSTunlink</name>
         <value>0x18421</value>
         <object_component_ref idref="oc-62d"/>
      </symbol>
      <symbol id="sm-1645">
         <name>HOSTwrite</name>
         <value>0x181a1</value>
         <object_component_ref idref="oc-621"/>
      </symbol>
      <symbol id="sm-164f">
         <name>__aeabi_idiv0</name>
         <value>0xbcab</value>
         <object_component_ref idref="oc-3af"/>
      </symbol>
      <symbol id="sm-165f">
         <name>lseek</name>
         <value>0x18561</value>
         <object_component_ref idref="oc-5bf"/>
      </symbol>
      <symbol id="sm-166f">
         <name>memccpy</name>
         <value>0x185f3</value>
         <object_component_ref idref="oc-4fc"/>
      </symbol>
      <symbol id="sm-1688">
         <name>frexpl</name>
         <value>0x17cd9</value>
         <object_component_ref idref="oc-4e4"/>
      </symbol>
      <symbol id="sm-1689">
         <name>frexp</name>
         <value>0x17cd9</value>
         <object_component_ref idref="oc-4e4"/>
      </symbol>
      <symbol id="sm-16a7">
         <name>scalbn</name>
         <value>0x172a5</value>
         <object_component_ref idref="oc-4ea"/>
      </symbol>
      <symbol id="sm-16a8">
         <name>scalbnl</name>
         <value>0x172a5</value>
         <object_component_ref idref="oc-4ea"/>
      </symbol>
      <symbol id="sm-16a9">
         <name>ldexpl</name>
         <value>0x172a5</value>
         <object_component_ref idref="oc-4ea"/>
      </symbol>
      <symbol id="sm-16aa">
         <name>ldexp</name>
         <value>0x172a5</value>
         <object_component_ref idref="oc-4ea"/>
      </symbol>
      <symbol id="sm-16c6">
         <name>setvbuf</name>
         <value>0x17641</value>
         <object_component_ref idref="oc-568"/>
      </symbol>
      <symbol id="sm-16d6">
         <name>strchr</name>
         <value>0x1863f</value>
         <object_component_ref idref="oc-4f0"/>
      </symbol>
      <symbol id="sm-16e7">
         <name>strcspn</name>
         <value>0x185b1</value>
         <object_component_ref idref="oc-52a"/>
      </symbol>
      <symbol id="sm-16f9">
         <name>strspn</name>
         <value>0x18535</value>
         <object_component_ref idref="oc-524"/>
      </symbol>
      <symbol id="sm-1714">
         <name>__TI_readmsg</name>
         <value>0x17ecb</value>
         <object_component_ref idref="oc-657"/>
      </symbol>
      <symbol id="sm-1715">
         <name>C$$IO$$</name>
         <value>0x17ec7</value>
         <object_component_ref idref="oc-657"/>
      </symbol>
      <symbol id="sm-1716">
         <name>__CIOBUF_</name>
         <value>0x80046b0</value>
         <object_component_ref idref="oc-67d"/>
      </symbol>
      <symbol id="sm-1717">
         <name>__TI_writemsg</name>
         <value>0x17e95</value>
         <object_component_ref idref="oc-657"/>
      </symbol>
      <symbol id="sm-1733">
         <name>__aeabi_uldivmod</name>
         <value>0x15524</value>
         <object_component_ref idref="oc-4df"/>
      </symbol>
      <symbol id="sm-1765">
         <name>__TI_cleanup</name>
         <value>0x163f7</value>
         <object_component_ref idref="oc-5c7"/>
      </symbol>
      <symbol id="sm-1766">
         <name>freopen</name>
         <value>0x16423</value>
         <object_component_ref idref="oc-5c7"/>
      </symbol>
      <symbol id="sm-1767">
         <name>fopen</name>
         <value>0x1644d</value>
         <object_component_ref idref="oc-5c7"/>
      </symbol>
      <symbol id="sm-1783">
         <name>open</name>
         <value>0x178b5</value>
         <object_component_ref idref="oc-5fe"/>
      </symbol>
      <symbol id="sm-178d">
         <name>copysign</name>
         <value>0x1860f</value>
         <object_component_ref idref="oc-587"/>
      </symbol>
      <symbol id="sm-178e">
         <name>copysignl</name>
         <value>0x1860f</value>
         <object_component_ref idref="oc-587"/>
      </symbol>
      <symbol id="sm-17a4">
         <name>__TI_closefile</name>
         <value>0x17abd</value>
         <object_component_ref idref="oc-604"/>
      </symbol>
      <symbol id="sm-17a5">
         <name>fclose</name>
         <value>0x17b23</value>
         <object_component_ref idref="oc-604"/>
      </symbol>
      <symbol id="sm-17bf">
         <name>finddevice</name>
         <value>0x17c65</value>
         <object_component_ref idref="oc-63d"/>
      </symbol>
      <symbol id="sm-17c0">
         <name>getdevice</name>
         <value>0x17c93</value>
         <object_component_ref idref="oc-63d"/>
      </symbol>
      <symbol id="sm-17d1">
         <name>strncpy</name>
         <value>0x184a5</value>
         <object_component_ref idref="oc-66d"/>
      </symbol>
      <symbol id="sm-17e1">
         <name>unlink</name>
         <value>0x18509</value>
         <object_component_ref idref="oc-64c"/>
      </symbol>
      <symbol id="sm-17f5">
         <name>close</name>
         <value>0x18149</value>
         <object_component_ref idref="oc-646"/>
      </symbol>
      <symbol id="sm-17f6">
         <name>__TI_static_base__</name>
         <value>0x0</value>
      </symbol>
      <symbol id="sm-17fa">
         <name>SHT$$INIT_ARRAY$$Base</name>
         <value>0x0</value>
      </symbol>
      <symbol id="sm-17fb">
         <name>SHT$$INIT_ARRAY$$Limit</name>
         <value>0x0</value>
      </symbol>
      <symbol id="sm-17fc">
         <name>remove</name>
         <value>0x18509</value>
      </symbol>
   </symbol_table>
   <title>Link successful</title>
</link_info>
