<?xml version="1.0"?>
<link_info>
   <banner>TI ARM Linker Unix v16.9.4.LTS</banner>
   <copyright>Copyright (c) 1996-2017 Texas Instruments Incorporated</copyright>
   <link_time>0x5a012b02</link_time>
   <link_errors>0x0</link_errors>
   <output_file>OBC.out</output_file>
   <entry_point>
      <name>_c_int00</name>
      <address>0x16170</address>
   </entry_point>
   <input_file_list>
      <input_file id="fl-2">
         <path>./SFUsat/</path>
         <kind>object</kind>
         <file>flash_mibspi.obj</file>
         <name>flash_mibspi.obj</name>
      </input_file>
      <input_file id="fl-3">
         <path>./SFUsat/</path>
         <kind>object</kind>
         <file>sfu_cmds.obj</file>
         <name>sfu_cmds.obj</name>
      </input_file>
      <input_file id="fl-4">
         <path>./SFUsat/</path>
         <kind>object</kind>
         <file>sfu_rtc.obj</file>
         <name>sfu_rtc.obj</name>
      </input_file>
      <input_file id="fl-5">
         <path>./SFUsat/</path>
         <kind>object</kind>
         <file>sfu_scheduler.obj</file>
         <name>sfu_scheduler.obj</name>
      </input_file>
      <input_file id="fl-6">
         <path>./SFUsat/</path>
         <kind>object</kind>
         <file>sfu_spi.obj</file>
         <name>sfu_spi.obj</name>
      </input_file>
      <input_file id="fl-7">
         <path>./SFUsat/</path>
         <kind>object</kind>
         <file>sfu_startup.obj</file>
         <name>sfu_startup.obj</name>
      </input_file>
      <input_file id="fl-8">
         <path>./SFUsat/</path>
         <kind>object</kind>
         <file>sfu_state.obj</file>
         <name>sfu_state.obj</name>
      </input_file>
      <input_file id="fl-9">
         <path>./SFUsat/</path>
         <kind>object</kind>
         <file>sfu_task_main.obj</file>
         <name>sfu_task_main.obj</name>
      </input_file>
      <input_file id="fl-a">
         <path>./SFUsat/</path>
         <kind>object</kind>
         <file>sfu_task_radio.obj</file>
         <name>sfu_task_radio.obj</name>
      </input_file>
      <input_file id="fl-b">
         <path>./SFUsat/</path>
         <kind>object</kind>
         <file>sfu_tasks.obj</file>
         <name>sfu_tasks.obj</name>
      </input_file>
      <input_file id="fl-c">
         <path>./SFUsat/</path>
         <kind>object</kind>
         <file>sfu_triumf.obj</file>
         <name>sfu_triumf.obj</name>
      </input_file>
      <input_file id="fl-d">
         <path>./SFUsat/</path>
         <kind>object</kind>
         <file>sfu_uart.obj</file>
         <name>sfu_uart.obj</name>
      </input_file>
      <input_file id="fl-e">
         <path>./SFUsat/</path>
         <kind>object</kind>
         <file>sfu_utils.obj</file>
         <name>sfu_utils.obj</name>
      </input_file>
      <input_file id="fl-f">
         <path>./source/</path>
         <kind>object</kind>
         <file>adc.obj</file>
         <name>adc.obj</name>
      </input_file>
      <input_file id="fl-10">
         <path>./source/</path>
         <kind>object</kind>
         <file>dabort.obj</file>
         <name>dabort.obj</name>
      </input_file>
      <input_file id="fl-11">
         <path>./source/</path>
         <kind>object</kind>
         <file>esm.obj</file>
         <name>esm.obj</name>
      </input_file>
      <input_file id="fl-12">
         <path>./source/</path>
         <kind>object</kind>
         <file>gio.obj</file>
         <name>gio.obj</name>
      </input_file>
      <input_file id="fl-13">
         <path>./source/</path>
         <kind>object</kind>
         <file>mibspi.obj</file>
         <name>mibspi.obj</name>
      </input_file>
      <input_file id="fl-14">
         <path>./source/</path>
         <kind>object</kind>
         <file>notification.obj</file>
         <name>notification.obj</name>
      </input_file>
      <input_file id="fl-15">
         <path>./source/</path>
         <kind>object</kind>
         <file>pinmux.obj</file>
         <name>pinmux.obj</name>
      </input_file>
      <input_file id="fl-16">
         <path>./source/</path>
         <kind>object</kind>
         <file>rti.obj</file>
         <name>rti.obj</name>
      </input_file>
      <input_file id="fl-17">
         <path>./source/</path>
         <kind>object</kind>
         <file>rtos_croutine.obj</file>
         <name>rtos_croutine.obj</name>
      </input_file>
      <input_file id="fl-18">
         <path>./source/</path>
         <kind>object</kind>
         <file>rtos_event_groups.obj</file>
         <name>rtos_event_groups.obj</name>
      </input_file>
      <input_file id="fl-19">
         <path>./source/</path>
         <kind>object</kind>
         <file>rtos_heap.obj</file>
         <name>rtos_heap.obj</name>
      </input_file>
      <input_file id="fl-1a">
         <path>./source/</path>
         <kind>object</kind>
         <file>rtos_list.obj</file>
         <name>rtos_list.obj</name>
      </input_file>
      <input_file id="fl-1b">
         <path>./source/</path>
         <kind>object</kind>
         <file>rtos_mpu_wrappers.obj</file>
         <name>rtos_mpu_wrappers.obj</name>
      </input_file>
      <input_file id="fl-1c">
         <path>./source/</path>
         <kind>object</kind>
         <file>rtos_port.obj</file>
         <name>rtos_port.obj</name>
      </input_file>
      <input_file id="fl-1d">
         <path>./source/</path>
         <kind>object</kind>
         <file>rtos_portasm.obj</file>
         <name>rtos_portasm.obj</name>
      </input_file>
      <input_file id="fl-1e">
         <path>./source/</path>
         <kind>object</kind>
         <file>rtos_queue.obj</file>
         <name>rtos_queue.obj</name>
      </input_file>
      <input_file id="fl-1f">
         <path>./source/</path>
         <kind>object</kind>
         <file>rtos_task.obj</file>
         <name>rtos_task.obj</name>
      </input_file>
      <input_file id="fl-20">
         <path>./source/</path>
         <kind>object</kind>
         <file>rtos_timer.obj</file>
         <name>rtos_timer.obj</name>
      </input_file>
      <input_file id="fl-21">
         <path>./source/</path>
         <kind>object</kind>
         <file>sci.obj</file>
         <name>sci.obj</name>
      </input_file>
      <input_file id="fl-22">
         <path>./source/</path>
         <kind>object</kind>
         <file>spi.obj</file>
         <name>spi.obj</name>
      </input_file>
      <input_file id="fl-23">
         <path>./source/</path>
         <kind>object</kind>
         <file>sys_core.obj</file>
         <name>sys_core.obj</name>
      </input_file>
      <input_file id="fl-24">
         <path>./source/</path>
         <kind>object</kind>
         <file>sys_dma.obj</file>
         <name>sys_dma.obj</name>
      </input_file>
      <input_file id="fl-25">
         <path>./source/</path>
         <kind>object</kind>
         <file>sys_intvecs.obj</file>
         <name>sys_intvecs.obj</name>
      </input_file>
      <input_file id="fl-26">
         <path>./source/</path>
         <kind>object</kind>
         <file>sys_main.obj</file>
         <name>sys_main.obj</name>
      </input_file>
      <input_file id="fl-27">
         <path>./source/</path>
         <kind>object</kind>
         <file>sys_mpu.obj</file>
         <name>sys_mpu.obj</name>
      </input_file>
      <input_file id="fl-28">
         <path>./source/</path>
         <kind>object</kind>
         <file>sys_pcr.obj</file>
         <name>sys_pcr.obj</name>
      </input_file>
      <input_file id="fl-29">
         <path>./source/</path>
         <kind>object</kind>
         <file>sys_phantom.obj</file>
         <name>sys_phantom.obj</name>
      </input_file>
      <input_file id="fl-2a">
         <path>./source/</path>
         <kind>object</kind>
         <file>sys_pmm.obj</file>
         <name>sys_pmm.obj</name>
      </input_file>
      <input_file id="fl-2b">
         <path>./source/</path>
         <kind>object</kind>
         <file>sys_pmu.obj</file>
         <name>sys_pmu.obj</name>
      </input_file>
      <input_file id="fl-2c">
         <path>./source/</path>
         <kind>object</kind>
         <file>sys_selftest.obj</file>
         <name>sys_selftest.obj</name>
      </input_file>
      <input_file id="fl-2d">
         <path>./source/</path>
         <kind>object</kind>
         <file>sys_startup.obj</file>
         <name>sys_startup.obj</name>
      </input_file>
      <input_file id="fl-2e">
         <path>./source/</path>
         <kind>object</kind>
         <file>sys_vim.obj</file>
         <name>sys_vim.obj</name>
      </input_file>
      <input_file id="fl-2f">
         <path>./source/</path>
         <kind>object</kind>
         <file>system.obj</file>
         <name>system.obj</name>
      </input_file>
      <input_file id="fl-33">
         <kind>object</kind>
         <file>&lt;internal&gt;</file>
         <name>&lt;internal&gt;</name>
      </input_file>
      <input_file id="fl-34">
         <path>/Applications/ti/ccsv7/tools/compiler/ti-cgt-arm_16.9.4.LTS/lib/</path>
         <kind>archive</kind>
         <file>rtsv7R4_T_be_v3D16_eabi.lib</file>
         <name>assert.obj</name>
      </input_file>
      <input_file id="fl-35">
         <path>/Applications/ti/ccsv7/tools/compiler/ti-cgt-arm_16.9.4.LTS/lib/</path>
         <kind>archive</kind>
         <file>rtsv7R4_T_be_v3D16_eabi.lib</file>
         <name>autoinit.obj</name>
      </input_file>
      <input_file id="fl-36">
         <path>/Applications/ti/ccsv7/tools/compiler/ti-cgt-arm_16.9.4.LTS/lib/</path>
         <kind>archive</kind>
         <file>rtsv7R4_T_be_v3D16_eabi.lib</file>
         <name>copy_decompress_lzss.obj</name>
      </input_file>
      <input_file id="fl-37">
         <path>/Applications/ti/ccsv7/tools/compiler/ti-cgt-arm_16.9.4.LTS/lib/</path>
         <kind>archive</kind>
         <file>rtsv7R4_T_be_v3D16_eabi.lib</file>
         <name>copy_decompress_none.obj</name>
      </input_file>
      <input_file id="fl-38">
         <path>/Applications/ti/ccsv7/tools/compiler/ti-cgt-arm_16.9.4.LTS/lib/</path>
         <kind>archive</kind>
         <file>rtsv7R4_T_be_v3D16_eabi.lib</file>
         <name>copy_zero_init.obj</name>
      </input_file>
      <input_file id="fl-39">
         <path>/Applications/ti/ccsv7/tools/compiler/ti-cgt-arm_16.9.4.LTS/lib/</path>
         <kind>archive</kind>
         <file>rtsv7R4_T_be_v3D16_eabi.lib</file>
         <name>cpy_tbl.obj</name>
      </input_file>
      <input_file id="fl-3a">
         <path>/Applications/ti/ccsv7/tools/compiler/ti-cgt-arm_16.9.4.LTS/lib/</path>
         <kind>archive</kind>
         <file>rtsv7R4_T_be_v3D16_eabi.lib</file>
         <name>defs.obj</name>
      </input_file>
      <input_file id="fl-3b">
         <path>/Applications/ti/ccsv7/tools/compiler/ti-cgt-arm_16.9.4.LTS/lib/</path>
         <kind>archive</kind>
         <file>rtsv7R4_T_be_v3D16_eabi.lib</file>
         <name>exit.obj</name>
      </input_file>
      <input_file id="fl-3c">
         <path>/Applications/ti/ccsv7/tools/compiler/ti-cgt-arm_16.9.4.LTS/lib/</path>
         <kind>archive</kind>
         <file>rtsv7R4_T_be_v3D16_eabi.lib</file>
         <name>fflush.obj</name>
      </input_file>
      <input_file id="fl-3d">
         <path>/Applications/ti/ccsv7/tools/compiler/ti-cgt-arm_16.9.4.LTS/lib/</path>
         <kind>archive</kind>
         <file>rtsv7R4_T_be_v3D16_eabi.lib</file>
         <name>fputs.obj</name>
      </input_file>
      <input_file id="fl-3e">
         <path>/Applications/ti/ccsv7/tools/compiler/ti-cgt-arm_16.9.4.LTS/lib/</path>
         <kind>archive</kind>
         <file>rtsv7R4_T_be_v3D16_eabi.lib</file>
         <name>i_div32.obj</name>
      </input_file>
      <input_file id="fl-3f">
         <path>/Applications/ti/ccsv7/tools/compiler/ti-cgt-arm_16.9.4.LTS/lib/</path>
         <kind>archive</kind>
         <file>rtsv7R4_T_be_v3D16_eabi.lib</file>
         <name>ltoa.obj</name>
      </input_file>
      <input_file id="fl-40">
         <path>/Applications/ti/ccsv7/tools/compiler/ti-cgt-arm_16.9.4.LTS/lib/</path>
         <kind>archive</kind>
         <file>rtsv7R4_T_be_v3D16_eabi.lib</file>
         <name>memchr.obj</name>
      </input_file>
      <input_file id="fl-41">
         <path>/Applications/ti/ccsv7/tools/compiler/ti-cgt-arm_16.9.4.LTS/lib/</path>
         <kind>archive</kind>
         <file>rtsv7R4_T_be_v3D16_eabi.lib</file>
         <name>memcpy_t2.obj</name>
      </input_file>
      <input_file id="fl-42">
         <path>/Applications/ti/ccsv7/tools/compiler/ti-cgt-arm_16.9.4.LTS/lib/</path>
         <kind>archive</kind>
         <file>rtsv7R4_T_be_v3D16_eabi.lib</file>
         <name>memory.obj</name>
      </input_file>
      <input_file id="fl-43">
         <path>/Applications/ti/ccsv7/tools/compiler/ti-cgt-arm_16.9.4.LTS/lib/</path>
         <kind>archive</kind>
         <file>rtsv7R4_T_be_v3D16_eabi.lib</file>
         <name>memset_t2.obj</name>
      </input_file>
      <input_file id="fl-44">
         <path>/Applications/ti/ccsv7/tools/compiler/ti-cgt-arm_16.9.4.LTS/lib/</path>
         <kind>archive</kind>
         <file>rtsv7R4_T_be_v3D16_eabi.lib</file>
         <name>s_floor.obj</name>
      </input_file>
      <input_file id="fl-45">
         <path>/Applications/ti/ccsv7/tools/compiler/ti-cgt-arm_16.9.4.LTS/lib/</path>
         <kind>archive</kind>
         <file>rtsv7R4_T_be_v3D16_eabi.lib</file>
         <name>snprintf.obj</name>
      </input_file>
      <input_file id="fl-46">
         <path>/Applications/ti/ccsv7/tools/compiler/ti-cgt-arm_16.9.4.LTS/lib/</path>
         <kind>archive</kind>
         <file>rtsv7R4_T_be_v3D16_eabi.lib</file>
         <name>sprintf.obj</name>
      </input_file>
      <input_file id="fl-47">
         <path>/Applications/ti/ccsv7/tools/compiler/ti-cgt-arm_16.9.4.LTS/lib/</path>
         <kind>archive</kind>
         <file>rtsv7R4_T_be_v3D16_eabi.lib</file>
         <name>startup.obj</name>
      </input_file>
      <input_file id="fl-48">
         <path>/Applications/ti/ccsv7/tools/compiler/ti-cgt-arm_16.9.4.LTS/lib/</path>
         <kind>archive</kind>
         <file>rtsv7R4_T_be_v3D16_eabi.lib</file>
         <name>strcmp.obj</name>
      </input_file>
      <input_file id="fl-49">
         <path>/Applications/ti/ccsv7/tools/compiler/ti-cgt-arm_16.9.4.LTS/lib/</path>
         <kind>archive</kind>
         <file>rtsv7R4_T_be_v3D16_eabi.lib</file>
         <name>strcpy.obj</name>
      </input_file>
      <input_file id="fl-4a">
         <path>/Applications/ti/ccsv7/tools/compiler/ti-cgt-arm_16.9.4.LTS/lib/</path>
         <kind>archive</kind>
         <file>rtsv7R4_T_be_v3D16_eabi.lib</file>
         <name>strlen.obj</name>
      </input_file>
      <input_file id="fl-4b">
         <path>/Applications/ti/ccsv7/tools/compiler/ti-cgt-arm_16.9.4.LTS/lib/</path>
         <kind>archive</kind>
         <file>rtsv7R4_T_be_v3D16_eabi.lib</file>
         <name>strtok.obj</name>
      </input_file>
      <input_file id="fl-4c">
         <path>/Applications/ti/ccsv7/tools/compiler/ti-cgt-arm_16.9.4.LTS/lib/</path>
         <kind>archive</kind>
         <file>rtsv7R4_T_be_v3D16_eabi.lib</file>
         <name>strtol.obj</name>
      </input_file>
      <input_file id="fl-4d">
         <path>/Applications/ti/ccsv7/tools/compiler/ti-cgt-arm_16.9.4.LTS/lib/</path>
         <kind>archive</kind>
         <file>rtsv7R4_T_be_v3D16_eabi.lib</file>
         <name>u_div32.obj</name>
      </input_file>
      <input_file id="fl-4e">
         <path>/Applications/ti/ccsv7/tools/compiler/ti-cgt-arm_16.9.4.LTS/lib/</path>
         <kind>archive</kind>
         <file>rtsv7R4_T_be_v3D16_eabi.lib</file>
         <name>write.obj</name>
      </input_file>
      <input_file id="fl-4f">
         <path>/Applications/ti/ccsv7/tools/compiler/ti-cgt-arm_16.9.4.LTS/lib/</path>
         <kind>archive</kind>
         <file>rtsv7R4_T_be_v3D16_eabi.lib</file>
         <name>_io_perm.obj</name>
      </input_file>
      <input_file id="fl-50">
         <path>/Applications/ti/ccsv7/tools/compiler/ti-cgt-arm_16.9.4.LTS/lib/</path>
         <kind>archive</kind>
         <file>rtsv7R4_T_be_v3D16_eabi.lib</file>
         <name>_lock.obj</name>
      </input_file>
      <input_file id="fl-51">
         <path>/Applications/ti/ccsv7/tools/compiler/ti-cgt-arm_16.9.4.LTS/lib/</path>
         <kind>archive</kind>
         <file>rtsv7R4_T_be_v3D16_eabi.lib</file>
         <name>_printfi.obj</name>
      </input_file>
      <input_file id="fl-52">
         <path>/Applications/ti/ccsv7/tools/compiler/ti-cgt-arm_16.9.4.LTS/lib/</path>
         <kind>archive</kind>
         <file>rtsv7R4_T_be_v3D16_eabi.lib</file>
         <name>atoi.obj</name>
      </input_file>
      <input_file id="fl-53">
         <path>/Applications/ti/ccsv7/tools/compiler/ti-cgt-arm_16.9.4.LTS/lib/</path>
         <kind>archive</kind>
         <file>rtsv7R4_T_be_v3D16_eabi.lib</file>
         <name>ctype.obj</name>
      </input_file>
      <input_file id="fl-54">
         <path>/Applications/ti/ccsv7/tools/compiler/ti-cgt-arm_16.9.4.LTS/lib/</path>
         <kind>archive</kind>
         <file>rtsv7R4_T_be_v3D16_eabi.lib</file>
         <name>errno.obj</name>
      </input_file>
      <input_file id="fl-55">
         <path>/Applications/ti/ccsv7/tools/compiler/ti-cgt-arm_16.9.4.LTS/lib/</path>
         <kind>archive</kind>
         <file>rtsv7R4_T_be_v3D16_eabi.lib</file>
         <name>fseek.obj</name>
      </input_file>
      <input_file id="fl-56">
         <path>/Applications/ti/ccsv7/tools/compiler/ti-cgt-arm_16.9.4.LTS/lib/</path>
         <kind>archive</kind>
         <file>rtsv7R4_T_be_v3D16_eabi.lib</file>
         <name>hostclose.obj</name>
      </input_file>
      <input_file id="fl-57">
         <path>/Applications/ti/ccsv7/tools/compiler/ti-cgt-arm_16.9.4.LTS/lib/</path>
         <kind>archive</kind>
         <file>rtsv7R4_T_be_v3D16_eabi.lib</file>
         <name>hostlseek.obj</name>
      </input_file>
      <input_file id="fl-58">
         <path>/Applications/ti/ccsv7/tools/compiler/ti-cgt-arm_16.9.4.LTS/lib/</path>
         <kind>archive</kind>
         <file>rtsv7R4_T_be_v3D16_eabi.lib</file>
         <name>hostopen.obj</name>
      </input_file>
      <input_file id="fl-59">
         <path>/Applications/ti/ccsv7/tools/compiler/ti-cgt-arm_16.9.4.LTS/lib/</path>
         <kind>archive</kind>
         <file>rtsv7R4_T_be_v3D16_eabi.lib</file>
         <name>hostread.obj</name>
      </input_file>
      <input_file id="fl-5a">
         <path>/Applications/ti/ccsv7/tools/compiler/ti-cgt-arm_16.9.4.LTS/lib/</path>
         <kind>archive</kind>
         <file>rtsv7R4_T_be_v3D16_eabi.lib</file>
         <name>hostrename.obj</name>
      </input_file>
      <input_file id="fl-5b">
         <path>/Applications/ti/ccsv7/tools/compiler/ti-cgt-arm_16.9.4.LTS/lib/</path>
         <kind>archive</kind>
         <file>rtsv7R4_T_be_v3D16_eabi.lib</file>
         <name>hostunlink.obj</name>
      </input_file>
      <input_file id="fl-5c">
         <path>/Applications/ti/ccsv7/tools/compiler/ti-cgt-arm_16.9.4.LTS/lib/</path>
         <kind>archive</kind>
         <file>rtsv7R4_T_be_v3D16_eabi.lib</file>
         <name>hostwrite.obj</name>
      </input_file>
      <input_file id="fl-5d">
         <path>/Applications/ti/ccsv7/tools/compiler/ti-cgt-arm_16.9.4.LTS/lib/</path>
         <kind>archive</kind>
         <file>rtsv7R4_T_be_v3D16_eabi.lib</file>
         <name>i_div0.obj</name>
      </input_file>
      <input_file id="fl-5e">
         <path>/Applications/ti/ccsv7/tools/compiler/ti-cgt-arm_16.9.4.LTS/lib/</path>
         <kind>archive</kind>
         <file>rtsv7R4_T_be_v3D16_eabi.lib</file>
         <name>lseek.obj</name>
      </input_file>
      <input_file id="fl-5f">
         <path>/Applications/ti/ccsv7/tools/compiler/ti-cgt-arm_16.9.4.LTS/lib/</path>
         <kind>archive</kind>
         <file>rtsv7R4_T_be_v3D16_eabi.lib</file>
         <name>memccpy.obj</name>
      </input_file>
      <input_file id="fl-60">
         <path>/Applications/ti/ccsv7/tools/compiler/ti-cgt-arm_16.9.4.LTS/lib/</path>
         <kind>archive</kind>
         <file>rtsv7R4_T_be_v3D16_eabi.lib</file>
         <name>s_frexp.obj</name>
      </input_file>
      <input_file id="fl-61">
         <path>/Applications/ti/ccsv7/tools/compiler/ti-cgt-arm_16.9.4.LTS/lib/</path>
         <kind>archive</kind>
         <file>rtsv7R4_T_be_v3D16_eabi.lib</file>
         <name>s_scalbn.obj</name>
      </input_file>
      <input_file id="fl-62">
         <path>/Applications/ti/ccsv7/tools/compiler/ti-cgt-arm_16.9.4.LTS/lib/</path>
         <kind>archive</kind>
         <file>rtsv7R4_T_be_v3D16_eabi.lib</file>
         <name>setvbuf.obj</name>
      </input_file>
      <input_file id="fl-63">
         <path>/Applications/ti/ccsv7/tools/compiler/ti-cgt-arm_16.9.4.LTS/lib/</path>
         <kind>archive</kind>
         <file>rtsv7R4_T_be_v3D16_eabi.lib</file>
         <name>strchr.obj</name>
      </input_file>
      <input_file id="fl-64">
         <path>/Applications/ti/ccsv7/tools/compiler/ti-cgt-arm_16.9.4.LTS/lib/</path>
         <kind>archive</kind>
         <file>rtsv7R4_T_be_v3D16_eabi.lib</file>
         <name>strcspn.obj</name>
      </input_file>
      <input_file id="fl-65">
         <path>/Applications/ti/ccsv7/tools/compiler/ti-cgt-arm_16.9.4.LTS/lib/</path>
         <kind>archive</kind>
         <file>rtsv7R4_T_be_v3D16_eabi.lib</file>
         <name>strspn.obj</name>
      </input_file>
      <input_file id="fl-66">
         <path>/Applications/ti/ccsv7/tools/compiler/ti-cgt-arm_16.9.4.LTS/lib/</path>
         <kind>archive</kind>
         <file>rtsv7R4_T_be_v3D16_eabi.lib</file>
         <name>trgmsg.obj</name>
      </input_file>
      <input_file id="fl-67">
         <path>/Applications/ti/ccsv7/tools/compiler/ti-cgt-arm_16.9.4.LTS/lib/</path>
         <kind>archive</kind>
         <file>rtsv7R4_T_be_v3D16_eabi.lib</file>
         <name>ull_div32.obj</name>
      </input_file>
      <input_file id="fl-68">
         <path>/Applications/ti/ccsv7/tools/compiler/ti-cgt-arm_16.9.4.LTS/lib/</path>
         <kind>archive</kind>
         <file>rtsv7R4_T_be_v3D16_eabi.lib</file>
         <name>fopen.obj</name>
      </input_file>
      <input_file id="fl-69">
         <path>/Applications/ti/ccsv7/tools/compiler/ti-cgt-arm_16.9.4.LTS/lib/</path>
         <kind>archive</kind>
         <file>rtsv7R4_T_be_v3D16_eabi.lib</file>
         <name>open.obj</name>
      </input_file>
      <input_file id="fl-6a">
         <path>/Applications/ti/ccsv7/tools/compiler/ti-cgt-arm_16.9.4.LTS/lib/</path>
         <kind>archive</kind>
         <file>rtsv7R4_T_be_v3D16_eabi.lib</file>
         <name>s_copysign.obj</name>
      </input_file>
      <input_file id="fl-6b">
         <path>/Applications/ti/ccsv7/tools/compiler/ti-cgt-arm_16.9.4.LTS/lib/</path>
         <kind>archive</kind>
         <file>rtsv7R4_T_be_v3D16_eabi.lib</file>
         <name>fclose.obj</name>
      </input_file>
      <input_file id="fl-6c">
         <path>/Applications/ti/ccsv7/tools/compiler/ti-cgt-arm_16.9.4.LTS/lib/</path>
         <kind>archive</kind>
         <file>rtsv7R4_T_be_v3D16_eabi.lib</file>
         <name>getdevice.obj</name>
      </input_file>
      <input_file id="fl-6d">
         <path>/Applications/ti/ccsv7/tools/compiler/ti-cgt-arm_16.9.4.LTS/lib/</path>
         <kind>archive</kind>
         <file>rtsv7R4_T_be_v3D16_eabi.lib</file>
         <name>remove.obj</name>
      </input_file>
      <input_file id="fl-6e">
         <path>/Applications/ti/ccsv7/tools/compiler/ti-cgt-arm_16.9.4.LTS/lib/</path>
         <kind>archive</kind>
         <file>rtsv7R4_T_be_v3D16_eabi.lib</file>
         <name>strncpy.obj</name>
      </input_file>
      <input_file id="fl-6f">
         <path>/Applications/ti/ccsv7/tools/compiler/ti-cgt-arm_16.9.4.LTS/lib/</path>
         <kind>archive</kind>
         <file>rtsv7R4_T_be_v3D16_eabi.lib</file>
         <name>unlink.obj</name>
      </input_file>
      <input_file id="fl-70">
         <path>/Applications/ti/ccsv7/tools/compiler/ti-cgt-arm_16.9.4.LTS/lib/</path>
         <kind>archive</kind>
         <file>rtsv7R4_T_be_v3D16_eabi.lib</file>
         <name>close.obj</name>
      </input_file>
   </input_file_list>
   <object_component_list>
      <object_component id="oc-36">
         <name>.intvecs</name>
         <load_address>0x0</load_address>
         <run_address>0x0</run_address>
         <size>0x20</size>
         <input_file_ref idref="fl-25"/>
      </object_component>
      <object_component id="oc-138">
         <name>.kernelTEXT</name>
         <load_address>0x20</load_address>
         <run_address>0x20</run_address>
         <size>0x345c</size>
         <input_file_ref idref="fl-1f"/>
      </object_component>
      <object_component id="oc-1a0">
         <name>.kernelTEXT</name>
         <load_address>0x347c</load_address>
         <run_address>0x347c</run_address>
         <size>0x1464</size>
         <input_file_ref idref="fl-1e"/>
      </object_component>
      <object_component id="oc-279">
         <name>.kernelTEXT</name>
         <load_address>0x48e0</load_address>
         <run_address>0x48e0</run_address>
         <size>0x85c</size>
         <input_file_ref idref="fl-18"/>
      </object_component>
      <object_component id="oc-29b">
         <name>.kernelTEXT</name>
         <load_address>0x513c</load_address>
         <run_address>0x513c</run_address>
         <size>0x3bc</size>
         <input_file_ref idref="fl-1c"/>
      </object_component>
      <object_component id="oc-a9">
         <name>.kernelTEXT</name>
         <load_address>0x54f8</load_address>
         <run_address>0x54f8</run_address>
         <size>0x3b0</size>
         <input_file_ref idref="fl-1d"/>
      </object_component>
      <object_component id="oc-26d">
         <name>.kernelTEXT</name>
         <load_address>0x58a8</load_address>
         <run_address>0x58a8</run_address>
         <size>0x38c</size>
         <input_file_ref idref="fl-19"/>
      </object_component>
      <object_component id="oc-6a7">
         <name>.cinit..data.load</name>
         <load_address>0x5c38</load_address>
         <run_address>0x5c38</run_address>
         <size>0xf1</size>
      </object_component>
      <object_component id="oc-6a5">
         <name>.cinit..kernelBSS.load</name>
         <load_address>0x5d29</load_address>
         <run_address>0x5d29</run_address>
         <size>0xd</size>
      </object_component>
      <object_component id="oc-6a3">
         <name>__TI_handler_table</name>
         <load_address>0x5d38</load_address>
         <run_address>0x5d38</run_address>
         <size>0xc</size>
      </object_component>
      <object_component id="oc-6a6">
         <name>.cinit..bss.load</name>
         <load_address>0x5d48</load_address>
         <run_address>0x5d48</run_address>
         <size>0x8</size>
      </object_component>
      <object_component id="oc-6a4">
         <name>__TI_cinit_table</name>
         <load_address>0x5d50</load_address>
         <run_address>0x5d50</run_address>
         <size>0x18</size>
      </object_component>
      <object_component id="oc-7e">
         <name>.text</name>
         <load_address>0x8020</load_address>
         <run_address>0x8020</run_address>
         <size>0x2c10</size>
         <input_file_ref idref="fl-2c"/>
      </object_component>
      <object_component id="oc-3b9">
         <name>.text</name>
         <load_address>0xac30</load_address>
         <run_address>0xac30</run_address>
         <size>0x107a</size>
         <input_file_ref idref="fl-51"/>
      </object_component>
      <object_component id="oc-35b">
         <name>.text</name>
         <load_address>0xbcaa</load_address>
         <run_address>0xbcaa</run_address>
         <size>0x2</size>
         <input_file_ref idref="fl-5d"/>
      </object_component>
      <object_component id="oc-126">
         <name>.text</name>
         <load_address>0xbcac</load_address>
         <run_address>0xbcac</run_address>
         <size>0xbd8</size>
         <input_file_ref idref="fl-22"/>
      </object_component>
      <object_component id="oc-132">
         <name>.text</name>
         <load_address>0xc884</load_address>
         <run_address>0xc884</run_address>
         <size>0xb14</size>
         <input_file_ref idref="fl-1b"/>
      </object_component>
      <object_component id="oc-2c4">
         <name>.text</name>
         <load_address>0xd398</load_address>
         <run_address>0xd398</run_address>
         <size>0xaec</size>
         <input_file_ref idref="fl-f"/>
      </object_component>
      <object_component id="oc-78">
         <name>.text</name>
         <load_address>0xde84</load_address>
         <run_address>0xde84</run_address>
         <size>0xaa4</size>
         <input_file_ref idref="fl-2f"/>
      </object_component>
      <object_component id="oc-47">
         <name>.text</name>
         <load_address>0xe928</load_address>
         <run_address>0xe928</run_address>
         <size>0xa58</size>
         <input_file_ref idref="fl-2e"/>
      </object_component>
      <object_component id="oc-3ce">
         <name>.text</name>
         <load_address>0xf380</load_address>
         <run_address>0xf380</run_address>
         <size>0xa28</size>
         <input_file_ref idref="fl-13"/>
      </object_component>
      <object_component id="oc-2e2">
         <name>.text</name>
         <load_address>0xfda8</load_address>
         <run_address>0xfda8</run_address>
         <size>0x9c4</size>
         <input_file_ref idref="fl-3"/>
      </object_component>
      <object_component id="oc-2be">
         <name>.text</name>
         <load_address>0x1076c</load_address>
         <run_address>0x1076c</run_address>
         <size>0x914</size>
         <input_file_ref idref="fl-2"/>
      </object_component>
      <object_component id="oc-ef">
         <name>.text</name>
         <load_address>0x11080</load_address>
         <run_address>0x11080</run_address>
         <size>0x8bc</size>
         <input_file_ref idref="fl-15"/>
      </object_component>
      <object_component id="oc-141">
         <name>.text</name>
         <load_address>0x1193c</load_address>
         <run_address>0x1193c</run_address>
         <size>0x818</size>
         <input_file_ref idref="fl-b"/>
      </object_component>
      <object_component id="oc-12c">
         <name>.text</name>
         <load_address>0x12154</load_address>
         <run_address>0x12154</run_address>
         <size>0x7f0</size>
         <input_file_ref idref="fl-4"/>
      </object_component>
      <object_component id="oc-19a">
         <name>.text</name>
         <load_address>0x12944</load_address>
         <run_address>0x12944</run_address>
         <size>0x7a8</size>
         <input_file_ref idref="fl-21"/>
      </object_component>
      <object_component id="oc-410">
         <name>.text</name>
         <load_address>0x130ec</load_address>
         <run_address>0x130ec</run_address>
         <size>0x640</size>
         <input_file_ref idref="fl-5"/>
      </object_component>
      <object_component id="oc-84">
         <name>.text</name>
         <load_address>0x1372c</load_address>
         <run_address>0x1372c</run_address>
         <size>0x5d8</size>
         <input_file_ref idref="fl-11"/>
      </object_component>
      <object_component id="oc-11a">
         <name>.text</name>
         <load_address>0x13d04</load_address>
         <run_address>0x13d04</run_address>
         <size>0x484</size>
         <input_file_ref idref="fl-12"/>
      </object_component>
      <object_component id="oc-40a">
         <name>.text</name>
         <load_address>0x14188</load_address>
         <run_address>0x14188</run_address>
         <size>0x478</size>
         <input_file_ref idref="fl-a"/>
      </object_component>
      <object_component id="oc-2d0">
         <name>.text</name>
         <load_address>0x14600</load_address>
         <run_address>0x14600</run_address>
         <size>0x450</size>
         <input_file_ref idref="fl-8"/>
      </object_component>
      <object_component id="oc-2dc">
         <name>.text</name>
         <load_address>0x14a50</load_address>
         <run_address>0x14a50</run_address>
         <size>0x3d8</size>
         <input_file_ref idref="fl-42"/>
      </object_component>
      <object_component id="oc-73">
         <name>.text</name>
         <load_address>0x14e28</load_address>
         <run_address>0x14e28</run_address>
         <size>0x34c</size>
         <input_file_ref idref="fl-23"/>
      </object_component>
      <object_component id="oc-41">
         <name>.text:retain</name>
         <load_address>0x15174</load_address>
         <run_address>0x15174</run_address>
         <size>0x2cc</size>
         <input_file_ref idref="fl-2e"/>
      </object_component>
      <object_component id="oc-4b3">
         <name>.text</name>
         <load_address>0x15440</load_address>
         <run_address>0x15440</run_address>
         <size>0x2b8</size>
         <input_file_ref idref="fl-67"/>
      </object_component>
      <object_component id="oc-273">
         <name>.text</name>
         <load_address>0x156f8</load_address>
         <run_address>0x156f8</run_address>
         <size>0x29c</size>
         <input_file_ref idref="fl-19"/>
      </object_component>
      <object_component id="oc-295">
         <name>.text</name>
         <load_address>0x15994</load_address>
         <run_address>0x15994</run_address>
         <size>0x238</size>
         <input_file_ref idref="fl-1a"/>
      </object_component>
      <object_component id="oc-30">
         <name>.text:retain</name>
         <load_address>0x15bcc</load_address>
         <run_address>0x15bcc</run_address>
         <size>0x204</size>
         <input_file_ref idref="fl-21"/>
      </object_component>
      <object_component id="oc-120">
         <name>.text</name>
         <load_address>0x15dd0</load_address>
         <run_address>0x15dd0</run_address>
         <size>0x1d8</size>
         <input_file_ref idref="fl-e"/>
      </object_component>
      <object_component id="oc-5a8">
         <name>.text</name>
         <load_address>0x15fa8</load_address>
         <run_address>0x15fa8</run_address>
         <size>0x1c8</size>
         <input_file_ref idref="fl-68"/>
      </object_component>
      <object_component id="oc-21">
         <name>.text:retain</name>
         <load_address>0x16170</load_address>
         <run_address>0x16170</run_address>
         <size>0x1c0</size>
         <input_file_ref idref="fl-2d"/>
      </object_component>
      <object_component id="oc-b7">
         <name>.text</name>
         <load_address>0x16330</load_address>
         <run_address>0x16330</run_address>
         <size>0x1c0</size>
         <input_file_ref idref="fl-d"/>
      </object_component>
      <object_component id="oc-3ad">
         <name>.text</name>
         <load_address>0x164f0</load_address>
         <run_address>0x164f0</run_address>
         <size>0x1b4</size>
         <input_file_ref idref="fl-1c"/>
      </object_component>
      <object_component id="oc-90">
         <name>.text</name>
         <load_address>0x166a4</load_address>
         <run_address>0x166a4</run_address>
         <size>0x158</size>
         <input_file_ref idref="fl-7"/>
      </object_component>
      <object_component id="oc-36d">
         <name>.text</name>
         <load_address>0x167fc</load_address>
         <run_address>0x167fc</run_address>
         <size>0x138</size>
         <input_file_ref idref="fl-3d"/>
      </object_component>
      <object_component id="oc-422">
         <name>.text</name>
         <load_address>0x16934</load_address>
         <run_address>0x16934</run_address>
         <size>0x130</size>
         <input_file_ref idref="fl-4c"/>
      </object_component>
      <object_component id="oc-27">
         <name>.text:retain</name>
         <load_address>0x16a64</load_address>
         <run_address>0x16a64</run_address>
         <size>0x114</size>
         <input_file_ref idref="fl-11"/>
      </object_component>
      <object_component id="oc-a3">
         <name>.text</name>
         <load_address>0x16b78</load_address>
         <run_address>0x16b78</run_address>
         <size>0x104</size>
         <input_file_ref idref="fl-14"/>
      </object_component>
      <object_component id="oc-267">
         <name>.text</name>
         <load_address>0x16c7c</load_address>
         <run_address>0x16c7c</run_address>
         <size>0x100</size>
         <input_file_ref idref="fl-1f"/>
      </object_component>
      <object_component id="oc-4be">
         <name>.text</name>
         <load_address>0x16d7c</load_address>
         <run_address>0x16d7c</run_address>
         <size>0xf4</size>
         <input_file_ref idref="fl-61"/>
      </object_component>
      <object_component id="oc-96">
         <name>.text</name>
         <load_address>0x16e70</load_address>
         <run_address>0x16e70</run_address>
         <size>0xec</size>
         <input_file_ref idref="fl-26"/>
      </object_component>
      <object_component id="oc-c1">
         <name>.text</name>
         <load_address>0x16f5c</load_address>
         <run_address>0x16f5c</run_address>
         <size>0xe8</size>
         <input_file_ref idref="fl-10"/>
      </object_component>
      <object_component id="oc-323">
         <name>.text</name>
         <load_address>0x17044</load_address>
         <run_address>0x17044</run_address>
         <size>0xe0</size>
         <input_file_ref idref="fl-44"/>
      </object_component>
      <object_component id="oc-f7">
         <name>.text</name>
         <load_address>0x17124</load_address>
         <run_address>0x17124</run_address>
         <size>0xe0</size>
         <input_file_ref idref="fl-2b"/>
      </object_component>
      <object_component id="oc-54d">
         <name>.text</name>
         <load_address>0x17204</load_address>
         <run_address>0x17204</run_address>
         <size>0xdc</size>
         <input_file_ref idref="fl-62"/>
      </object_component>
      <object_component id="oc-373">
         <name>.text</name>
         <load_address>0x172e0</load_address>
         <run_address>0x172e0</run_address>
         <size>0xcc</size>
         <input_file_ref idref="fl-3c"/>
      </object_component>
      <object_component id="oc-5df">
         <name>.text</name>
         <load_address>0x173ac</load_address>
         <run_address>0x173ac</run_address>
         <size>0xbc</size>
         <input_file_ref idref="fl-69"/>
      </object_component>
      <object_component id="oc-472">
         <name>.text</name>
         <load_address>0x17468</load_address>
         <run_address>0x17468</run_address>
         <size>0xae</size>
         <input_file_ref idref="fl-4f"/>
      </object_component>
      <object_component id="oc-5b">
         <name>.text</name>
         <load_address>0x17516</load_address>
         <run_address>0x17516</run_address>
         <size>0x9c</size>
         <input_file_ref idref="fl-41"/>
      </object_component>
      <object_component id="oc-10b">
         <name>.text</name>
         <load_address>0x175b2</load_address>
         <run_address>0x175b2</run_address>
         <size>0x2</size>
         <input_file_ref idref="fl-47"/>
      </object_component>
      <object_component id="oc-5e5">
         <name>.text</name>
         <load_address>0x175b4</load_address>
         <run_address>0x175b4</run_address>
         <size>0x98</size>
         <input_file_ref idref="fl-6b"/>
      </object_component>
      <object_component id="oc-2d6">
         <name>.text</name>
         <load_address>0x1764c</load_address>
         <run_address>0x1764c</run_address>
         <size>0x94</size>
         <input_file_ref idref="fl-45"/>
      </object_component>
      <object_component id="oc-67">
         <name>.text</name>
         <load_address>0x176e0</load_address>
         <run_address>0x176e0</run_address>
         <size>0x7a</size>
         <input_file_ref idref="fl-43"/>
      </object_component>
      <object_component id="oc-61e">
         <name>.text</name>
         <load_address>0x1775c</load_address>
         <run_address>0x1775c</run_address>
         <size>0x74</size>
         <input_file_ref idref="fl-6c"/>
      </object_component>
      <object_component id="oc-4b8">
         <name>.text</name>
         <load_address>0x177d0</load_address>
         <run_address>0x177d0</run_address>
         <size>0x74</size>
         <input_file_ref idref="fl-60"/>
      </object_component>
      <object_component id="oc-8a">
         <name>.text</name>
         <load_address>0x17844</load_address>
         <run_address>0x17844</run_address>
         <size>0x70</size>
         <input_file_ref idref="fl-35"/>
      </object_component>
      <object_component id="oc-f">
         <name>.text:decompress:lzss</name>
         <load_address>0x178b4</load_address>
         <run_address>0x178b4</run_address>
         <size>0x6c</size>
         <input_file_ref idref="fl-36"/>
      </object_component>
      <object_component id="oc-614">
         <name>.text</name>
         <load_address>0x17920</load_address>
         <run_address>0x17920</run_address>
         <size>0x6c</size>
         <input_file_ref idref="fl-5a"/>
      </object_component>
      <object_component id="oc-638">
         <name>.text</name>
         <load_address>0x1798c</load_address>
         <run_address>0x1798c</run_address>
         <size>0x6c</size>
         <input_file_ref idref="fl-66"/>
      </object_component>
      <object_component id="oc-608">
         <name>.text</name>
         <load_address>0x179f8</load_address>
         <run_address>0x179f8</run_address>
         <size>0x68</size>
         <input_file_ref idref="fl-57"/>
      </object_component>
      <object_component id="oc-547">
         <name>.text</name>
         <load_address>0x17a60</load_address>
         <run_address>0x17a60</run_address>
         <size>0x64</size>
         <input_file_ref idref="fl-55"/>
      </object_component>
      <object_component id="oc-2aa">
         <name>.text</name>
         <load_address>0x17ac4</load_address>
         <run_address>0x17ac4</run_address>
         <size>0x64</size>
         <input_file_ref idref="fl-46"/>
      </object_component>
      <object_component id="oc-5f0">
         <name>.text</name>
         <load_address>0x17b28</load_address>
         <run_address>0x17b28</run_address>
         <size>0x5c</size>
         <input_file_ref idref="fl-58"/>
      </object_component>
      <object_component id="oc-5fc">
         <name>.text</name>
         <load_address>0x17b84</load_address>
         <run_address>0x17b84</run_address>
         <size>0x5c</size>
         <input_file_ref idref="fl-59"/>
      </object_component>
      <object_component id="oc-627">
         <name>.text</name>
         <load_address>0x17be0</load_address>
         <run_address>0x17be0</run_address>
         <size>0x58</size>
         <input_file_ref idref="fl-70"/>
      </object_component>
      <object_component id="oc-602">
         <name>.text</name>
         <load_address>0x17c38</load_address>
         <run_address>0x17c38</run_address>
         <size>0x58</size>
         <input_file_ref idref="fl-5c"/>
      </object_component>
      <object_component id="oc-240">
         <name>.text</name>
         <load_address>0x17c90</load_address>
         <run_address>0x17c90</run_address>
         <size>0x54</size>
         <input_file_ref idref="fl-3e"/>
      </object_component>
      <object_component id="oc-2ca">
         <name>.text</name>
         <load_address>0x17ce4</load_address>
         <run_address>0x17ce4</run_address>
         <size>0x54</size>
         <input_file_ref idref="fl-3f"/>
      </object_component>
      <object_component id="oc-4ca">
         <name>.text</name>
         <load_address>0x17d38</load_address>
         <run_address>0x17d38</run_address>
         <size>0x50</size>
         <input_file_ref idref="fl-52"/>
      </object_component>
      <object_component id="oc-9c">
         <name>.text</name>
         <load_address>0x17d88</load_address>
         <run_address>0x17d88</run_address>
         <size>0x50</size>
         <input_file_ref idref="fl-3b"/>
      </object_component>
      <object_component id="oc-2b0">
         <name>.text</name>
         <load_address>0x17dd8</load_address>
         <run_address>0x17dd8</run_address>
         <size>0x50</size>
         <input_file_ref idref="fl-4d"/>
      </object_component>
      <object_component id="oc-105">
         <name>.text</name>
         <load_address>0x17e28</load_address>
         <run_address>0x17e28</run_address>
         <size>0x4c</size>
         <input_file_ref idref="fl-39"/>
      </object_component>
      <object_component id="oc-5f6">
         <name>.text</name>
         <load_address>0x17e74</load_address>
         <run_address>0x17e74</run_address>
         <size>0x44</size>
         <input_file_ref idref="fl-56"/>
      </object_component>
      <object_component id="oc-60e">
         <name>.text</name>
         <load_address>0x17eb8</load_address>
         <run_address>0x17eb8</run_address>
         <size>0x44</size>
         <input_file_ref idref="fl-5b"/>
      </object_component>
      <object_component id="oc-416">
         <name>.text</name>
         <load_address>0x17efc</load_address>
         <run_address>0x17efc</run_address>
         <size>0x40</size>
         <input_file_ref idref="fl-4b"/>
      </object_component>
      <object_component id="oc-64e">
         <name>.text</name>
         <load_address>0x17f3c</load_address>
         <run_address>0x17f3c</run_address>
         <size>0x36</size>
         <input_file_ref idref="fl-6e"/>
      </object_component>
      <object_component id="oc-251">
         <name>.text</name>
         <load_address>0x17f74</load_address>
         <run_address>0x17f74</run_address>
         <size>0x2c</size>
         <input_file_ref idref="fl-34"/>
      </object_component>
      <object_component id="oc-62d">
         <name>.text</name>
         <load_address>0x17fa0</load_address>
         <run_address>0x17fa0</run_address>
         <size>0x2c</size>
         <input_file_ref idref="fl-6f"/>
      </object_component>
      <object_component id="oc-519">
         <name>.text</name>
         <load_address>0x17fcc</load_address>
         <run_address>0x17fcc</run_address>
         <size>0x2a</size>
         <input_file_ref idref="fl-65"/>
      </object_component>
      <object_component id="oc-5a0">
         <name>.text</name>
         <load_address>0x17ff8</load_address>
         <run_address>0x17ff8</run_address>
         <size>0x28</size>
         <input_file_ref idref="fl-5e"/>
      </object_component>
      <object_component id="oc-47e">
         <name>.text</name>
         <load_address>0x18020</load_address>
         <run_address>0x18020</run_address>
         <size>0x28</size>
         <input_file_ref idref="fl-4e"/>
      </object_component>
      <object_component id="oc-51f">
         <name>.text</name>
         <load_address>0x18048</load_address>
         <run_address>0x18048</run_address>
         <size>0x22</size>
         <input_file_ref idref="fl-64"/>
      </object_component>
      <object_component id="oc-478">
         <name>.text</name>
         <load_address>0x1806a</load_address>
         <run_address>0x1806a</run_address>
         <size>0x20</size>
         <input_file_ref idref="fl-40"/>
      </object_component>
      <object_component id="oc-4d0">
         <name>.text</name>
         <load_address>0x1808a</load_address>
         <run_address>0x1808a</run_address>
         <size>0x1c</size>
         <input_file_ref idref="fl-5f"/>
      </object_component>
      <object_component id="oc-56c">
         <name>.text</name>
         <load_address>0x180a6</load_address>
         <run_address>0x180a6</run_address>
         <size>0x18</size>
         <input_file_ref idref="fl-6a"/>
      </object_component>
      <object_component id="oc-41c">
         <name>.text</name>
         <load_address>0x180be</load_address>
         <run_address>0x180be</run_address>
         <size>0x18</size>
         <input_file_ref idref="fl-48"/>
      </object_component>
      <object_component id="oc-4c4">
         <name>.text</name>
         <load_address>0x180d6</load_address>
         <run_address>0x180d6</run_address>
         <size>0x16</size>
         <input_file_ref idref="fl-63"/>
      </object_component>
      <object_component id="oc-1a6">
         <name>.text</name>
         <load_address>0x180ec</load_address>
         <run_address>0x180ec</run_address>
         <size>0x16</size>
         <input_file_ref idref="fl-4a"/>
      </object_component>
      <object_component id="oc-307">
         <name>.text</name>
         <load_address>0x18104</load_address>
         <run_address>0x18104</run_address>
         <size>0x14</size>
         <input_file_ref idref="fl-50"/>
      </object_component>
      <object_component id="oc-2a4">
         <name>.text</name>
         <load_address>0x18118</load_address>
         <run_address>0x18118</run_address>
         <size>0x14</size>
         <input_file_ref idref="fl-49"/>
      </object_component>
      <object_component id="oc-15">
         <name>.text:decompress:none</name>
         <load_address>0x1812c</load_address>
         <run_address>0x1812c</run_address>
         <size>0xe</size>
         <input_file_ref idref="fl-37"/>
      </object_component>
      <object_component id="oc-1b">
         <name>.text:decompress:ZI</name>
         <load_address>0x1813a</load_address>
         <run_address>0x1813a</run_address>
         <size>0xc</size>
         <input_file_ref idref="fl-38"/>
      </object_component>
      <object_component id="oc-3b">
         <name>.text:retain</name>
         <load_address>0x18148</load_address>
         <run_address>0x18148</run_address>
         <size>0x4</size>
         <input_file_ref idref="fl-29"/>
      </object_component>
      <object_component id="oc-28">
         <name>.const:s_vim_init</name>
         <load_address>0x1814c</load_address>
         <run_address>0x1814c</run_address>
         <size>0x200</size>
         <input_file_ref idref="fl-2e"/>
      </object_component>
      <object_component id="oc-52c">
         <name>.const:.string:_ctypes_</name>
         <load_address>0x1834c</load_address>
         <run_address>0x1834c</run_address>
         <size>0x101</size>
         <input_file_ref idref="fl-53"/>
      </object_component>
      <object_component id="oc-436">
         <name>.const:.string:$P$T6$3</name>
         <load_address>0x1844d</load_address>
         <run_address>0x1844d</run_address>
         <size>0x2</size>
         <input_file_ref idref="fl-3"/>
      </object_component>
      <object_component id="oc-53e">
         <name>.const:.string</name>
         <load_address>0x18450</load_address>
         <run_address>0x18450</run_address>
         <size>0xa4</size>
         <input_file_ref idref="fl-3"/>
      </object_component>
      <object_component id="oc-23b">
         <name>.const:.string</name>
         <load_address>0x184f4</load_address>
         <run_address>0x184f4</run_address>
         <size>0x94</size>
         <input_file_ref idref="fl-7"/>
      </object_component>
      <object_component id="oc-4fd">
         <name>.const:.string</name>
         <load_address>0x18588</load_address>
         <run_address>0x18588</run_address>
         <size>0x34</size>
         <input_file_ref idref="fl-8"/>
      </object_component>
      <object_component id="oc-263">
         <name>.const:cumulativeSecondsInMonth</name>
         <load_address>0x185bc</load_address>
         <run_address>0x185bc</run_address>
         <size>0x30</size>
         <input_file_ref idref="fl-4"/>
      </object_component>
      <object_component id="oc-3f3">
         <name>.const:TRANSITION_TABLE</name>
         <load_address>0x185ec</load_address>
         <run_address>0x185ec</run_address>
         <size>0x24</size>
         <input_file_ref idref="fl-8"/>
      </object_component>
      <object_component id="oc-3d9">
         <name>.const:$P$T0$1</name>
         <load_address>0x18610</load_address>
         <run_address>0x18610</run_address>
         <size>0x20</size>
         <input_file_ref idref="fl-2"/>
      </object_component>
      <object_component id="oc-2ee">
         <name>.const:$P$T0$1</name>
         <load_address>0x18630</load_address>
         <run_address>0x18630</run_address>
         <size>0x20</size>
         <input_file_ref idref="fl-b"/>
      </object_component>
      <object_component id="oc-3df">
         <name>.const:$P$T2$3</name>
         <load_address>0x18650</load_address>
         <run_address>0x18650</run_address>
         <size>0x20</size>
         <input_file_ref idref="fl-2"/>
      </object_component>
      <object_component id="oc-429">
         <name>.const:$P$T5$2</name>
         <load_address>0x18670</load_address>
         <run_address>0x18670</run_address>
         <size>0x18</size>
         <input_file_ref idref="fl-3"/>
      </object_component>
      <object_component id="oc-515">
         <name>.const:$P$T6$1</name>
         <load_address>0x18688</load_address>
         <run_address>0x18688</run_address>
         <size>0x18</size>
         <input_file_ref idref="fl-5"/>
      </object_component>
      <object_component id="oc-43f">
         <name>.const:$P$T7$4</name>
         <load_address>0x186a0</load_address>
         <run_address>0x186a0</run_address>
         <size>0x18</size>
         <input_file_ref idref="fl-3"/>
      </object_component>
      <object_component id="oc-433">
         <name>.const:CMD_FUNCS</name>
         <load_address>0x186b8</load_address>
         <run_address>0x186b8</run_address>
         <size>0x18</size>
         <input_file_ref idref="fl-3"/>
      </object_component>
      <object_component id="oc-3e6">
         <name>.const:s_adcFiFoSize</name>
         <load_address>0x186d0</load_address>
         <run_address>0x186d0</run_address>
         <size>0x18</size>
         <input_file_ref idref="fl-f"/>
      </object_component>
      <object_component id="oc-3e9">
         <name>.const:s_adcSelect</name>
         <load_address>0x186e8</load_address>
         <run_address>0x186e8</run_address>
         <size>0x18</size>
         <input_file_ref idref="fl-f"/>
      </object_component>
      <object_component id="oc-3dc">
         <name>.const:$P$T1$2</name>
         <load_address>0x18700</load_address>
         <run_address>0x18700</run_address>
         <size>0xc</size>
         <input_file_ref idref="fl-2"/>
      </object_component>
      <object_component id="oc-3f0">
         <name>.const:STATE_TABLE</name>
         <load_address>0x1870c</load_address>
         <run_address>0x1870c</run_address>
         <size>0xc</size>
         <input_file_ref idref="fl-8"/>
      </object_component>
      <object_component id="oc-50b">
         <name>.const:$P$T0$1</name>
         <load_address>0x18718</load_address>
         <run_address>0x18718</run_address>
         <size>0x6</size>
         <input_file_ref idref="fl-a"/>
      </object_component>
      <object_component id="oc-50e">
         <name>.const:$P$T1$2</name>
         <load_address>0x1871e</load_address>
         <run_address>0x1871e</run_address>
         <size>0x6</size>
         <input_file_ref idref="fl-a"/>
      </object_component>
      <object_component id="oc-396">
         <name>.const</name>
         <load_address>0x18724</load_address>
         <run_address>0x18724</run_address>
         <size>0x4</size>
         <input_file_ref idref="fl-19"/>
      </object_component>
      <object_component id="oc-171">
         <name>.kernelBSS</name>
         <load_address>0x8000920</load_address>
         <run_address>0x8000920</run_address>
         <size>0x8</size>
         <input_file_ref idref="fl-1c"/>
      </object_component>
      <object_component id="oc-16e">
         <name>.kernelBSS:init</name>
         <load_address>0x80008e4</load_address>
         <run_address>0x80008e4</run_address>
         <size>0x3c</size>
         <input_file_ref idref="fl-1f"/>
      </object_component>
      <object_component id="oc-2a1">
         <name>.kernelBSS:uninit</name>
         <load_address>0x8000800</load_address>
         <run_address>0x8000800</run_address>
         <size>0xe4</size>
         <input_file_ref idref="fl-1f"/>
      </object_component>
      <object_component id="oc-42c">
         <name>.bss:event$1</name>
         <uninitialized>true</uninitialized>
         <run_address>0x8004a34</run_address>
         <size>0x24</size>
         <input_file_ref idref="fl-3"/>
      </object_component>
      <object_component id="oc-39e">
         <name>.bss:ucHeap</name>
         <uninitialized>true</uninitialized>
         <run_address>0x8001000</run_address>
         <size>0x36b0</size>
         <input_file_ref idref="fl-19"/>
      </object_component>
      <object_component id="oc-399">
         <name>.bss:xStart</name>
         <uninitialized>true</uninitialized>
         <run_address>0x8004a84</run_address>
         <size>0x8</size>
         <input_file_ref idref="fl-19"/>
      </object_component>
      <object_component id="oc-bd">
         <name>.bss:g_sciTransfer_t</name>
         <uninitialized>true</uninitialized>
         <run_address>0x80049e4</run_address>
         <size>0x28</size>
         <input_file_ref idref="fl-21"/>
      </object_component>
      <object_component id="oc-247">
         <name>.bss:g_spiPacket_t</name>
         <uninitialized>true</uninitialized>
         <run_address>0x800496c</run_address>
         <size>0x78</size>
         <input_file_ref idref="fl-22"/>
      </object_component>
      <object_component id="oc-65e">
         <name>.bss:_CIOBUF_</name>
         <uninitialized>true</uninitialized>
         <run_address>0x80046b0</run_address>
         <size>0x120</size>
         <input_file_ref idref="fl-66"/>
      </object_component>
      <object_component id="oc-3e2">
         <name>.common:TG0_IS_Complete</name>
         <uninitialized>true</uninitialized>
         <run_address>0x8004a94</run_address>
         <size>0x4</size>
      </object_component>
      <object_component id="oc-3d4">
         <name>.common:TG1_IS_Complete</name>
         <uninitialized>true</uninitialized>
         <run_address>0x8004a98</run_address>
         <size>0x4</size>
      </object_component>
      <object_component id="oc-3e3">
         <name>.common:TG2_IS_Complete</name>
         <uninitialized>true</uninitialized>
         <run_address>0x8004aa0</run_address>
         <size>0x4</size>
      </object_component>
      <object_component id="oc-3e4">
         <name>.common:TG3_IS_Complete</name>
         <uninitialized>true</uninitialized>
         <run_address>0x8004aa4</run_address>
         <size>0x4</size>
      </object_component>
      <object_component id="oc-3d7">
         <name>.common:TG3_RX</name>
         <uninitialized>true</uninitialized>
         <run_address>0x8004a0c</run_address>
         <size>0x28</size>
      </object_component>
      <object_component id="oc-3d5">
         <name>.common:TG1_RX</name>
         <uninitialized>true</uninitialized>
         <run_address>0x8004a9c</run_address>
         <size>0x4</size>
      </object_component>
      <object_component id="oc-3d6">
         <name>.common:dummyBytes_16</name>
         <uninitialized>true</uninitialized>
         <run_address>0x8004a58</run_address>
         <size>0x20</size>
      </object_component>
      <object_component id="oc-2e8">
         <name>.common:addressWritten</name>
         <uninitialized>true</uninitialized>
         <run_address>0x8004aa8</run_address>
         <size>0x4</size>
      </object_component>
      <object_component id="oc-2ed">
         <name>.common:lastRead</name>
         <uninitialized>true</uninitialized>
         <run_address>0x8004ab0</run_address>
         <size>0x4</size>
      </object_component>
      <object_component id="oc-3d8">
         <name>.common:xFlashMutex</name>
         <uninitialized>true</uninitialized>
         <run_address>0x8004abc</run_address>
         <size>0x4</size>
      </object_component>
      <object_component id="oc-428">
         <name>.common:buffer</name>
         <uninitialized>true</uninitialized>
         <run_address>0x80047d0</run_address>
         <size>0xfc</size>
      </object_component>
      <object_component id="oc-262">
         <name>.common:xRTCMutex</name>
         <uninitialized>true</uninitialized>
         <run_address>0x8004ac4</run_address>
         <size>0x4</size>
      </object_component>
      <object_component id="oc-25a">
         <name>.common:rtc_spiConfig</name>
         <uninitialized>true</uninitialized>
         <run_address>0x8004ab4</run_address>
         <size>0x4</size>
      </object_component>
      <object_component id="oc-261">
         <name>.common:epochOffset</name>
         <uninitialized>true</uninitialized>
         <run_address>0x8004aac</run_address>
         <size>0x4</size>
      </object_component>
      <object_component id="oc-508">
         <name>.common:spiDataConfig</name>
         <uninitialized>true</uninitialized>
         <run_address>0x8004ab8</run_address>
         <size>0x4</size>
      </object_component>
      <object_component id="oc-113">
         <name>.common:startData</name>
         <uninitialized>true</uninitialized>
         <run_address>0x8004ad9</run_address>
         <size>0x1</size>
      </object_component>
      <object_component id="oc-2f1">
         <name>.common:cur_state</name>
         <uninitialized>true</uninitialized>
         <run_address>0x8004ad8</run_address>
         <size>0x1</size>
      </object_component>
      <object_component id="oc-2f4">
         <name>.common:state_persistent_data</name>
         <uninitialized>true</uninitialized>
         <run_address>0x8004a78</run_address>
         <size>0xc</size>
      </object_component>
      <object_component id="oc-504">
         <name>.common:xRadioTXQueue</name>
         <uninitialized>true</uninitialized>
         <run_address>0x8004acc</run_address>
         <size>0x4</size>
      </object_component>
      <object_component id="oc-507">
         <name>.common:xRadioRXQueue</name>
         <uninitialized>true</uninitialized>
         <run_address>0x8004ac8</run_address>
         <size>0x4</size>
      </object_component>
      <object_component id="oc-2f5">
         <name>.common:xQueue</name>
         <uninitialized>true</uninitialized>
         <run_address>0x8004ac0</run_address>
         <size>0x4</size>
      </object_component>
      <object_component id="oc-1af">
         <name>.common:xSerialTXQueue</name>
         <uninitialized>true</uninitialized>
         <run_address>0x8004ad4</run_address>
         <size>0x4</size>
      </object_component>
      <object_component id="oc-1b2">
         <name>.common:xSerialRXQueue</name>
         <uninitialized>true</uninitialized>
         <run_address>0x8004ad0</run_address>
         <size>0x4</size>
      </object_component>
      <object_component id="oc-633">
         <name>.common:__TI_tmpnams</name>
         <uninitialized>true</uninitialized>
         <run_address>0x80048cc</run_address>
         <size>0xa0</size>
      </object_component>
      <object_component id="oc-63e">
         <name>.common:parmbuf</name>
         <uninitialized>true</uninitialized>
         <run_address>0x8004a8c</run_address>
         <size>0x8</size>
      </object_component>
      <object_component id="oc-43c">
         <name>.data:CMD_DBG_STRINGS</name>
         <load_address>0x8005500</load_address>
         <run_address>0x8005500</run_address>
         <size>0xf0</size>
         <input_file_ref idref="fl-3"/>
      </object_component>
      <object_component id="oc-439">
         <name>.data:CMD_NAMES</name>
         <load_address>0x80057e8</load_address>
         <run_address>0x80057e8</run_address>
         <size>0x18</size>
         <input_file_ref idref="fl-3"/>
      </object_component>
      <object_component id="oc-42d">
         <name>.data:testCMD</name>
         <load_address>0x8005800</load_address>
         <run_address>0x8005800</run_address>
         <size>0x18</size>
         <input_file_ref idref="fl-3"/>
      </object_component>
      <object_component id="oc-430">
         <name>.data:testSCHED</name>
         <load_address>0x8005818</load_address>
         <run_address>0x8005818</run_address>
         <size>0x14</size>
         <input_file_ref idref="fl-3"/>
      </object_component>
      <object_component id="oc-257">
         <name>.data</name>
         <load_address>0x800587c</load_address>
         <run_address>0x800587c</run_address>
         <size>0x8</size>
         <input_file_ref idref="fl-4"/>
      </object_component>
      <object_component id="oc-512">
         <name>.data:schedule</name>
         <load_address>0x80052e0</load_address>
         <run_address>0x80052e0</run_address>
         <size>0x220</size>
         <input_file_ref idref="fl-5"/>
      </object_component>
      <object_component id="oc-116">
         <name>.data:STARTUP_STRING</name>
         <load_address>0x80057a8</load_address>
         <run_address>0x80057a8</run_address>
         <size>0x20</size>
         <input_file_ref idref="fl-7"/>
      </object_component>
      <object_component id="oc-3f6">
         <name>.data:stateNameString</name>
         <load_address>0x800584c</load_address>
         <run_address>0x800584c</run_address>
         <size>0x10</size>
         <input_file_ref idref="fl-8"/>
      </object_component>
      <object_component id="oc-13e">
         <name>.data</name>
         <load_address>0x80057c8</load_address>
         <run_address>0x80057c8</run_address>
         <size>0x20</size>
         <input_file_ref idref="fl-9"/>
      </object_component>
      <object_component id="oc-1ac">
         <name>.data</name>
         <load_address>0x8005894</load_address>
         <run_address>0x8005894</run_address>
         <size>0x1</size>
         <input_file_ref idref="fl-d"/>
      </object_component>
      <object_component id="oc-393">
         <name>.data</name>
         <load_address>0x800582c</load_address>
         <run_address>0x800582c</run_address>
         <size>0x10</size>
         <input_file_ref idref="fl-19"/>
      </object_component>
      <object_component id="oc-379">
         <name>.data:_ftable</name>
         <load_address>0x80055f0</load_address>
         <run_address>0x80055f0</run_address>
         <size>0xf0</size>
         <input_file_ref idref="fl-3a"/>
      </object_component>
      <object_component id="oc-486">
         <name>.data</name>
         <load_address>0x800583c</load_address>
         <run_address>0x800583c</run_address>
         <size>0x10</size>
         <input_file_ref idref="fl-3a"/>
      </object_component>
      <object_component id="oc-15e">
         <name>.data:$O1$$</name>
         <load_address>0x800585c</load_address>
         <run_address>0x800585c</run_address>
         <size>0xc</size>
         <input_file_ref idref="fl-3b"/>
      </object_component>
      <object_component id="oc-406">
         <name>.data:$O1$$</name>
         <load_address>0x8005868</load_address>
         <run_address>0x8005868</run_address>
         <size>0xc</size>
         <input_file_ref idref="fl-42"/>
      </object_component>
      <object_component id="oc-525">
         <name>.data</name>
         <load_address>0x8005890</load_address>
         <run_address>0x8005890</run_address>
         <size>0x4</size>
         <input_file_ref idref="fl-4b"/>
      </object_component>
      <object_component id="oc-5b9">
         <name>.data:_device</name>
         <load_address>0x80056e0</load_address>
         <run_address>0x80056e0</run_address>
         <size>0x78</size>
         <input_file_ref idref="fl-4e"/>
      </object_component>
      <object_component id="oc-557">
         <name>.data:_stream</name>
         <load_address>0x8005758</load_address>
         <run_address>0x8005758</run_address>
         <size>0x50</size>
         <input_file_ref idref="fl-4e"/>
      </object_component>
      <object_component id="oc-161">
         <name>.data:$O1$$</name>
         <load_address>0x8005874</load_address>
         <run_address>0x8005874</run_address>
         <size>0x8</size>
         <input_file_ref idref="fl-50"/>
      </object_component>
      <object_component id="oc-52f">
         <name>.data</name>
         <load_address>0x8005884</load_address>
         <run_address>0x8005884</run_address>
         <size>0x4</size>
         <input_file_ref idref="fl-54"/>
      </object_component>
      <object_component id="oc-5eb">
         <name>.data</name>
         <load_address>0x8005888</load_address>
         <run_address>0x8005888</run_address>
         <size>0x4</size>
         <input_file_ref idref="fl-68"/>
      </object_component>
      <object_component id="oc-624">
         <name>.data</name>
         <load_address>0x800588c</load_address>
         <run_address>0x800588c</run_address>
         <size>0x4</size>
         <input_file_ref idref="fl-69"/>
      </object_component>
      <object_component id="oc-4d">
         <name>.sysmem</name>
         <uninitialized>true</uninitialized>
         <run_address>0x8004ae0</run_address>
         <size>0x8</size>
         <input_file_ref idref="fl-42"/>
      </object_component>
      <object_component id="oc-6a8">
         <name>.sysmem</name>
         <uninitialized>true</uninitialized>
         <run_address>0x8004ae0</run_address>
         <size>0x0</size>
      </object_component>
      <object_component id="oc-2e9">
         <name>.debug_info</name>
         <load_address>0x0</load_address>
         <run_address>0x0</run_address>
         <size>0x7e4</size>
         <input_file_ref idref="fl-2"/>
      </object_component>
      <object_component id="oc-3da">
         <name>.debug_info</name>
         <load_address>0x7e4</load_address>
         <run_address>0x7e4</run_address>
         <size>0xdd</size>
         <input_file_ref idref="fl-2"/>
      </object_component>
      <object_component id="oc-3dd">
         <name>.debug_info</name>
         <load_address>0x8c1</load_address>
         <run_address>0x8c1</run_address>
         <size>0xdd</size>
         <input_file_ref idref="fl-2"/>
      </object_component>
      <object_component id="oc-3e0">
         <name>.debug_info</name>
         <load_address>0x99e</load_address>
         <run_address>0x99e</run_address>
         <size>0xdd</size>
         <input_file_ref idref="fl-2"/>
      </object_component>
      <object_component id="oc-2bf">
         <name>.debug_info</name>
         <load_address>0xa7b</load_address>
         <run_address>0xa7b</run_address>
         <size>0x13c8</size>
         <input_file_ref idref="fl-2"/>
      </object_component>
      <object_component id="oc-b2">
         <name>.debug_info</name>
         <load_address>0x1e43</load_address>
         <run_address>0x1e43</run_address>
         <size>0x157</size>
         <input_file_ref idref="fl-2"/>
      </object_component>
      <object_component id="oc-1d0">
         <name>.debug_info</name>
         <load_address>0x1f9a</load_address>
         <run_address>0x1f9a</run_address>
         <size>0x4de</size>
         <input_file_ref idref="fl-2"/>
      </object_component>
      <object_component id="oc-231">
         <name>.debug_info</name>
         <load_address>0x2478</load_address>
         <run_address>0x2478</run_address>
         <size>0x3f8</size>
         <input_file_ref idref="fl-2"/>
      </object_component>
      <object_component id="oc-159">
         <name>.debug_info</name>
         <load_address>0x2870</load_address>
         <run_address>0x2870</run_address>
         <size>0xe1</size>
         <input_file_ref idref="fl-2"/>
      </object_component>
      <object_component id="oc-24c">
         <name>.debug_info</name>
         <load_address>0x2951</load_address>
         <run_address>0x2951</run_address>
         <size>0x375</size>
         <input_file_ref idref="fl-2"/>
      </object_component>
      <object_component id="oc-14f">
         <name>.debug_info</name>
         <load_address>0x2cc6</load_address>
         <run_address>0x2cc6</run_address>
         <size>0x8b</size>
         <input_file_ref idref="fl-2"/>
      </object_component>
      <object_component id="oc-286">
         <name>.debug_info</name>
         <load_address>0x2d51</load_address>
         <run_address>0x2d51</run_address>
         <size>0x46</size>
         <input_file_ref idref="fl-2"/>
      </object_component>
      <object_component id="oc-300">
         <name>.debug_info</name>
         <load_address>0x2d97</load_address>
         <run_address>0x2d97</run_address>
         <size>0x2c</size>
         <input_file_ref idref="fl-2"/>
      </object_component>
      <object_component id="oc-281">
         <name>.debug_info</name>
         <load_address>0x2dc3</load_address>
         <run_address>0x2dc3</run_address>
         <size>0x2c</size>
         <input_file_ref idref="fl-2"/>
      </object_component>
      <object_component id="oc-154">
         <name>.debug_info</name>
         <load_address>0x2def</load_address>
         <run_address>0x2def</run_address>
         <size>0x18b</size>
         <input_file_ref idref="fl-2"/>
      </object_component>
      <object_component id="oc-28b">
         <name>.debug_info</name>
         <load_address>0x2f7a</load_address>
         <run_address>0x2f7a</run_address>
         <size>0x46</size>
         <input_file_ref idref="fl-2"/>
      </object_component>
      <object_component id="oc-cf">
         <name>.debug_info</name>
         <load_address>0x2fc0</load_address>
         <run_address>0x2fc0</run_address>
         <size>0x86</size>
         <input_file_ref idref="fl-2"/>
      </object_component>
      <object_component id="oc-4e6">
         <name>.debug_info</name>
         <load_address>0x3046</load_address>
         <run_address>0x3046</run_address>
         <size>0x44e</size>
         <input_file_ref idref="fl-2"/>
      </object_component>
      <object_component id="oc-181">
         <name>.debug_info</name>
         <load_address>0x3494</load_address>
         <run_address>0x3494</run_address>
         <size>0x1f9</size>
         <input_file_ref idref="fl-2"/>
      </object_component>
      <object_component id="oc-356">
         <name>.debug_info</name>
         <load_address>0x368d</load_address>
         <run_address>0x368d</run_address>
         <size>0x12a</size>
         <input_file_ref idref="fl-2"/>
      </object_component>
      <object_component id="oc-227">
         <name>.debug_info</name>
         <load_address>0x37b7</load_address>
         <run_address>0x37b7</run_address>
         <size>0x26c</size>
         <input_file_ref idref="fl-2"/>
      </object_component>
      <object_component id="oc-2fc">
         <name>.debug_info</name>
         <load_address>0x3a23</load_address>
         <run_address>0x3a23</run_address>
         <size>0xa39</size>
         <input_file_ref idref="fl-3"/>
      </object_component>
      <object_component id="oc-43d">
         <name>.debug_info</name>
         <load_address>0x445c</load_address>
         <run_address>0x445c</run_address>
         <size>0xeb</size>
         <input_file_ref idref="fl-3"/>
      </object_component>
      <object_component id="oc-43a">
         <name>.debug_info</name>
         <load_address>0x4547</load_address>
         <run_address>0x4547</run_address>
         <size>0xdf</size>
         <input_file_ref idref="fl-3"/>
      </object_component>
      <object_component id="oc-434">
         <name>.debug_info</name>
         <load_address>0x4626</load_address>
         <run_address>0x4626</run_address>
         <size>0xdf</size>
         <input_file_ref idref="fl-3"/>
      </object_component>
      <object_component id="oc-42e">
         <name>.debug_info</name>
         <load_address>0x4705</load_address>
         <run_address>0x4705</run_address>
         <size>0xdb</size>
         <input_file_ref idref="fl-3"/>
      </object_component>
      <object_component id="oc-431">
         <name>.debug_info</name>
         <load_address>0x47e0</load_address>
         <run_address>0x47e0</run_address>
         <size>0xdf</size>
         <input_file_ref idref="fl-3"/>
      </object_component>
      <object_component id="oc-42a">
         <name>.debug_info</name>
         <load_address>0x48bf</load_address>
         <run_address>0x48bf</run_address>
         <size>0xd9</size>
         <input_file_ref idref="fl-3"/>
      </object_component>
      <object_component id="oc-437">
         <name>.debug_info</name>
         <load_address>0x4998</load_address>
         <run_address>0x4998</run_address>
         <size>0xda</size>
         <input_file_ref idref="fl-3"/>
      </object_component>
      <object_component id="oc-440">
         <name>.debug_info</name>
         <load_address>0x4a72</load_address>
         <run_address>0x4a72</run_address>
         <size>0xda</size>
         <input_file_ref idref="fl-3"/>
      </object_component>
      <object_component id="oc-2e3">
         <name>.debug_info</name>
         <load_address>0x4b4c</load_address>
         <run_address>0x4b4c</run_address>
         <size>0xb15</size>
         <input_file_ref idref="fl-3"/>
      </object_component>
      <object_component id="oc-21d">
         <name>.debug_info</name>
         <load_address>0x5661</load_address>
         <run_address>0x5661</run_address>
         <size>0xdf</size>
         <input_file_ref idref="fl-3"/>
      </object_component>
      <object_component id="oc-148">
         <name>.debug_info</name>
         <load_address>0x5740</load_address>
         <run_address>0x5740</run_address>
         <size>0x30c</size>
         <input_file_ref idref="fl-3"/>
      </object_component>
      <object_component id="oc-443">
         <name>.debug_info</name>
         <load_address>0x5a4c</load_address>
         <run_address>0x5a4c</run_address>
         <size>0x147</size>
         <input_file_ref idref="fl-3"/>
      </object_component>
      <object_component id="oc-448">
         <name>.debug_info</name>
         <load_address>0x5b93</load_address>
         <run_address>0x5b93</run_address>
         <size>0x5d7</size>
         <input_file_ref idref="fl-3"/>
      </object_component>
      <object_component id="oc-e7">
         <name>.debug_info</name>
         <load_address>0x616a</load_address>
         <run_address>0x616a</run_address>
         <size>0x2c</size>
         <input_file_ref idref="fl-3"/>
      </object_component>
      <object_component id="oc-3c1">
         <name>.debug_info</name>
         <load_address>0x6196</load_address>
         <run_address>0x6196</run_address>
         <size>0x4e</size>
         <input_file_ref idref="fl-3"/>
      </object_component>
      <object_component id="oc-222">
         <name>.debug_info</name>
         <load_address>0x61e4</load_address>
         <run_address>0x61e4</run_address>
         <size>0x243</size>
         <input_file_ref idref="fl-3"/>
      </object_component>
      <object_component id="oc-33b">
         <name>.debug_info</name>
         <load_address>0x6427</load_address>
         <run_address>0x6427</run_address>
         <size>0x18e</size>
         <input_file_ref idref="fl-3"/>
      </object_component>
      <object_component id="oc-22c">
         <name>.debug_info</name>
         <load_address>0x65b5</load_address>
         <run_address>0x65b5</run_address>
         <size>0x14c</size>
         <input_file_ref idref="fl-3"/>
      </object_component>
      <object_component id="oc-25b">
[...]
         <name>vimDisableInterrupt</name>
         <value>0xec68</value>
         <object_component_ref idref="oc-47"/>
      </symbol>
      <symbol id="sm-10af">
         <name>vimGetConfigValue</name>
         <value>0xed14</value>
         <object_component_ref idref="oc-47"/>
      </symbol>
      <symbol id="sm-10b0">
         <name>vimParityErrorHandler</name>
         <value>0x15174</value>
         <object_component_ref idref="oc-41"/>
      </symbol>
      <symbol id="sm-1105">
         <name>systemGetConfigValue</name>
         <value>0xe1ac</value>
         <object_component_ref idref="oc-78"/>
      </symbol>
      <symbol id="sm-1106">
         <name>trimLPO</name>
         <value>0xded4</value>
         <object_component_ref idref="oc-78"/>
      </symbol>
      <symbol id="sm-1107">
         <name>systemInit</name>
         <value>0xe0b0</value>
         <object_component_ref idref="oc-78"/>
      </symbol>
      <symbol id="sm-1108">
         <name>tcmflashGetConfigValue</name>
         <value>0xe588</value>
         <object_component_ref idref="oc-78"/>
      </symbol>
      <symbol id="sm-1109">
         <name>sramGetConfigValue</name>
         <value>0xe734</value>
         <object_component_ref idref="oc-78"/>
      </symbol>
      <symbol id="sm-110a">
         <name>periphInit</name>
         <value>0xdf5c</value>
         <object_component_ref idref="oc-78"/>
      </symbol>
      <symbol id="sm-110b">
         <name>setupFlash</name>
         <value>0xdf1c</value>
         <object_component_ref idref="oc-78"/>
      </symbol>
      <symbol id="sm-110c">
         <name>setupPLL</name>
         <value>0xde84</value>
         <object_component_ref idref="oc-78"/>
      </symbol>
      <symbol id="sm-110d">
         <name>mapClocks</name>
         <value>0xdfb0</value>
         <object_component_ref idref="oc-78"/>
      </symbol>
      <symbol id="sm-110e">
         <name>systemPowerDown</name>
         <value>0xe17c</value>
         <object_component_ref idref="oc-78"/>
      </symbol>
      <symbol id="sm-1125">
         <name>_nassert</name>
         <value>0x17f75</value>
         <object_component_ref idref="oc-251"/>
      </symbol>
      <symbol id="sm-1126">
         <name>_assert</name>
         <value>0x17f8d</value>
         <object_component_ref idref="oc-251"/>
      </symbol>
      <symbol id="sm-1127">
         <name>_abort_msg</name>
         <value>0x17f77</value>
         <object_component_ref idref="oc-251"/>
      </symbol>
      <symbol id="sm-1151">
         <name>__TI_auto_init</name>
         <value>0x17845</value>
         <object_component_ref idref="oc-8a"/>
      </symbol>
      <symbol id="sm-116f">
         <name>__TI_decompress_lzss</name>
         <value>0x178b5</value>
         <object_component_ref idref="oc-f"/>
      </symbol>
      <symbol id="sm-1186">
         <name>__TI_decompress_none</name>
         <value>0x1812d</value>
         <object_component_ref idref="oc-15"/>
      </symbol>
      <symbol id="sm-1198">
         <name>__TI_zero_init</name>
         <value>0x1813b</value>
         <object_component_ref idref="oc-1b"/>
      </symbol>
      <symbol id="sm-11b2">
         <name>copy_in</name>
         <value>0x17e29</value>
         <object_component_ref idref="oc-105"/>
      </symbol>
      <symbol id="sm-11c7">
         <name>__TI_tmpnams</name>
         <value>0x80048cc</value>
      </symbol>
      <symbol id="sm-11c8">
         <name>__aeabi_stdout</name>
         <value>0x8005844</value>
         <object_component_ref idref="oc-486"/>
      </symbol>
      <symbol id="sm-11c9">
         <name>__aeabi_stderr</name>
         <value>0x8005848</value>
         <object_component_ref idref="oc-486"/>
      </symbol>
      <symbol id="sm-11ca">
         <name>__aeabi_stdin</name>
         <value>0x8005840</value>
         <object_component_ref idref="oc-486"/>
      </symbol>
      <symbol id="sm-11cb">
         <name>_ftable</name>
         <value>0x80055f0</value>
         <object_component_ref idref="oc-379"/>
      </symbol>
      <symbol id="sm-11cc">
         <name>__TI_ft_end</name>
         <value>0x800583c</value>
         <object_component_ref idref="oc-486"/>
      </symbol>
      <symbol id="sm-11ed">
         <name>C$$EXIT</name>
         <value>0x17d89</value>
         <object_component_ref idref="oc-9c"/>
      </symbol>
      <symbol id="sm-11ee">
         <name>abort</name>
         <value>0x17d8d</value>
         <object_component_ref idref="oc-9c"/>
      </symbol>
      <symbol id="sm-11ef">
         <name>exit</name>
         <value>0x17d95</value>
         <object_component_ref idref="oc-9c"/>
      </symbol>
      <symbol id="sm-11f0">
         <name>__TI_dtors_ptr</name>
         <value>0x8005860</value>
         <object_component_ref idref="oc-15e"/>
      </symbol>
      <symbol id="sm-11f1">
         <name>__TI_cleanup_ptr</name>
         <value>0x800585c</value>
         <object_component_ref idref="oc-15e"/>
      </symbol>
      <symbol id="sm-11f2">
         <name>__TI_enable_exit_profile_output</name>
         <value>0x8005864</value>
         <object_component_ref idref="oc-15e"/>
      </symbol>
      <symbol id="sm-120d">
         <name>__TI_doflush</name>
         <value>0x172e1</value>
         <object_component_ref idref="oc-373"/>
      </symbol>
      <symbol id="sm-120e">
         <name>fflush</name>
         <value>0x1732d</value>
         <object_component_ref idref="oc-373"/>
      </symbol>
      <symbol id="sm-1230">
         <name>puts</name>
         <value>0x1690d</value>
         <object_component_ref idref="oc-36d"/>
      </symbol>
      <symbol id="sm-1231">
         <name>fputs</name>
         <value>0x167fd</value>
         <object_component_ref idref="oc-36d"/>
      </symbol>
      <symbol id="sm-123d">
         <name>__aeabi_idivmod</name>
         <value>0x17c90</value>
         <object_component_ref idref="oc-240"/>
      </symbol>
      <symbol id="sm-123e">
         <name>__aeabi_idiv</name>
         <value>0x17c90</value>
         <object_component_ref idref="oc-240"/>
      </symbol>
      <symbol id="sm-124d">
         <name>ltoa</name>
         <value>0x17ce5</value>
         <object_component_ref idref="oc-2ca"/>
      </symbol>
      <symbol id="sm-125d">
         <name>memchr</name>
         <value>0x1806b</value>
         <object_component_ref idref="oc-478"/>
      </symbol>
      <symbol id="sm-1278">
         <name>memcpy</name>
         <value>0x17517</value>
         <object_component_ref idref="oc-5b"/>
      </symbol>
      <symbol id="sm-1279">
         <name>__aeabi_memcpy</name>
         <value>0x17517</value>
         <object_component_ref idref="oc-5b"/>
      </symbol>
      <symbol id="sm-127a">
         <name>__aeabi_memcpy8</name>
         <value>0x17517</value>
         <object_component_ref idref="oc-5b"/>
      </symbol>
      <symbol id="sm-127b">
         <name>__aeabi_memcpy4</name>
         <value>0x17517</value>
         <object_component_ref idref="oc-5b"/>
      </symbol>
      <symbol id="sm-12ec">
         <name>_sys_memory</name>
         <value>0x8004ae0</value>
         <object_component_ref idref="oc-4d"/>
      </symbol>
      <symbol id="sm-12ed">
         <name>free</name>
         <value>0x14b39</value>
         <object_component_ref idref="oc-2dc"/>
      </symbol>
      <symbol id="sm-12ee">
         <name>realloc</name>
         <value>0x14bfb</value>
         <object_component_ref idref="oc-2dc"/>
      </symbol>
      <symbol id="sm-12ef">
         <name>memalign</name>
         <value>0x14d05</value>
         <object_component_ref idref="oc-2dc"/>
      </symbol>
      <symbol id="sm-12f0">
         <name>calloc</name>
         <value>0x14df7</value>
         <object_component_ref idref="oc-2dc"/>
      </symbol>
      <symbol id="sm-12f1">
         <name>malloc</name>
         <value>0x14acf</value>
         <object_component_ref idref="oc-2dc"/>
      </symbol>
      <symbol id="sm-12f2">
         <name>minit</name>
         <value>0x14a51</value>
         <object_component_ref idref="oc-2dc"/>
      </symbol>
      <symbol id="sm-1301">
         <name>__aeabi_memset</name>
         <value>0x176e3</value>
         <object_component_ref idref="oc-67"/>
      </symbol>
      <symbol id="sm-1302">
         <name>memset</name>
         <value>0x176e9</value>
         <object_component_ref idref="oc-67"/>
      </symbol>
      <symbol id="sm-1303">
         <name>__aeabi_memset8</name>
         <value>0x176e3</value>
         <object_component_ref idref="oc-67"/>
      </symbol>
      <symbol id="sm-1304">
         <name>__aeabi_memset4</name>
         <value>0x176e3</value>
         <object_component_ref idref="oc-67"/>
      </symbol>
      <symbol id="sm-1305">
         <name>__aeabi_memclr8</name>
         <value>0x176e1</value>
         <object_component_ref idref="oc-67"/>
      </symbol>
      <symbol id="sm-1306">
         <name>__aeabi_memclr4</name>
         <value>0x176e1</value>
         <object_component_ref idref="oc-67"/>
      </symbol>
      <symbol id="sm-1307">
         <name>__aeabi_memclr</name>
         <value>0x176e1</value>
         <object_component_ref idref="oc-67"/>
      </symbol>
      <symbol id="sm-1328">
         <name>floorl</name>
         <value>0x17045</value>
         <object_component_ref idref="oc-323"/>
      </symbol>
      <symbol id="sm-1329">
         <name>floor</name>
         <value>0x17045</value>
         <object_component_ref idref="oc-323"/>
      </symbol>
      <symbol id="sm-134a">
         <name>snprintf</name>
         <value>0x1764d</value>
         <object_component_ref idref="oc-2d6"/>
      </symbol>
      <symbol id="sm-135e">
         <name>sprintf</name>
         <value>0x17ac5</value>
         <object_component_ref idref="oc-2aa"/>
      </symbol>
      <symbol id="sm-1368">
         <name>_system_post_cinit</name>
         <value>0x175b3</value>
         <object_component_ref idref="oc-10b"/>
      </symbol>
      <symbol id="sm-1377">
         <name>strcmp</name>
         <value>0x180bf</value>
         <object_component_ref idref="oc-41c"/>
      </symbol>
      <symbol id="sm-1385">
         <name>strcpy</name>
         <value>0x18119</value>
         <object_component_ref idref="oc-2a4"/>
      </symbol>
      <symbol id="sm-1393">
         <name>strlen</name>
         <value>0x180ed</value>
         <object_component_ref idref="oc-1a6"/>
      </symbol>
      <symbol id="sm-13ab">
         <name>strtok</name>
         <value>0x17efd</value>
         <object_component_ref idref="oc-416"/>
      </symbol>
      <symbol id="sm-13ce">
         <name>strtol</name>
         <value>0x16935</value>
         <object_component_ref idref="oc-422"/>
      </symbol>
      <symbol id="sm-13da">
         <name>__aeabi_uidivmod</name>
         <value>0x17dd8</value>
         <object_component_ref idref="oc-2b0"/>
      </symbol>
      <symbol id="sm-13db">
         <name>__aeabi_uidiv</name>
         <value>0x17dd8</value>
         <object_component_ref idref="oc-2b0"/>
      </symbol>
      <symbol id="sm-1401">
         <name>_stream</name>
         <value>0x8005758</value>
         <object_component_ref idref="oc-557"/>
      </symbol>
      <symbol id="sm-1402">
         <name>_device</name>
         <value>0x80056e0</value>
         <object_component_ref idref="oc-5b9"/>
      </symbol>
      <symbol id="sm-1403">
         <name>write</name>
         <value>0x18021</value>
         <object_component_ref idref="oc-47e"/>
      </symbol>
      <symbol id="sm-1421">
         <name>__TI_wrt_ok</name>
         <value>0x17469</value>
         <object_component_ref idref="oc-472"/>
      </symbol>
      <symbol id="sm-1422">
         <name>__TI_rd_ok</name>
         <value>0x174cd</value>
         <object_component_ref idref="oc-472"/>
      </symbol>
      <symbol id="sm-143b">
         <name>_nop</name>
         <value>0x18113</value>
         <object_component_ref idref="oc-307"/>
      </symbol>
      <symbol id="sm-143c">
         <name>_lock</name>
         <value>0x8005874</value>
         <object_component_ref idref="oc-161"/>
      </symbol>
      <symbol id="sm-143d">
         <name>_unlock</name>
         <value>0x8005878</value>
         <object_component_ref idref="oc-161"/>
      </symbol>
      <symbol id="sm-143e">
         <name>_register_lock</name>
         <value>0x1810b</value>
         <object_component_ref idref="oc-307"/>
      </symbol>
      <symbol id="sm-143f">
         <name>_register_unlock</name>
         <value>0x18105</value>
         <object_component_ref idref="oc-307"/>
      </symbol>
      <symbol id="sm-1533">
         <name>__TI_printfi</name>
         <value>0xb3f5</value>
         <object_component_ref idref="oc-3b9"/>
      </symbol>
      <symbol id="sm-1548">
         <name>atoi</name>
         <value>0x17d39</value>
         <object_component_ref idref="oc-4ca"/>
      </symbol>
      <symbol id="sm-1553">
         <name>_ctypes_</name>
         <value>0x1834c</value>
         <object_component_ref idref="oc-52c"/>
      </symbol>
      <symbol id="sm-155b">
         <name>errno</name>
         <value>0x8005884</value>
         <object_component_ref idref="oc-52f"/>
      </symbol>
      <symbol id="sm-156d">
         <name>fseek</name>
         <value>0x17a61</value>
         <object_component_ref idref="oc-547"/>
      </symbol>
      <symbol id="sm-157e">
         <name>HOSTclose</name>
         <value>0x17e75</value>
         <object_component_ref idref="oc-5f6"/>
      </symbol>
      <symbol id="sm-158f">
         <name>HOSTlseek</name>
         <value>0x179f9</value>
         <object_component_ref idref="oc-608"/>
      </symbol>
      <symbol id="sm-15a1">
         <name>parmbuf</name>
         <value>0x8004a8c</value>
      </symbol>
      <symbol id="sm-15a2">
         <name>HOSTopen</name>
         <value>0x17b29</value>
         <object_component_ref idref="oc-5f0"/>
      </symbol>
      <symbol id="sm-15b3">
         <name>HOSTread</name>
         <value>0x17b85</value>
         <object_component_ref idref="oc-5fc"/>
      </symbol>
      <symbol id="sm-15c4">
         <name>HOSTrename</name>
         <value>0x17921</value>
         <object_component_ref idref="oc-614"/>
      </symbol>
      <symbol id="sm-15d5">
         <name>HOSTunlink</name>
         <value>0x17eb9</value>
         <object_component_ref idref="oc-60e"/>
      </symbol>
      <symbol id="sm-15e6">
         <name>HOSTwrite</name>
         <value>0x17c39</value>
         <object_component_ref idref="oc-602"/>
      </symbol>
      <symbol id="sm-15f0">
         <name>__aeabi_idiv0</name>
         <value>0xbcab</value>
         <object_component_ref idref="oc-35b"/>
      </symbol>
      <symbol id="sm-1600">
         <name>lseek</name>
         <value>0x17ff9</value>
         <object_component_ref idref="oc-5a0"/>
      </symbol>
      <symbol id="sm-1610">
         <name>memccpy</name>
         <value>0x1808b</value>
         <object_component_ref idref="oc-4d0"/>
      </symbol>
      <symbol id="sm-1629">
         <name>frexpl</name>
         <value>0x177d1</value>
         <object_component_ref idref="oc-4b8"/>
      </symbol>
      <symbol id="sm-162a">
         <name>frexp</name>
         <value>0x177d1</value>
         <object_component_ref idref="oc-4b8"/>
      </symbol>
      <symbol id="sm-1648">
         <name>scalbn</name>
         <value>0x16d7d</value>
         <object_component_ref idref="oc-4be"/>
      </symbol>
      <symbol id="sm-1649">
         <name>scalbnl</name>
         <value>0x16d7d</value>
         <object_component_ref idref="oc-4be"/>
      </symbol>
      <symbol id="sm-164a">
         <name>ldexpl</name>
         <value>0x16d7d</value>
         <object_component_ref idref="oc-4be"/>
      </symbol>
      <symbol id="sm-164b">
         <name>ldexp</name>
         <value>0x16d7d</value>
         <object_component_ref idref="oc-4be"/>
      </symbol>
      <symbol id="sm-1667">
         <name>setvbuf</name>
         <value>0x17205</value>
         <object_component_ref idref="oc-54d"/>
      </symbol>
      <symbol id="sm-1677">
         <name>strchr</name>
         <value>0x180d7</value>
         <object_component_ref idref="oc-4c4"/>
      </symbol>
      <symbol id="sm-1688">
         <name>strcspn</name>
         <value>0x18049</value>
         <object_component_ref idref="oc-51f"/>
      </symbol>
      <symbol id="sm-169a">
         <name>strspn</name>
         <value>0x17fcd</value>
         <object_component_ref idref="oc-519"/>
      </symbol>
      <symbol id="sm-16b5">
         <name>__TI_readmsg</name>
         <value>0x179c3</value>
         <object_component_ref idref="oc-638"/>
      </symbol>
      <symbol id="sm-16b6">
         <name>C$$IO$$</name>
         <value>0x179bf</value>
         <object_component_ref idref="oc-638"/>
      </symbol>
      <symbol id="sm-16b7">
         <name>__CIOBUF_</name>
         <value>0x80046b0</value>
         <object_component_ref idref="oc-65e"/>
      </symbol>
      <symbol id="sm-16b8">
         <name>__TI_writemsg</name>
         <value>0x1798d</value>
         <object_component_ref idref="oc-638"/>
      </symbol>
      <symbol id="sm-16d4">
         <name>__aeabi_uldivmod</name>
         <value>0x15440</value>
         <object_component_ref idref="oc-4b3"/>
      </symbol>
      <symbol id="sm-1706">
         <name>__TI_cleanup</name>
         <value>0x16073</value>
         <object_component_ref idref="oc-5a8"/>
      </symbol>
      <symbol id="sm-1707">
         <name>freopen</name>
         <value>0x1609f</value>
         <object_component_ref idref="oc-5a8"/>
      </symbol>
      <symbol id="sm-1708">
         <name>fopen</name>
         <value>0x160c9</value>
         <object_component_ref idref="oc-5a8"/>
      </symbol>
      <symbol id="sm-1724">
         <name>open</name>
         <value>0x173ad</value>
         <object_component_ref idref="oc-5df"/>
      </symbol>
      <symbol id="sm-172e">
         <name>copysign</name>
         <value>0x180a7</value>
         <object_component_ref idref="oc-56c"/>
      </symbol>
      <symbol id="sm-172f">
         <name>copysignl</name>
         <value>0x180a7</value>
         <object_component_ref idref="oc-56c"/>
      </symbol>
      <symbol id="sm-1745">
         <name>__TI_closefile</name>
         <value>0x175b5</value>
         <object_component_ref idref="oc-5e5"/>
      </symbol>
      <symbol id="sm-1746">
         <name>fclose</name>
         <value>0x1761b</value>
         <object_component_ref idref="oc-5e5"/>
      </symbol>
      <symbol id="sm-1760">
         <name>finddevice</name>
         <value>0x1775d</value>
         <object_component_ref idref="oc-61e"/>
      </symbol>
      <symbol id="sm-1761">
         <name>getdevice</name>
         <value>0x1778b</value>
         <object_component_ref idref="oc-61e"/>
      </symbol>
      <symbol id="sm-1772">
         <name>strncpy</name>
         <value>0x17f3d</value>
         <object_component_ref idref="oc-64e"/>
      </symbol>
      <symbol id="sm-1782">
         <name>unlink</name>
         <value>0x17fa1</value>
         <object_component_ref idref="oc-62d"/>
      </symbol>
      <symbol id="sm-1796">
         <name>close</name>
         <value>0x17be1</value>
         <object_component_ref idref="oc-627"/>
      </symbol>
      <symbol id="sm-1797">
         <name>__TI_static_base__</name>
         <value>0x0</value>
      </symbol>
      <symbol id="sm-179b">
         <name>SHT$$INIT_ARRAY$$Base</name>
         <value>0x0</value>
      </symbol>
      <symbol id="sm-179c">
         <name>SHT$$INIT_ARRAY$$Limit</name>
         <value>0x0</value>
      </symbol>
      <symbol id="sm-179d">
         <name>remove</name>
         <value>0x17fa1</value>
      </symbol>
   </symbol_table>
   <title>Link successful</title>
</link_info>
